Buildfile: /Users/cburdess@mimecast.com/cpkb-bluezoo/gonzalez/build.xml

build-core:
    [javac] Compiling 2 source files to /Users/cburdess@mimecast.com/cpkb-bluezoo/gonzalez/build

junit-build:
    [mkdir] Created dir: /Users/cburdess@mimecast.com/cpkb-bluezoo/gonzalez/test/junit/classes
    [javac] Compiling 3 source files to /Users/cburdess@mimecast.com/cpkb-bluezoo/gonzalez/test/junit/classes

junit-test:
    [mkdir] Created dir: /Users/cburdess@mimecast.com/cpkb-bluezoo/gonzalez/test/junit/results
    [mkdir] Created dir: /Users/cburdess@mimecast.com/cpkb-bluezoo/gonzalez/test/output
    [junit] Running org.bluezoo.gonzalez.JamesClarkXmlTestConformanceTest
    [junit] Testsuite: org.bluezoo.gonzalez.JamesClarkXmlTestConformanceTest
    [junit] Tests run: 364, Failures: 53, Errors: 4, Skipped: 0, Time elapsed: 0.495 sec
    [junit] Tests run: 364, Failures: 53, Errors: 4, Skipped: 0, Time elapsed: 0.495 sec
    [junit] ------------- Standard Output ---------------
    [junit] Loaded 364 tests from James Clark xmltest suite
    [junit] 
    [junit] === James Clark xmltest Report ===
    [junit] Passed: 307 / 360 (85.3%)
    [junit] Failed: 53 / 360 (14.7%)
    [junit] 
    [junit] Detailed report written to: /Users/cburdess@mimecast.com/cpkb-bluezoo/gonzalez/test/output/james-clark-xmltest-report.txt
    [junit] ------------- ---------------- ---------------
    [junit] 
    [junit] Testcase: runTest[not-wf-sa-001 (not-wf)] took 0.009 sec
    [junit] Testcase: runTest[not-wf-sa-002 (not-wf)] took 0 sec
    [junit] Testcase: runTest[not-wf-sa-003 (not-wf)] took 0.001 sec
    [junit] Testcase: runTest[not-wf-sa-004 (not-wf)] took 0 sec
    [junit] Testcase: runTest[not-wf-sa-005 (not-wf)] took 0 sec
    [junit] Testcase: runTest[not-wf-sa-006 (not-wf)] took 0 sec
    [junit] Testcase: runTest[not-wf-sa-007 (not-wf)] took 0 sec
    [junit] Testcase: runTest[not-wf-sa-008 (not-wf)] took 0 sec
    [junit] Testcase: runTest[not-wf-sa-009 (not-wf)] took 0 sec
    [junit] Testcase: runTest[not-wf-sa-010 (not-wf)] took 0 sec
    [junit] Testcase: runTest[not-wf-sa-011 (not-wf)] took 0.002 sec
    [junit] Testcase: runTest[not-wf-sa-012 (not-wf)] took 0 sec
    [junit] Testcase: runTest[not-wf-sa-013 (not-wf)] took 0 sec
    [junit] Testcase: runTest[not-wf-sa-014 (not-wf)] took 0 sec
    [junit] Testcase: runTest[not-wf-sa-015 (not-wf)] took 0 sec
    [junit] Testcase: runTest[not-wf-sa-016 (not-wf)] took 0.002 sec
    [junit] Testcase: runTest[not-wf-sa-017 (not-wf)] took 0 sec
    [junit] Testcase: runTest[not-wf-sa-018 (not-wf)] took 0.002 sec
    [junit] Testcase: runTest[not-wf-sa-019 (not-wf)] took 0 sec
    [junit] Testcase: runTest[not-wf-sa-020 (not-wf)] took 0 sec
    [junit] Testcase: runTest[not-wf-sa-021 (not-wf)] took 0 sec
    [junit] Testcase: runTest[not-wf-sa-022 (not-wf)] took 0 sec
    [junit] Testcase: runTest[not-wf-sa-023 (not-wf)] took 0 sec
    [junit] Testcase: runTest[not-wf-sa-024 (not-wf)] took 0 sec
    [junit] Testcase: runTest[not-wf-sa-025 (not-wf)] took 0.001 sec
    [junit] Testcase: runTest[not-wf-sa-026 (not-wf)] took 0 sec
    [junit] Testcase: runTest[not-wf-sa-027 (not-wf)] took 0 sec
    [junit] Testcase: runTest[not-wf-sa-028 (not-wf)] took 0 sec
    [junit] Testcase: runTest[not-wf-sa-029 (not-wf)] took 0 sec
    [junit] Testcase: runTest[not-wf-sa-030 (not-wf)] took 0.001 sec
    [junit] Testcase: runTest[not-wf-sa-031 (not-wf)] took 0 sec
    [junit] Testcase: runTest[not-wf-sa-032 (not-wf)] took 0 sec
    [junit] Testcase: runTest[not-wf-sa-033 (not-wf)] took 0 sec
    [junit] Testcase: runTest[not-wf-sa-034 (not-wf)] took 0 sec
    [junit] Testcase: runTest[not-wf-sa-035 (not-wf)] took 0.001 sec
    [junit] Testcase: runTest[not-wf-sa-036 (not-wf)] took 0.001 sec
    [junit] Testcase: runTest[not-wf-sa-037 (not-wf)] took 0 sec
    [junit] Testcase: runTest[not-wf-sa-038 (not-wf)] took 0.001 sec
    [junit] Testcase: runTest[not-wf-sa-039 (not-wf)] took 0.002 sec
    [junit] Testcase: runTest[not-wf-sa-040 (not-wf)] took 0 sec
    [junit] Testcase: runTest[not-wf-sa-041 (not-wf)] took 0.001 sec
    [junit] Testcase: runTest[not-wf-sa-042 (not-wf)] took 0 sec
    [junit] Testcase: runTest[not-wf-sa-043 (not-wf)] took 0.002 sec
    [junit] Testcase: runTest[not-wf-sa-044 (not-wf)] took 0.001 sec
    [junit] Testcase: runTest[not-wf-sa-045 (not-wf)] took 0 sec
    [junit] Testcase: runTest[not-wf-sa-046 (not-wf)] took 0.001 sec
    [junit] Testcase: runTest[not-wf-sa-047 (not-wf)] took 0 sec
    [junit] Testcase: runTest[not-wf-sa-048 (not-wf)] took 0 sec
    [junit] Testcase: runTest[not-wf-sa-049 (not-wf)] took 0.001 sec
    [junit] Testcase: runTest[not-wf-sa-050 (not-wf)] took 0 sec
    [junit] Testcase: runTest[not-wf-sa-051 (not-wf)] took 0 sec
    [junit] Testcase: runTest[not-wf-sa-052 (not-wf)] took 0 sec
    [junit] Testcase: runTest[not-wf-sa-053 (not-wf)] took 0 sec
    [junit] Testcase: runTest[not-wf-sa-054 (not-wf)] took 0.004 sec
    [junit] Testcase: runTest[not-wf-sa-055 (not-wf)] took 0 sec
    [junit] Testcase: runTest[not-wf-sa-056 (not-wf)] took 0.001 sec
    [junit] Testcase: runTest[not-wf-sa-057 (not-wf)] took 0 sec
    [junit] Testcase: runTest[not-wf-sa-058 (not-wf)] took 0.001 sec
    [junit] Testcase: runTest[not-wf-sa-059 (not-wf)] took 0 sec
    [junit] Testcase: runTest[not-wf-sa-060 (not-wf)] took 0.001 sec
    [junit] Testcase: runTest[not-wf-sa-061 (not-wf)] took 0 sec
    [junit] Testcase: runTest[not-wf-sa-062 (not-wf)] took 0 sec
    [junit] Testcase: runTest[not-wf-sa-063 (not-wf)] took 0 sec
    [junit] Testcase: runTest[not-wf-sa-064 (not-wf)] took 0 sec
    [junit] Testcase: runTest[not-wf-sa-065 (not-wf)] took 0 sec
    [junit] Testcase: runTest[not-wf-sa-066 (not-wf)] took 0 sec
    [junit] Testcase: runTest[not-wf-sa-067 (not-wf)] took 0.001 sec
    [junit] Testcase: runTest[not-wf-sa-068 (not-wf)] took 0 sec
    [junit] Testcase: runTest[not-wf-sa-069 (not-wf)] took 0 sec
    [junit] Testcase: runTest[not-wf-sa-070 (not-wf)] took 0 sec
    [junit] Testcase: runTest[not-wf-sa-071 (not-wf)] took 0.015 sec
    [junit] 	Caused an ERROR
    [junit] null
    [junit] java.lang.StackOverflowError
    [junit] 	at java.base/java.util.HashMap.hash(HashMap.java:340)
    [junit] 	at java.base/java.util.HashMap.get(HashMap.java:553)
    [junit] 	at org.bluezoo.gonzalez.DTDParser.getGeneralEntity(DTDParser.java:2749)
    [junit] 	at org.bluezoo.gonzalez.EntityStack.expandGeneralEntity(EntityStack.java:153)
    [junit] 	at org.bluezoo.gonzalez.EntityStack.expandEntityValue(EntityStack.java:319)
    [junit] 	at org.bluezoo.gonzalez.EntityStack.expandGeneralEntity(EntityStack.java:221)
    [junit] 	at org.bluezoo.gonzalez.EntityStack.expandEntityValue(EntityStack.java:319)
    [junit] 	at org.bluezoo.gonzalez.EntityStack.expandGeneralEntity(EntityStack.java:221)
    [junit] 	at org.bluezoo.gonzalez.EntityStack.expandEntityValue(EntityStack.java:319)
    [junit] 	at org.bluezoo.gonzalez.EntityStack.expandGeneralEntity(EntityStack.java:221)
    [junit] 	at org.bluezoo.gonzalez.EntityStack.expandEntityValue(EntityStack.java:319)
    [junit] 	at org.bluezoo.gonzalez.EntityStack.expandGeneralEntity(EntityStack.java:221)
    [junit] 	at org.bluezoo.gonzalez.EntityStack.expandEntityValue(EntityStack.java:319)
    [junit] 	at org.bluezoo.gonzalez.EntityStack.expandGeneralEntity(EntityStack.java:221)
    [junit] 	at org.bluezoo.gonzalez.EntityStack.expandEntityValue(EntityStack.java:319)
    [junit] 	at org.bluezoo.gonzalez.EntityStack.expandGeneralEntity(EntityStack.java:221)
    [junit] 	at org.bluezoo.gonzalez.EntityStack.expandEntityValue(EntityStack.java:319)
    [junit] 	at org.bluezoo.gonzalez.EntityStack.expandGeneralEntity(EntityStack.java:221)
    [junit] 	at org.bluezoo.gonzalez.EntityStack.expandEntityValue(EntityStack.java:319)
    [junit] 	at org.bluezoo.gonzalez.EntityStack.expandGeneralEntity(EntityStack.java:221)
    [junit] 	at org.bluezoo.gonzalez.EntityStack.expandEntityValue(EntityStack.java:319)
    [junit] 	at org.bluezoo.gonzalez.EntityStack.expandGeneralEntity(EntityStack.java:221)
    [junit] 	at org.bluezoo.gonzalez.EntityStack.expandEntityValue(EntityStack.java:319)
    [junit] 	at org.bluezoo.gonzalez.EntityStack.expandGeneralEntity(EntityStack.java:221)
    [junit] 	at org.bluezoo.gonzalez.EntityStack.expandEntityValue(EntityStack.java:319)
    [junit] 	at org.bluezoo.gonzalez.EntityStack.expandGeneralEntity(EntityStack.java:221)
    [junit] 	at org.bluezoo.gonzalez.EntityStack.expandEntityValue(EntityStack.java:319)
    [junit] 	at org.bluezoo.gonzalez.EntityStack.expandGeneralEntity(EntityStack.java:221)
    [junit] 	at org.bluezoo.gonzalez.EntityStack.expandEntityValue(EntityStack.java:319)
    [junit] 	at org.bluezoo.gonzalez.EntityStack.expandGeneralEntity(EntityStack.java:221)
    [junit] 	at org.bluezoo.gonzalez.EntityStack.expandEntityValue(EntityStack.java:319)
    [junit] 	at org.bluezoo.gonzalez.EntityStack.expandGeneralEntity(EntityStack.java:221)
    [junit] 	at org.bluezoo.gonzalez.EntityStack.expandEntityValue(EntityStack.java:319)
    [junit] 	at org.bluezoo.gonzalez.EntityStack.expandGeneralEntity(EntityStack.java:221)
    [junit] 	at org.bluezoo.gonzalez.EntityStack.expandEntityValue(EntityStack.java:319)
    [junit] 	at org.bluezoo.gonzalez.EntityStack.expandGeneralEntity(EntityStack.java:221)
    [junit] 	at org.bluezoo.gonzalez.EntityStack.expandEntityValue(EntityStack.java:319)
    [junit] 	at org.bluezoo.gonzalez.EntityStack.expandGeneralEntity(EntityStack.java:221)
    [junit] 	at org.bluezoo.gonzalez.EntityStack.expandEntityValue(EntityStack.java:319)
    [junit] 	at org.bluezoo.gonzalez.EntityStack.expandGeneralEntity(EntityStack.java:221)
    [junit] 	at org.bluezoo.gonzalez.EntityStack.expandEntityValue(EntityStack.java:319)
    [junit] 	at org.bluezoo.gonzalez.EntityStack.expandGeneralEntity(EntityStack.java:221)
    [junit] 	at org.bluezoo.gonzalez.EntityStack.expandEntityValue(EntityStack.java:319)
    [junit] 	at org.bluezoo.gonzalez.EntityStack.expandGeneralEntity(EntityStack.java:221)
    [junit] 	at org.bluezoo.gonzalez.EntityStack.expandEntityValue(EntityStack.java:319)
    [junit] 	at org.bluezoo.gonzalez.EntityStack.expandGeneralEntity(EntityStack.java:221)
    [junit] 	at org.bluezoo.gonzalez.EntityStack.expandEntityValue(EntityStack.java:319)
    [junit] 	at org.bluezoo.gonzalez.EntityStack.expandGeneralEntity(EntityStack.java:221)
    [junit] 	at org.bluezoo.gonzalez.EntityStack.expandEntityValue(EntityStack.java:319)
    [junit] 	at org.bluezoo.gonzalez.EntityStack.expandGeneralEntity(EntityStack.java:221)
    [junit] 	at org.bluezoo.gonzalez.EntityStack.expandEntityValue(EntityStack.java:319)
    [junit] 	at org.bluezoo.gonzalez.EntityStack.expandGeneralEntity(EntityStack.java:221)
    [junit] 	at org.bluezoo.gonzalez.EntityStack.expandEntityValue(EntityStack.java:319)
    [junit] 	at org.bluezoo.gonzalez.EntityStack.expandGeneralEntity(EntityStack.java:221)
    [junit] 	at org.bluezoo.gonzalez.EntityStack.expandEntityValue(EntityStack.java:319)
    [junit] 	at org.bluezoo.gonzalez.EntityStack.expandGeneralEntity(EntityStack.java:221)
    [junit] 	at org.bluezoo.gonzalez.EntityStack.expandEntityValue(EntityStack.java:319)
    [junit] 	at org.bluezoo.gonzalez.EntityStack.expandGeneralEntity(EntityStack.java:221)
    [junit] 	at org.bluezoo.gonzalez.EntityStack.expandEntityValue(EntityStack.java:319)
    [junit] 	at org.bluezoo.gonzalez.EntityStack.expandGeneralEntity(EntityStack.java:221)
    [junit] 	at org.bluezoo.gonzalez.EntityStack.expandEntityValue(EntityStack.java:319)
    [junit] 	at org.bluezoo.gonzalez.EntityStack.expandGeneralEntity(EntityStack.java:221)
    [junit] 	at org.bluezoo.gonzalez.EntityStack.expandEntityValue(EntityStack.java:319)
    [junit] 	at org.bluezoo.gonzalez.EntityStack.expandGeneralEntity(EntityStack.java:221)
    [junit] 	at org.bluezoo.gonzalez.EntityStack.expandEntityValue(EntityStack.java:319)
    [junit] 	at org.bluezoo.gonzalez.EntityStack.expandGeneralEntity(EntityStack.java:221)
    [junit] 	at org.bluezoo.gonzalez.EntityStack.expandEntityValue(EntityStack.java:319)
    [junit] 	at org.bluezoo.gonzalez.EntityStack.expandGeneralEntity(EntityStack.java:221)
    [junit] 	at org.bluezoo.gonzalez.EntityStack.expandEntityValue(EntityStack.java:319)
    [junit] 	at org.bluezoo.gonzalez.EntityStack.expandGeneralEntity(EntityStack.java:221)
    [junit] 	at org.bluezoo.gonzalez.EntityStack.expandEntityValue(EntityStack.java:319)
    [junit] 	at org.bluezoo.gonzalez.EntityStack.expandGeneralEntity(EntityStack.java:221)
    [junit] 	at org.bluezoo.gonzalez.EntityStack.expandEntityValue(EntityStack.java:319)
    [junit] 	at org.bluezoo.gonzalez.EntityStack.expandGeneralEntity(EntityStack.java:221)
    [junit] 	at org.bluezoo.gonzalez.EntityStack.expandEntityValue(EntityStack.java:319)
    [junit] 	at org.bluezoo.gonzalez.EntityStack.expandGeneralEntity(EntityStack.java:221)
    [junit] 	at org.bluezoo.gonzalez.EntityStack.expandEntityValue(EntityStack.java:319)
    [junit] 	at org.bluezoo.gonzalez.EntityStack.expandGeneralEntity(EntityStack.java:221)
    [junit] 	at org.bluezoo.gonzalez.EntityStack.expandEntityValue(EntityStack.java:319)
    [junit] 	at org.bluezoo.gonzalez.EntityStack.expandGeneralEntity(EntityStack.java:221)
    [junit] 	at org.bluezoo.gonzalez.EntityStack.expandEntityValue(EntityStack.java:319)
    [junit] 	at org.bluezoo.gonzalez.EntityStack.expandGeneralEntity(EntityStack.java:221)
    [junit] 	at org.bluezoo.gonzalez.EntityStack.expandEntityValue(EntityStack.java:319)
    [junit] 	at org.bluezoo.gonzalez.EntityStack.expandGeneralEntity(EntityStack.java:221)
    [junit] 	at org.bluezoo.gonzalez.EntityStack.expandEntityValue(EntityStack.java:319)
    [junit] 	at org.bluezoo.gonzalez.EntityStack.expandGeneralEntity(EntityStack.java:221)
    [junit] 	at org.bluezoo.gonzalez.EntityStack.expandEntityValue(EntityStack.java:319)
    [junit] 	at org.bluezoo.gonzalez.EntityStack.expandGeneralEntity(EntityStack.java:221)
    [junit] 	at org.bluezoo.gonzalez.EntityStack.expandEntityValue(EntityStack.java:319)
    [junit] 	at org.bluezoo.gonzalez.EntityStack.expandGeneralEntity(EntityStack.java:221)
    [junit] 	at org.bluezoo.gonzalez.EntityStack.expandEntityValue(EntityStack.java:319)
    [junit] 	at org.bluezoo.gonzalez.EntityStack.expandGeneralEntity(EntityStack.java:221)
    [junit] 	at org.bluezoo.gonzalez.EntityStack.expandEntityValue(EntityStack.java:319)
    [junit] 	at org.bluezoo.gonzalez.EntityStack.expandGeneralEntity(EntityStack.java:221)
    [junit] 	at org.bluezoo.gonzalez.EntityStack.expandEntityValue(EntityStack.java:319)
    [junit] 	at org.bluezoo.gonzalez.EntityStack.expandGeneralEntity(EntityStack.java:221)
    [junit] 	at org.bluezoo.gonzalez.EntityStack.expandEntityValue(EntityStack.java:319)
    [junit] 	at org.bluezoo.gonzalez.EntityStack.expandGeneralEntity(EntityStack.java:221)
    [junit] 	at org.bluezoo.gonzalez.EntityStack.expandEntityValue(EntityStack.java:319)
    [junit] 	at org.bluezoo.gonzalez.EntityStack.expandGeneralEntity(EntityStack.java:221)
    [junit] 	at org.bluezoo.gonzalez.EntityStack.expandEntityValue(EntityStack.java:319)
    [junit] 	at org.bluezoo.gonzalez.EntityStack.expandGeneralEntity(EntityStack.java:221)
    [junit] 	at org.bluezoo.gonzalez.EntityStack.expandEntityValue(EntityStack.java:319)
    [junit] 	at org.bluezoo.gonzalez.EntityStack.expandGeneralEntity(EntityStack.java:221)
    [junit] 	at org.bluezoo.gonzalez.EntityStack.expandEntityValue(EntityStack.java:319)
    [junit] 	at org.bluezoo.gonzalez.EntityStack.expandGeneralEntity(EntityStack.java:221)
    [junit] 	at org.bluezoo.gonzalez.EntityStack.expandEntityValue(EntityStack.java:319)
    [junit] 	at org.bluezoo.gonzalez.EntityStack.expandGeneralEntity(EntityStack.java:221)
    [junit] 	at org.bluezoo.gonzalez.EntityStack.expandEntityValue(EntityStack.java:319)
    [junit] 	at org.bluezoo.gonzalez.EntityStack.expandGeneralEntity(EntityStack.java:221)
    [junit] 	at org.bluezoo.gonzalez.EntityStack.expandEntityValue(EntityStack.java:319)
    [junit] 	at org.bluezoo.gonzalez.EntityStack.expandGeneralEntity(EntityStack.java:221)
    [junit] 	at org.bluezoo.gonzalez.EntityStack.expandEntityValue(EntityStack.java:319)
    [junit] 	at org.bluezoo.gonzalez.EntityStack.expandGeneralEntity(EntityStack.java:221)
    [junit] 	at org.bluezoo.gonzalez.EntityStack.expandEntityValue(EntityStack.java:319)
    [junit] 	at org.bluezoo.gonzalez.EntityStack.expandGeneralEntity(EntityStack.java:221)
    [junit] 	at org.bluezoo.gonzalez.EntityStack.expandEntityValue(EntityStack.java:319)
    [junit] 	at org.bluezoo.gonzalez.EntityStack.expandGeneralEntity(EntityStack.java:221)
    [junit] 	at org.bluezoo.gonzalez.EntityStack.expandEntityValue(EntityStack.java:319)
    [junit] 	at org.bluezoo.gonzalez.EntityStack.expandGeneralEntity(EntityStack.java:221)
    [junit] 	at org.bluezoo.gonzalez.EntityStack.expandEntityValue(EntityStack.java:319)
    [junit] 	at org.bluezoo.gonzalez.EntityStack.expandGeneralEntity(EntityStack.java:221)
    [junit] 	at org.bluezoo.gonzalez.EntityStack.expandEntityValue(EntityStack.java:319)
    [junit] 	at org.bluezoo.gonzalez.EntityStack.expandGeneralEntity(EntityStack.java:221)
    [junit] 	at org.bluezoo.gonzalez.EntityStack.expandEntityValue(EntityStack.java:319)
    [junit] 	at org.bluezoo.gonzalez.EntityStack.expandGeneralEntity(EntityStack.java:221)
    [junit] 	at org.bluezoo.gonzalez.EntityStack.expandEntityValue(EntityStack.java:319)
    [junit] 	at org.bluezoo.gonzalez.EntityStack.expandGeneralEntity(EntityStack.java:221)
    [junit] 	at org.bluezoo.gonzalez.EntityStack.expandEntityValue(EntityStack.java:319)
    [junit] 	at org.bluezoo.gonzalez.EntityStack.expandGeneralEntity(EntityStack.java:221)
    [junit] 	at org.bluezoo.gonzalez.EntityStack.expandEntityValue(EntityStack.java:319)
    [junit] 	at org.bluezoo.gonzalez.EntityStack.expandGeneralEntity(EntityStack.java:221)
    [junit] 	at org.bluezoo.gonzalez.EntityStack.expandEntityValue(EntityStack.java:319)
    [junit] 	at org.bluezoo.gonzalez.EntityStack.expandGeneralEntity(EntityStack.java:221)
    [junit] 	at org.bluezoo.gonzalez.EntityStack.expandEntityValue(EntityStack.java:319)
    [junit] 	at org.bluezoo.gonzalez.EntityStack.expandGeneralEntity(EntityStack.java:221)
    [junit] 	at org.bluezoo.gonzalez.EntityStack.expandEntityValue(EntityStack.java:319)
    [junit] 	at org.bluezoo.gonzalez.EntityStack.expandGeneralEntity(EntityStack.java:221)
    [junit] 	at org.bluezoo.gonzalez.EntityStack.expandEntityValue(EntityStack.java:319)
    [junit] 	at org.bluezoo.gonzalez.EntityStack.expandGeneralEntity(EntityStack.java:221)
    [junit] 	at org.bluezoo.gonzalez.EntityStack.expandEntityValue(EntityStack.java:319)
    [junit] 	at org.bluezoo.gonzalez.EntityStack.expandGeneralEntity(EntityStack.java:221)
    [junit] 	at org.bluezoo.gonzalez.EntityStack.expandEntityValue(EntityStack.java:319)
    [junit] 	at org.bluezoo.gonzalez.EntityStack.expandGeneralEntity(EntityStack.java:221)
    [junit] 	at org.bluezoo.gonzalez.EntityStack.expandEntityValue(EntityStack.java:319)
    [junit] 	at org.bluezoo.gonzalez.EntityStack.expandGeneralEntity(EntityStack.java:221)
    [junit] 	at org.bluezoo.gonzalez.EntityStack.expandEntityValue(EntityStack.java:319)
    [junit] 	at org.bluezoo.gonzalez.EntityStack.expandGeneralEntity(EntityStack.java:221)
    [junit] 	at org.bluezoo.gonzalez.EntityStack.expandEntityValue(EntityStack.java:319)
    [junit] 	at org.bluezoo.gonzalez.EntityStack.expandGeneralEntity(EntityStack.java:221)
    [junit] 	at org.bluezoo.gonzalez.EntityStack.expandEntityValue(EntityStack.java:319)
    [junit] 	at org.bluezoo.gonzalez.EntityStack.expandGeneralEntity(EntityStack.java:221)
    [junit] 	at org.bluezoo.gonzalez.EntityStack.expandEntityValue(EntityStack.java:319)
    [junit] 	at org.bluezoo.gonzalez.EntityStack.expandGeneralEntity(EntityStack.java:221)
    [junit] 	at org.bluezoo.gonzalez.EntityStack.expandEntityValue(EntityStack.java:319)
    [junit] 	at org.bluezoo.gonzalez.EntityStack.expandGeneralEntity(EntityStack.java:221)
    [junit] 	at org.bluezoo.gonzalez.EntityStack.expandEntityValue(EntityStack.java:319)
    [junit] 	at org.bluezoo.gonzalez.EntityStack.expandGeneralEntity(EntityStack.java:221)
    [junit] 	at org.bluezoo.gonzalez.EntityStack.expandEntityValue(EntityStack.java:319)
    [junit] 	at org.bluezoo.gonzalez.EntityStack.expandGeneralEntity(EntityStack.java:221)
    [junit] 	at org.bluezoo.gonzalez.EntityStack.expandEntityValue(EntityStack.java:319)
    [junit] 	at org.bluezoo.gonzalez.EntityStack.expandGeneralEntity(EntityStack.java:221)
    [junit] 	at org.bluezoo.gonzalez.EntityStack.expandEntityValue(EntityStack.java:319)
    [junit] 	at org.bluezoo.gonzalez.EntityStack.expandGeneralEntity(EntityStack.java:221)
    [junit] 	at org.bluezoo.gonzalez.EntityStack.expandEntityValue(EntityStack.java:319)
    [junit] 	at org.bluezoo.gonzalez.EntityStack.expandGeneralEntity(EntityStack.java:221)
    [junit] 	at org.bluezoo.gonzalez.EntityStack.expandEntityValue(EntityStack.java:319)
    [junit] 	at org.bluezoo.gonzalez.EntityStack.expandGeneralEntity(EntityStack.java:221)
    [junit] 	at org.bluezoo.gonzalez.EntityStack.expandEntityValue(EntityStack.java:319)
    [junit] 	at org.bluezoo.gonzalez.EntityStack.expandGeneralEntity(EntityStack.java:221)
    [junit] 	at org.bluezoo.gonzalez.EntityStack.expandEntityValue(EntityStack.java:319)
    [junit] 	at org.bluezoo.gonzalez.EntityStack.expandGeneralEntity(EntityStack.java:221)
    [junit] 	at org.bluezoo.gonzalez.EntityStack.expandEntityValue(EntityStack.java:319)
    [junit] 	at org.bluezoo.gonzalez.EntityStack.expandGeneralEntity(EntityStack.java:221)
    [junit] 	at org.bluezoo.gonzalez.EntityStack.expandEntityValue(EntityStack.java:319)
    [junit] 	at org.bluezoo.gonzalez.EntityStack.expandGeneralEntity(EntityStack.java:221)
    [junit] 	at org.bluezoo.gonzalez.EntityStack.expandEntityValue(EntityStack.java:319)
    [junit] 	at org.bluezoo.gonzalez.EntityStack.expandGeneralEntity(EntityStack.java:221)
    [junit] 	at org.bluezoo.gonzalez.EntityStack.expandEntityValue(EntityStack.java:319)
    [junit] 	at org.bluezoo.gonzalez.EntityStack.expandGeneralEntity(EntityStack.java:221)
    [junit] 	at org.bluezoo.gonzalez.EntityStack.expandEntityValue(EntityStack.java:319)
    [junit] 	at org.bluezoo.gonzalez.EntityStack.expandGeneralEntity(EntityStack.java:221)
    [junit] 	at org.bluezoo.gonzalez.EntityStack.expandEntityValue(EntityStack.java:319)
    [junit] 	at org.bluezoo.gonzalez.EntityStack.expandGeneralEntity(EntityStack.java:221)
    [junit] 	at org.bluezoo.gonzalez.EntityStack.expandEntityValue(EntityStack.java:319)
    [junit] 	at org.bluezoo.gonzalez.EntityStack.expandGeneralEntity(EntityStack.java:221)
    [junit] 	at org.bluezoo.gonzalez.EntityStack.expandEntityValue(EntityStack.java:319)
    [junit] 	at org.bluezoo.gonzalez.EntityStack.expandGeneralEntity(EntityStack.java:221)
    [junit] 	at org.bluezoo.gonzalez.EntityStack.expandEntityValue(EntityStack.java:319)
    [junit] 	at org.bluezoo.gonzalez.EntityStack.expandGeneralEntity(EntityStack.java:221)
    [junit] 	at org.bluezoo.gonzalez.EntityStack.expandEntityValue(EntityStack.java:319)
    [junit] 	at org.bluezoo.gonzalez.EntityStack.expandGeneralEntity(EntityStack.java:221)
    [junit] 	at org.bluezoo.gonzalez.EntityStack.expandEntityValue(EntityStack.java:319)
    [junit] 	at org.bluezoo.gonzalez.EntityStack.expandGeneralEntity(EntityStack.java:221)
    [junit] 	at org.bluezoo.gonzalez.EntityStack.expandEntityValue(EntityStack.java:319)
    [junit] 	at org.bluezoo.gonzalez.EntityStack.expandGeneralEntity(EntityStack.java:221)
    [junit] 	at org.bluezoo.gonzalez.EntityStack.expandEntityValue(EntityStack.java:319)
    [junit] 	at org.bluezoo.gonzalez.EntityStack.expandGeneralEntity(EntityStack.java:221)
    [junit] 	at org.bluezoo.gonzalez.EntityStack.expandEntityValue(EntityStack.java:319)
    [junit] 	at org.bluezoo.gonzalez.EntityStack.expandGeneralEntity(EntityStack.java:221)
    [junit] 	at org.bluezoo.gonzalez.EntityStack.expandEntityValue(EntityStack.java:319)
    [junit] 	at org.bluezoo.gonzalez.EntityStack.expandGeneralEntity(EntityStack.java:221)
    [junit] 	at org.bluezoo.gonzalez.EntityStack.expandEntityValue(EntityStack.java:319)
    [junit] 	at org.bluezoo.gonzalez.EntityStack.expandGeneralEntity(EntityStack.java:221)
    [junit] 	at org.bluezoo.gonzalez.EntityStack.expandEntityValue(EntityStack.java:319)
    [junit] 	at org.bluezoo.gonzalez.EntityStack.expandGeneralEntity(EntityStack.java:221)
    [junit] 	at org.bluezoo.gonzalez.EntityStack.expandEntityValue(EntityStack.java:319)
    [junit] 	at org.bluezoo.gonzalez.EntityStack.expandGeneralEntity(EntityStack.java:221)
    [junit] 	at org.bluezoo.gonzalez.EntityStack.expandEntityValue(EntityStack.java:319)
    [junit] 	at org.bluezoo.gonzalez.EntityStack.expandGeneralEntity(EntityStack.java:221)
    [junit] 	at org.bluezoo.gonzalez.EntityStack.expandEntityValue(EntityStack.java:319)
    [junit] 	at org.bluezoo.gonzalez.EntityStack.expandGeneralEntity(EntityStack.java:221)
    [junit] 	at org.bluezoo.gonzalez.EntityStack.expandEntityValue(EntityStack.java:319)
    [junit] 	at org.bluezoo.gonzalez.EntityStack.expandGeneralEntity(EntityStack.java:221)
    [junit] 	at org.bluezoo.gonzalez.EntityStack.expandEntityValue(EntityStack.java:319)
    [junit] 	at org.bluezoo.gonzalez.EntityStack.expandGeneralEntity(EntityStack.java:221)
    [junit] 	at org.bluezoo.gonzalez.EntityStack.expandEntityValue(EntityStack.java:319)
    [junit] 	at org.bluezoo.gonzalez.EntityStack.expandGeneralEntity(EntityStack.java:221)
    [junit] 	at org.bluezoo.gonzalez.EntityStack.expandEntityValue(EntityStack.java:319)
    [junit] 	at org.bluezoo.gonzalez.EntityStack.expandGeneralEntity(EntityStack.java:221)
    [junit] 	at org.bluezoo.gonzalez.EntityStack.expandEntityValue(EntityStack.java:319)
    [junit] 	at org.bluezoo.gonzalez.EntityStack.expandGeneralEntity(EntityStack.java:221)
    [junit] 	at org.bluezoo.gonzalez.EntityStack.expandEntityValue(EntityStack.java:319)
    [junit] 	at org.bluezoo.gonzalez.EntityStack.expandGeneralEntity(EntityStack.java:221)
    [junit] 	at org.bluezoo.gonzalez.EntityStack.expandEntityValue(EntityStack.java:319)
    [junit] 	at org.bluezoo.gonzalez.EntityStack.expandGeneralEntity(EntityStack.java:221)
    [junit] 	at org.bluezoo.gonzalez.EntityStack.expandEntityValue(EntityStack.java:319)
    [junit] 	at org.bluezoo.gonzalez.EntityStack.expandGeneralEntity(EntityStack.java:221)
    [junit] 	at org.bluezoo.gonzalez.EntityStack.expandEntityValue(EntityStack.java:319)
    [junit] 	at org.bluezoo.gonzalez.EntityStack.expandGeneralEntity(EntityStack.java:221)
    [junit] 	at org.bluezoo.gonzalez.EntityStack.expandEntityValue(EntityStack.java:319)
    [junit] 	at org.bluezoo.gonzalez.EntityStack.expandGeneralEntity(EntityStack.java:221)
    [junit] 	at org.bluezoo.gonzalez.EntityStack.expandEntityValue(EntityStack.java:319)
    [junit] 	at org.bluezoo.gonzalez.EntityStack.expandGeneralEntity(EntityStack.java:221)
    [junit] 	at org.bluezoo.gonzalez.EntityStack.expandEntityValue(EntityStack.java:319)
    [junit] 	at org.bluezoo.gonzalez.EntityStack.expandGeneralEntity(EntityStack.java:221)
    [junit] 	at org.bluezoo.gonzalez.EntityStack.expandEntityValue(EntityStack.java:319)
    [junit] 	at org.bluezoo.gonzalez.EntityStack.expandGeneralEntity(EntityStack.java:221)
    [junit] 	at org.bluezoo.gonzalez.EntityStack.expandEntityValue(EntityStack.java:319)
    [junit] 	at org.bluezoo.gonzalez.EntityStack.expandGeneralEntity(EntityStack.java:221)
    [junit] 	at org.bluezoo.gonzalez.EntityStack.expandEntityValue(EntityStack.java:319)
    [junit] 	at org.bluezoo.gonzalez.EntityStack.expandGeneralEntity(EntityStack.java:221)
    [junit] 	at org.bluezoo.gonzalez.EntityStack.expandEntityValue(EntityStack.java:319)
    [junit] 	at org.bluezoo.gonzalez.EntityStack.expandGeneralEntity(EntityStack.java:221)
    [junit] 	at org.bluezoo.gonzalez.EntityStack.expandEntityValue(EntityStack.java:319)
    [junit] 	at org.bluezoo.gonzalez.EntityStack.expandGeneralEntity(EntityStack.java:221)
    [junit] 	at org.bluezoo.gonzalez.EntityStack.expandEntityValue(EntityStack.java:319)
    [junit] 	at org.bluezoo.gonzalez.EntityStack.expandGeneralEntity(EntityStack.java:221)
    [junit] 	at org.bluezoo.gonzalez.EntityStack.expandEntityValue(EntityStack.java:319)
    [junit] 	at org.bluezoo.gonzalez.EntityStack.expandGeneralEntity(EntityStack.java:221)
    [junit] 	at org.bluezoo.gonzalez.EntityStack.expandEntityValue(EntityStack.java:319)
    [junit] 	at org.bluezoo.gonzalez.EntityStack.expandGeneralEntity(EntityStack.java:221)
    [junit] 	at org.bluezoo.gonzalez.EntityStack.expandEntityValue(EntityStack.java:319)
    [junit] 	at org.bluezoo.gonzalez.EntityStack.expandGeneralEntity(EntityStack.java:221)
    [junit] 	at org.bluezoo.gonzalez.EntityStack.expandEntityValue(EntityStack.java:319)
    [junit] 	at org.bluezoo.gonzalez.EntityStack.expandGeneralEntity(EntityStack.java:221)
    [junit] 	at org.bluezoo.gonzalez.EntityStack.expandEntityValue(EntityStack.java:319)
    [junit] 	at org.bluezoo.gonzalez.EntityStack.expandGeneralEntity(EntityStack.java:221)
    [junit] 	at org.bluezoo.gonzalez.EntityStack.expandEntityValue(EntityStack.java:319)
    [junit] 	at org.bluezoo.gonzalez.EntityStack.expandGeneralEntity(EntityStack.java:221)
    [junit] 	at org.bluezoo.gonzalez.EntityStack.expandEntityValue(EntityStack.java:319)
    [junit] 	at org.bluezoo.gonzalez.EntityStack.expandGeneralEntity(EntityStack.java:221)
    [junit] 	at org.bluezoo.gonzalez.EntityStack.expandEntityValue(EntityStack.java:319)
    [junit] 	at org.bluezoo.gonzalez.EntityStack.expandGeneralEntity(EntityStack.java:221)
    [junit] 	at org.bluezoo.gonzalez.EntityStack.expandEntityValue(EntityStack.java:319)
    [junit] 	at org.bluezoo.gonzalez.EntityStack.expandGeneralEntity(EntityStack.java:221)
    [junit] 	at org.bluezoo.gonzalez.EntityStack.expandEntityValue(EntityStack.java:319)
    [junit] 	at org.bluezoo.gonzalez.EntityStack.expandGeneralEntity(EntityStack.java:221)
    [junit] 	at org.bluezoo.gonzalez.EntityStack.expandEntityValue(EntityStack.java:319)
    [junit] 	at org.bluezoo.gonzalez.EntityStack.expandGeneralEntity(EntityStack.java:221)
    [junit] 	at org.bluezoo.gonzalez.EntityStack.expandEntityValue(EntityStack.java:319)
    [junit] 	at org.bluezoo.gonzalez.EntityStack.expandGeneralEntity(EntityStack.java:221)
    [junit] 	at org.bluezoo.gonzalez.EntityStack.expandEntityValue(EntityStack.java:319)
    [junit] 	at org.bluezoo.gonzalez.EntityStack.expandGeneralEntity(EntityStack.java:221)
    [junit] 	at org.bluezoo.gonzalez.EntityStack.expandEntityValue(EntityStack.java:319)
    [junit] 	at org.bluezoo.gonzalez.EntityStack.expandGeneralEntity(EntityStack.java:221)
    [junit] 	at org.bluezoo.gonzalez.EntityStack.expandEntityValue(EntityStack.java:319)
    [junit] 	at org.bluezoo.gonzalez.EntityStack.expandGeneralEntity(EntityStack.java:221)
    [junit] 	at org.bluezoo.gonzalez.EntityStack.expandEntityValue(EntityStack.java:319)
    [junit] 	at org.bluezoo.gonzalez.EntityStack.expandGeneralEntity(EntityStack.java:221)
    [junit] 	at org.bluezoo.gonzalez.EntityStack.expandEntityValue(EntityStack.java:319)
    [junit] 	at org.bluezoo.gonzalez.EntityStack.expandGeneralEntity(EntityStack.java:221)
    [junit] 	at org.bluezoo.gonzalez.EntityStack.expandEntityValue(EntityStack.java:319)
    [junit] 	at org.bluezoo.gonzalez.EntityStack.expandGeneralEntity(EntityStack.java:221)
    [junit] 	at org.bluezoo.gonzalez.EntityStack.expandEntityValue(EntityStack.java:319)
    [junit] 	at org.bluezoo.gonzalez.EntityStack.expandGeneralEntity(EntityStack.java:221)
    [junit] 	at org.bluezoo.gonzalez.EntityStack.expandEntityValue(EntityStack.java:319)
    [junit] 	at org.bluezoo.gonzalez.EntityStack.expandGeneralEntity(EntityStack.java:221)
    [junit] 	at org.bluezoo.gonzalez.EntityStack.expandEntityValue(EntityStack.java:319)
    [junit] 	at org.bluezoo.gonzalez.EntityStack.expandGeneralEntity(EntityStack.java:221)
    [junit] 	at org.bluezoo.gonzalez.EntityStack.expandEntityValue(EntityStack.java:319)
    [junit] 	at org.bluezoo.gonzalez.EntityStack.expandGeneralEntity(EntityStack.java:221)
    [junit] 	at org.bluezoo.gonzalez.EntityStack.expandEntityValue(EntityStack.java:319)
    [junit] 	at org.bluezoo.gonzalez.EntityStack.expandGeneralEntity(EntityStack.java:221)
    [junit] 	at org.bluezoo.gonzalez.EntityStack.expandEntityValue(EntityStack.java:319)
    [junit] 	at org.bluezoo.gonzalez.EntityStack.expandGeneralEntity(EntityStack.java:221)
    [junit] 	at org.bluezoo.gonzalez.EntityStack.expandEntityValue(EntityStack.java:319)
    [junit] 	at org.bluezoo.gonzalez.EntityStack.expandGeneralEntity(EntityStack.java:221)
    [junit] 	at org.bluezoo.gonzalez.EntityStack.expandEntityValue(EntityStack.java:319)
    [junit] 	at org.bluezoo.gonzalez.EntityStack.expandGeneralEntity(EntityStack.java:221)
    [junit] 	at org.bluezoo.gonzalez.EntityStack.expandEntityValue(EntityStack.java:319)
    [junit] 	at org.bluezoo.gonzalez.EntityStack.expandGeneralEntity(EntityStack.java:221)
    [junit] 	at org.bluezoo.gonzalez.EntityStack.expandEntityValue(EntityStack.java:319)
    [junit] 	at org.bluezoo.gonzalez.EntityStack.expandGeneralEntity(EntityStack.java:221)
    [junit] 	at org.bluezoo.gonzalez.EntityStack.expandEntityValue(EntityStack.java:319)
    [junit] 	at org.bluezoo.gonzalez.EntityStack.expandGeneralEntity(EntityStack.java:221)
    [junit] 	at org.bluezoo.gonzalez.EntityStack.expandEntityValue(EntityStack.java:319)
    [junit] 	at org.bluezoo.gonzalez.EntityStack.expandGeneralEntity(EntityStack.java:221)
    [junit] 	at org.bluezoo.gonzalez.EntityStack.expandEntityValue(EntityStack.java:319)
    [junit] 	at org.bluezoo.gonzalez.EntityStack.expandGeneralEntity(EntityStack.java:221)
    [junit] 	at org.bluezoo.gonzalez.EntityStack.expandEntityValue(EntityStack.java:319)
    [junit] 	at org.bluezoo.gonzalez.EntityStack.expandGeneralEntity(EntityStack.java:221)
    [junit] 	at org.bluezoo.gonzalez.EntityStack.expandEntityValue(EntityStack.java:319)
    [junit] 	at org.bluezoo.gonzalez.EntityStack.expandGeneralEntity(EntityStack.java:221)
    [junit] 	at org.bluezoo.gonzalez.EntityStack.expandEntityValue(EntityStack.java:319)
    [junit] 	at org.bluezoo.gonzalez.EntityStack.expandGeneralEntity(EntityStack.java:221)
    [junit] 	at org.bluezoo.gonzalez.EntityStack.expandEntityValue(EntityStack.java:319)
    [junit] 	at org.bluezoo.gonzalez.EntityStack.expandGeneralEntity(EntityStack.java:221)
    [junit] 	at org.bluezoo.gonzalez.EntityStack.expandEntityValue(EntityStack.java:319)
    [junit] 	at org.bluezoo.gonzalez.EntityStack.expandGeneralEntity(EntityStack.java:221)
    [junit] 	at org.bluezoo.gonzalez.EntityStack.expandEntityValue(EntityStack.java:319)
    [junit] 	at org.bluezoo.gonzalez.EntityStack.expandGeneralEntity(EntityStack.java:221)
    [junit] 	at org.bluezoo.gonzalez.EntityStack.expandEntityValue(EntityStack.java:319)
    [junit] 	at org.bluezoo.gonzalez.EntityStack.expandGeneralEntity(EntityStack.java:221)
    [junit] 	at org.bluezoo.gonzalez.EntityStack.expandEntityValue(EntityStack.java:319)
    [junit] 	at org.bluezoo.gonzalez.EntityStack.expandGeneralEntity(EntityStack.java:221)
    [junit] 	at org.bluezoo.gonzalez.EntityStack.expandEntityValue(EntityStack.java:319)
    [junit] 	at org.bluezoo.gonzalez.EntityStack.expandGeneralEntity(EntityStack.java:221)
    [junit] 	at org.bluezoo.gonzalez.EntityStack.expandEntityValue(EntityStack.java:319)
    [junit] 	at org.bluezoo.gonzalez.EntityStack.expandGeneralEntity(EntityStack.java:221)
    [junit] 	at org.bluezoo.gonzalez.EntityStack.expandEntityValue(EntityStack.java:319)
    [junit] 	at org.bluezoo.gonzalez.EntityStack.expandGeneralEntity(EntityStack.java:221)
    [junit] 	at org.bluezoo.gonzalez.EntityStack.expandEntityValue(EntityStack.java:319)
    [junit] 	at org.bluezoo.gonzalez.EntityStack.expandGeneralEntity(EntityStack.java:221)
    [junit] 	at org.bluezoo.gonzalez.EntityStack.expandEntityValue(EntityStack.java:319)
    [junit] 	at org.bluezoo.gonzalez.EntityStack.expandGeneralEntity(EntityStack.java:221)
    [junit] 	at org.bluezoo.gonzalez.EntityStack.expandEntityValue(EntityStack.java:319)
    [junit] 	at org.bluezoo.gonzalez.EntityStack.expandGeneralEntity(EntityStack.java:221)
    [junit] 	at org.bluezoo.gonzalez.EntityStack.expandEntityValue(EntityStack.java:319)
    [junit] 	at org.bluezoo.gonzalez.EntityStack.expandGeneralEntity(EntityStack.java:221)
    [junit] 	at org.bluezoo.gonzalez.EntityStack.expandEntityValue(EntityStack.java:319)
    [junit] 	at org.bluezoo.gonzalez.EntityStack.expandGeneralEntity(EntityStack.java:221)
    [junit] 	at org.bluezoo.gonzalez.EntityStack.expandEntityValue(EntityStack.java:319)
    [junit] 	at org.bluezoo.gonzalez.EntityStack.expandGeneralEntity(EntityStack.java:221)
    [junit] 	at org.bluezoo.gonzalez.EntityStack.expandEntityValue(EntityStack.java:319)
    [junit] 	at org.bluezoo.gonzalez.EntityStack.expandGeneralEntity(EntityStack.java:221)
    [junit] 	at org.bluezoo.gonzalez.EntityStack.expandEntityValue(EntityStack.java:319)
    [junit] 	at org.bluezoo.gonzalez.EntityStack.expandGeneralEntity(EntityStack.java:221)
    [junit] 	at org.bluezoo.gonzalez.EntityStack.expandEntityValue(EntityStack.java:319)
    [junit] 	at org.bluezoo.gonzalez.EntityStack.expandGeneralEntity(EntityStack.java:221)
    [junit] 	at org.bluezoo.gonzalez.EntityStack.expandEntityValue(EntityStack.java:319)
    [junit] 	at org.bluezoo.gonzalez.EntityStack.expandGeneralEntity(EntityStack.java:221)
    [junit] 	at org.bluezoo.gonzalez.EntityStack.expandEntityValue(EntityStack.java:319)
    [junit] 	at org.bluezoo.gonzalez.EntityStack.expandGeneralEntity(EntityStack.java:221)
    [junit] 	at org.bluezoo.gonzalez.EntityStack.expandEntityValue(EntityStack.java:319)
    [junit] 	at org.bluezoo.gonzalez.EntityStack.expandGeneralEntity(EntityStack.java:221)
    [junit] 	at org.bluezoo.gonzalez.EntityStack.expandEntityValue(EntityStack.java:319)
    [junit] 	at org.bluezoo.gonzalez.EntityStack.expandGeneralEntity(EntityStack.java:221)
    [junit] 	at org.bluezoo.gonzalez.EntityStack.expandEntityValue(EntityStack.java:319)
    [junit] 	at org.bluezoo.gonzalez.EntityStack.expandGeneralEntity(EntityStack.java:221)
    [junit] 	at org.bluezoo.gonzalez.EntityStack.expandEntityValue(EntityStack.java:319)
    [junit] 	at org.bluezoo.gonzalez.EntityStack.expandGeneralEntity(EntityStack.java:221)
    [junit] 	at org.bluezoo.gonzalez.EntityStack.expandEntityValue(EntityStack.java:319)
    [junit] 	at org.bluezoo.gonzalez.EntityStack.expandGeneralEntity(EntityStack.java:221)
    [junit] 	at org.bluezoo.gonzalez.EntityStack.expandEntityValue(EntityStack.java:319)
    [junit] 	at org.bluezoo.gonzalez.EntityStack.expandGeneralEntity(EntityStack.java:221)
    [junit] 	at org.bluezoo.gonzalez.EntityStack.expandEntityValue(EntityStack.java:319)
    [junit] 	at org.bluezoo.gonzalez.EntityStack.expandGeneralEntity(EntityStack.java:221)
    [junit] 	at org.bluezoo.gonzalez.EntityStack.expandEntityValue(EntityStack.java:319)
    [junit] 	at org.bluezoo.gonzalez.EntityStack.expandGeneralEntity(EntityStack.java:221)
    [junit] 	at org.bluezoo.gonzalez.EntityStack.expandEntityValue(EntityStack.java:319)
    [junit] 	at org.bluezoo.gonzalez.EntityStack.expandGeneralEntity(EntityStack.java:221)
    [junit] 	at org.bluezoo.gonzalez.EntityStack.expandEntityValue(EntityStack.java:319)
    [junit] 	at org.bluezoo.gonzalez.EntityStack.expandGeneralEntity(EntityStack.java:221)
    [junit] 	at org.bluezoo.gonzalez.EntityStack.expandEntityValue(EntityStack.java:319)
    [junit] 	at org.bluezoo.gonzalez.EntityStack.expandGeneralEntity(EntityStack.java:221)
    [junit] 	at org.bluezoo.gonzalez.EntityStack.expandEntityValue(EntityStack.java:319)
    [junit] 	at org.bluezoo.gonzalez.EntityStack.expandGeneralEntity(EntityStack.java:221)
    [junit] 	at org.bluezoo.gonzalez.EntityStack.expandEntityValue(EntityStack.java:319)
    [junit] 	at org.bluezoo.gonzalez.EntityStack.expandGeneralEntity(EntityStack.java:221)
    [junit] 	at org.bluezoo.gonzalez.EntityStack.expandEntityValue(EntityStack.java:319)
    [junit] 	at org.bluezoo.gonzalez.EntityStack.expandGeneralEntity(EntityStack.java:221)
    [junit] 	at org.bluezoo.gonzalez.EntityStack.expandEntityValue(EntityStack.java:319)
    [junit] 	at org.bluezoo.gonzalez.EntityStack.expandGeneralEntity(EntityStack.java:221)
    [junit] 	at org.bluezoo.gonzalez.EntityStack.expandEntityValue(EntityStack.java:319)
    [junit] 	at org.bluezoo.gonzalez.EntityStack.expandGeneralEntity(EntityStack.java:221)
    [junit] 	at org.bluezoo.gonzalez.EntityStack.expandEntityValue(EntityStack.java:319)
    [junit] 	at org.bluezoo.gonzalez.EntityStack.expandGeneralEntity(EntityStack.java:221)
    [junit] 	at org.bluezoo.gonzalez.EntityStack.expandEntityValue(EntityStack.java:319)
    [junit] 	at org.bluezoo.gonzalez.EntityStack.expandGeneralEntity(EntityStack.java:221)
    [junit] 	at org.bluezoo.gonzalez.EntityStack.expandEntityValue(EntityStack.java:319)
    [junit] 	at org.bluezoo.gonzalez.EntityStack.expandGeneralEntity(EntityStack.java:221)
    [junit] 	at org.bluezoo.gonzalez.EntityStack.expandEntityValue(EntityStack.java:319)
    [junit] 	at org.bluezoo.gonzalez.EntityStack.expandGeneralEntity(EntityStack.java:221)
    [junit] 	at org.bluezoo.gonzalez.EntityStack.expandEntityValue(EntityStack.java:319)
    [junit] 	at org.bluezoo.gonzalez.EntityStack.expandGeneralEntity(EntityStack.java:221)
    [junit] 	at org.bluezoo.gonzalez.EntityStack.expandEntityValue(EntityStack.java:319)
    [junit] 	at org.bluezoo.gonzalez.EntityStack.expandGeneralEntity(EntityStack.java:221)
    [junit] 	at org.bluezoo.gonzalez.EntityStack.expandEntityValue(EntityStack.java:319)
    [junit] 	at org.bluezoo.gonzalez.EntityStack.expandGeneralEntity(EntityStack.java:221)
    [junit] 	at org.bluezoo.gonzalez.EntityStack.expandEntityValue(EntityStack.java:319)
    [junit] 	at org.bluezoo.gonzalez.EntityStack.expandGeneralEntity(EntityStack.java:221)
    [junit] 	at org.bluezoo.gonzalez.EntityStack.expandEntityValue(EntityStack.java:319)
    [junit] 	at org.bluezoo.gonzalez.EntityStack.expandGeneralEntity(EntityStack.java:221)
    [junit] 	at org.bluezoo.gonzalez.EntityStack.expandEntityValue(EntityStack.java:319)
    [junit] 	at org.bluezoo.gonzalez.EntityStack.expandGeneralEntity(EntityStack.java:221)
    [junit] 	at org.bluezoo.gonzalez.EntityStack.expandEntityValue(EntityStack.java:319)
    [junit] 	at org.bluezoo.gonzalez.EntityStack.expandGeneralEntity(EntityStack.java:221)
    [junit] 	at org.bluezoo.gonzalez.EntityStack.expandEntityValue(EntityStack.java:319)
    [junit] 	at org.bluezoo.gonzalez.EntityStack.expandGeneralEntity(EntityStack.java:221)
    [junit] 	at org.bluezoo.gonzalez.EntityStack.expandEntityValue(EntityStack.java:319)
    [junit] 	at org.bluezoo.gonzalez.EntityStack.expandGeneralEntity(EntityStack.java:221)
    [junit] 	at org.bluezoo.gonzalez.EntityStack.expandEntityValue(EntityStack.java:319)
    [junit] 	at org.bluezoo.gonzalez.EntityStack.expandGeneralEntity(EntityStack.java:221)
    [junit] 	at org.bluezoo.gonzalez.EntityStack.expandEntityValue(EntityStack.java:319)
    [junit] 	at org.bluezoo.gonzalez.EntityStack.expandGeneralEntity(EntityStack.java:221)
    [junit] 	at org.bluezoo.gonzalez.EntityStack.expandEntityValue(EntityStack.java:319)
    [junit] 	at org.bluezoo.gonzalez.EntityStack.expandGeneralEntity(EntityStack.java:221)
    [junit] 	at org.bluezoo.gonzalez.EntityStack.expandEntityValue(EntityStack.java:319)
    [junit] 	at org.bluezoo.gonzalez.EntityStack.expandGeneralEntity(EntityStack.java:221)
    [junit] 	at org.bluezoo.gonzalez.EntityStack.expandEntityValue(EntityStack.java:319)
    [junit] 	at org.bluezoo.gonzalez.EntityStack.expandGeneralEntity(EntityStack.java:221)
    [junit] 	at org.bluezoo.gonzalez.EntityStack.expandEntityValue(EntityStack.java:319)
    [junit] 	at org.bluezoo.gonzalez.EntityStack.expandGeneralEntity(EntityStack.java:221)
    [junit] 	at org.bluezoo.gonzalez.EntityStack.expandEntityValue(EntityStack.java:319)
    [junit] 	at org.bluezoo.gonzalez.EntityStack.expandGeneralEntity(EntityStack.java:221)
    [junit] 	at org.bluezoo.gonzalez.EntityStack.expandEntityValue(EntityStack.java:319)
    [junit] 	at org.bluezoo.gonzalez.EntityStack.expandGeneralEntity(EntityStack.java:221)
    [junit] 	at org.bluezoo.gonzalez.EntityStack.expandEntityValue(EntityStack.java:319)
    [junit] 	at org.bluezoo.gonzalez.EntityStack.expandGeneralEntity(EntityStack.java:221)
    [junit] 	at org.bluezoo.gonzalez.EntityStack.expandEntityValue(EntityStack.java:319)
    [junit] 	at org.bluezoo.gonzalez.EntityStack.expandGeneralEntity(EntityStack.java:221)
    [junit] 	at org.bluezoo.gonzalez.EntityStack.expandEntityValue(EntityStack.java:319)
    [junit] 	at org.bluezoo.gonzalez.EntityStack.expandGeneralEntity(EntityStack.java:221)
    [junit] 	at org.bluezoo.gonzalez.EntityStack.expandEntityValue(EntityStack.java:319)
    [junit] 	at org.bluezoo.gonzalez.EntityStack.expandGeneralEntity(EntityStack.java:221)
    [junit] 	at org.bluezoo.gonzalez.EntityStack.expandEntityValue(EntityStack.java:319)
    [junit] 	at org.bluezoo.gonzalez.EntityStack.expandGeneralEntity(EntityStack.java:221)
    [junit] 	at org.bluezoo.gonzalez.EntityStack.expandEntityValue(EntityStack.java:319)
    [junit] 	at org.bluezoo.gonzalez.EntityStack.expandGeneralEntity(EntityStack.java:221)
    [junit] 	at org.bluezoo.gonzalez.EntityStack.expandEntityValue(EntityStack.java:319)
    [junit] 	at org.bluezoo.gonzalez.EntityStack.expandGeneralEntity(EntityStack.java:221)
    [junit] 	at org.bluezoo.gonzalez.EntityStack.expandEntityValue(EntityStack.java:319)
    [junit] 	at org.bluezoo.gonzalez.EntityStack.expandGeneralEntity(EntityStack.java:221)
    [junit] 	at org.bluezoo.gonzalez.EntityStack.expandEntityValue(EntityStack.java:319)
    [junit] 	at org.bluezoo.gonzalez.EntityStack.expandGeneralEntity(EntityStack.java:221)
    [junit] 	at org.bluezoo.gonzalez.EntityStack.expandEntityValue(EntityStack.java:319)
    [junit] 	at org.bluezoo.gonzalez.EntityStack.expandGeneralEntity(EntityStack.java:221)
    [junit] 	at org.bluezoo.gonzalez.EntityStack.expandEntityValue(EntityStack.java:319)
    [junit] 	at org.bluezoo.gonzalez.EntityStack.expandGeneralEntity(EntityStack.java:221)
    [junit] 	at org.bluezoo.gonzalez.EntityStack.expandEntityValue(EntityStack.java:319)
    [junit] 	at org.bluezoo.gonzalez.EntityStack.expandGeneralEntity(EntityStack.java:221)
    [junit] 	at org.bluezoo.gonzalez.EntityStack.expandEntityValue(EntityStack.java:319)
    [junit] 	at org.bluezoo.gonzalez.EntityStack.expandGeneralEntity(EntityStack.java:221)
    [junit] 	at org.bluezoo.gonzalez.EntityStack.expandEntityValue(EntityStack.java:319)
    [junit] 	at org.bluezoo.gonzalez.EntityStack.expandGeneralEntity(EntityStack.java:221)
    [junit] 	at org.bluezoo.gonzalez.EntityStack.expandEntityValue(EntityStack.java:319)
    [junit] 	at org.bluezoo.gonzalez.EntityStack.expandGeneralEntity(EntityStack.java:221)
    [junit] 	at org.bluezoo.gonzalez.EntityStack.expandEntityValue(EntityStack.java:319)
    [junit] 	at org.bluezoo.gonzalez.EntityStack.expandGeneralEntity(EntityStack.java:221)
    [junit] 	at org.bluezoo.gonzalez.EntityStack.expandEntityValue(EntityStack.java:319)
    [junit] 	at org.bluezoo.gonzalez.EntityStack.expandGeneralEntity(EntityStack.java:221)
    [junit] 	at org.bluezoo.gonzalez.EntityStack.expandEntityValue(EntityStack.java:319)
    [junit] 	at org.bluezoo.gonzalez.EntityStack.expandGeneralEntity(EntityStack.java:221)
    [junit] 	at org.bluezoo.gonzalez.EntityStack.expandEntityValue(EntityStack.java:319)
    [junit] 	at org.bluezoo.gonzalez.EntityStack.expandGeneralEntity(EntityStack.java:221)
    [junit] 	at org.bluezoo.gonzalez.EntityStack.expandEntityValue(EntityStack.java:319)
    [junit] 	at org.bluezoo.gonzalez.EntityStack.expandGeneralEntity(EntityStack.java:221)
    [junit] 	at org.bluezoo.gonzalez.EntityStack.expandEntityValue(EntityStack.java:319)
    [junit] 	at org.bluezoo.gonzalez.EntityStack.expandGeneralEntity(EntityStack.java:221)
    [junit] 	at org.bluezoo.gonzalez.EntityStack.expandEntityValue(EntityStack.java:319)
    [junit] 	at org.bluezoo.gonzalez.EntityStack.expandGeneralEntity(EntityStack.java:221)
    [junit] 	at org.bluezoo.gonzalez.EntityStack.expandEntityValue(EntityStack.java:319)
    [junit] 	at org.bluezoo.gonzalez.EntityStack.expandGeneralEntity(EntityStack.java:221)
    [junit] 	at org.bluezoo.gonzalez.EntityStack.expandEntityValue(EntityStack.java:319)
    [junit] 	at org.bluezoo.gonzalez.EntityStack.expandGeneralEntity(EntityStack.java:221)
    [junit] 	at org.bluezoo.gonzalez.EntityStack.expandEntityValue(EntityStack.java:319)
    [junit] 	at org.bluezoo.gonzalez.EntityStack.expandGeneralEntity(EntityStack.java:221)
    [junit] 	at org.bluezoo.gonzalez.EntityStack.expandEntityValue(EntityStack.java:319)
    [junit] 	at org.bluezoo.gonzalez.EntityStack.expandGeneralEntity(EntityStack.java:221)
    [junit] 	at org.bluezoo.gonzalez.EntityStack.expandEntityValue(EntityStack.java:319)
    [junit] 	at org.bluezoo.gonzalez.EntityStack.expandGeneralEntity(EntityStack.java:221)
    [junit] 	at org.bluezoo.gonzalez.EntityStack.expandEntityValue(EntityStack.java:319)
    [junit] 	at org.bluezoo.gonzalez.EntityStack.expandGeneralEntity(EntityStack.java:221)
    [junit] 	at org.bluezoo.gonzalez.EntityStack.expandEntityValue(EntityStack.java:319)
    [junit] 	at org.bluezoo.gonzalez.EntityStack.expandGeneralEntity(EntityStack.java:221)
    [junit] 	at org.bluezoo.gonzalez.EntityStack.expandEntityValue(EntityStack.java:319)
    [junit] 	at org.bluezoo.gonzalez.EntityStack.expandGeneralEntity(EntityStack.java:221)
    [junit] 	at org.bluezoo.gonzalez.EntityStack.expandEntityValue(EntityStack.java:319)
    [junit] 	at org.bluezoo.gonzalez.EntityStack.expandGeneralEntity(EntityStack.java:221)
    [junit] 	at org.bluezoo.gonzalez.EntityStack.expandEntityValue(EntityStack.java:319)
    [junit] 	at org.bluezoo.gonzalez.EntityStack.expandGeneralEntity(EntityStack.java:221)
    [junit] 	at org.bluezoo.gonzalez.EntityStack.expandEntityValue(EntityStack.java:319)
    [junit] 	at org.bluezoo.gonzalez.EntityStack.expandGeneralEntity(EntityStack.java:221)
    [junit] 	at org.bluezoo.gonzalez.EntityStack.expandEntityValue(EntityStack.java:319)
    [junit] 	at org.bluezoo.gonzalez.EntityStack.expandGeneralEntity(EntityStack.java:221)
    [junit] 	at org.bluezoo.gonzalez.EntityStack.expandEntityValue(EntityStack.java:319)
    [junit] 	at org.bluezoo.gonzalez.EntityStack.expandGeneralEntity(EntityStack.java:221)
    [junit] 	at org.bluezoo.gonzalez.EntityStack.expandEntityValue(EntityStack.java:319)
    [junit] 	at org.bluezoo.gonzalez.EntityStack.expandGeneralEntity(EntityStack.java:221)
    [junit] 	at org.bluezoo.gonzalez.EntityStack.expandEntityValue(EntityStack.java:319)
    [junit] 	at org.bluezoo.gonzalez.EntityStack.expandGeneralEntity(EntityStack.java:221)
    [junit] 	at org.bluezoo.gonzalez.EntityStack.expandEntityValue(EntityStack.java:319)
    [junit] 	at org.bluezoo.gonzalez.EntityStack.expandGeneralEntity(EntityStack.java:221)
    [junit] 	at org.bluezoo.gonzalez.EntityStack.expandEntityValue(EntityStack.java:319)
    [junit] 	at org.bluezoo.gonzalez.EntityStack.expandGeneralEntity(EntityStack.java:221)
    [junit] 	at org.bluezoo.gonzalez.EntityStack.expandEntityValue(EntityStack.java:319)
    [junit] 	at org.bluezoo.gonzalez.EntityStack.expandGeneralEntity(EntityStack.java:221)
    [junit] 	at org.bluezoo.gonzalez.EntityStack.expandEntityValue(EntityStack.java:319)
    [junit] 	at org.bluezoo.gonzalez.EntityStack.expandGeneralEntity(EntityStack.java:221)
    [junit] 	at org.bluezoo.gonzalez.EntityStack.expandEntityValue(EntityStack.java:319)
    [junit] 	at org.bluezoo.gonzalez.EntityStack.expandGeneralEntity(EntityStack.java:221)
    [junit] 	at org.bluezoo.gonzalez.EntityStack.expandEntityValue(EntityStack.java:319)
    [junit] 	at org.bluezoo.gonzalez.EntityStack.expandGeneralEntity(EntityStack.java:221)
    [junit] 	at org.bluezoo.gonzalez.EntityStack.expandEntityValue(EntityStack.java:319)
    [junit] 	at org.bluezoo.gonzalez.EntityStack.expandGeneralEntity(EntityStack.java:221)
    [junit] 	at org.bluezoo.gonzalez.EntityStack.expandEntityValue(EntityStack.java:319)
    [junit] 	at org.bluezoo.gonzalez.EntityStack.expandGeneralEntity(EntityStack.java:221)
    [junit] 	at org.bluezoo.gonzalez.EntityStack.expandEntityValue(EntityStack.java:319)
    [junit] 	at org.bluezoo.gonzalez.EntityStack.expandGeneralEntity(EntityStack.java:221)
    [junit] 	at org.bluezoo.gonzalez.EntityStack.expandEntityValue(EntityStack.java:319)
    [junit] 	at org.bluezoo.gonzalez.EntityStack.expandGeneralEntity(EntityStack.java:221)
    [junit] 	at org.bluezoo.gonzalez.EntityStack.expandEntityValue(EntityStack.java:319)
    [junit] 	at org.bluezoo.gonzalez.EntityStack.expandGeneralEntity(EntityStack.java:221)
    [junit] 	at org.bluezoo.gonzalez.EntityStack.expandEntityValue(EntityStack.java:319)
    [junit] 	at org.bluezoo.gonzalez.EntityStack.expandGeneralEntity(EntityStack.java:221)
    [junit] 	at org.bluezoo.gonzalez.EntityStack.expandEntityValue(EntityStack.java:319)
    [junit] 	at org.bluezoo.gonzalez.EntityStack.expandGeneralEntity(EntityStack.java:221)
    [junit] 	at org.bluezoo.gonzalez.EntityStack.expandEntityValue(EntityStack.java:319)
    [junit] 	at org.bluezoo.gonzalez.EntityStack.expandGeneralEntity(EntityStack.java:221)
    [junit] 	at org.bluezoo.gonzalez.EntityStack.expandEntityValue(EntityStack.java:319)
    [junit] 	at org.bluezoo.gonzalez.EntityStack.expandGeneralEntity(EntityStack.java:221)
    [junit] 	at org.bluezoo.gonzalez.EntityStack.expandEntityValue(EntityStack.java:319)
    [junit] 	at org.bluezoo.gonzalez.EntityStack.expandGeneralEntity(EntityStack.java:221)
    [junit] 	at org.bluezoo.gonzalez.EntityStack.expandEntityValue(EntityStack.java:319)
    [junit] 	at org.bluezoo.gonzalez.EntityStack.expandGeneralEntity(EntityStack.java:221)
    [junit] 	at org.bluezoo.gonzalez.EntityStack.expandEntityValue(EntityStack.java:319)
    [junit] 	at org.bluezoo.gonzalez.EntityStack.expandGeneralEntity(EntityStack.java:221)
    [junit] 	at org.bluezoo.gonzalez.EntityStack.expandEntityValue(EntityStack.java:319)
    [junit] 	at org.bluezoo.gonzalez.EntityStack.expandGeneralEntity(EntityStack.java:221)
    [junit] 	at org.bluezoo.gonzalez.EntityStack.expandEntityValue(EntityStack.java:319)
    [junit] 	at org.bluezoo.gonzalez.EntityStack.expandGeneralEntity(EntityStack.java:221)
    [junit] 	at org.bluezoo.gonzalez.EntityStack.expandEntityValue(EntityStack.java:319)
    [junit] 	at org.bluezoo.gonzalez.EntityStack.expandGeneralEntity(EntityStack.java:221)
    [junit] 	at org.bluezoo.gonzalez.EntityStack.expandEntityValue(EntityStack.java:319)
    [junit] 	at org.bluezoo.gonzalez.EntityStack.expandGeneralEntity(EntityStack.java:221)
    [junit] 	at org.bluezoo.gonzalez.EntityStack.expandEntityValue(EntityStack.java:319)
    [junit] 	at org.bluezoo.gonzalez.EntityStack.expandGeneralEntity(EntityStack.java:221)
    [junit] 	at org.bluezoo.gonzalez.EntityStack.expandEntityValue(EntityStack.java:319)
    [junit] 	at org.bluezoo.gonzalez.EntityStack.expandGeneralEntity(EntityStack.java:221)
    [junit] 	at org.bluezoo.gonzalez.EntityStack.expandEntityValue(EntityStack.java:319)
    [junit] 	at org.bluezoo.gonzalez.EntityStack.expandGeneralEntity(EntityStack.java:221)
    [junit] 	at org.bluezoo.gonzalez.EntityStack.expandEntityValue(EntityStack.java:319)
    [junit] 	at org.bluezoo.gonzalez.EntityStack.expandGeneralEntity(EntityStack.java:221)
    [junit] 	at org.bluezoo.gonzalez.EntityStack.expandEntityValue(EntityStack.java:319)
    [junit] 	at org.bluezoo.gonzalez.EntityStack.expandGeneralEntity(EntityStack.java:221)
    [junit] 	at org.bluezoo.gonzalez.EntityStack.expandEntityValue(EntityStack.java:319)
    [junit] 	at org.bluezoo.gonzalez.EntityStack.expandGeneralEntity(EntityStack.java:221)
    [junit] 	at org.bluezoo.gonzalez.EntityStack.expandEntityValue(EntityStack.java:319)
    [junit] 	at org.bluezoo.gonzalez.EntityStack.expandGeneralEntity(EntityStack.java:221)
    [junit] 	at org.bluezoo.gonzalez.EntityStack.expandEntityValue(EntityStack.java:319)
    [junit] 	at org.bluezoo.gonzalez.EntityStack.expandGeneralEntity(EntityStack.java:221)
    [junit] 	at org.bluezoo.gonzalez.EntityStack.expandEntityValue(EntityStack.java:319)
    [junit] 	at org.bluezoo.gonzalez.EntityStack.expandGeneralEntity(EntityStack.java:221)
    [junit] 	at org.bluezoo.gonzalez.EntityStack.expandEntityValue(EntityStack.java:319)
    [junit] 	at org.bluezoo.gonzalez.EntityStack.expandGeneralEntity(EntityStack.java:221)
    [junit] 	at org.bluezoo.gonzalez.EntityStack.expandEntityValue(EntityStack.java:319)
    [junit] 	at org.bluezoo.gonzalez.EntityStack.expandGeneralEntity(EntityStack.java:221)
    [junit] 	at org.bluezoo.gonzalez.EntityStack.expandEntityValue(EntityStack.java:319)
    [junit] 	at org.bluezoo.gonzalez.EntityStack.expandGeneralEntity(EntityStack.java:221)
    [junit] 	at org.bluezoo.gonzalez.EntityStack.expandEntityValue(EntityStack.java:319)
    [junit] 	at org.bluezoo.gonzalez.EntityStack.expandGeneralEntity(EntityStack.java:221)
    [junit] 	at org.bluezoo.gonzalez.EntityStack.expandEntityValue(EntityStack.java:319)
    [junit] 	at org.bluezoo.gonzalez.EntityStack.expandGeneralEntity(EntityStack.java:221)
    [junit] 	at org.bluezoo.gonzalez.EntityStack.expandEntityValue(EntityStack.java:319)
    [junit] 	at org.bluezoo.gonzalez.EntityStack.expandGeneralEntity(EntityStack.java:221)
    [junit] 	at org.bluezoo.gonzalez.EntityStack.expandEntityValue(EntityStack.java:319)
    [junit] 	at org.bluezoo.gonzalez.EntityStack.expandGeneralEntity(EntityStack.java:221)
    [junit] 	at org.bluezoo.gonzalez.EntityStack.expandEntityValue(EntityStack.java:319)
    [junit] 	at org.bluezoo.gonzalez.EntityStack.expandGeneralEntity(EntityStack.java:221)
    [junit] 	at org.bluezoo.gonzalez.EntityStack.expandEntityValue(EntityStack.java:319)
    [junit] 	at org.bluezoo.gonzalez.EntityStack.expandGeneralEntity(EntityStack.java:221)
    [junit] 	at org.bluezoo.gonzalez.EntityStack.expandEntityValue(EntityStack.java:319)
    [junit] 	at org.bluezoo.gonzalez.EntityStack.expandGeneralEntity(EntityStack.java:221)
    [junit] 	at org.bluezoo.gonzalez.EntityStack.expandEntityValue(EntityStack.java:319)
    [junit] 	at org.bluezoo.gonzalez.EntityStack.expandGeneralEntity(EntityStack.java:221)
    [junit] 	at org.bluezoo.gonzalez.EntityStack.expandEntityValue(EntityStack.java:319)
    [junit] 	at org.bluezoo.gonzalez.EntityStack.expandGeneralEntity(EntityStack.java:221)
    [junit] 	at org.bluezoo.gonzalez.EntityStack.expandEntityValue(EntityStack.java:319)
    [junit] 	at org.bluezoo.gonzalez.EntityStack.expandGeneralEntity(EntityStack.java:221)
    [junit] 	at org.bluezoo.gonzalez.EntityStack.expandEntityValue(EntityStack.java:319)
    [junit] 	at org.bluezoo.gonzalez.EntityStack.expandGeneralEntity(EntityStack.java:221)
    [junit] 	at org.bluezoo.gonzalez.EntityStack.expandEntityValue(EntityStack.java:319)
    [junit] 	at org.bluezoo.gonzalez.EntityStack.expandGeneralEntity(EntityStack.java:221)
    [junit] 	at org.bluezoo.gonzalez.EntityStack.expandEntityValue(EntityStack.java:319)
    [junit] 	at org.bluezoo.gonzalez.EntityStack.expandGeneralEntity(EntityStack.java:221)
    [junit] 	at org.bluezoo.gonzalez.EntityStack.expandEntityValue(EntityStack.java:319)
    [junit] 	at org.bluezoo.gonzalez.EntityStack.expandGeneralEntity(EntityStack.java:221)
    [junit] 	at org.bluezoo.gonzalez.EntityStack.expandEntityValue(EntityStack.java:319)
    [junit] 	at org.bluezoo.gonzalez.EntityStack.expandGeneralEntity(EntityStack.java:221)
    [junit] 	at org.bluezoo.gonzalez.EntityStack.expandEntityValue(EntityStack.java:319)
    [junit] 	at org.bluezoo.gonzalez.EntityStack.expandGeneralEntity(EntityStack.java:221)
    [junit] 	at org.bluezoo.gonzalez.EntityStack.expandEntityValue(EntityStack.java:319)
    [junit] 	at org.bluezoo.gonzalez.EntityStack.expandGeneralEntity(EntityStack.java:221)
    [junit] 	at org.bluezoo.gonzalez.EntityStack.expandEntityValue(EntityStack.java:319)
    [junit] 	at org.bluezoo.gonzalez.EntityStack.expandGeneralEntity(EntityStack.java:221)
    [junit] 	at org.bluezoo.gonzalez.EntityStack.expandEntityValue(EntityStack.java:319)
    [junit] 	at org.bluezoo.gonzalez.EntityStack.expandGeneralEntity(EntityStack.java:221)
    [junit] 	at org.bluezoo.gonzalez.EntityStack.expandEntityValue(EntityStack.java:319)
    [junit] 	at org.bluezoo.gonzalez.EntityStack.expandGeneralEntity(EntityStack.java:221)
    [junit] 	at org.bluezoo.gonzalez.EntityStack.expandEntityValue(EntityStack.java:319)
    [junit] 	at org.bluezoo.gonzalez.EntityStack.expandGeneralEntity(EntityStack.java:221)
    [junit] 	at org.bluezoo.gonzalez.EntityStack.expandEntityValue(EntityStack.java:319)
    [junit] 	at org.bluezoo.gonzalez.EntityStack.expandGeneralEntity(EntityStack.java:221)
    [junit] 	at org.bluezoo.gonzalez.EntityStack.expandEntityValue(EntityStack.java:319)
    [junit] 	at org.bluezoo.gonzalez.EntityStack.expandGeneralEntity(EntityStack.java:221)
    [junit] 	at org.bluezoo.gonzalez.EntityStack.expandEntityValue(EntityStack.java:319)
    [junit] 	at org.bluezoo.gonzalez.EntityStack.expandGeneralEntity(EntityStack.java:221)
    [junit] 	at org.bluezoo.gonzalez.EntityStack.expandEntityValue(EntityStack.java:319)
    [junit] 	at org.bluezoo.gonzalez.EntityStack.expandGeneralEntity(EntityStack.java:221)
    [junit] 	at org.bluezoo.gonzalez.EntityStack.expandEntityValue(EntityStack.java:319)
    [junit] 	at org.bluezoo.gonzalez.EntityStack.expandGeneralEntity(EntityStack.java:221)
    [junit] 	at org.bluezoo.gonzalez.EntityStack.expandEntityValue(EntityStack.java:319)
    [junit] 	at org.bluezoo.gonzalez.EntityStack.expandGeneralEntity(EntityStack.java:221)
    [junit] 	at org.bluezoo.gonzalez.EntityStack.expandEntityValue(EntityStack.java:319)
    [junit] 	at org.bluezoo.gonzalez.EntityStack.expandGeneralEntity(EntityStack.java:221)
    [junit] 	at org.bluezoo.gonzalez.EntityStack.expandEntityValue(EntityStack.java:319)
    [junit] 	at org.bluezoo.gonzalez.EntityStack.expandGeneralEntity(EntityStack.java:221)
    [junit] 	at org.bluezoo.gonzalez.EntityStack.expandEntityValue(EntityStack.java:319)
    [junit] 	at org.bluezoo.gonzalez.EntityStack.expandGeneralEntity(EntityStack.java:221)
    [junit] 	at org.bluezoo.gonzalez.EntityStack.expandEntityValue(EntityStack.java:319)
    [junit] 	at org.bluezoo.gonzalez.EntityStack.expandGeneralEntity(EntityStack.java:221)
    [junit] 	at org.bluezoo.gonzalez.EntityStack.expandEntityValue(EntityStack.java:319)
    [junit] 	at org.bluezoo.gonzalez.EntityStack.expandGeneralEntity(EntityStack.java:221)
    [junit] 	at org.bluezoo.gonzalez.EntityStack.expandEntityValue(EntityStack.java:319)
    [junit] 	at org.bluezoo.gonzalez.EntityStack.expandGeneralEntity(EntityStack.java:221)
    [junit] 	at org.bluezoo.gonzalez.EntityStack.expandEntityValue(EntityStack.java:319)
    [junit] 	at org.bluezoo.gonzalez.EntityStack.expandGeneralEntity(EntityStack.java:221)
    [junit] 	at org.bluezoo.gonzalez.EntityStack.expandEntityValue(EntityStack.java:319)
    [junit] 	at org.bluezoo.gonzalez.EntityStack.expandGeneralEntity(EntityStack.java:221)
    [junit] 	at org.bluezoo.gonzalez.EntityStack.expandEntityValue(EntityStack.java:319)
    [junit] 	at org.bluezoo.gonzalez.EntityStack.expandGeneralEntity(EntityStack.java:221)
    [junit] 	at org.bluezoo.gonzalez.EntityStack.expandEntityValue(EntityStack.java:319)
    [junit] 	at org.bluezoo.gonzalez.EntityStack.expandGeneralEntity(EntityStack.java:221)
    [junit] 	at org.bluezoo.gonzalez.EntityStack.expandEntityValue(EntityStack.java:319)
    [junit] 	at org.bluezoo.gonzalez.EntityStack.expandGeneralEntity(EntityStack.java:221)
    [junit] 	at org.bluezoo.gonzalez.EntityStack.expandEntityValue(EntityStack.java:319)
    [junit] 	at org.bluezoo.gonzalez.EntityStack.expandGeneralEntity(EntityStack.java:221)
    [junit] 	at org.bluezoo.gonzalez.EntityStack.expandEntityValue(EntityStack.java:319)
    [junit] 	at org.bluezoo.gonzalez.EntityStack.expandGeneralEntity(EntityStack.java:221)
    [junit] 	at org.bluezoo.gonzalez.EntityStack.expandEntityValue(EntityStack.java:319)
    [junit] 	at org.bluezoo.gonzalez.EntityStack.expandGeneralEntity(EntityStack.java:221)
    [junit] 	at org.bluezoo.gonzalez.EntityStack.expandEntityValue(EntityStack.java:319)
    [junit] 	at org.bluezoo.gonzalez.EntityStack.expandGeneralEntity(EntityStack.java:221)
    [junit] 	at org.bluezoo.gonzalez.EntityStack.expandEntityValue(EntityStack.java:319)
    [junit] 	at org.bluezoo.gonzalez.EntityStack.expandGeneralEntity(EntityStack.java:221)
    [junit] 	at org.bluezoo.gonzalez.EntityStack.expandEntityValue(EntityStack.java:319)
    [junit] 	at org.bluezoo.gonzalez.EntityStack.expandGeneralEntity(EntityStack.java:221)
    [junit] 	at org.bluezoo.gonzalez.EntityStack.expandEntityValue(EntityStack.java:319)
    [junit] 	at org.bluezoo.gonzalez.EntityStack.expandGeneralEntity(EntityStack.java:221)
    [junit] 	at org.bluezoo.gonzalez.EntityStack.expandEntityValue(EntityStack.java:319)
    [junit] 	at org.bluezoo.gonzalez.EntityStack.expandGeneralEntity(EntityStack.java:221)
    [junit] 	at org.bluezoo.gonzalez.EntityStack.expandEntityValue(EntityStack.java:319)
    [junit] 	at org.bluezoo.gonzalez.EntityStack.expandGeneralEntity(EntityStack.java:221)
    [junit] 	at org.bluezoo.gonzalez.EntityStack.expandEntityValue(EntityStack.java:319)
    [junit] 	at org.bluezoo.gonzalez.EntityStack.expandGeneralEntity(EntityStack.java:221)
    [junit] 	at org.bluezoo.gonzalez.EntityStack.expandEntityValue(EntityStack.java:319)
    [junit] 	at org.bluezoo.gonzalez.EntityStack.expandGeneralEntity(EntityStack.java:221)
    [junit] 	at org.bluezoo.gonzalez.EntityStack.expandEntityValue(EntityStack.java:319)
    [junit] 	at org.bluezoo.gonzalez.EntityStack.expandGeneralEntity(EntityStack.java:221)
    [junit] 	at org.bluezoo.gonzalez.EntityStack.expandEntityValue(EntityStack.java:319)
    [junit] 	at org.bluezoo.gonzalez.EntityStack.expandGeneralEntity(EntityStack.java:221)
    [junit] 	at org.bluezoo.gonzalez.EntityStack.expandEntityValue(EntityStack.java:319)
    [junit] 	at org.bluezoo.gonzalez.EntityStack.expandGeneralEntity(EntityStack.java:221)
    [junit] 	at org.bluezoo.gonzalez.EntityStack.expandEntityValue(EntityStack.java:319)
    [junit] 	at org.bluezoo.gonzalez.EntityStack.expandGeneralEntity(EntityStack.java:221)
    [junit] 	at org.bluezoo.gonzalez.EntityStack.expandEntityValue(EntityStack.java:319)
    [junit] 	at org.bluezoo.gonzalez.EntityStack.expandGeneralEntity(EntityStack.java:221)
    [junit] 	at org.bluezoo.gonzalez.EntityStack.expandEntityValue(EntityStack.java:319)
    [junit] 	at org.bluezoo.gonzalez.EntityStack.expandGeneralEntity(EntityStack.java:221)
    [junit] 	at org.bluezoo.gonzalez.EntityStack.expandEntityValue(EntityStack.java:319)
    [junit] 	at org.bluezoo.gonzalez.EntityStack.expandGeneralEntity(EntityStack.java:221)
    [junit] 	at org.bluezoo.gonzalez.EntityStack.expandEntityValue(EntityStack.java:319)
    [junit] 	at org.bluezoo.gonzalez.EntityStack.expandGeneralEntity(EntityStack.java:221)
    [junit] 	at org.bluezoo.gonzalez.EntityStack.expandEntityValue(EntityStack.java:319)
    [junit] 	at org.bluezoo.gonzalez.EntityStack.expandGeneralEntity(EntityStack.java:221)
    [junit] 	at org.bluezoo.gonzalez.EntityStack.expandEntityValue(EntityStack.java:319)
    [junit] 	at org.bluezoo.gonzalez.EntityStack.expandGeneralEntity(EntityStack.java:221)
    [junit] 	at org.bluezoo.gonzalez.EntityStack.expandEntityValue(EntityStack.java:319)
    [junit] 	at org.bluezoo.gonzalez.EntityStack.expandGeneralEntity(EntityStack.java:221)
    [junit] 	at org.bluezoo.gonzalez.EntityStack.expandEntityValue(EntityStack.java:319)
    [junit] 	at org.bluezoo.gonzalez.EntityStack.expandGeneralEntity(EntityStack.java:221)
    [junit] 	at org.bluezoo.gonzalez.EntityStack.expandEntityValue(EntityStack.java:319)
    [junit] 	at org.bluezoo.gonzalez.EntityStack.expandGeneralEntity(EntityStack.java:221)
    [junit] 	at org.bluezoo.gonzalez.EntityStack.expandEntityValue(EntityStack.java:319)
    [junit] 	at org.bluezoo.gonzalez.EntityStack.expandGeneralEntity(EntityStack.java:221)
    [junit] 	at org.bluezoo.gonzalez.EntityStack.expandEntityValue(EntityStack.java:319)
    [junit] 	at org.bluezoo.gonzalez.EntityStack.expandGeneralEntity(EntityStack.java:221)
    [junit] 	at org.bluezoo.gonzalez.EntityStack.expandEntityValue(EntityStack.java:319)
    [junit] 	at org.bluezoo.gonzalez.EntityStack.expandGeneralEntity(EntityStack.java:221)
    [junit] 	at org.bluezoo.gonzalez.EntityStack.expandEntityValue(EntityStack.java:319)
    [junit] 	at org.bluezoo.gonzalez.EntityStack.expandGeneralEntity(EntityStack.java:221)
    [junit] 	at org.bluezoo.gonzalez.EntityStack.expandEntityValue(EntityStack.java:319)
    [junit] 	at org.bluezoo.gonzalez.EntityStack.expandGeneralEntity(EntityStack.java:221)
    [junit] 	at org.bluezoo.gonzalez.EntityStack.expandEntityValue(EntityStack.java:319)
    [junit] 	at org.bluezoo.gonzalez.EntityStack.expandGeneralEntity(EntityStack.java:221)
    [junit] 	at org.bluezoo.gonzalez.EntityStack.expandEntityValue(EntityStack.java:319)
    [junit] 	at org.bluezoo.gonzalez.EntityStack.expandGeneralEntity(EntityStack.java:221)
    [junit] 	at org.bluezoo.gonzalez.EntityStack.expandEntityValue(EntityStack.java:319)
    [junit] 	at org.bluezoo.gonzalez.EntityStack.expandGeneralEntity(EntityStack.java:221)
    [junit] 	at org.bluezoo.gonzalez.EntityStack.expandEntityValue(EntityStack.java:319)
    [junit] 	at org.bluezoo.gonzalez.EntityStack.expandGeneralEntity(EntityStack.java:221)
    [junit] 	at org.bluezoo.gonzalez.EntityStack.expandEntityValue(EntityStack.java:319)
    [junit] 	at org.bluezoo.gonzalez.EntityStack.expandGeneralEntity(EntityStack.java:221)
    [junit] 	at org.bluezoo.gonzalez.EntityStack.expandEntityValue(EntityStack.java:319)
    [junit] 	at org.bluezoo.gonzalez.EntityStack.expandGeneralEntity(EntityStack.java:221)
    [junit] 	at org.bluezoo.gonzalez.EntityStack.expandEntityValue(EntityStack.java:319)
    [junit] 	at org.bluezoo.gonzalez.EntityStack.expandGeneralEntity(EntityStack.java:221)
    [junit] 	at org.bluezoo.gonzalez.EntityStack.expandEntityValue(EntityStack.java:319)
    [junit] 	at org.bluezoo.gonzalez.EntityStack.expandGeneralEntity(EntityStack.java:221)
    [junit] 	at org.bluezoo.gonzalez.EntityStack.expandEntityValue(EntityStack.java:319)
    [junit] 	at org.bluezoo.gonzalez.EntityStack.expandGeneralEntity(EntityStack.java:221)
    [junit] 	at org.bluezoo.gonzalez.EntityStack.expandEntityValue(EntityStack.java:319)
    [junit] 	at org.bluezoo.gonzalez.EntityStack.expandGeneralEntity(EntityStack.java:221)
    [junit] 	at org.bluezoo.gonzalez.EntityStack.expandEntityValue(EntityStack.java:319)
    [junit] 	at org.bluezoo.gonzalez.EntityStack.expandGeneralEntity(EntityStack.java:221)
    [junit] 	at org.bluezoo.gonzalez.EntityStack.expandEntityValue(EntityStack.java:319)
    [junit] 	at org.bluezoo.gonzalez.EntityStack.expandGeneralEntity(EntityStack.java:221)
    [junit] 	at org.bluezoo.gonzalez.EntityStack.expandEntityValue(EntityStack.java:319)
    [junit] 	at org.bluezoo.gonzalez.EntityStack.expandGeneralEntity(EntityStack.java:221)
    [junit] 	at org.bluezoo.gonzalez.EntityStack.expandEntityValue(EntityStack.java:319)
    [junit] 	at org.bluezoo.gonzalez.EntityStack.expandGeneralEntity(EntityStack.java:221)
    [junit] 	at org.bluezoo.gonzalez.EntityStack.expandEntityValue(EntityStack.java:319)
    [junit] 	at org.bluezoo.gonzalez.EntityStack.expandGeneralEntity(EntityStack.java:221)
    [junit] 	at org.bluezoo.gonzalez.EntityStack.expandEntityValue(EntityStack.java:319)
    [junit] 	at org.bluezoo.gonzalez.EntityStack.expandGeneralEntity(EntityStack.java:221)
    [junit] 	at org.bluezoo.gonzalez.EntityStack.expandEntityValue(EntityStack.java:319)
    [junit] 	at org.bluezoo.gonzalez.EntityStack.expandGeneralEntity(EntityStack.java:221)
    [junit] 	at org.bluezoo.gonzalez.EntityStack.expandEntityValue(EntityStack.java:319)
    [junit] 	at org.bluezoo.gonzalez.EntityStack.expandGeneralEntity(EntityStack.java:221)
    [junit] 	at org.bluezoo.gonzalez.EntityStack.expandEntityValue(EntityStack.java:319)
    [junit] 	at org.bluezoo.gonzalez.EntityStack.expandGeneralEntity(EntityStack.java:221)
    [junit] 	at org.bluezoo.gonzalez.EntityStack.expandEntityValue(EntityStack.java:319)
    [junit] 	at org.bluezoo.gonzalez.EntityStack.expandGeneralEntity(EntityStack.java:221)
    [junit] 	at org.bluezoo.gonzalez.EntityStack.expandEntityValue(EntityStack.java:319)
    [junit] 	at org.bluezoo.gonzalez.EntityStack.expandGeneralEntity(EntityStack.java:221)
    [junit] 	at org.bluezoo.gonzalez.EntityStack.expandEntityValue(EntityStack.java:319)
    [junit] 	at org.bluezoo.gonzalez.EntityStack.expandGeneralEntity(EntityStack.java:221)
    [junit] 	at org.bluezoo.gonzalez.EntityStack.expandEntityValue(EntityStack.java:319)
    [junit] 	at org.bluezoo.gonzalez.EntityStack.expandGeneralEntity(EntityStack.java:221)
    [junit] 	at org.bluezoo.gonzalez.EntityStack.expandEntityValue(EntityStack.java:319)
    [junit] 	at org.bluezoo.gonzalez.EntityStack.expandGeneralEntity(EntityStack.java:221)
    [junit] 	at org.bluezoo.gonzalez.EntityStack.expandEntityValue(EntityStack.java:319)
    [junit] 	at org.bluezoo.gonzalez.EntityStack.expandGeneralEntity(EntityStack.java:221)
    [junit] 	at org.bluezoo.gonzalez.EntityStack.expandEntityValue(EntityStack.java:319)
    [junit] 	at org.bluezoo.gonzalez.EntityStack.expandGeneralEntity(EntityStack.java:221)
    [junit] 	at org.bluezoo.gonzalez.EntityStack.expandEntityValue(EntityStack.java:319)
    [junit] 	at org.bluezoo.gonzalez.EntityStack.expandGeneralEntity(EntityStack.java:221)
    [junit] 	at org.bluezoo.gonzalez.EntityStack.expandEntityValue(EntityStack.java:319)
    [junit] 	at org.bluezoo.gonzalez.EntityStack.expandGeneralEntity(EntityStack.java:221)
    [junit] 	at org.bluezoo.gonzalez.EntityStack.expandEntityValue(EntityStack.java:319)
    [junit] 	at org.bluezoo.gonzalez.EntityStack.expandGeneralEntity(EntityStack.java:221)
    [junit] 	at org.bluezoo.gonzalez.EntityStack.expandEntityValue(EntityStack.java:319)
    [junit] 	at org.bluezoo.gonzalez.EntityStack.expandGeneralEntity(EntityStack.java:221)
    [junit] 	at org.bluezoo.gonzalez.EntityStack.expandEntityValue(EntityStack.java:319)
    [junit] 	at org.bluezoo.gonzalez.EntityStack.expandGeneralEntity(EntityStack.java:221)
    [junit] 	at org.bluezoo.gonzalez.EntityStack.expandEntityValue(EntityStack.java:319)
    [junit] 	at org.bluezoo.gonzalez.EntityStack.expandGeneralEntity(EntityStack.java:221)
    [junit] 	at org.bluezoo.gonzalez.EntityStack.expandEntityValue(EntityStack.java:319)
    [junit] 	at org.bluezoo.gonzalez.EntityStack.expandGeneralEntity(EntityStack.java:221)
    [junit] 	at org.bluezoo.gonzalez.EntityStack.expandEntityValue(EntityStack.java:319)
    [junit] 	at org.bluezoo.gonzalez.EntityStack.expandGeneralEntity(EntityStack.java:221)
    [junit] 	at org.bluezoo.gonzalez.EntityStack.expandEntityValue(EntityStack.java:319)
    [junit] 	at org.bluezoo.gonzalez.EntityStack.expandGeneralEntity(EntityStack.java:221)
    [junit] 	at org.bluezoo.gonzalez.EntityStack.expandEntityValue(EntityStack.java:319)
    [junit] 	at org.bluezoo.gonzalez.EntityStack.expandGeneralEntity(EntityStack.java:221)
    [junit] 	at org.bluezoo.gonzalez.EntityStack.expandEntityValue(EntityStack.java:319)
    [junit] 	at org.bluezoo.gonzalez.EntityStack.expandGeneralEntity(EntityStack.java:221)
    [junit] 	at org.bluezoo.gonzalez.EntityStack.expandEntityValue(EntityStack.java:319)
    [junit] 	at org.bluezoo.gonzalez.EntityStack.expandGeneralEntity(EntityStack.java:221)
    [junit] 	at org.bluezoo.gonzalez.EntityStack.expandEntityValue(EntityStack.java:319)
    [junit] 	at org.bluezoo.gonzalez.EntityStack.expandGeneralEntity(EntityStack.java:221)
    [junit] 	at org.bluezoo.gonzalez.EntityStack.expandEntityValue(EntityStack.java:319)
    [junit] 	at org.bluezoo.gonzalez.EntityStack.expandGeneralEntity(EntityStack.java:221)
    [junit] 	at org.bluezoo.gonzalez.EntityStack.expandEntityValue(EntityStack.java:319)
    [junit] 	at org.bluezoo.gonzalez.EntityStack.expandGeneralEntity(EntityStack.java:221)
    [junit] 	at org.bluezoo.gonzalez.EntityStack.expandEntityValue(EntityStack.java:319)
    [junit] 	at org.bluezoo.gonzalez.EntityStack.expandGeneralEntity(EntityStack.java:221)
    [junit] 	at org.bluezoo.gonzalez.EntityStack.expandEntityValue(EntityStack.java:319)
    [junit] 	at org.bluezoo.gonzalez.EntityStack.expandGeneralEntity(EntityStack.java:221)
    [junit] 	at org.bluezoo.gonzalez.EntityStack.expandEntityValue(EntityStack.java:319)
    [junit] 	at org.bluezoo.gonzalez.EntityStack.expandGeneralEntity(EntityStack.java:221)
    [junit] 	at org.bluezoo.gonzalez.EntityStack.expandEntityValue(EntityStack.java:319)
    [junit] 	at org.bluezoo.gonzalez.EntityStack.expandGeneralEntity(EntityStack.java:221)
    [junit] 	at org.bluezoo.gonzalez.EntityStack.expandEntityValue(EntityStack.java:319)
    [junit] 	at org.bluezoo.gonzalez.EntityStack.expandGeneralEntity(EntityStack.java:221)
    [junit] 	at org.bluezoo.gonzalez.EntityStack.expandEntityValue(EntityStack.java:319)
    [junit] 	at org.bluezoo.gonzalez.EntityStack.expandGeneralEntity(EntityStack.java:221)
    [junit] 	at org.bluezoo.gonzalez.EntityStack.expandEntityValue(EntityStack.java:319)
    [junit] 	at org.bluezoo.gonzalez.EntityStack.expandGeneralEntity(EntityStack.java:221)
    [junit] 	at org.bluezoo.gonzalez.EntityStack.expandEntityValue(EntityStack.java:319)
    [junit] 	at org.bluezoo.gonzalez.EntityStack.expandGeneralEntity(EntityStack.java:221)
    [junit] 	at org.bluezoo.gonzalez.EntityStack.expandEntityValue(EntityStack.java:319)
    [junit] 	at org.bluezoo.gonzalez.EntityStack.expandGeneralEntity(EntityStack.java:221)
    [junit] 	at org.bluezoo.gonzalez.EntityStack.expandEntityValue(EntityStack.java:319)
    [junit] 	at org.bluezoo.gonzalez.EntityStack.expandGeneralEntity(EntityStack.java:221)
    [junit] 	at org.bluezoo.gonzalez.EntityStack.expandEntityValue(EntityStack.java:319)
    [junit] 	at org.bluezoo.gonzalez.EntityStack.expandGeneralEntity(EntityStack.java:221)
    [junit] 	at org.bluezoo.gonzalez.EntityStack.expandEntityValue(EntityStack.java:319)
    [junit] 	at org.bluezoo.gonzalez.EntityStack.expandGeneralEntity(EntityStack.java:221)
    [junit] 	at org.bluezoo.gonzalez.EntityStack.expandEntityValue(EntityStack.java:319)
    [junit] 	at org.bluezoo.gonzalez.EntityStack.expandGeneralEntity(EntityStack.java:221)
    [junit] 	at org.bluezoo.gonzalez.EntityStack.expandEntityValue(EntityStack.java:319)
    [junit] 	at org.bluezoo.gonzalez.EntityStack.expandGeneralEntity(EntityStack.java:221)
    [junit] 	at org.bluezoo.gonzalez.EntityStack.expandEntityValue(EntityStack.java:319)
    [junit] 	at org.bluezoo.gonzalez.EntityStack.expandGeneralEntity(EntityStack.java:221)
    [junit] 	at org.bluezoo.gonzalez.EntityStack.expandEntityValue(EntityStack.java:319)
    [junit] 	at org.bluezoo.gonzalez.EntityStack.expandGeneralEntity(EntityStack.java:221)
    [junit] 	at org.bluezoo.gonzalez.EntityStack.expandEntityValue(EntityStack.java:319)
    [junit] 	at org.bluezoo.gonzalez.EntityStack.expandGeneralEntity(EntityStack.java:221)
    [junit] 	at org.bluezoo.gonzalez.EntityStack.expandEntityValue(EntityStack.java:319)
    [junit] 	at org.bluezoo.gonzalez.EntityStack.expandGeneralEntity(EntityStack.java:221)
    [junit] 	at org.bluezoo.gonzalez.EntityStack.expandEntityValue(EntityStack.java:319)
    [junit] 	at org.bluezoo.gonzalez.EntityStack.expandGeneralEntity(EntityStack.java:221)
    [junit] 	at org.bluezoo.gonzalez.EntityStack.expandEntityValue(EntityStack.java:319)
    [junit] 	at org.bluezoo.gonzalez.EntityStack.expandGeneralEntity(EntityStack.java:221)
    [junit] 	at org.bluezoo.gonzalez.EntityStack.expandEntityValue(EntityStack.java:319)
    [junit] 	at org.bluezoo.gonzalez.EntityStack.expandGeneralEntity(EntityStack.java:221)
    [junit] 	at org.bluezoo.gonzalez.EntityStack.expandEntityValue(EntityStack.java:319)
    [junit] 	at org.bluezoo.gonzalez.EntityStack.expandGeneralEntity(EntityStack.java:221)
    [junit] 	at org.bluezoo.gonzalez.EntityStack.expandEntityValue(EntityStack.java:319)
    [junit] 	at org.bluezoo.gonzalez.EntityStack.expandGeneralEntity(EntityStack.java:221)
    [junit] 	at org.bluezoo.gonzalez.EntityStack.expandEntityValue(EntityStack.java:319)
    [junit] 	at org.bluezoo.gonzalez.EntityStack.expandGeneralEntity(EntityStack.java:221)
    [junit] 	at org.bluezoo.gonzalez.EntityStack.expandEntityValue(EntityStack.java:319)
    [junit] 	at org.bluezoo.gonzalez.EntityStack.expandGeneralEntity(EntityStack.java:221)
    [junit] 	at org.bluezoo.gonzalez.EntityStack.expandEntityValue(EntityStack.java:319)
    [junit] 	at org.bluezoo.gonzalez.EntityStack.expandGeneralEntity(EntityStack.java:221)
    [junit] 	at org.bluezoo.gonzalez.EntityStack.expandEntityValue(EntityStack.java:319)
    [junit] 	at org.bluezoo.gonzalez.EntityStack.expandGeneralEntity(EntityStack.java:221)
    [junit] 	at org.bluezoo.gonzalez.EntityStack.expandEntityValue(EntityStack.java:319)
    [junit] 	at org.bluezoo.gonzalez.EntityStack.expandGeneralEntity(EntityStack.java:221)
    [junit] 	at org.bluezoo.gonzalez.EntityStack.expandEntityValue(EntityStack.java:319)
    [junit] 	at org.bluezoo.gonzalez.EntityStack.expandGeneralEntity(EntityStack.java:221)
    [junit] 	at org.bluezoo.gonzalez.EntityStack.expandEntityValue(EntityStack.java:319)
    [junit] 	at org.bluezoo.gonzalez.EntityStack.expandGeneralEntity(EntityStack.java:221)
    [junit] 	at org.bluezoo.gonzalez.EntityStack.expandEntityValue(EntityStack.java:319)
    [junit] 	at org.bluezoo.gonzalez.EntityStack.expandGeneralEntity(EntityStack.java:221)
    [junit] 	at org.bluezoo.gonzalez.EntityStack.expandEntityValue(EntityStack.java:319)
    [junit] 	at org.bluezoo.gonzalez.EntityStack.expandGeneralEntity(EntityStack.java:221)
    [junit] 	at org.bluezoo.gonzalez.EntityStack.expandEntityValue(EntityStack.java:319)
    [junit] 	at org.bluezoo.gonzalez.EntityStack.expandGeneralEntity(EntityStack.java:221)
    [junit] 	at org.bluezoo.gonzalez.EntityStack.expandEntityValue(EntityStack.java:319)
    [junit] 	at org.bluezoo.gonzalez.EntityStack.expandGeneralEntity(EntityStack.java:221)
    [junit] 	at org.bluezoo.gonzalez.EntityStack.expandEntityValue(EntityStack.java:319)
    [junit] 	at org.bluezoo.gonzalez.EntityStack.expandGeneralEntity(EntityStack.java:221)
    [junit] 	at org.bluezoo.gonzalez.EntityStack.expandEntityValue(EntityStack.java:319)
    [junit] 	at org.bluezoo.gonzalez.EntityStack.expandGeneralEntity(EntityStack.java:221)
    [junit] 	at org.bluezoo.gonzalez.EntityStack.expandEntityValue(EntityStack.java:319)
    [junit] 	at org.bluezoo.gonzalez.EntityStack.expandGeneralEntity(EntityStack.java:221)
    [junit] 	at org.bluezoo.gonzalez.EntityStack.expandEntityValue(EntityStack.java:319)
    [junit] 	at org.bluezoo.gonzalez.EntityStack.expandGeneralEntity(EntityStack.java:221)
    [junit] 	at org.bluezoo.gonzalez.EntityStack.expandEntityValue(EntityStack.java:319)
    [junit] 	at org.bluezoo.gonzalez.EntityStack.expandGeneralEntity(EntityStack.java:221)
    [junit] 	at org.bluezoo.gonzalez.EntityStack.expandEntityValue(EntityStack.java:319)
    [junit] 	at org.bluezoo.gonzalez.EntityStack.expandGeneralEntity(EntityStack.java:221)
    [junit] 	at org.bluezoo.gonzalez.EntityStack.expandEntityValue(EntityStack.java:319)
    [junit] 	at org.bluezoo.gonzalez.EntityStack.expandGeneralEntity(EntityStack.java:221)
    [junit] 	at org.bluezoo.gonzalez.EntityStack.expandEntityValue(EntityStack.java:319)
    [junit] 	at org.bluezoo.gonzalez.EntityStack.expandGeneralEntity(EntityStack.java:221)
    [junit] 	at org.bluezoo.gonzalez.EntityStack.expandEntityValue(EntityStack.java:319)
    [junit] 	at org.bluezoo.gonzalez.EntityStack.expandGeneralEntity(EntityStack.java:221)
    [junit] 	at org.bluezoo.gonzalez.EntityStack.expandEntityValue(EntityStack.java:319)
    [junit] 	at org.bluezoo.gonzalez.EntityStack.expandGeneralEntity(EntityStack.java:221)
    [junit] 	at org.bluezoo.gonzalez.EntityStack.expandEntityValue(EntityStack.java:319)
    [junit] 	at org.bluezoo.gonzalez.EntityStack.expandGeneralEntity(EntityStack.java:221)
    [junit] 	at org.bluezoo.gonzalez.EntityStack.expandEntityValue(EntityStack.java:319)
    [junit] 	at org.bluezoo.gonzalez.EntityStack.expandGeneralEntity(EntityStack.java:221)
    [junit] 	at org.bluezoo.gonzalez.EntityStack.expandEntityValue(EntityStack.java:319)
    [junit] 	at org.bluezoo.gonzalez.EntityStack.expandGeneralEntity(EntityStack.java:221)
    [junit] 	at org.bluezoo.gonzalez.EntityStack.expandEntityValue(EntityStack.java:319)
    [junit] 	at org.bluezoo.gonzalez.EntityStack.expandGeneralEntity(EntityStack.java:221)
    [junit] 	at org.bluezoo.gonzalez.EntityStack.expandEntityValue(EntityStack.java:319)
    [junit] 	at org.bluezoo.gonzalez.EntityStack.expandGeneralEntity(EntityStack.java:221)
    [junit] 	at org.bluezoo.gonzalez.EntityStack.expandEntityValue(EntityStack.java:319)
    [junit] 	at org.bluezoo.gonzalez.EntityStack.expandGeneralEntity(EntityStack.java:221)
    [junit] 	at org.bluezoo.gonzalez.EntityStack.expandEntityValue(EntityStack.java:319)
    [junit] 	at org.bluezoo.gonzalez.EntityStack.expandGeneralEntity(EntityStack.java:221)
    [junit] 	at org.bluezoo.gonzalez.EntityStack.expandEntityValue(EntityStack.java:319)
    [junit] 	at org.bluezoo.gonzalez.EntityStack.expandGeneralEntity(EntityStack.java:221)
    [junit] 	at org.bluezoo.gonzalez.EntityStack.expandEntityValue(EntityStack.java:319)
    [junit] 	at org.bluezoo.gonzalez.EntityStack.expandGeneralEntity(EntityStack.java:221)
    [junit] 	at org.bluezoo.gonzalez.EntityStack.expandEntityValue(EntityStack.java:319)
    [junit] 	at org.bluezoo.gonzalez.EntityStack.expandGeneralEntity(EntityStack.java:221)
    [junit] 	at org.bluezoo.gonzalez.EntityStack.expandEntityValue(EntityStack.java:319)
    [junit] 	at org.bluezoo.gonzalez.EntityStack.expandGeneralEntity(EntityStack.java:221)
    [junit] 	at org.bluezoo.gonzalez.EntityStack.expandEntityValue(EntityStack.java:319)
    [junit] 	at org.bluezoo.gonzalez.EntityStack.expandGeneralEntity(EntityStack.java:221)
    [junit] 	at org.bluezoo.gonzalez.EntityStack.expandEntityValue(EntityStack.java:319)
    [junit] 	at org.bluezoo.gonzalez.EntityStack.expandGeneralEntity(EntityStack.java:221)
    [junit] 	at org.bluezoo.gonzalez.EntityStack.expandEntityValue(EntityStack.java:319)
    [junit] 	at org.bluezoo.gonzalez.EntityStack.expandGeneralEntity(EntityStack.java:221)
    [junit] 	at org.bluezoo.gonzalez.EntityStack.expandEntityValue(EntityStack.java:319)
    [junit] 	at org.bluezoo.gonzalez.EntityStack.expandGeneralEntity(EntityStack.java:221)
    [junit] 	at org.bluezoo.gonzalez.EntityStack.expandEntityValue(EntityStack.java:319)
    [junit] 	at org.bluezoo.gonzalez.EntityStack.expandGeneralEntity(EntityStack.java:221)
    [junit] 	at org.bluezoo.gonzalez.EntityStack.expandEntityValue(EntityStack.java:319)
    [junit] 	at org.bluezoo.gonzalez.EntityStack.expandGeneralEntity(EntityStack.java:221)
    [junit] 	at org.bluezoo.gonzalez.EntityStack.expandEntityValue(EntityStack.java:319)
    [junit] 	at org.bluezoo.gonzalez.EntityStack.expandGeneralEntity(EntityStack.java:221)
    [junit] 	at org.bluezoo.gonzalez.EntityStack.expandEntityValue(EntityStack.java:319)
    [junit] 	at org.bluezoo.gonzalez.EntityStack.expandGeneralEntity(EntityStack.java:221)
    [junit] 	at org.bluezoo.gonzalez.EntityStack.expandEntityValue(EntityStack.java:319)
    [junit] 	at org.bluezoo.gonzalez.EntityStack.expandGeneralEntity(EntityStack.java:221)
    [junit] 	at org.bluezoo.gonzalez.EntityStack.expandEntityValue(EntityStack.java:319)
    [junit] 	at org.bluezoo.gonzalez.EntityStack.expandGeneralEntity(EntityStack.java:221)
    [junit] 	at org.bluezoo.gonzalez.EntityStack.expandEntityValue(EntityStack.java:319)
    [junit] 	at org.bluezoo.gonzalez.EntityStack.expandGeneralEntity(EntityStack.java:221)
    [junit] 	at org.bluezoo.gonzalez.EntityStack.expandEntityValue(EntityStack.java:319)
    [junit] 	at org.bluezoo.gonzalez.EntityStack.expandGeneralEntity(EntityStack.java:221)
    [junit] 	at org.bluezoo.gonzalez.EntityStack.expandEntityValue(EntityStack.java:319)
    [junit] 	at org.bluezoo.gonzalez.EntityStack.expandGeneralEntity(EntityStack.java:221)
    [junit] 	at org.bluezoo.gonzalez.EntityStack.expandEntityValue(EntityStack.java:319)
    [junit] 	at org.bluezoo.gonzalez.EntityStack.expandGeneralEntity(EntityStack.java:221)
    [junit] 	at org.bluezoo.gonzalez.EntityStack.expandEntityValue(EntityStack.java:319)
    [junit] 	at org.bluezoo.gonzalez.EntityStack.expandGeneralEntity(EntityStack.java:221)
    [junit] 	at org.bluezoo.gonzalez.EntityStack.expandEntityValue(EntityStack.java:319)
    [junit] 	at org.bluezoo.gonzalez.EntityStack.expandGeneralEntity(EntityStack.java:221)
    [junit] 	at org.bluezoo.gonzalez.EntityStack.expandEntityValue(EntityStack.java:319)
    [junit] 	at org.bluezoo.gonzalez.EntityStack.expandGeneralEntity(EntityStack.java:221)
    [junit] 	at org.bluezoo.gonzalez.EntityStack.expandEntityValue(EntityStack.java:319)
    [junit] 	at org.bluezoo.gonzalez.EntityStack.expandGeneralEntity(EntityStack.java:221)
    [junit] 	at org.bluezoo.gonzalez.EntityStack.expandEntityValue(EntityStack.java:319)
    [junit] 	at org.bluezoo.gonzalez.EntityStack.expandGeneralEntity(EntityStack.java:221)
    [junit] 	at org.bluezoo.gonzalez.EntityStack.expandEntityValue(EntityStack.java:319)
    [junit] 	at org.bluezoo.gonzalez.EntityStack.expandGeneralEntity(EntityStack.java:221)
    [junit] 	at org.bluezoo.gonzalez.EntityStack.expandEntityValue(EntityStack.java:319)
    [junit] 	at org.bluezoo.gonzalez.EntityStack.expandGeneralEntity(EntityStack.java:221)
    [junit] 	at org.bluezoo.gonzalez.EntityStack.expandEntityValue(EntityStack.java:319)
    [junit] 	at org.bluezoo.gonzalez.EntityStack.expandGeneralEntity(EntityStack.java:221)
    [junit] 	at org.bluezoo.gonzalez.EntityStack.expandEntityValue(EntityStack.java:319)
    [junit] 	at org.bluezoo.gonzalez.EntityStack.expandGeneralEntity(EntityStack.java:221)
    [junit] 	at org.bluezoo.gonzalez.EntityStack.expandEntityValue(EntityStack.java:319)
    [junit] 	at org.bluezoo.gonzalez.EntityStack.expandGeneralEntity(EntityStack.java:221)
    [junit] 	at org.bluezoo.gonzalez.EntityStack.expandEntityValue(EntityStack.java:319)
    [junit] 	at org.bluezoo.gonzalez.EntityStack.expandGeneralEntity(EntityStack.java:221)
    [junit] 	at org.bluezoo.gonzalez.EntityStack.expandEntityValue(EntityStack.java:319)
    [junit] 	at org.bluezoo.gonzalez.EntityStack.expandGeneralEntity(EntityStack.java:221)
    [junit] 	at org.bluezoo.gonzalez.EntityStack.expandEntityValue(EntityStack.java:319)
    [junit] 	at org.bluezoo.gonzalez.EntityStack.expandGeneralEntity(EntityStack.java:221)
    [junit] 	at org.bluezoo.gonzalez.EntityStack.expandEntityValue(EntityStack.java:319)
    [junit] 	at org.bluezoo.gonzalez.EntityStack.expandGeneralEntity(EntityStack.java:221)
    [junit] 	at org.bluezoo.gonzalez.EntityStack.expandEntityValue(EntityStack.java:319)
    [junit] 	at org.bluezoo.gonzalez.EntityStack.expandGeneralEntity(EntityStack.java:221)
    [junit] 	at org.bluezoo.gonzalez.EntityStack.expandEntityValue(EntityStack.java:319)
    [junit] 	at org.bluezoo.gonzalez.EntityStack.expandGeneralEntity(EntityStack.java:221)
    [junit] 	at org.bluezoo.gonzalez.EntityStack.expandEntityValue(EntityStack.java:319)
    [junit] 	at org.bluezoo.gonzalez.EntityStack.expandGeneralEntity(EntityStack.java:221)
    [junit] 	at org.bluezoo.gonzalez.EntityStack.expandEntityValue(EntityStack.java:319)
    [junit] 	at org.bluezoo.gonzalez.EntityStack.expandGeneralEntity(EntityStack.java:221)
    [junit] 	at org.bluezoo.gonzalez.EntityStack.expandEntityValue(EntityStack.java:319)
    [junit] 	at org.bluezoo.gonzalez.EntityStack.expandGeneralEntity(EntityStack.java:221)
    [junit] 	at org.bluezoo.gonzalez.EntityStack.expandEntityValue(EntityStack.java:319)
    [junit] 	at org.bluezoo.gonzalez.EntityStack.expandGeneralEntity(EntityStack.java:221)
    [junit] 	at org.bluezoo.gonzalez.EntityStack.expandEntityValue(EntityStack.java:319)
    [junit] 	at org.bluezoo.gonzalez.EntityStack.expandGeneralEntity(EntityStack.java:221)
    [junit] 	at org.bluezoo.gonzalez.EntityStack.expandEntityValue(EntityStack.java:319)
    [junit] 	at org.bluezoo.gonzalez.EntityStack.expandGeneralEntity(EntityStack.java:221)
    [junit] 	at org.bluezoo.gonzalez.EntityStack.expandEntityValue(EntityStack.java:319)
    [junit] 	at org.bluezoo.gonzalez.EntityStack.expandGeneralEntity(EntityStack.java:221)
    [junit] 	at org.bluezoo.gonzalez.EntityStack.expandEntityValue(EntityStack.java:319)
    [junit] 	at org.bluezoo.gonzalez.EntityStack.expandGeneralEntity(EntityStack.java:221)
    [junit] 	at org.bluezoo.gonzalez.EntityStack.expandEntityValue(EntityStack.java:319)
    [junit] 	at org.bluezoo.gonzalez.EntityStack.expandGeneralEntity(EntityStack.java:221)
    [junit] 	at org.bluezoo.gonzalez.EntityStack.expandEntityValue(EntityStack.java:319)
    [junit] 	at org.bluezoo.gonzalez.EntityStack.expandGeneralEntity(EntityStack.java:221)
    [junit] 	at org.bluezoo.gonzalez.EntityStack.expandEntityValue(EntityStack.java:319)
    [junit] 	at org.bluezoo.gonzalez.EntityStack.expandGeneralEntity(EntityStack.java:221)
    [junit] 	at org.bluezoo.gonzalez.EntityStack.expandEntityValue(EntityStack.java:319)
    [junit] 	at org.bluezoo.gonzalez.EntityStack.expandGeneralEntity(EntityStack.java:221)
    [junit] 	at org.bluezoo.gonzalez.EntityStack.expandEntityValue(EntityStack.java:319)
    [junit] 	at org.bluezoo.gonzalez.EntityStack.expandGeneralEntity(EntityStack.java:221)
    [junit] 	at org.bluezoo.gonzalez.EntityStack.expandEntityValue(EntityStack.java:319)
    [junit] 	at org.bluezoo.gonzalez.EntityStack.expandGeneralEntity(EntityStack.java:221)
    [junit] 	at org.bluezoo.gonzalez.EntityStack.expandEntityValue(EntityStack.java:319)
    [junit] 	at org.bluezoo.gonzalez.EntityStack.expandGeneralEntity(EntityStack.java:221)
    [junit] 	at org.bluezoo.gonzalez.EntityStack.expandEntityValue(EntityStack.java:319)
    [junit] 	at org.bluezoo.gonzalez.EntityStack.expandGeneralEntity(EntityStack.java:221)
    [junit] 	at org.bluezoo.gonzalez.EntityStack.expandEntityValue(EntityStack.java:319)
    [junit] 	at org.bluezoo.gonzalez.EntityStack.expandGeneralEntity(EntityStack.java:221)
    [junit] 	at org.bluezoo.gonzalez.EntityStack.expandEntityValue(EntityStack.java:319)
    [junit] 	at org.bluezoo.gonzalez.EntityStack.expandGeneralEntity(EntityStack.java:221)
    [junit] 	at org.bluezoo.gonzalez.EntityStack.expandEntityValue(EntityStack.java:319)
    [junit] 	at org.bluezoo.gonzalez.EntityStack.expandGeneralEntity(EntityStack.java:221)
    [junit] 	at org.bluezoo.gonzalez.EntityStack.expandEntityValue(EntityStack.java:319)
    [junit] 	at org.bluezoo.gonzalez.EntityStack.expandGeneralEntity(EntityStack.java:221)
    [junit] 	at org.bluezoo.gonzalez.EntityStack.expandEntityValue(EntityStack.java:319)
    [junit] 	at org.bluezoo.gonzalez.EntityStack.expandGeneralEntity(EntityStack.java:221)
    [junit] 	at org.bluezoo.gonzalez.EntityStack.expandEntityValue(EntityStack.java:319)
    [junit] 	at org.bluezoo.gonzalez.EntityStack.expandGeneralEntity(EntityStack.java:221)
    [junit] 	at org.bluezoo.gonzalez.EntityStack.expandEntityValue(EntityStack.java:319)
    [junit] 	at org.bluezoo.gonzalez.EntityStack.expandGeneralEntity(EntityStack.java:221)
    [junit] 	at org.bluezoo.gonzalez.EntityStack.expandEntityValue(EntityStack.java:319)
    [junit] 	at org.bluezoo.gonzalez.EntityStack.expandGeneralEntity(EntityStack.java:221)
    [junit] 	at org.bluezoo.gonzalez.EntityStack.expandEntityValue(EntityStack.java:319)
    [junit] 	at org.bluezoo.gonzalez.EntityStack.expandGeneralEntity(EntityStack.java:221)
    [junit] 	at org.bluezoo.gonzalez.EntityStack.expandEntityValue(EntityStack.java:319)
    [junit] 	at org.bluezoo.gonzalez.EntityStack.expandGeneralEntity(EntityStack.java:221)
    [junit] 	at org.bluezoo.gonzalez.EntityStack.expandEntityValue(EntityStack.java:319)
    [junit] 	at org.bluezoo.gonzalez.EntityStack.expandGeneralEntity(EntityStack.java:221)
    [junit] 	at org.bluezoo.gonzalez.EntityStack.expandEntityValue(EntityStack.java:319)
    [junit] 	at org.bluezoo.gonzalez.EntityStack.expandGeneralEntity(EntityStack.java:221)
    [junit] 	at org.bluezoo.gonzalez.EntityStack.expandEntityValue(EntityStack.java:319)
    [junit] 	at org.bluezoo.gonzalez.EntityStack.expandGeneralEntity(EntityStack.java:221)
    [junit] 	at org.bluezoo.gonzalez.EntityStack.expandEntityValue(EntityStack.java:319)
    [junit] 	at org.bluezoo.gonzalez.EntityStack.expandGeneralEntity(EntityStack.java:221)
    [junit] 	at org.bluezoo.gonzalez.EntityStack.expandEntityValue(EntityStack.java:319)
    [junit] 	at org.bluezoo.gonzalez.EntityStack.expandGeneralEntity(EntityStack.java:221)
    [junit] 	at org.bluezoo.gonzalez.EntityStack.expandEntityValue(EntityStack.java:319)
    [junit] 	at org.bluezoo.gonzalez.EntityStack.expandGeneralEntity(EntityStack.java:221)
    [junit] 	at org.bluezoo.gonzalez.EntityStack.expandEntityValue(EntityStack.java:319)
    [junit] 	at org.bluezoo.gonzalez.EntityStack.expandGeneralEntity(EntityStack.java:221)
    [junit] 	at org.bluezoo.gonzalez.EntityStack.expandEntityValue(EntityStack.java:319)
    [junit] 	at org.bluezoo.gonzalez.EntityStack.expandGeneralEntity(EntityStack.java:221)
    [junit] 
    [junit] Testcase: runTest[not-wf-sa-072 (not-wf)] took 0.003 sec
    [junit] 	FAILED
    [junit] [not-wf-sa-072] NullPointerException: null: Undefined ENTITY foo.
    [junit] junit.framework.AssertionFailedError: [not-wf-sa-072] NullPointerException: null: Undefined ENTITY foo.
    [junit] 	at org.bluezoo.gonzalez.JamesClarkXmlTestConformanceTest.runTest(JamesClarkXmlTestConformanceTest.java:302)
    [junit] 	at jdk.internal.reflect.GeneratedMethodAccessor1.invoke(Unknown Source)
    [junit] 	at java.base/jdk.internal.reflect.DelegatingMethodAccessorImpl.invoke(DelegatingMethodAccessorImpl.java:43)
    [junit] 
    [junit] Testcase: runTest[not-wf-sa-073 (not-wf)] took 0.001 sec
    [junit] Testcase: runTest[not-wf-sa-074 (not-wf)] took 0.001 sec
    [junit] Testcase: runTest[not-wf-sa-075 (not-wf)] took 0.004 sec
    [junit] 	Caused an ERROR
    [junit] null
    [junit] java.lang.StackOverflowError
    [junit] 	at java.base/java.util.HashMap.hash(HashMap.java:340)
    [junit] 	at java.base/java.util.HashMap.get(HashMap.java:553)
    [junit] 	at org.bluezoo.gonzalez.DTDParser.getGeneralEntity(DTDParser.java:2749)
    [junit] 	at org.bluezoo.gonzalez.EntityStack.expandGeneralEntity(EntityStack.java:153)
    [junit] 	at org.bluezoo.gonzalez.EntityStack.expandEntityValue(EntityStack.java:319)
    [junit] 	at org.bluezoo.gonzalez.EntityStack.expandGeneralEntity(EntityStack.java:221)
    [junit] 	at org.bluezoo.gonzalez.EntityStack.expandEntityValue(EntityStack.java:319)
    [junit] 	at org.bluezoo.gonzalez.EntityStack.expandGeneralEntity(EntityStack.java:221)
    [junit] 	at org.bluezoo.gonzalez.EntityStack.expandEntityValue(EntityStack.java:319)
    [junit] 	at org.bluezoo.gonzalez.EntityStack.expandGeneralEntity(EntityStack.java:221)
    [junit] 	at org.bluezoo.gonzalez.EntityStack.expandEntityValue(EntityStack.java:319)
    [junit] 	at org.bluezoo.gonzalez.EntityStack.expandGeneralEntity(EntityStack.java:221)
    [junit] 	at org.bluezoo.gonzalez.EntityStack.expandEntityValue(EntityStack.java:319)
    [junit] 	at org.bluezoo.gonzalez.EntityStack.expandGeneralEntity(EntityStack.java:221)
    [junit] 	at org.bluezoo.gonzalez.EntityStack.expandEntityValue(EntityStack.java:319)
    [junit] 	at org.bluezoo.gonzalez.EntityStack.expandGeneralEntity(EntityStack.java:221)
    [junit] 	at org.bluezoo.gonzalez.EntityStack.expandEntityValue(EntityStack.java:319)
    [junit] 	at org.bluezoo.gonzalez.EntityStack.expandGeneralEntity(EntityStack.java:221)
    [junit] 	at org.bluezoo.gonzalez.EntityStack.expandEntityValue(EntityStack.java:319)
    [junit] 	at org.bluezoo.gonzalez.EntityStack.expandGeneralEntity(EntityStack.java:221)
    [junit] 	at org.bluezoo.gonzalez.EntityStack.expandEntityValue(EntityStack.java:319)
    [junit] 	at org.bluezoo.gonzalez.EntityStack.expandGeneralEntity(EntityStack.java:221)
    [junit] 	at org.bluezoo.gonzalez.EntityStack.expandEntityValue(EntityStack.java:319)
    [junit] 	at org.bluezoo.gonzalez.EntityStack.expandGeneralEntity(EntityStack.java:221)
    [junit] 	at org.bluezoo.gonzalez.EntityStack.expandEntityValue(EntityStack.java:319)
    [junit] 	at org.bluezoo.gonzalez.EntityStack.expandGeneralEntity(EntityStack.java:221)
    [junit] 	at org.bluezoo.gonzalez.EntityStack.expandEntityValue(EntityStack.java:319)
    [junit] 	at org.bluezoo.gonzalez.EntityStack.expandGeneralEntity(EntityStack.java:221)
    [junit] 	at org.bluezoo.gonzalez.EntityStack.expandEntityValue(EntityStack.java:319)
    [junit] 	at org.bluezoo.gonzalez.EntityStack.expandGeneralEntity(EntityStack.java:221)
    [junit] 	at org.bluezoo.gonzalez.EntityStack.expandEntityValue(EntityStack.java:319)
    [junit] 	at org.bluezoo.gonzalez.EntityStack.expandGeneralEntity(EntityStack.java:221)
    [junit] 	at org.bluezoo.gonzalez.EntityStack.expandEntityValue(EntityStack.java:319)
    [junit] 	at org.bluezoo.gonzalez.EntityStack.expandGeneralEntity(EntityStack.java:221)
    [junit] 	at org.bluezoo.gonzalez.EntityStack.expandEntityValue(EntityStack.java:319)
    [junit] 	at org.bluezoo.gonzalez.EntityStack.expandGeneralEntity(EntityStack.java:221)
    [junit] 	at org.bluezoo.gonzalez.EntityStack.expandEntityValue(EntityStack.java:319)
    [junit] 	at org.bluezoo.gonzalez.EntityStack.expandGeneralEntity(EntityStack.java:221)
    [junit] 	at org.bluezoo.gonzalez.EntityStack.expandEntityValue(EntityStack.java:319)
    [junit] 	at org.bluezoo.gonzalez.EntityStack.expandGeneralEntity(EntityStack.java:221)
    [junit] 	at org.bluezoo.gonzalez.EntityStack.expandEntityValue(EntityStack.java:319)
    [junit] 	at org.bluezoo.gonzalez.EntityStack.expandGeneralEntity(EntityStack.java:221)
    [junit] 	at org.bluezoo.gonzalez.EntityStack.expandEntityValue(EntityStack.java:319)
    [junit] 	at org.bluezoo.gonzalez.EntityStack.expandGeneralEntity(EntityStack.java:221)
    [junit] 	at org.bluezoo.gonzalez.EntityStack.expandEntityValue(EntityStack.java:319)
    [junit] 	at org.bluezoo.gonzalez.EntityStack.expandGeneralEntity(EntityStack.java:221)
    [junit] 	at org.bluezoo.gonzalez.EntityStack.expandEntityValue(EntityStack.java:319)
    [junit] 	at org.bluezoo.gonzalez.EntityStack.expandGeneralEntity(EntityStack.java:221)
    [junit] 	at org.bluezoo.gonzalez.EntityStack.expandEntityValue(EntityStack.java:319)
    [junit] 	at org.bluezoo.gonzalez.EntityStack.expandGeneralEntity(EntityStack.java:221)
    [junit] 	at org.bluezoo.gonzalez.EntityStack.expandEntityValue(EntityStack.java:319)
    [junit] 	at org.bluezoo.gonzalez.EntityStack.expandGeneralEntity(EntityStack.java:221)
    [junit] 	at org.bluezoo.gonzalez.EntityStack.expandEntityValue(EntityStack.java:319)
    [junit] 	at org.bluezoo.gonzalez.EntityStack.expandGeneralEntity(EntityStack.java:221)
    [junit] 	at org.bluezoo.gonzalez.EntityStack.expandEntityValue(EntityStack.java:319)
    [junit] 	at org.bluezoo.gonzalez.EntityStack.expandGeneralEntity(EntityStack.java:221)
    [junit] 	at org.bluezoo.gonzalez.EntityStack.expandEntityValue(EntityStack.java:319)
    [junit] 	at org.bluezoo.gonzalez.EntityStack.expandGeneralEntity(EntityStack.java:221)
    [junit] 	at org.bluezoo.gonzalez.EntityStack.expandEntityValue(EntityStack.java:319)
    [junit] 	at org.bluezoo.gonzalez.EntityStack.expandGeneralEntity(EntityStack.java:221)
    [junit] 	at org.bluezoo.gonzalez.EntityStack.expandEntityValue(EntityStack.java:319)
    [junit] 	at org.bluezoo.gonzalez.EntityStack.expandGeneralEntity(EntityStack.java:221)
    [junit] 	at org.bluezoo.gonzalez.EntityStack.expandEntityValue(EntityStack.java:319)
    [junit] 	at org.bluezoo.gonzalez.EntityStack.expandGeneralEntity(EntityStack.java:221)
    [junit] 	at org.bluezoo.gonzalez.EntityStack.expandEntityValue(EntityStack.java:319)
    [junit] 	at org.bluezoo.gonzalez.EntityStack.expandGeneralEntity(EntityStack.java:221)
    [junit] 	at org.bluezoo.gonzalez.EntityStack.expandEntityValue(EntityStack.java:319)
    [junit] 	at org.bluezoo.gonzalez.EntityStack.expandGeneralEntity(EntityStack.java:221)
    [junit] 	at org.bluezoo.gonzalez.EntityStack.expandEntityValue(EntityStack.java:319)
    [junit] 	at org.bluezoo.gonzalez.EntityStack.expandGeneralEntity(EntityStack.java:221)
    [junit] 	at org.bluezoo.gonzalez.EntityStack.expandEntityValue(EntityStack.java:319)
    [junit] 	at org.bluezoo.gonzalez.EntityStack.expandGeneralEntity(EntityStack.java:221)
    [junit] 	at org.bluezoo.gonzalez.EntityStack.expandEntityValue(EntityStack.java:319)
    [junit] 	at org.bluezoo.gonzalez.EntityStack.expandGeneralEntity(EntityStack.java:221)
    [junit] 	at org.bluezoo.gonzalez.EntityStack.expandEntityValue(EntityStack.java:319)
    [junit] 	at org.bluezoo.gonzalez.EntityStack.expandGeneralEntity(EntityStack.java:221)
    [junit] 	at org.bluezoo.gonzalez.EntityStack.expandEntityValue(EntityStack.java:319)
    [junit] 	at org.bluezoo.gonzalez.EntityStack.expandGeneralEntity(EntityStack.java:221)
    [junit] 	at org.bluezoo.gonzalez.EntityStack.expandEntityValue(EntityStack.java:319)
    [junit] 	at org.bluezoo.gonzalez.EntityStack.expandGeneralEntity(EntityStack.java:221)
    [junit] 	at org.bluezoo.gonzalez.EntityStack.expandEntityValue(EntityStack.java:319)
    [junit] 	at org.bluezoo.gonzalez.EntityStack.expandGeneralEntity(EntityStack.java:221)
    [junit] 	at org.bluezoo.gonzalez.EntityStack.expandEntityValue(EntityStack.java:319)
    [junit] 	at org.bluezoo.gonzalez.EntityStack.expandGeneralEntity(EntityStack.java:221)
    [junit] 	at org.bluezoo.gonzalez.EntityStack.expandEntityValue(EntityStack.java:319)
    [junit] 	at org.bluezoo.gonzalez.EntityStack.expandGeneralEntity(EntityStack.java:221)
    [junit] 	at org.bluezoo.gonzalez.EntityStack.expandEntityValue(EntityStack.java:319)
    [junit] 	at org.bluezoo.gonzalez.EntityStack.expandGeneralEntity(EntityStack.java:221)
    [junit] 	at org.bluezoo.gonzalez.EntityStack.expandEntityValue(EntityStack.java:319)
    [junit] 	at org.bluezoo.gonzalez.EntityStack.expandGeneralEntity(EntityStack.java:221)
    [junit] 	at org.bluezoo.gonzalez.EntityStack.expandEntityValue(EntityStack.java:319)
    [junit] 	at org.bluezoo.gonzalez.EntityStack.expandGeneralEntity(EntityStack.java:221)
    [junit] 	at org.bluezoo.gonzalez.EntityStack.expandEntityValue(EntityStack.java:319)
    [junit] 	at org.bluezoo.gonzalez.EntityStack.expandGeneralEntity(EntityStack.java:221)
    [junit] 	at org.bluezoo.gonzalez.EntityStack.expandEntityValue(EntityStack.java:319)
    [junit] 	at org.bluezoo.gonzalez.EntityStack.expandGeneralEntity(EntityStack.java:221)
    [junit] 	at org.bluezoo.gonzalez.EntityStack.expandEntityValue(EntityStack.java:319)
    [junit] 	at org.bluezoo.gonzalez.EntityStack.expandGeneralEntity(EntityStack.java:221)
    [junit] 	at org.bluezoo.gonzalez.EntityStack.expandEntityValue(EntityStack.java:319)
    [junit] 	at org.bluezoo.gonzalez.EntityStack.expandGeneralEntity(EntityStack.java:221)
    [junit] 	at org.bluezoo.gonzalez.EntityStack.expandEntityValue(EntityStack.java:319)
    [junit] 	at org.bluezoo.gonzalez.EntityStack.expandGeneralEntity(EntityStack.java:221)
    [junit] 	at org.bluezoo.gonzalez.EntityStack.expandEntityValue(EntityStack.java:319)
    [junit] 	at org.bluezoo.gonzalez.EntityStack.expandGeneralEntity(EntityStack.java:221)
    [junit] 	at org.bluezoo.gonzalez.EntityStack.expandEntityValue(EntityStack.java:319)
    [junit] 	at org.bluezoo.gonzalez.EntityStack.expandGeneralEntity(EntityStack.java:221)
    [junit] 	at org.bluezoo.gonzalez.EntityStack.expandEntityValue(EntityStack.java:319)
    [junit] 	at org.bluezoo.gonzalez.EntityStack.expandGeneralEntity(EntityStack.java:221)
    [junit] 	at org.bluezoo.gonzalez.EntityStack.expandEntityValue(EntityStack.java:319)
    [junit] 	at org.bluezoo.gonzalez.EntityStack.expandGeneralEntity(EntityStack.java:221)
    [junit] 	at org.bluezoo.gonzalez.EntityStack.expandEntityValue(EntityStack.java:319)
    [junit] 	at org.bluezoo.gonzalez.EntityStack.expandGeneralEntity(EntityStack.java:221)
    [junit] 	at org.bluezoo.gonzalez.EntityStack.expandEntityValue(EntityStack.java:319)
    [junit] 	at org.bluezoo.gonzalez.EntityStack.expandGeneralEntity(EntityStack.java:221)
    [junit] 	at org.bluezoo.gonzalez.EntityStack.expandEntityValue(EntityStack.java:319)
    [junit] 	at org.bluezoo.gonzalez.EntityStack.expandGeneralEntity(EntityStack.java:221)
    [junit] 	at org.bluezoo.gonzalez.EntityStack.expandEntityValue(EntityStack.java:319)
    [junit] 	at org.bluezoo.gonzalez.EntityStack.expandGeneralEntity(EntityStack.java:221)
    [junit] 	at org.bluezoo.gonzalez.EntityStack.expandEntityValue(EntityStack.java:319)
    [junit] 	at org.bluezoo.gonzalez.EntityStack.expandGeneralEntity(EntityStack.java:221)
    [junit] 	at org.bluezoo.gonzalez.EntityStack.expandEntityValue(EntityStack.java:319)
    [junit] 	at org.bluezoo.gonzalez.EntityStack.expandGeneralEntity(EntityStack.java:221)
    [junit] 	at org.bluezoo.gonzalez.EntityStack.expandEntityValue(EntityStack.java:319)
    [junit] 	at org.bluezoo.gonzalez.EntityStack.expandGeneralEntity(EntityStack.java:221)
    [junit] 	at org.bluezoo.gonzalez.EntityStack.expandEntityValue(EntityStack.java:319)
    [junit] 	at org.bluezoo.gonzalez.EntityStack.expandGeneralEntity(EntityStack.java:221)
    [junit] 	at org.bluezoo.gonzalez.EntityStack.expandEntityValue(EntityStack.java:319)
    [junit] 	at org.bluezoo.gonzalez.EntityStack.expandGeneralEntity(EntityStack.java:221)
    [junit] 	at org.bluezoo.gonzalez.EntityStack.expandEntityValue(EntityStack.java:319)
    [junit] 	at org.bluezoo.gonzalez.EntityStack.expandGeneralEntity(EntityStack.java:221)
    [junit] 	at org.bluezoo.gonzalez.EntityStack.expandEntityValue(EntityStack.java:319)
    [junit] 	at org.bluezoo.gonzalez.EntityStack.expandGeneralEntity(EntityStack.java:221)
    [junit] 	at org.bluezoo.gonzalez.EntityStack.expandEntityValue(EntityStack.java:319)
    [junit] 	at org.bluezoo.gonzalez.EntityStack.expandGeneralEntity(EntityStack.java:221)
    [junit] 	at org.bluezoo.gonzalez.EntityStack.expandEntityValue(EntityStack.java:319)
    [junit] 	at org.bluezoo.gonzalez.EntityStack.expandGeneralEntity(EntityStack.java:221)
    [junit] 	at org.bluezoo.gonzalez.EntityStack.expandEntityValue(EntityStack.java:319)
    [junit] 	at org.bluezoo.gonzalez.EntityStack.expandGeneralEntity(EntityStack.java:221)
    [junit] 	at org.bluezoo.gonzalez.EntityStack.expandEntityValue(EntityStack.java:319)
    [junit] 	at org.bluezoo.gonzalez.EntityStack.expandGeneralEntity(EntityStack.java:221)
    [junit] 	at org.bluezoo.gonzalez.EntityStack.expandEntityValue(EntityStack.java:319)
    [junit] 	at org.bluezoo.gonzalez.EntityStack.expandGeneralEntity(EntityStack.java:221)
    [junit] 	at org.bluezoo.gonzalez.EntityStack.expandEntityValue(EntityStack.java:319)
    [junit] 	at org.bluezoo.gonzalez.EntityStack.expandGeneralEntity(EntityStack.java:221)
    [junit] 	at org.bluezoo.gonzalez.EntityStack.expandEntityValue(EntityStack.java:319)
    [junit] 	at org.bluezoo.gonzalez.EntityStack.expandGeneralEntity(EntityStack.java:221)
    [junit] 	at org.bluezoo.gonzalez.EntityStack.expandEntityValue(EntityStack.java:319)
    [junit] 	at org.bluezoo.gonzalez.EntityStack.expandGeneralEntity(EntityStack.java:221)
    [junit] 	at org.bluezoo.gonzalez.EntityStack.expandEntityValue(EntityStack.java:319)
    [junit] 	at org.bluezoo.gonzalez.EntityStack.expandGeneralEntity(EntityStack.java:221)
    [junit] 	at org.bluezoo.gonzalez.EntityStack.expandEntityValue(EntityStack.java:319)
    [junit] 	at org.bluezoo.gonzalez.EntityStack.expandGeneralEntity(EntityStack.java:221)
    [junit] 	at org.bluezoo.gonzalez.EntityStack.expandEntityValue(EntityStack.java:319)
    [junit] 	at org.bluezoo.gonzalez.EntityStack.expandGeneralEntity(EntityStack.java:221)
    [junit] 	at org.bluezoo.gonzalez.EntityStack.expandEntityValue(EntityStack.java:319)
    [junit] 	at org.bluezoo.gonzalez.EntityStack.expandGeneralEntity(EntityStack.java:221)
    [junit] 	at org.bluezoo.gonzalez.EntityStack.expandEntityValue(EntityStack.java:319)
    [junit] 	at org.bluezoo.gonzalez.EntityStack.expandGeneralEntity(EntityStack.java:221)
    [junit] 	at org.bluezoo.gonzalez.EntityStack.expandEntityValue(EntityStack.java:319)
    [junit] 	at org.bluezoo.gonzalez.EntityStack.expandGeneralEntity(EntityStack.java:221)
    [junit] 	at org.bluezoo.gonzalez.EntityStack.expandEntityValue(EntityStack.java:319)
    [junit] 	at org.bluezoo.gonzalez.EntityStack.expandGeneralEntity(EntityStack.java:221)
    [junit] 	at org.bluezoo.gonzalez.EntityStack.expandEntityValue(EntityStack.java:319)
    [junit] 	at org.bluezoo.gonzalez.EntityStack.expandGeneralEntity(EntityStack.java:221)
    [junit] 	at org.bluezoo.gonzalez.EntityStack.expandEntityValue(EntityStack.java:319)
    [junit] 	at org.bluezoo.gonzalez.EntityStack.expandGeneralEntity(EntityStack.java:221)
    [junit] 	at org.bluezoo.gonzalez.EntityStack.expandEntityValue(EntityStack.java:319)
    [junit] 	at org.bluezoo.gonzalez.EntityStack.expandGeneralEntity(EntityStack.java:221)
    [junit] 	at org.bluezoo.gonzalez.EntityStack.expandEntityValue(EntityStack.java:319)
    [junit] 	at org.bluezoo.gonzalez.EntityStack.expandGeneralEntity(EntityStack.java:221)
    [junit] 	at org.bluezoo.gonzalez.EntityStack.expandEntityValue(EntityStack.java:319)
    [junit] 	at org.bluezoo.gonzalez.EntityStack.expandGeneralEntity(EntityStack.java:221)
    [junit] 	at org.bluezoo.gonzalez.EntityStack.expandEntityValue(EntityStack.java:319)
    [junit] 	at org.bluezoo.gonzalez.EntityStack.expandGeneralEntity(EntityStack.java:221)
    [junit] 	at org.bluezoo.gonzalez.EntityStack.expandEntityValue(EntityStack.java:319)
    [junit] 	at org.bluezoo.gonzalez.EntityStack.expandGeneralEntity(EntityStack.java:221)
    [junit] 	at org.bluezoo.gonzalez.EntityStack.expandEntityValue(EntityStack.java:319)
    [junit] 	at org.bluezoo.gonzalez.EntityStack.expandGeneralEntity(EntityStack.java:221)
    [junit] 	at org.bluezoo.gonzalez.EntityStack.expandEntityValue(EntityStack.java:319)
    [junit] 	at org.bluezoo.gonzalez.EntityStack.expandGeneralEntity(EntityStack.java:221)
    [junit] 	at org.bluezoo.gonzalez.EntityStack.expandEntityValue(EntityStack.java:319)
    [junit] 	at org.bluezoo.gonzalez.EntityStack.expandGeneralEntity(EntityStack.java:221)
    [junit] 	at org.bluezoo.gonzalez.EntityStack.expandEntityValue(EntityStack.java:319)
    [junit] 	at org.bluezoo.gonzalez.EntityStack.expandGeneralEntity(EntityStack.java:221)
    [junit] 	at org.bluezoo.gonzalez.EntityStack.expandEntityValue(EntityStack.java:319)
    [junit] 	at org.bluezoo.gonzalez.EntityStack.expandGeneralEntity(EntityStack.java:221)
    [junit] 	at org.bluezoo.gonzalez.EntityStack.expandEntityValue(EntityStack.java:319)
    [junit] 	at org.bluezoo.gonzalez.EntityStack.expandGeneralEntity(EntityStack.java:221)
    [junit] 	at org.bluezoo.gonzalez.EntityStack.expandEntityValue(EntityStack.java:319)
    [junit] 	at org.bluezoo.gonzalez.EntityStack.expandGeneralEntity(EntityStack.java:221)
    [junit] 	at org.bluezoo.gonzalez.EntityStack.expandEntityValue(EntityStack.java:319)
    [junit] 	at org.bluezoo.gonzalez.EntityStack.expandGeneralEntity(EntityStack.java:221)
    [junit] 	at org.bluezoo.gonzalez.EntityStack.expandEntityValue(EntityStack.java:319)
    [junit] 	at org.bluezoo.gonzalez.EntityStack.expandGeneralEntity(EntityStack.java:221)
    [junit] 	at org.bluezoo.gonzalez.EntityStack.expandEntityValue(EntityStack.java:319)
    [junit] 	at org.bluezoo.gonzalez.EntityStack.expandGeneralEntity(EntityStack.java:221)
    [junit] 	at org.bluezoo.gonzalez.EntityStack.expandEntityValue(EntityStack.java:319)
    [junit] 	at org.bluezoo.gonzalez.EntityStack.expandGeneralEntity(EntityStack.java:221)
    [junit] 	at org.bluezoo.gonzalez.EntityStack.expandEntityValue(EntityStack.java:319)
    [junit] 	at org.bluezoo.gonzalez.EntityStack.expandGeneralEntity(EntityStack.java:221)
    [junit] 	at org.bluezoo.gonzalez.EntityStack.expandEntityValue(EntityStack.java:319)
    [junit] 	at org.bluezoo.gonzalez.EntityStack.expandGeneralEntity(EntityStack.java:221)
    [junit] 	at org.bluezoo.gonzalez.EntityStack.expandEntityValue(EntityStack.java:319)
    [junit] 	at org.bluezoo.gonzalez.EntityStack.expandGeneralEntity(EntityStack.java:221)
    [junit] 	at org.bluezoo.gonzalez.EntityStack.expandEntityValue(EntityStack.java:319)
    [junit] 	at org.bluezoo.gonzalez.EntityStack.expandGeneralEntity(EntityStack.java:221)
    [junit] 	at org.bluezoo.gonzalez.EntityStack.expandEntityValue(EntityStack.java:319)
    [junit] 	at org.bluezoo.gonzalez.EntityStack.expandGeneralEntity(EntityStack.java:221)
    [junit] 	at org.bluezoo.gonzalez.EntityStack.expandEntityValue(EntityStack.java:319)
    [junit] 	at org.bluezoo.gonzalez.EntityStack.expandGeneralEntity(EntityStack.java:221)
    [junit] 	at org.bluezoo.gonzalez.EntityStack.expandEntityValue(EntityStack.java:319)
    [junit] 	at org.bluezoo.gonzalez.EntityStack.expandGeneralEntity(EntityStack.java:221)
    [junit] 	at org.bluezoo.gonzalez.EntityStack.expandEntityValue(EntityStack.java:319)
    [junit] 	at org.bluezoo.gonzalez.EntityStack.expandGeneralEntity(EntityStack.java:221)
    [junit] 	at org.bluezoo.gonzalez.EntityStack.expandEntityValue(EntityStack.java:319)
    [junit] 	at org.bluezoo.gonzalez.EntityStack.expandGeneralEntity(EntityStack.java:221)
    [junit] 	at org.bluezoo.gonzalez.EntityStack.expandEntityValue(EntityStack.java:319)
    [junit] 	at org.bluezoo.gonzalez.EntityStack.expandGeneralEntity(EntityStack.java:221)
    [junit] 	at org.bluezoo.gonzalez.EntityStack.expandEntityValue(EntityStack.java:319)
    [junit] 	at org.bluezoo.gonzalez.EntityStack.expandGeneralEntity(EntityStack.java:221)
    [junit] 	at org.bluezoo.gonzalez.EntityStack.expandEntityValue(EntityStack.java:319)
    [junit] 	at org.bluezoo.gonzalez.EntityStack.expandGeneralEntity(EntityStack.java:221)
    [junit] 	at org.bluezoo.gonzalez.EntityStack.expandEntityValue(EntityStack.java:319)
    [junit] 	at org.bluezoo.gonzalez.EntityStack.expandGeneralEntity(EntityStack.java:221)
    [junit] 	at org.bluezoo.gonzalez.EntityStack.expandEntityValue(EntityStack.java:319)
    [junit] 	at org.bluezoo.gonzalez.EntityStack.expandGeneralEntity(EntityStack.java:221)
    [junit] 	at org.bluezoo.gonzalez.EntityStack.expandEntityValue(EntityStack.java:319)
    [junit] 	at org.bluezoo.gonzalez.EntityStack.expandGeneralEntity(EntityStack.java:221)
    [junit] 	at org.bluezoo.gonzalez.EntityStack.expandEntityValue(EntityStack.java:319)
    [junit] 	at org.bluezoo.gonzalez.EntityStack.expandGeneralEntity(EntityStack.java:221)
    [junit] 	at org.bluezoo.gonzalez.EntityStack.expandEntityValue(EntityStack.java:319)
    [junit] 	at org.bluezoo.gonzalez.EntityStack.expandGeneralEntity(EntityStack.java:221)
    [junit] 	at org.bluezoo.gonzalez.EntityStack.expandEntityValue(EntityStack.java:319)
    [junit] 	at org.bluezoo.gonzalez.EntityStack.expandGeneralEntity(EntityStack.java:221)
    [junit] 	at org.bluezoo.gonzalez.EntityStack.expandEntityValue(EntityStack.java:319)
    [junit] 	at org.bluezoo.gonzalez.EntityStack.expandGeneralEntity(EntityStack.java:221)
    [junit] 	at org.bluezoo.gonzalez.EntityStack.expandEntityValue(EntityStack.java:319)
    [junit] 	at org.bluezoo.gonzalez.EntityStack.expandGeneralEntity(EntityStack.java:221)
    [junit] 	at org.bluezoo.gonzalez.EntityStack.expandEntityValue(EntityStack.java:319)
    [junit] 	at org.bluezoo.gonzalez.EntityStack.expandGeneralEntity(EntityStack.java:221)
    [junit] 	at org.bluezoo.gonzalez.EntityStack.expandEntityValue(EntityStack.java:319)
    [junit] 	at org.bluezoo.gonzalez.EntityStack.expandGeneralEntity(EntityStack.java:221)
    [junit] 	at org.bluezoo.gonzalez.EntityStack.expandEntityValue(EntityStack.java:319)
    [junit] 	at org.bluezoo.gonzalez.EntityStack.expandGeneralEntity(EntityStack.java:221)
    [junit] 	at org.bluezoo.gonzalez.EntityStack.expandEntityValue(EntityStack.java:319)
    [junit] 	at org.bluezoo.gonzalez.EntityStack.expandGeneralEntity(EntityStack.java:221)
    [junit] 	at org.bluezoo.gonzalez.EntityStack.expandEntityValue(EntityStack.java:319)
    [junit] 	at org.bluezoo.gonzalez.EntityStack.expandGeneralEntity(EntityStack.java:221)
    [junit] 	at org.bluezoo.gonzalez.EntityStack.expandEntityValue(EntityStack.java:319)
    [junit] 	at org.bluezoo.gonzalez.EntityStack.expandGeneralEntity(EntityStack.java:221)
    [junit] 	at org.bluezoo.gonzalez.EntityStack.expandEntityValue(EntityStack.java:319)
    [junit] 	at org.bluezoo.gonzalez.EntityStack.expandGeneralEntity(EntityStack.java:221)
    [junit] 	at org.bluezoo.gonzalez.EntityStack.expandEntityValue(EntityStack.java:319)
    [junit] 	at org.bluezoo.gonzalez.EntityStack.expandGeneralEntity(EntityStack.java:221)
    [junit] 	at org.bluezoo.gonzalez.EntityStack.expandEntityValue(EntityStack.java:319)
    [junit] 	at org.bluezoo.gonzalez.EntityStack.expandGeneralEntity(EntityStack.java:221)
    [junit] 	at org.bluezoo.gonzalez.EntityStack.expandEntityValue(EntityStack.java:319)
    [junit] 	at org.bluezoo.gonzalez.EntityStack.expandGeneralEntity(EntityStack.java:221)
    [junit] 	at org.bluezoo.gonzalez.EntityStack.expandEntityValue(EntityStack.java:319)
    [junit] 	at org.bluezoo.gonzalez.EntityStack.expandGeneralEntity(EntityStack.java:221)
    [junit] 	at org.bluezoo.gonzalez.EntityStack.expandEntityValue(EntityStack.java:319)
    [junit] 	at org.bluezoo.gonzalez.EntityStack.expandGeneralEntity(EntityStack.java:221)
    [junit] 	at org.bluezoo.gonzalez.EntityStack.expandEntityValue(EntityStack.java:319)
    [junit] 	at org.bluezoo.gonzalez.EntityStack.expandGeneralEntity(EntityStack.java:221)
    [junit] 	at org.bluezoo.gonzalez.EntityStack.expandEntityValue(EntityStack.java:319)
    [junit] 	at org.bluezoo.gonzalez.EntityStack.expandGeneralEntity(EntityStack.java:221)
    [junit] 	at org.bluezoo.gonzalez.EntityStack.expandEntityValue(EntityStack.java:319)
    [junit] 	at org.bluezoo.gonzalez.EntityStack.expandGeneralEntity(EntityStack.java:221)
    [junit] 	at org.bluezoo.gonzalez.EntityStack.expandEntityValue(EntityStack.java:319)
    [junit] 	at org.bluezoo.gonzalez.EntityStack.expandGeneralEntity(EntityStack.java:221)
    [junit] 	at org.bluezoo.gonzalez.EntityStack.expandEntityValue(EntityStack.java:319)
    [junit] 	at org.bluezoo.gonzalez.EntityStack.expandGeneralEntity(EntityStack.java:221)
    [junit] 	at org.bluezoo.gonzalez.EntityStack.expandEntityValue(EntityStack.java:319)
    [junit] 	at org.bluezoo.gonzalez.EntityStack.expandGeneralEntity(EntityStack.java:221)
    [junit] 	at org.bluezoo.gonzalez.EntityStack.expandEntityValue(EntityStack.java:319)
    [junit] 	at org.bluezoo.gonzalez.EntityStack.expandGeneralEntity(EntityStack.java:221)
    [junit] 	at org.bluezoo.gonzalez.EntityStack.expandEntityValue(EntityStack.java:319)
    [junit] 	at org.bluezoo.gonzalez.EntityStack.expandGeneralEntity(EntityStack.java:221)
    [junit] 	at org.bluezoo.gonzalez.EntityStack.expandEntityValue(EntityStack.java:319)
    [junit] 	at org.bluezoo.gonzalez.EntityStack.expandGeneralEntity(EntityStack.java:221)
    [junit] 	at org.bluezoo.gonzalez.EntityStack.expandEntityValue(EntityStack.java:319)
    [junit] 	at org.bluezoo.gonzalez.EntityStack.expandGeneralEntity(EntityStack.java:221)
    [junit] 	at org.bluezoo.gonzalez.EntityStack.expandEntityValue(EntityStack.java:319)
    [junit] 	at org.bluezoo.gonzalez.EntityStack.expandGeneralEntity(EntityStack.java:221)
    [junit] 	at org.bluezoo.gonzalez.EntityStack.expandEntityValue(EntityStack.java:319)
    [junit] 	at org.bluezoo.gonzalez.EntityStack.expandGeneralEntity(EntityStack.java:221)
    [junit] 	at org.bluezoo.gonzalez.EntityStack.expandEntityValue(EntityStack.java:319)
    [junit] 	at org.bluezoo.gonzalez.EntityStack.expandGeneralEntity(EntityStack.java:221)
    [junit] 	at org.bluezoo.gonzalez.EntityStack.expandEntityValue(EntityStack.java:319)
    [junit] 	at org.bluezoo.gonzalez.EntityStack.expandGeneralEntity(EntityStack.java:221)
    [junit] 	at org.bluezoo.gonzalez.EntityStack.expandEntityValue(EntityStack.java:319)
    [junit] 	at org.bluezoo.gonzalez.EntityStack.expandGeneralEntity(EntityStack.java:221)
    [junit] 	at org.bluezoo.gonzalez.EntityStack.expandEntityValue(EntityStack.java:319)
    [junit] 	at org.bluezoo.gonzalez.EntityStack.expandGeneralEntity(EntityStack.java:221)
    [junit] 	at org.bluezoo.gonzalez.EntityStack.expandEntityValue(EntityStack.java:319)
    [junit] 	at org.bluezoo.gonzalez.EntityStack.expandGeneralEntity(EntityStack.java:221)
    [junit] 	at org.bluezoo.gonzalez.EntityStack.expandEntityValue(EntityStack.java:319)
    [junit] 	at org.bluezoo.gonzalez.EntityStack.expandGeneralEntity(EntityStack.java:221)
    [junit] 	at org.bluezoo.gonzalez.EntityStack.expandEntityValue(EntityStack.java:319)
    [junit] 	at org.bluezoo.gonzalez.EntityStack.expandGeneralEntity(EntityStack.java:221)
    [junit] 	at org.bluezoo.gonzalez.EntityStack.expandEntityValue(EntityStack.java:319)
    [junit] 	at org.bluezoo.gonzalez.EntityStack.expandGeneralEntity(EntityStack.java:221)
    [junit] 	at org.bluezoo.gonzalez.EntityStack.expandEntityValue(EntityStack.java:319)
    [junit] 	at org.bluezoo.gonzalez.EntityStack.expandGeneralEntity(EntityStack.java:221)
    [junit] 	at org.bluezoo.gonzalez.EntityStack.expandEntityValue(EntityStack.java:319)
    [junit] 	at org.bluezoo.gonzalez.EntityStack.expandGeneralEntity(EntityStack.java:221)
    [junit] 	at org.bluezoo.gonzalez.EntityStack.expandEntityValue(EntityStack.java:319)
    [junit] 	at org.bluezoo.gonzalez.EntityStack.expandGeneralEntity(EntityStack.java:221)
    [junit] 	at org.bluezoo.gonzalez.EntityStack.expandEntityValue(EntityStack.java:319)
    [junit] 	at org.bluezoo.gonzalez.EntityStack.expandGeneralEntity(EntityStack.java:221)
    [junit] 	at org.bluezoo.gonzalez.EntityStack.expandEntityValue(EntityStack.java:319)
    [junit] 	at org.bluezoo.gonzalez.EntityStack.expandGeneralEntity(EntityStack.java:221)
    [junit] 	at org.bluezoo.gonzalez.EntityStack.expandEntityValue(EntityStack.java:319)
    [junit] 	at org.bluezoo.gonzalez.EntityStack.expandGeneralEntity(EntityStack.java:221)
    [junit] 	at org.bluezoo.gonzalez.EntityStack.expandEntityValue(EntityStack.java:319)
    [junit] 	at org.bluezoo.gonzalez.EntityStack.expandGeneralEntity(EntityStack.java:221)
    [junit] 	at org.bluezoo.gonzalez.EntityStack.expandEntityValue(EntityStack.java:319)
    [junit] 	at org.bluezoo.gonzalez.EntityStack.expandGeneralEntity(EntityStack.java:221)
    [junit] 	at org.bluezoo.gonzalez.EntityStack.expandEntityValue(EntityStack.java:319)
    [junit] 	at org.bluezoo.gonzalez.EntityStack.expandGeneralEntity(EntityStack.java:221)
    [junit] 	at org.bluezoo.gonzalez.EntityStack.expandEntityValue(EntityStack.java:319)
    [junit] 	at org.bluezoo.gonzalez.EntityStack.expandGeneralEntity(EntityStack.java:221)
    [junit] 	at org.bluezoo.gonzalez.EntityStack.expandEntityValue(EntityStack.java:319)
    [junit] 	at org.bluezoo.gonzalez.EntityStack.expandGeneralEntity(EntityStack.java:221)
    [junit] 	at org.bluezoo.gonzalez.EntityStack.expandEntityValue(EntityStack.java:319)
    [junit] 	at org.bluezoo.gonzalez.EntityStack.expandGeneralEntity(EntityStack.java:221)
    [junit] 	at org.bluezoo.gonzalez.EntityStack.expandEntityValue(EntityStack.java:319)
    [junit] 	at org.bluezoo.gonzalez.EntityStack.expandGeneralEntity(EntityStack.java:221)
    [junit] 	at org.bluezoo.gonzalez.EntityStack.expandEntityValue(EntityStack.java:319)
    [junit] 	at org.bluezoo.gonzalez.EntityStack.expandGeneralEntity(EntityStack.java:221)
    [junit] 	at org.bluezoo.gonzalez.EntityStack.expandEntityValue(EntityStack.java:319)
    [junit] 	at org.bluezoo.gonzalez.EntityStack.expandGeneralEntity(EntityStack.java:221)
    [junit] 	at org.bluezoo.gonzalez.EntityStack.expandEntityValue(EntityStack.java:319)
    [junit] 	at org.bluezoo.gonzalez.EntityStack.expandGeneralEntity(EntityStack.java:221)
    [junit] 	at org.bluezoo.gonzalez.EntityStack.expandEntityValue(EntityStack.java:319)
    [junit] 	at org.bluezoo.gonzalez.EntityStack.expandGeneralEntity(EntityStack.java:221)
    [junit] 	at org.bluezoo.gonzalez.EntityStack.expandEntityValue(EntityStack.java:319)
    [junit] 	at org.bluezoo.gonzalez.EntityStack.expandGeneralEntity(EntityStack.java:221)
    [junit] 	at org.bluezoo.gonzalez.EntityStack.expandEntityValue(EntityStack.java:319)
    [junit] 	at org.bluezoo.gonzalez.EntityStack.expandGeneralEntity(EntityStack.java:221)
    [junit] 	at org.bluezoo.gonzalez.EntityStack.expandEntityValue(EntityStack.java:319)
    [junit] 	at org.bluezoo.gonzalez.EntityStack.expandGeneralEntity(EntityStack.java:221)
    [junit] 	at org.bluezoo.gonzalez.EntityStack.expandEntityValue(EntityStack.java:319)
    [junit] 	at org.bluezoo.gonzalez.EntityStack.expandGeneralEntity(EntityStack.java:221)
    [junit] 	at org.bluezoo.gonzalez.EntityStack.expandEntityValue(EntityStack.java:319)
    [junit] 	at org.bluezoo.gonzalez.EntityStack.expandGeneralEntity(EntityStack.java:221)
    [junit] 	at org.bluezoo.gonzalez.EntityStack.expandEntityValue(EntityStack.java:319)
    [junit] 	at org.bluezoo.gonzalez.EntityStack.expandGeneralEntity(EntityStack.java:221)
    [junit] 	at org.bluezoo.gonzalez.EntityStack.expandEntityValue(EntityStack.java:319)
    [junit] 	at org.bluezoo.gonzalez.EntityStack.expandGeneralEntity(EntityStack.java:221)
    [junit] 	at org.bluezoo.gonzalez.EntityStack.expandEntityValue(EntityStack.java:319)
    [junit] 	at org.bluezoo.gonzalez.EntityStack.expandGeneralEntity(EntityStack.java:221)
    [junit] 	at org.bluezoo.gonzalez.EntityStack.expandEntityValue(EntityStack.java:319)
    [junit] 	at org.bluezoo.gonzalez.EntityStack.expandGeneralEntity(EntityStack.java:221)
    [junit] 	at org.bluezoo.gonzalez.EntityStack.expandEntityValue(EntityStack.java:319)
    [junit] 	at org.bluezoo.gonzalez.EntityStack.expandGeneralEntity(EntityStack.java:221)
    [junit] 	at org.bluezoo.gonzalez.EntityStack.expandEntityValue(EntityStack.java:319)
    [junit] 	at org.bluezoo.gonzalez.EntityStack.expandGeneralEntity(EntityStack.java:221)
    [junit] 	at org.bluezoo.gonzalez.EntityStack.expandEntityValue(EntityStack.java:319)
    [junit] 	at org.bluezoo.gonzalez.EntityStack.expandGeneralEntity(EntityStack.java:221)
    [junit] 	at org.bluezoo.gonzalez.EntityStack.expandEntityValue(EntityStack.java:319)
    [junit] 	at org.bluezoo.gonzalez.EntityStack.expandGeneralEntity(EntityStack.java:221)
    [junit] 	at org.bluezoo.gonzalez.EntityStack.expandEntityValue(EntityStack.java:319)
    [junit] 	at org.bluezoo.gonzalez.EntityStack.expandGeneralEntity(EntityStack.java:221)
    [junit] 	at org.bluezoo.gonzalez.EntityStack.expandEntityValue(EntityStack.java:319)
    [junit] 	at org.bluezoo.gonzalez.EntityStack.expandGeneralEntity(EntityStack.java:221)
    [junit] 	at org.bluezoo.gonzalez.EntityStack.expandEntityValue(EntityStack.java:319)
    [junit] 	at org.bluezoo.gonzalez.EntityStack.expandGeneralEntity(EntityStack.java:221)
    [junit] 	at org.bluezoo.gonzalez.EntityStack.expandEntityValue(EntityStack.java:319)
    [junit] 	at org.bluezoo.gonzalez.EntityStack.expandGeneralEntity(EntityStack.java:221)
    [junit] 	at org.bluezoo.gonzalez.EntityStack.expandEntityValue(EntityStack.java:319)
    [junit] 	at org.bluezoo.gonzalez.EntityStack.expandGeneralEntity(EntityStack.java:221)
    [junit] 	at org.bluezoo.gonzalez.EntityStack.expandEntityValue(EntityStack.java:319)
    [junit] 	at org.bluezoo.gonzalez.EntityStack.expandGeneralEntity(EntityStack.java:221)
    [junit] 	at org.bluezoo.gonzalez.EntityStack.expandEntityValue(EntityStack.java:319)
    [junit] 	at org.bluezoo.gonzalez.EntityStack.expandGeneralEntity(EntityStack.java:221)
    [junit] 	at org.bluezoo.gonzalez.EntityStack.expandEntityValue(EntityStack.java:319)
    [junit] 	at org.bluezoo.gonzalez.EntityStack.expandGeneralEntity(EntityStack.java:221)
    [junit] 	at org.bluezoo.gonzalez.EntityStack.expandEntityValue(EntityStack.java:319)
    [junit] 	at org.bluezoo.gonzalez.EntityStack.expandGeneralEntity(EntityStack.java:221)
    [junit] 	at org.bluezoo.gonzalez.EntityStack.expandEntityValue(EntityStack.java:319)
    [junit] 	at org.bluezoo.gonzalez.EntityStack.expandGeneralEntity(EntityStack.java:221)
    [junit] 	at org.bluezoo.gonzalez.EntityStack.expandEntityValue(EntityStack.java:319)
    [junit] 	at org.bluezoo.gonzalez.EntityStack.expandGeneralEntity(EntityStack.java:221)
    [junit] 	at org.bluezoo.gonzalez.EntityStack.expandEntityValue(EntityStack.java:319)
    [junit] 	at org.bluezoo.gonzalez.EntityStack.expandGeneralEntity(EntityStack.java:221)
    [junit] 	at org.bluezoo.gonzalez.EntityStack.expandEntityValue(EntityStack.java:319)
    [junit] 	at org.bluezoo.gonzalez.EntityStack.expandGeneralEntity(EntityStack.java:221)
    [junit] 	at org.bluezoo.gonzalez.EntityStack.expandEntityValue(EntityStack.java:319)
    [junit] 	at org.bluezoo.gonzalez.EntityStack.expandGeneralEntity(EntityStack.java:221)
    [junit] 	at org.bluezoo.gonzalez.EntityStack.expandEntityValue(EntityStack.java:319)
    [junit] 	at org.bluezoo.gonzalez.EntityStack.expandGeneralEntity(EntityStack.java:221)
    [junit] 	at org.bluezoo.gonzalez.EntityStack.expandEntityValue(EntityStack.java:319)
    [junit] 	at org.bluezoo.gonzalez.EntityStack.expandGeneralEntity(EntityStack.java:221)
    [junit] 	at org.bluezoo.gonzalez.EntityStack.expandEntityValue(EntityStack.java:319)
    [junit] 	at org.bluezoo.gonzalez.EntityStack.expandGeneralEntity(EntityStack.java:221)
    [junit] 	at org.bluezoo.gonzalez.EntityStack.expandEntityValue(EntityStack.java:319)
    [junit] 	at org.bluezoo.gonzalez.EntityStack.expandGeneralEntity(EntityStack.java:221)
    [junit] 	at org.bluezoo.gonzalez.EntityStack.expandEntityValue(EntityStack.java:319)
    [junit] 	at org.bluezoo.gonzalez.EntityStack.expandGeneralEntity(EntityStack.java:221)
    [junit] 	at org.bluezoo.gonzalez.EntityStack.expandEntityValue(EntityStack.java:319)
    [junit] 	at org.bluezoo.gonzalez.EntityStack.expandGeneralEntity(EntityStack.java:221)
    [junit] 	at org.bluezoo.gonzalez.EntityStack.expandEntityValue(EntityStack.java:319)
    [junit] 	at org.bluezoo.gonzalez.EntityStack.expandGeneralEntity(EntityStack.java:221)
    [junit] 	at org.bluezoo.gonzalez.EntityStack.expandEntityValue(EntityStack.java:319)
    [junit] 	at org.bluezoo.gonzalez.EntityStack.expandGeneralEntity(EntityStack.java:221)
    [junit] 	at org.bluezoo.gonzalez.EntityStack.expandEntityValue(EntityStack.java:319)
    [junit] 	at org.bluezoo.gonzalez.EntityStack.expandGeneralEntity(EntityStack.java:221)
    [junit] 	at org.bluezoo.gonzalez.EntityStack.expandEntityValue(EntityStack.java:319)
    [junit] 	at org.bluezoo.gonzalez.EntityStack.expandGeneralEntity(EntityStack.java:221)
    [junit] 	at org.bluezoo.gonzalez.EntityStack.expandEntityValue(EntityStack.java:319)
    [junit] 	at org.bluezoo.gonzalez.EntityStack.expandGeneralEntity(EntityStack.java:221)
    [junit] 	at org.bluezoo.gonzalez.EntityStack.expandEntityValue(EntityStack.java:319)
    [junit] 	at org.bluezoo.gonzalez.EntityStack.expandGeneralEntity(EntityStack.java:221)
    [junit] 	at org.bluezoo.gonzalez.EntityStack.expandEntityValue(EntityStack.java:319)
    [junit] 	at org.bluezoo.gonzalez.EntityStack.expandGeneralEntity(EntityStack.java:221)
    [junit] 	at org.bluezoo.gonzalez.EntityStack.expandEntityValue(EntityStack.java:319)
    [junit] 	at org.bluezoo.gonzalez.EntityStack.expandGeneralEntity(EntityStack.java:221)
    [junit] 	at org.bluezoo.gonzalez.EntityStack.expandEntityValue(EntityStack.java:319)
    [junit] 	at org.bluezoo.gonzalez.EntityStack.expandGeneralEntity(EntityStack.java:221)
    [junit] 	at org.bluezoo.gonzalez.EntityStack.expandEntityValue(EntityStack.java:319)
    [junit] 	at org.bluezoo.gonzalez.EntityStack.expandGeneralEntity(EntityStack.java:221)
    [junit] 	at org.bluezoo.gonzalez.EntityStack.expandEntityValue(EntityStack.java:319)
    [junit] 	at org.bluezoo.gonzalez.EntityStack.expandGeneralEntity(EntityStack.java:221)
    [junit] 	at org.bluezoo.gonzalez.EntityStack.expandEntityValue(EntityStack.java:319)
    [junit] 	at org.bluezoo.gonzalez.EntityStack.expandGeneralEntity(EntityStack.java:221)
    [junit] 	at org.bluezoo.gonzalez.EntityStack.expandEntityValue(EntityStack.java:319)
    [junit] 	at org.bluezoo.gonzalez.EntityStack.expandGeneralEntity(EntityStack.java:221)
    [junit] 	at org.bluezoo.gonzalez.EntityStack.expandEntityValue(EntityStack.java:319)
    [junit] 	at org.bluezoo.gonzalez.EntityStack.expandGeneralEntity(EntityStack.java:221)
    [junit] 	at org.bluezoo.gonzalez.EntityStack.expandEntityValue(EntityStack.java:319)
    [junit] 	at org.bluezoo.gonzalez.EntityStack.expandGeneralEntity(EntityStack.java:221)
    [junit] 	at org.bluezoo.gonzalez.EntityStack.expandEntityValue(EntityStack.java:319)
    [junit] 	at org.bluezoo.gonzalez.EntityStack.expandGeneralEntity(EntityStack.java:221)
    [junit] 	at org.bluezoo.gonzalez.EntityStack.expandEntityValue(EntityStack.java:319)
    [junit] 	at org.bluezoo.gonzalez.EntityStack.expandGeneralEntity(EntityStack.java:221)
    [junit] 	at org.bluezoo.gonzalez.EntityStack.expandEntityValue(EntityStack.java:319)
    [junit] 	at org.bluezoo.gonzalez.EntityStack.expandGeneralEntity(EntityStack.java:221)
    [junit] 	at org.bluezoo.gonzalez.EntityStack.expandEntityValue(EntityStack.java:319)
    [junit] 	at org.bluezoo.gonzalez.EntityStack.expandGeneralEntity(EntityStack.java:221)
    [junit] 	at org.bluezoo.gonzalez.EntityStack.expandEntityValue(EntityStack.java:319)
    [junit] 	at org.bluezoo.gonzalez.EntityStack.expandGeneralEntity(EntityStack.java:221)
    [junit] 	at org.bluezoo.gonzalez.EntityStack.expandEntityValue(EntityStack.java:319)
    [junit] 	at org.bluezoo.gonzalez.EntityStack.expandGeneralEntity(EntityStack.java:221)
    [junit] 	at org.bluezoo.gonzalez.EntityStack.expandEntityValue(EntityStack.java:319)
    [junit] 	at org.bluezoo.gonzalez.EntityStack.expandGeneralEntity(EntityStack.java:221)
    [junit] 	at org.bluezoo.gonzalez.EntityStack.expandEntityValue(EntityStack.java:319)
    [junit] 	at org.bluezoo.gonzalez.EntityStack.expandGeneralEntity(EntityStack.java:221)
    [junit] 	at org.bluezoo.gonzalez.EntityStack.expandEntityValue(EntityStack.java:319)
    [junit] 	at org.bluezoo.gonzalez.EntityStack.expandGeneralEntity(EntityStack.java:221)
    [junit] 	at org.bluezoo.gonzalez.EntityStack.expandEntityValue(EntityStack.java:319)
    [junit] 	at org.bluezoo.gonzalez.EntityStack.expandGeneralEntity(EntityStack.java:221)
    [junit] 	at org.bluezoo.gonzalez.EntityStack.expandEntityValue(EntityStack.java:319)
    [junit] 	at org.bluezoo.gonzalez.EntityStack.expandGeneralEntity(EntityStack.java:221)
    [junit] 	at org.bluezoo.gonzalez.EntityStack.expandEntityValue(EntityStack.java:319)
    [junit] 	at org.bluezoo.gonzalez.EntityStack.expandGeneralEntity(EntityStack.java:221)
    [junit] 	at org.bluezoo.gonzalez.EntityStack.expandEntityValue(EntityStack.java:319)
    [junit] 	at org.bluezoo.gonzalez.EntityStack.expandGeneralEntity(EntityStack.java:221)
    [junit] 	at org.bluezoo.gonzalez.EntityStack.expandEntityValue(EntityStack.java:319)
    [junit] 	at org.bluezoo.gonzalez.EntityStack.expandGeneralEntity(EntityStack.java:221)
    [junit] 	at org.bluezoo.gonzalez.EntityStack.expandEntityValue(EntityStack.java:319)
    [junit] 	at org.bluezoo.gonzalez.EntityStack.expandGeneralEntity(EntityStack.java:221)
    [junit] 	at org.bluezoo.gonzalez.EntityStack.expandEntityValue(EntityStack.java:319)
    [junit] 	at org.bluezoo.gonzalez.EntityStack.expandGeneralEntity(EntityStack.java:221)
    [junit] 	at org.bluezoo.gonzalez.EntityStack.expandEntityValue(EntityStack.java:319)
    [junit] 	at org.bluezoo.gonzalez.EntityStack.expandGeneralEntity(EntityStack.java:221)
    [junit] 	at org.bluezoo.gonzalez.EntityStack.expandEntityValue(EntityStack.java:319)
    [junit] 	at org.bluezoo.gonzalez.EntityStack.expandGeneralEntity(EntityStack.java:221)
    [junit] 	at org.bluezoo.gonzalez.EntityStack.expandEntityValue(EntityStack.java:319)
    [junit] 	at org.bluezoo.gonzalez.EntityStack.expandGeneralEntity(EntityStack.java:221)
    [junit] 	at org.bluezoo.gonzalez.EntityStack.expandEntityValue(EntityStack.java:319)
    [junit] 	at org.bluezoo.gonzalez.EntityStack.expandGeneralEntity(EntityStack.java:221)
    [junit] 	at org.bluezoo.gonzalez.EntityStack.expandEntityValue(EntityStack.java:319)
    [junit] 	at org.bluezoo.gonzalez.EntityStack.expandGeneralEntity(EntityStack.java:221)
    [junit] 	at org.bluezoo.gonzalez.EntityStack.expandEntityValue(EntityStack.java:319)
    [junit] 	at org.bluezoo.gonzalez.EntityStack.expandGeneralEntity(EntityStack.java:221)
    [junit] 	at org.bluezoo.gonzalez.EntityStack.expandEntityValue(EntityStack.java:319)
    [junit] 	at org.bluezoo.gonzalez.EntityStack.expandGeneralEntity(EntityStack.java:221)
    [junit] 	at org.bluezoo.gonzalez.EntityStack.expandEntityValue(EntityStack.java:319)
    [junit] 	at org.bluezoo.gonzalez.EntityStack.expandGeneralEntity(EntityStack.java:221)
    [junit] 	at org.bluezoo.gonzalez.EntityStack.expandEntityValue(EntityStack.java:319)
    [junit] 	at org.bluezoo.gonzalez.EntityStack.expandGeneralEntity(EntityStack.java:221)
    [junit] 	at org.bluezoo.gonzalez.EntityStack.expandEntityValue(EntityStack.java:319)
    [junit] 	at org.bluezoo.gonzalez.EntityStack.expandGeneralEntity(EntityStack.java:221)
    [junit] 	at org.bluezoo.gonzalez.EntityStack.expandEntityValue(EntityStack.java:319)
    [junit] 	at org.bluezoo.gonzalez.EntityStack.expandGeneralEntity(EntityStack.java:221)
    [junit] 	at org.bluezoo.gonzalez.EntityStack.expandEntityValue(EntityStack.java:319)
    [junit] 	at org.bluezoo.gonzalez.EntityStack.expandGeneralEntity(EntityStack.java:221)
    [junit] 	at org.bluezoo.gonzalez.EntityStack.expandEntityValue(EntityStack.java:319)
    [junit] 	at org.bluezoo.gonzalez.EntityStack.expandGeneralEntity(EntityStack.java:221)
    [junit] 	at org.bluezoo.gonzalez.EntityStack.expandEntityValue(EntityStack.java:319)
    [junit] 	at org.bluezoo.gonzalez.EntityStack.expandGeneralEntity(EntityStack.java:221)
    [junit] 	at org.bluezoo.gonzalez.EntityStack.expandEntityValue(EntityStack.java:319)
    [junit] 	at org.bluezoo.gonzalez.EntityStack.expandGeneralEntity(EntityStack.java:221)
    [junit] 	at org.bluezoo.gonzalez.EntityStack.expandEntityValue(EntityStack.java:319)
    [junit] 	at org.bluezoo.gonzalez.EntityStack.expandGeneralEntity(EntityStack.java:221)
    [junit] 	at org.bluezoo.gonzalez.EntityStack.expandEntityValue(EntityStack.java:319)
    [junit] 	at org.bluezoo.gonzalez.EntityStack.expandGeneralEntity(EntityStack.java:221)
    [junit] 	at org.bluezoo.gonzalez.EntityStack.expandEntityValue(EntityStack.java:319)
    [junit] 	at org.bluezoo.gonzalez.EntityStack.expandGeneralEntity(EntityStack.java:221)
    [junit] 	at org.bluezoo.gonzalez.EntityStack.expandEntityValue(EntityStack.java:319)
    [junit] 	at org.bluezoo.gonzalez.EntityStack.expandGeneralEntity(EntityStack.java:221)
    [junit] 	at org.bluezoo.gonzalez.EntityStack.expandEntityValue(EntityStack.java:319)
    [junit] 	at org.bluezoo.gonzalez.EntityStack.expandGeneralEntity(EntityStack.java:221)
    [junit] 	at org.bluezoo.gonzalez.EntityStack.expandEntityValue(EntityStack.java:319)
    [junit] 	at org.bluezoo.gonzalez.EntityStack.expandGeneralEntity(EntityStack.java:221)
    [junit] 	at org.bluezoo.gonzalez.EntityStack.expandEntityValue(EntityStack.java:319)
    [junit] 	at org.bluezoo.gonzalez.EntityStack.expandGeneralEntity(EntityStack.java:221)
    [junit] 	at org.bluezoo.gonzalez.EntityStack.expandEntityValue(EntityStack.java:319)
    [junit] 	at org.bluezoo.gonzalez.EntityStack.expandGeneralEntity(EntityStack.java:221)
    [junit] 	at org.bluezoo.gonzalez.EntityStack.expandEntityValue(EntityStack.java:319)
    [junit] 	at org.bluezoo.gonzalez.EntityStack.expandGeneralEntity(EntityStack.java:221)
    [junit] 	at org.bluezoo.gonzalez.EntityStack.expandEntityValue(EntityStack.java:319)
    [junit] 	at org.bluezoo.gonzalez.EntityStack.expandGeneralEntity(EntityStack.java:221)
    [junit] 	at org.bluezoo.gonzalez.EntityStack.expandEntityValue(EntityStack.java:319)
    [junit] 	at org.bluezoo.gonzalez.EntityStack.expandGeneralEntity(EntityStack.java:221)
    [junit] 	at org.bluezoo.gonzalez.EntityStack.expandEntityValue(EntityStack.java:319)
    [junit] 	at org.bluezoo.gonzalez.EntityStack.expandGeneralEntity(EntityStack.java:221)
    [junit] 	at org.bluezoo.gonzalez.EntityStack.expandEntityValue(EntityStack.java:319)
    [junit] 	at org.bluezoo.gonzalez.EntityStack.expandGeneralEntity(EntityStack.java:221)
    [junit] 	at org.bluezoo.gonzalez.EntityStack.expandEntityValue(EntityStack.java:319)
    [junit] 	at org.bluezoo.gonzalez.EntityStack.expandGeneralEntity(EntityStack.java:221)
    [junit] 	at org.bluezoo.gonzalez.EntityStack.expandEntityValue(EntityStack.java:319)
    [junit] 	at org.bluezoo.gonzalez.EntityStack.expandGeneralEntity(EntityStack.java:221)
    [junit] 	at org.bluezoo.gonzalez.EntityStack.expandEntityValue(EntityStack.java:319)
    [junit] 	at org.bluezoo.gonzalez.EntityStack.expandGeneralEntity(EntityStack.java:221)
    [junit] 	at org.bluezoo.gonzalez.EntityStack.expandEntityValue(EntityStack.java:319)
    [junit] 	at org.bluezoo.gonzalez.EntityStack.expandGeneralEntity(EntityStack.java:221)
    [junit] 	at org.bluezoo.gonzalez.EntityStack.expandEntityValue(EntityStack.java:319)
    [junit] 	at org.bluezoo.gonzalez.EntityStack.expandGeneralEntity(EntityStack.java:221)
    [junit] 	at org.bluezoo.gonzalez.EntityStack.expandEntityValue(EntityStack.java:319)
    [junit] 	at org.bluezoo.gonzalez.EntityStack.expandGeneralEntity(EntityStack.java:221)
    [junit] 	at org.bluezoo.gonzalez.EntityStack.expandEntityValue(EntityStack.java:319)
    [junit] 	at org.bluezoo.gonzalez.EntityStack.expandGeneralEntity(EntityStack.java:221)
    [junit] 	at org.bluezoo.gonzalez.EntityStack.expandEntityValue(EntityStack.java:319)
    [junit] 	at org.bluezoo.gonzalez.EntityStack.expandGeneralEntity(EntityStack.java:221)
    [junit] 	at org.bluezoo.gonzalez.EntityStack.expandEntityValue(EntityStack.java:319)
    [junit] 	at org.bluezoo.gonzalez.EntityStack.expandGeneralEntity(EntityStack.java:221)
    [junit] 	at org.bluezoo.gonzalez.EntityStack.expandEntityValue(EntityStack.java:319)
    [junit] 	at org.bluezoo.gonzalez.EntityStack.expandGeneralEntity(EntityStack.java:221)
    [junit] 	at org.bluezoo.gonzalez.EntityStack.expandEntityValue(EntityStack.java:319)
    [junit] 	at org.bluezoo.gonzalez.EntityStack.expandGeneralEntity(EntityStack.java:221)
    [junit] 	at org.bluezoo.gonzalez.EntityStack.expandEntityValue(EntityStack.java:319)
    [junit] 	at org.bluezoo.gonzalez.EntityStack.expandGeneralEntity(EntityStack.java:221)
    [junit] 	at org.bluezoo.gonzalez.EntityStack.expandEntityValue(EntityStack.java:319)
    [junit] 	at org.bluezoo.gonzalez.EntityStack.expandGeneralEntity(EntityStack.java:221)
    [junit] 	at org.bluezoo.gonzalez.EntityStack.expandEntityValue(EntityStack.java:319)
    [junit] 	at org.bluezoo.gonzalez.EntityStack.expandGeneralEntity(EntityStack.java:221)
    [junit] 	at org.bluezoo.gonzalez.EntityStack.expandEntityValue(EntityStack.java:319)
    [junit] 	at org.bluezoo.gonzalez.EntityStack.expandGeneralEntity(EntityStack.java:221)
    [junit] 	at org.bluezoo.gonzalez.EntityStack.expandEntityValue(EntityStack.java:319)
    [junit] 	at org.bluezoo.gonzalez.EntityStack.expandGeneralEntity(EntityStack.java:221)
    [junit] 	at org.bluezoo.gonzalez.EntityStack.expandEntityValue(EntityStack.java:319)
    [junit] 	at org.bluezoo.gonzalez.EntityStack.expandGeneralEntity(EntityStack.java:221)
    [junit] 	at org.bluezoo.gonzalez.EntityStack.expandEntityValue(EntityStack.java:319)
    [junit] 	at org.bluezoo.gonzalez.EntityStack.expandGeneralEntity(EntityStack.java:221)
    [junit] 	at org.bluezoo.gonzalez.EntityStack.expandEntityValue(EntityStack.java:319)
    [junit] 	at org.bluezoo.gonzalez.EntityStack.expandGeneralEntity(EntityStack.java:221)
    [junit] 	at org.bluezoo.gonzalez.EntityStack.expandEntityValue(EntityStack.java:319)
    [junit] 	at org.bluezoo.gonzalez.EntityStack.expandGeneralEntity(EntityStack.java:221)
    [junit] 	at org.bluezoo.gonzalez.EntityStack.expandEntityValue(EntityStack.java:319)
    [junit] 	at org.bluezoo.gonzalez.EntityStack.expandGeneralEntity(EntityStack.java:221)
    [junit] 	at org.bluezoo.gonzalez.EntityStack.expandEntityValue(EntityStack.java:319)
    [junit] 	at org.bluezoo.gonzalez.EntityStack.expandGeneralEntity(EntityStack.java:221)
    [junit] 	at org.bluezoo.gonzalez.EntityStack.expandEntityValue(EntityStack.java:319)
    [junit] 	at org.bluezoo.gonzalez.EntityStack.expandGeneralEntity(EntityStack.java:221)
    [junit] 	at org.bluezoo.gonzalez.EntityStack.expandEntityValue(EntityStack.java:319)
    [junit] 	at org.bluezoo.gonzalez.EntityStack.expandGeneralEntity(EntityStack.java:221)
    [junit] 	at org.bluezoo.gonzalez.EntityStack.expandEntityValue(EntityStack.java:319)
    [junit] 	at org.bluezoo.gonzalez.EntityStack.expandGeneralEntity(EntityStack.java:221)
    [junit] 	at org.bluezoo.gonzalez.EntityStack.expandEntityValue(EntityStack.java:319)
    [junit] 	at org.bluezoo.gonzalez.EntityStack.expandGeneralEntity(EntityStack.java:221)
    [junit] 	at org.bluezoo.gonzalez.EntityStack.expandEntityValue(EntityStack.java:319)
    [junit] 	at org.bluezoo.gonzalez.EntityStack.expandGeneralEntity(EntityStack.java:221)
    [junit] 	at org.bluezoo.gonzalez.EntityStack.expandEntityValue(EntityStack.java:319)
    [junit] 	at org.bluezoo.gonzalez.EntityStack.expandGeneralEntity(EntityStack.java:221)
    [junit] 	at org.bluezoo.gonzalez.EntityStack.expandEntityValue(EntityStack.java:319)
    [junit] 	at org.bluezoo.gonzalez.EntityStack.expandGeneralEntity(EntityStack.java:221)
    [junit] 	at org.bluezoo.gonzalez.EntityStack.expandEntityValue(EntityStack.java:319)
    [junit] 	at org.bluezoo.gonzalez.EntityStack.expandGeneralEntity(EntityStack.java:221)
    [junit] 	at org.bluezoo.gonzalez.EntityStack.expandEntityValue(EntityStack.java:319)
    [junit] 	at org.bluezoo.gonzalez.EntityStack.expandGeneralEntity(EntityStack.java:221)
    [junit] 	at org.bluezoo.gonzalez.EntityStack.expandEntityValue(EntityStack.java:319)
    [junit] 	at org.bluezoo.gonzalez.EntityStack.expandGeneralEntity(EntityStack.java:221)
    [junit] 	at org.bluezoo.gonzalez.EntityStack.expandEntityValue(EntityStack.java:319)
    [junit] 	at org.bluezoo.gonzalez.EntityStack.expandGeneralEntity(EntityStack.java:221)
    [junit] 	at org.bluezoo.gonzalez.EntityStack.expandEntityValue(EntityStack.java:319)
    [junit] 	at org.bluezoo.gonzalez.EntityStack.expandGeneralEntity(EntityStack.java:221)
    [junit] 	at org.bluezoo.gonzalez.EntityStack.expandEntityValue(EntityStack.java:319)
    [junit] 	at org.bluezoo.gonzalez.EntityStack.expandGeneralEntity(EntityStack.java:221)
    [junit] 	at org.bluezoo.gonzalez.EntityStack.expandEntityValue(EntityStack.java:319)
    [junit] 	at org.bluezoo.gonzalez.EntityStack.expandGeneralEntity(EntityStack.java:221)
    [junit] 	at org.bluezoo.gonzalez.EntityStack.expandEntityValue(EntityStack.java:319)
    [junit] 	at org.bluezoo.gonzalez.EntityStack.expandGeneralEntity(EntityStack.java:221)
    [junit] 	at org.bluezoo.gonzalez.EntityStack.expandEntityValue(EntityStack.java:319)
    [junit] 	at org.bluezoo.gonzalez.EntityStack.expandGeneralEntity(EntityStack.java:221)
    [junit] 	at org.bluezoo.gonzalez.EntityStack.expandEntityValue(EntityStack.java:319)
    [junit] 	at org.bluezoo.gonzalez.EntityStack.expandGeneralEntity(EntityStack.java:221)
    [junit] 	at org.bluezoo.gonzalez.EntityStack.expandEntityValue(EntityStack.java:319)
    [junit] 	at org.bluezoo.gonzalez.EntityStack.expandGeneralEntity(EntityStack.java:221)
    [junit] 	at org.bluezoo.gonzalez.EntityStack.expandEntityValue(EntityStack.java:319)
    [junit] 	at org.bluezoo.gonzalez.EntityStack.expandGeneralEntity(EntityStack.java:221)
    [junit] 	at org.bluezoo.gonzalez.EntityStack.expandEntityValue(EntityStack.java:319)
    [junit] 	at org.bluezoo.gonzalez.EntityStack.expandGeneralEntity(EntityStack.java:221)
    [junit] 	at org.bluezoo.gonzalez.EntityStack.expandEntityValue(EntityStack.java:319)
    [junit] 	at org.bluezoo.gonzalez.EntityStack.expandGeneralEntity(EntityStack.java:221)
    [junit] 	at org.bluezoo.gonzalez.EntityStack.expandEntityValue(EntityStack.java:319)
    [junit] 	at org.bluezoo.gonzalez.EntityStack.expandGeneralEntity(EntityStack.java:221)
    [junit] 	at org.bluezoo.gonzalez.EntityStack.expandEntityValue(EntityStack.java:319)
    [junit] 	at org.bluezoo.gonzalez.EntityStack.expandGeneralEntity(EntityStack.java:221)
    [junit] 	at org.bluezoo.gonzalez.EntityStack.expandEntityValue(EntityStack.java:319)
    [junit] 	at org.bluezoo.gonzalez.EntityStack.expandGeneralEntity(EntityStack.java:221)
    [junit] 	at org.bluezoo.gonzalez.EntityStack.expandEntityValue(EntityStack.java:319)
    [junit] 	at org.bluezoo.gonzalez.EntityStack.expandGeneralEntity(EntityStack.java:221)
    [junit] 	at org.bluezoo.gonzalez.EntityStack.expandEntityValue(EntityStack.java:319)
    [junit] 	at org.bluezoo.gonzalez.EntityStack.expandGeneralEntity(EntityStack.java:221)
    [junit] 	at org.bluezoo.gonzalez.EntityStack.expandEntityValue(EntityStack.java:319)
    [junit] 	at org.bluezoo.gonzalez.EntityStack.expandGeneralEntity(EntityStack.java:221)
    [junit] 	at org.bluezoo.gonzalez.EntityStack.expandEntityValue(EntityStack.java:319)
    [junit] 	at org.bluezoo.gonzalez.EntityStack.expandGeneralEntity(EntityStack.java:221)
    [junit] 	at org.bluezoo.gonzalez.EntityStack.expandEntityValue(EntityStack.java:319)
    [junit] 	at org.bluezoo.gonzalez.EntityStack.expandGeneralEntity(EntityStack.java:221)
    [junit] 	at org.bluezoo.gonzalez.EntityStack.expandEntityValue(EntityStack.java:319)
    [junit] 	at org.bluezoo.gonzalez.EntityStack.expandGeneralEntity(EntityStack.java:221)
    [junit] 	at org.bluezoo.gonzalez.EntityStack.expandEntityValue(EntityStack.java:319)
    [junit] 	at org.bluezoo.gonzalez.EntityStack.expandGeneralEntity(EntityStack.java:221)
    [junit] 	at org.bluezoo.gonzalez.EntityStack.expandEntityValue(EntityStack.java:319)
    [junit] 	at org.bluezoo.gonzalez.EntityStack.expandGeneralEntity(EntityStack.java:221)
    [junit] 	at org.bluezoo.gonzalez.EntityStack.expandEntityValue(EntityStack.java:319)
    [junit] 	at org.bluezoo.gonzalez.EntityStack.expandGeneralEntity(EntityStack.java:221)
    [junit] 	at org.bluezoo.gonzalez.EntityStack.expandEntityValue(EntityStack.java:319)
    [junit] 	at org.bluezoo.gonzalez.EntityStack.expandGeneralEntity(EntityStack.java:221)
    [junit] 	at org.bluezoo.gonzalez.EntityStack.expandEntityValue(EntityStack.java:319)
    [junit] 	at org.bluezoo.gonzalez.EntityStack.expandGeneralEntity(EntityStack.java:221)
    [junit] 	at org.bluezoo.gonzalez.EntityStack.expandEntityValue(EntityStack.java:319)
    [junit] 	at org.bluezoo.gonzalez.EntityStack.expandGeneralEntity(EntityStack.java:221)
    [junit] 	at org.bluezoo.gonzalez.EntityStack.expandEntityValue(EntityStack.java:319)
    [junit] 	at org.bluezoo.gonzalez.EntityStack.expandGeneralEntity(EntityStack.java:221)
    [junit] 	at org.bluezoo.gonzalez.EntityStack.expandEntityValue(EntityStack.java:319)
    [junit] 	at org.bluezoo.gonzalez.EntityStack.expandGeneralEntity(EntityStack.java:221)
    [junit] 	at org.bluezoo.gonzalez.EntityStack.expandEntityValue(EntityStack.java:319)
    [junit] 	at org.bluezoo.gonzalez.EntityStack.expandGeneralEntity(EntityStack.java:221)
    [junit] 	at org.bluezoo.gonzalez.EntityStack.expandEntityValue(EntityStack.java:319)
    [junit] 	at org.bluezoo.gonzalez.EntityStack.expandGeneralEntity(EntityStack.java:221)
    [junit] 	at org.bluezoo.gonzalez.EntityStack.expandEntityValue(EntityStack.java:319)
    [junit] 	at org.bluezoo.gonzalez.EntityStack.expandGeneralEntity(EntityStack.java:221)
    [junit] 	at org.bluezoo.gonzalez.EntityStack.expandEntityValue(EntityStack.java:319)
    [junit] 	at org.bluezoo.gonzalez.EntityStack.expandGeneralEntity(EntityStack.java:221)
    [junit] 	at org.bluezoo.gonzalez.EntityStack.expandEntityValue(EntityStack.java:319)
    [junit] 	at org.bluezoo.gonzalez.EntityStack.expandGeneralEntity(EntityStack.java:221)
    [junit] 	at org.bluezoo.gonzalez.EntityStack.expandEntityValue(EntityStack.java:319)
    [junit] 	at org.bluezoo.gonzalez.EntityStack.expandGeneralEntity(EntityStack.java:221)
    [junit] 	at org.bluezoo.gonzalez.EntityStack.expandEntityValue(EntityStack.java:319)
    [junit] 	at org.bluezoo.gonzalez.EntityStack.expandGeneralEntity(EntityStack.java:221)
    [junit] 	at org.bluezoo.gonzalez.EntityStack.expandEntityValue(EntityStack.java:319)
    [junit] 	at org.bluezoo.gonzalez.EntityStack.expandGeneralEntity(EntityStack.java:221)
    [junit] 	at org.bluezoo.gonzalez.EntityStack.expandEntityValue(EntityStack.java:319)
    [junit] 	at org.bluezoo.gonzalez.EntityStack.expandGeneralEntity(EntityStack.java:221)
    [junit] 	at org.bluezoo.gonzalez.EntityStack.expandEntityValue(EntityStack.java:319)
    [junit] 	at org.bluezoo.gonzalez.EntityStack.expandGeneralEntity(EntityStack.java:221)
    [junit] 	at org.bluezoo.gonzalez.EntityStack.expandEntityValue(EntityStack.java:319)
    [junit] 	at org.bluezoo.gonzalez.EntityStack.expandGeneralEntity(EntityStack.java:221)
    [junit] 	at org.bluezoo.gonzalez.EntityStack.expandEntityValue(EntityStack.java:319)
    [junit] 	at org.bluezoo.gonzalez.EntityStack.expandGeneralEntity(EntityStack.java:221)
    [junit] 	at org.bluezoo.gonzalez.EntityStack.expandEntityValue(EntityStack.java:319)
    [junit] 	at org.bluezoo.gonzalez.EntityStack.expandGeneralEntity(EntityStack.java:221)
    [junit] 	at org.bluezoo.gonzalez.EntityStack.expandEntityValue(EntityStack.java:319)
    [junit] 	at org.bluezoo.gonzalez.EntityStack.expandGeneralEntity(EntityStack.java:221)
    [junit] 	at org.bluezoo.gonzalez.EntityStack.expandEntityValue(EntityStack.java:319)
    [junit] 	at org.bluezoo.gonzalez.EntityStack.expandGeneralEntity(EntityStack.java:221)
    [junit] 	at org.bluezoo.gonzalez.EntityStack.expandEntityValue(EntityStack.java:319)
    [junit] 	at org.bluezoo.gonzalez.EntityStack.expandGeneralEntity(EntityStack.java:221)
    [junit] 	at org.bluezoo.gonzalez.EntityStack.expandEntityValue(EntityStack.java:319)
    [junit] 	at org.bluezoo.gonzalez.EntityStack.expandGeneralEntity(EntityStack.java:221)
    [junit] 	at org.bluezoo.gonzalez.EntityStack.expandEntityValue(EntityStack.java:319)
    [junit] 	at org.bluezoo.gonzalez.EntityStack.expandGeneralEntity(EntityStack.java:221)
    [junit] 	at org.bluezoo.gonzalez.EntityStack.expandEntityValue(EntityStack.java:319)
    [junit] 	at org.bluezoo.gonzalez.EntityStack.expandGeneralEntity(EntityStack.java:221)
    [junit] 	at org.bluezoo.gonzalez.EntityStack.expandEntityValue(EntityStack.java:319)
    [junit] 	at org.bluezoo.gonzalez.EntityStack.expandGeneralEntity(EntityStack.java:221)
    [junit] 	at org.bluezoo.gonzalez.EntityStack.expandEntityValue(EntityStack.java:319)
    [junit] 	at org.bluezoo.gonzalez.EntityStack.expandGeneralEntity(EntityStack.java:221)
    [junit] 	at org.bluezoo.gonzalez.EntityStack.expandEntityValue(EntityStack.java:319)
    [junit] 	at org.bluezoo.gonzalez.EntityStack.expandGeneralEntity(EntityStack.java:221)
    [junit] 	at org.bluezoo.gonzalez.EntityStack.expandEntityValue(EntityStack.java:319)
    [junit] 	at org.bluezoo.gonzalez.EntityStack.expandGeneralEntity(EntityStack.java:221)
    [junit] 	at org.bluezoo.gonzalez.EntityStack.expandEntityValue(EntityStack.java:319)
    [junit] 	at org.bluezoo.gonzalez.EntityStack.expandGeneralEntity(EntityStack.java:221)
    [junit] 	at org.bluezoo.gonzalez.EntityStack.expandEntityValue(EntityStack.java:319)
    [junit] 	at org.bluezoo.gonzalez.EntityStack.expandGeneralEntity(EntityStack.java:221)
    [junit] 	at org.bluezoo.gonzalez.EntityStack.expandEntityValue(EntityStack.java:319)
    [junit] 	at org.bluezoo.gonzalez.EntityStack.expandGeneralEntity(EntityStack.java:221)
    [junit] 	at org.bluezoo.gonzalez.EntityStack.expandEntityValue(EntityStack.java:319)
    [junit] 	at org.bluezoo.gonzalez.EntityStack.expandGeneralEntity(EntityStack.java:221)
    [junit] 	at org.bluezoo.gonzalez.EntityStack.expandEntityValue(EntityStack.java:319)
    [junit] 	at org.bluezoo.gonzalez.EntityStack.expandGeneralEntity(EntityStack.java:221)
    [junit] 	at org.bluezoo.gonzalez.EntityStack.expandEntityValue(EntityStack.java:319)
    [junit] 	at org.bluezoo.gonzalez.EntityStack.expandGeneralEntity(EntityStack.java:221)
    [junit] 	at org.bluezoo.gonzalez.EntityStack.expandEntityValue(EntityStack.java:319)
    [junit] 	at org.bluezoo.gonzalez.EntityStack.expandGeneralEntity(EntityStack.java:221)
    [junit] 	at org.bluezoo.gonzalez.EntityStack.expandEntityValue(EntityStack.java:319)
    [junit] 	at org.bluezoo.gonzalez.EntityStack.expandGeneralEntity(EntityStack.java:221)
    [junit] 	at org.bluezoo.gonzalez.EntityStack.expandEntityValue(EntityStack.java:319)
    [junit] 	at org.bluezoo.gonzalez.EntityStack.expandGeneralEntity(EntityStack.java:221)
    [junit] 	at org.bluezoo.gonzalez.EntityStack.expandEntityValue(EntityStack.java:319)
    [junit] 	at org.bluezoo.gonzalez.EntityStack.expandGeneralEntity(EntityStack.java:221)
    [junit] 	at org.bluezoo.gonzalez.EntityStack.expandEntityValue(EntityStack.java:319)
    [junit] 	at org.bluezoo.gonzalez.EntityStack.expandGeneralEntity(EntityStack.java:221)
    [junit] 	at org.bluezoo.gonzalez.EntityStack.expandEntityValue(EntityStack.java:319)
    [junit] 	at org.bluezoo.gonzalez.EntityStack.expandGeneralEntity(EntityStack.java:221)
    [junit] 	at org.bluezoo.gonzalez.EntityStack.expandEntityValue(EntityStack.java:319)
    [junit] 	at org.bluezoo.gonzalez.EntityStack.expandGeneralEntity(EntityStack.java:221)
    [junit] 	at org.bluezoo.gonzalez.EntityStack.expandEntityValue(EntityStack.java:319)
    [junit] 	at org.bluezoo.gonzalez.EntityStack.expandGeneralEntity(EntityStack.java:221)
    [junit] 	at org.bluezoo.gonzalez.EntityStack.expandEntityValue(EntityStack.java:319)
    [junit] 	at org.bluezoo.gonzalez.EntityStack.expandGeneralEntity(EntityStack.java:221)
    [junit] 	at org.bluezoo.gonzalez.EntityStack.expandEntityValue(EntityStack.java:319)
    [junit] 	at org.bluezoo.gonzalez.EntityStack.expandGeneralEntity(EntityStack.java:221)
    [junit] 	at org.bluezoo.gonzalez.EntityStack.expandEntityValue(EntityStack.java:319)
    [junit] 	at org.bluezoo.gonzalez.EntityStack.expandGeneralEntity(EntityStack.java:221)
    [junit] 	at org.bluezoo.gonzalez.EntityStack.expandEntityValue(EntityStack.java:319)
    [junit] 	at org.bluezoo.gonzalez.EntityStack.expandGeneralEntity(EntityStack.java:221)
    [junit] 	at org.bluezoo.gonzalez.EntityStack.expandEntityValue(EntityStack.java:319)
    [junit] 	at org.bluezoo.gonzalez.EntityStack.expandGeneralEntity(EntityStack.java:221)
    [junit] 	at org.bluezoo.gonzalez.EntityStack.expandEntityValue(EntityStack.java:319)
    [junit] 	at org.bluezoo.gonzalez.EntityStack.expandGeneralEntity(EntityStack.java:221)
    [junit] 	at org.bluezoo.gonzalez.EntityStack.expandEntityValue(EntityStack.java:319)
    [junit] 	at org.bluezoo.gonzalez.EntityStack.expandGeneralEntity(EntityStack.java:221)
    [junit] 	at org.bluezoo.gonzalez.EntityStack.expandEntityValue(EntityStack.java:319)
    [junit] 	at org.bluezoo.gonzalez.EntityStack.expandGeneralEntity(EntityStack.java:221)
    [junit] 	at org.bluezoo.gonzalez.EntityStack.expandEntityValue(EntityStack.java:319)
    [junit] 	at org.bluezoo.gonzalez.EntityStack.expandGeneralEntity(EntityStack.java:221)
    [junit] 	at org.bluezoo.gonzalez.EntityStack.expandEntityValue(EntityStack.java:319)
    [junit] 	at org.bluezoo.gonzalez.EntityStack.expandGeneralEntity(EntityStack.java:221)
    [junit] 	at org.bluezoo.gonzalez.EntityStack.expandEntityValue(EntityStack.java:319)
    [junit] 	at org.bluezoo.gonzalez.EntityStack.expandGeneralEntity(EntityStack.java:221)
    [junit] 	at org.bluezoo.gonzalez.EntityStack.expandEntityValue(EntityStack.java:319)
    [junit] 	at org.bluezoo.gonzalez.EntityStack.expandGeneralEntity(EntityStack.java:221)
    [junit] 	at org.bluezoo.gonzalez.EntityStack.expandEntityValue(EntityStack.java:319)
    [junit] 	at org.bluezoo.gonzalez.EntityStack.expandGeneralEntity(EntityStack.java:221)
    [junit] 	at org.bluezoo.gonzalez.EntityStack.expandEntityValue(EntityStack.java:319)
    [junit] 	at org.bluezoo.gonzalez.EntityStack.expandGeneralEntity(EntityStack.java:221)
    [junit] 	at org.bluezoo.gonzalez.EntityStack.expandEntityValue(EntityStack.java:319)
    [junit] 	at org.bluezoo.gonzalez.EntityStack.expandGeneralEntity(EntityStack.java:221)
    [junit] 	at org.bluezoo.gonzalez.EntityStack.expandEntityValue(EntityStack.java:319)
    [junit] 	at org.bluezoo.gonzalez.EntityStack.expandGeneralEntity(EntityStack.java:221)
    [junit] 	at org.bluezoo.gonzalez.EntityStack.expandEntityValue(EntityStack.java:319)
    [junit] 	at org.bluezoo.gonzalez.EntityStack.expandGeneralEntity(EntityStack.java:221)
    [junit] 	at org.bluezoo.gonzalez.EntityStack.expandEntityValue(EntityStack.java:319)
    [junit] 	at org.bluezoo.gonzalez.EntityStack.expandGeneralEntity(EntityStack.java:221)
    [junit] 	at org.bluezoo.gonzalez.EntityStack.expandEntityValue(EntityStack.java:319)
    [junit] 	at org.bluezoo.gonzalez.EntityStack.expandGeneralEntity(EntityStack.java:221)
    [junit] 	at org.bluezoo.gonzalez.EntityStack.expandEntityValue(EntityStack.java:319)
    [junit] 	at org.bluezoo.gonzalez.EntityStack.expandGeneralEntity(EntityStack.java:221)
    [junit] 	at org.bluezoo.gonzalez.EntityStack.expandEntityValue(EntityStack.java:319)
    [junit] 	at org.bluezoo.gonzalez.EntityStack.expandGeneralEntity(EntityStack.java:221)
    [junit] 	at org.bluezoo.gonzalez.EntityStack.expandEntityValue(EntityStack.java:319)
    [junit] 	at org.bluezoo.gonzalez.EntityStack.expandGeneralEntity(EntityStack.java:221)
    [junit] 	at org.bluezoo.gonzalez.EntityStack.expandEntityValue(EntityStack.java:319)
    [junit] 	at org.bluezoo.gonzalez.EntityStack.expandGeneralEntity(EntityStack.java:221)
    [junit] 	at org.bluezoo.gonzalez.EntityStack.expandEntityValue(EntityStack.java:319)
    [junit] 	at org.bluezoo.gonzalez.EntityStack.expandGeneralEntity(EntityStack.java:221)
    [junit] 	at org.bluezoo.gonzalez.EntityStack.expandEntityValue(EntityStack.java:319)
    [junit] 	at org.bluezoo.gonzalez.EntityStack.expandGeneralEntity(EntityStack.java:221)
    [junit] 	at org.bluezoo.gonzalez.EntityStack.expandEntityValue(EntityStack.java:319)
    [junit] 	at org.bluezoo.gonzalez.EntityStack.expandGeneralEntity(EntityStack.java:221)
    [junit] 	at org.bluezoo.gonzalez.EntityStack.expandEntityValue(EntityStack.java:319)
    [junit] 	at org.bluezoo.gonzalez.EntityStack.expandGeneralEntity(EntityStack.java:221)
    [junit] 	at org.bluezoo.gonzalez.EntityStack.expandEntityValue(EntityStack.java:319)
    [junit] 	at org.bluezoo.gonzalez.EntityStack.expandGeneralEntity(EntityStack.java:221)
    [junit] 	at org.bluezoo.gonzalez.EntityStack.expandEntityValue(EntityStack.java:319)
    [junit] 	at org.bluezoo.gonzalez.EntityStack.expandGeneralEntity(EntityStack.java:221)
    [junit] 	at org.bluezoo.gonzalez.EntityStack.expandEntityValue(EntityStack.java:319)
    [junit] 	at org.bluezoo.gonzalez.EntityStack.expandGeneralEntity(EntityStack.java:221)
    [junit] 	at org.bluezoo.gonzalez.EntityStack.expandEntityValue(EntityStack.java:319)
    [junit] 	at org.bluezoo.gonzalez.EntityStack.expandGeneralEntity(EntityStack.java:221)
    [junit] 	at org.bluezoo.gonzalez.EntityStack.expandEntityValue(EntityStack.java:319)
    [junit] 	at org.bluezoo.gonzalez.EntityStack.expandGeneralEntity(EntityStack.java:221)
    [junit] 	at org.bluezoo.gonzalez.EntityStack.expandEntityValue(EntityStack.java:319)
    [junit] 	at org.bluezoo.gonzalez.EntityStack.expandGeneralEntity(EntityStack.java:221)
    [junit] 	at org.bluezoo.gonzalez.EntityStack.expandEntityValue(EntityStack.java:319)
    [junit] 	at org.bluezoo.gonzalez.EntityStack.expandGeneralEntity(EntityStack.java:221)
    [junit] 	at org.bluezoo.gonzalez.EntityStack.expandEntityValue(EntityStack.java:319)
    [junit] 	at org.bluezoo.gonzalez.EntityStack.expandGeneralEntity(EntityStack.java:221)
    [junit] 	at org.bluezoo.gonzalez.EntityStack.expandEntityValue(EntityStack.java:319)
    [junit] 	at org.bluezoo.gonzalez.EntityStack.expandGeneralEntity(EntityStack.java:221)
    [junit] 	at org.bluezoo.gonzalez.EntityStack.expandEntityValue(EntityStack.java:319)
    [junit] 	at org.bluezoo.gonzalez.EntityStack.expandGeneralEntity(EntityStack.java:221)
    [junit] 	at org.bluezoo.gonzalez.EntityStack.expandEntityValue(EntityStack.java:319)
    [junit] 	at org.bluezoo.gonzalez.EntityStack.expandGeneralEntity(EntityStack.java:221)
    [junit] 	at org.bluezoo.gonzalez.EntityStack.expandEntityValue(EntityStack.java:319)
    [junit] 	at org.bluezoo.gonzalez.EntityStack.expandGeneralEntity(EntityStack.java:221)
    [junit] 	at org.bluezoo.gonzalez.EntityStack.expandEntityValue(EntityStack.java:319)
    [junit] 	at org.bluezoo.gonzalez.EntityStack.expandGeneralEntity(EntityStack.java:221)
    [junit] 	at org.bluezoo.gonzalez.EntityStack.expandEntityValue(EntityStack.java:319)
    [junit] 	at org.bluezoo.gonzalez.EntityStack.expandGeneralEntity(EntityStack.java:221)
    [junit] 	at org.bluezoo.gonzalez.EntityStack.expandEntityValue(EntityStack.java:319)
    [junit] 	at org.bluezoo.gonzalez.EntityStack.expandGeneralEntity(EntityStack.java:221)
    [junit] 	at org.bluezoo.gonzalez.EntityStack.expandEntityValue(EntityStack.java:319)
    [junit] 	at org.bluezoo.gonzalez.EntityStack.expandGeneralEntity(EntityStack.java:221)
    [junit] 	at org.bluezoo.gonzalez.EntityStack.expandEntityValue(EntityStack.java:319)
    [junit] 	at org.bluezoo.gonzalez.EntityStack.expandGeneralEntity(EntityStack.java:221)
    [junit] 	at org.bluezoo.gonzalez.EntityStack.expandEntityValue(EntityStack.java:319)
    [junit] 	at org.bluezoo.gonzalez.EntityStack.expandGeneralEntity(EntityStack.java:221)
    [junit] 	at org.bluezoo.gonzalez.EntityStack.expandEntityValue(EntityStack.java:319)
    [junit] 	at org.bluezoo.gonzalez.EntityStack.expandGeneralEntity(EntityStack.java:221)
    [junit] 	at org.bluezoo.gonzalez.EntityStack.expandEntityValue(EntityStack.java:319)
    [junit] 	at org.bluezoo.gonzalez.EntityStack.expandGeneralEntity(EntityStack.java:221)
    [junit] 	at org.bluezoo.gonzalez.EntityStack.expandEntityValue(EntityStack.java:319)
    [junit] 	at org.bluezoo.gonzalez.EntityStack.expandGeneralEntity(EntityStack.java:221)
    [junit] 	at org.bluezoo.gonzalez.EntityStack.expandEntityValue(EntityStack.java:319)
    [junit] 	at org.bluezoo.gonzalez.EntityStack.expandGeneralEntity(EntityStack.java:221)
    [junit] 	at org.bluezoo.gonzalez.EntityStack.expandEntityValue(EntityStack.java:319)
    [junit] 	at org.bluezoo.gonzalez.EntityStack.expandGeneralEntity(EntityStack.java:221)
    [junit] 	at org.bluezoo.gonzalez.EntityStack.expandEntityValue(EntityStack.java:319)
    [junit] 	at org.bluezoo.gonzalez.EntityStack.expandGeneralEntity(EntityStack.java:221)
    [junit] 	at org.bluezoo.gonzalez.EntityStack.expandEntityValue(EntityStack.java:319)
    [junit] 	at org.bluezoo.gonzalez.EntityStack.expandGeneralEntity(EntityStack.java:221)
    [junit] 	at org.bluezoo.gonzalez.EntityStack.expandEntityValue(EntityStack.java:319)
    [junit] 	at org.bluezoo.gonzalez.EntityStack.expandGeneralEntity(EntityStack.java:221)
    [junit] 	at org.bluezoo.gonzalez.EntityStack.expandEntityValue(EntityStack.java:319)
    [junit] 	at org.bluezoo.gonzalez.EntityStack.expandGeneralEntity(EntityStack.java:221)
    [junit] 	at org.bluezoo.gonzalez.EntityStack.expandEntityValue(EntityStack.java:319)
    [junit] 	at org.bluezoo.gonzalez.EntityStack.expandGeneralEntity(EntityStack.java:221)
    [junit] 	at org.bluezoo.gonzalez.EntityStack.expandEntityValue(EntityStack.java:319)
    [junit] 	at org.bluezoo.gonzalez.EntityStack.expandGeneralEntity(EntityStack.java:221)
    [junit] 	at org.bluezoo.gonzalez.EntityStack.expandEntityValue(EntityStack.java:319)
    [junit] 	at org.bluezoo.gonzalez.EntityStack.expandGeneralEntity(EntityStack.java:221)
    [junit] 	at org.bluezoo.gonzalez.EntityStack.expandEntityValue(EntityStack.java:319)
    [junit] 	at org.bluezoo.gonzalez.EntityStack.expandGeneralEntity(EntityStack.java:221)
    [junit] 	at org.bluezoo.gonzalez.EntityStack.expandEntityValue(EntityStack.java:319)
    [junit] 	at org.bluezoo.gonzalez.EntityStack.expandGeneralEntity(EntityStack.java:221)
    [junit] 	at org.bluezoo.gonzalez.EntityStack.expandEntityValue(EntityStack.java:319)
    [junit] 	at org.bluezoo.gonzalez.EntityStack.expandGeneralEntity(EntityStack.java:221)
    [junit] 	at org.bluezoo.gonzalez.EntityStack.expandEntityValue(EntityStack.java:319)
    [junit] 	at org.bluezoo.gonzalez.EntityStack.expandGeneralEntity(EntityStack.java:221)
    [junit] 	at org.bluezoo.gonzalez.EntityStack.expandEntityValue(EntityStack.java:319)
    [junit] 	at org.bluezoo.gonzalez.EntityStack.expandGeneralEntity(EntityStack.java:221)
    [junit] 	at org.bluezoo.gonzalez.EntityStack.expandEntityValue(EntityStack.java:319)
    [junit] 	at org.bluezoo.gonzalez.EntityStack.expandGeneralEntity(EntityStack.java:221)
    [junit] 	at org.bluezoo.gonzalez.EntityStack.expandEntityValue(EntityStack.java:319)
    [junit] 	at org.bluezoo.gonzalez.EntityStack.expandGeneralEntity(EntityStack.java:221)
    [junit] 	at org.bluezoo.gonzalez.EntityStack.expandEntityValue(EntityStack.java:319)
    [junit] 	at org.bluezoo.gonzalez.EntityStack.expandGeneralEntity(EntityStack.java:221)
    [junit] 	at org.bluezoo.gonzalez.EntityStack.expandEntityValue(EntityStack.java:319)
    [junit] 	at org.bluezoo.gonzalez.EntityStack.expandGeneralEntity(EntityStack.java:221)
    [junit] 	at org.bluezoo.gonzalez.EntityStack.expandEntityValue(EntityStack.java:319)
    [junit] 	at org.bluezoo.gonzalez.EntityStack.expandGeneralEntity(EntityStack.java:221)
    [junit] 	at org.bluezoo.gonzalez.EntityStack.expandEntityValue(EntityStack.java:319)
    [junit] 	at org.bluezoo.gonzalez.EntityStack.expandGeneralEntity(EntityStack.java:221)
    [junit] 	at org.bluezoo.gonzalez.EntityStack.expandEntityValue(EntityStack.java:319)
    [junit] 	at org.bluezoo.gonzalez.EntityStack.expandGeneralEntity(EntityStack.java:221)
    [junit] 	at org.bluezoo.gonzalez.EntityStack.expandEntityValue(EntityStack.java:319)
    [junit] 	at org.bluezoo.gonzalez.EntityStack.expandGeneralEntity(EntityStack.java:221)
    [junit] 	at org.bluezoo.gonzalez.EntityStack.expandEntityValue(EntityStack.java:319)
    [junit] 	at org.bluezoo.gonzalez.EntityStack.expandGeneralEntity(EntityStack.java:221)
    [junit] 	at org.bluezoo.gonzalez.EntityStack.expandEntityValue(EntityStack.java:319)
    [junit] 	at org.bluezoo.gonzalez.EntityStack.expandGeneralEntity(EntityStack.java:221)
    [junit] 	at org.bluezoo.gonzalez.EntityStack.expandEntityValue(EntityStack.java:319)
    [junit] 	at org.bluezoo.gonzalez.EntityStack.expandGeneralEntity(EntityStack.java:221)
    [junit] 	at org.bluezoo.gonzalez.EntityStack.expandEntityValue(EntityStack.java:319)
    [junit] 	at org.bluezoo.gonzalez.EntityStack.expandGeneralEntity(EntityStack.java:221)
    [junit] 	at org.bluezoo.gonzalez.EntityStack.expandEntityValue(EntityStack.java:319)
    [junit] 	at org.bluezoo.gonzalez.EntityStack.expandGeneralEntity(EntityStack.java:221)
    [junit] 	at org.bluezoo.gonzalez.EntityStack.expandEntityValue(EntityStack.java:319)
    [junit] 	at org.bluezoo.gonzalez.EntityStack.expandGeneralEntity(EntityStack.java:221)
    [junit] 	at org.bluezoo.gonzalez.EntityStack.expandEntityValue(EntityStack.java:319)
    [junit] 	at org.bluezoo.gonzalez.EntityStack.expandGeneralEntity(EntityStack.java:221)
    [junit] 	at org.bluezoo.gonzalez.EntityStack.expandEntityValue(EntityStack.java:319)
    [junit] 	at org.bluezoo.gonzalez.EntityStack.expandGeneralEntity(EntityStack.java:221)
    [junit] 	at org.bluezoo.gonzalez.EntityStack.expandEntityValue(EntityStack.java:319)
    [junit] 	at org.bluezoo.gonzalez.EntityStack.expandGeneralEntity(EntityStack.java:221)
    [junit] 	at org.bluezoo.gonzalez.EntityStack.expandEntityValue(EntityStack.java:319)
    [junit] 	at org.bluezoo.gonzalez.EntityStack.expandGeneralEntity(EntityStack.java:221)
    [junit] 	at org.bluezoo.gonzalez.EntityStack.expandEntityValue(EntityStack.java:319)
    [junit] 	at org.bluezoo.gonzalez.EntityStack.expandGeneralEntity(EntityStack.java:221)
    [junit] 	at org.bluezoo.gonzalez.EntityStack.expandEntityValue(EntityStack.java:319)
    [junit] 	at org.bluezoo.gonzalez.EntityStack.expandGeneralEntity(EntityStack.java:221)
    [junit] 	at org.bluezoo.gonzalez.EntityStack.expandEntityValue(EntityStack.java:319)
    [junit] 	at org.bluezoo.gonzalez.EntityStack.expandGeneralEntity(EntityStack.java:221)
    [junit] 	at org.bluezoo.gonzalez.EntityStack.expandEntityValue(EntityStack.java:319)
    [junit] 	at org.bluezoo.gonzalez.EntityStack.expandGeneralEntity(EntityStack.java:221)
    [junit] 	at org.bluezoo.gonzalez.EntityStack.expandEntityValue(EntityStack.java:319)
    [junit] 	at org.bluezoo.gonzalez.EntityStack.expandGeneralEntity(EntityStack.java:221)
    [junit] 	at org.bluezoo.gonzalez.EntityStack.expandEntityValue(EntityStack.java:319)
    [junit] 	at org.bluezoo.gonzalez.EntityStack.expandGeneralEntity(EntityStack.java:221)
    [junit] 	at org.bluezoo.gonzalez.EntityStack.expandEntityValue(EntityStack.java:319)
    [junit] 	at org.bluezoo.gonzalez.EntityStack.expandGeneralEntity(EntityStack.java:221)
    [junit] 	at org.bluezoo.gonzalez.EntityStack.expandEntityValue(EntityStack.java:319)
    [junit] 	at org.bluezoo.gonzalez.EntityStack.expandGeneralEntity(EntityStack.java:221)
    [junit] 	at org.bluezoo.gonzalez.EntityStack.expandEntityValue(EntityStack.java:319)
    [junit] 	at org.bluezoo.gonzalez.EntityStack.expandGeneralEntity(EntityStack.java:221)
    [junit] 	at org.bluezoo.gonzalez.EntityStack.expandEntityValue(EntityStack.java:319)
    [junit] 	at org.bluezoo.gonzalez.EntityStack.expandGeneralEntity(EntityStack.java:221)
    [junit] 	at org.bluezoo.gonzalez.EntityStack.expandEntityValue(EntityStack.java:319)
    [junit] 	at org.bluezoo.gonzalez.EntityStack.expandGeneralEntity(EntityStack.java:221)
    [junit] 	at org.bluezoo.gonzalez.EntityStack.expandEntityValue(EntityStack.java:319)
    [junit] 	at org.bluezoo.gonzalez.EntityStack.expandGeneralEntity(EntityStack.java:221)
    [junit] 	at org.bluezoo.gonzalez.EntityStack.expandEntityValue(EntityStack.java:319)
    [junit] 	at org.bluezoo.gonzalez.EntityStack.expandGeneralEntity(EntityStack.java:221)
    [junit] 	at org.bluezoo.gonzalez.EntityStack.expandEntityValue(EntityStack.java:319)
    [junit] 	at org.bluezoo.gonzalez.EntityStack.expandGeneralEntity(EntityStack.java:221)
    [junit] 	at org.bluezoo.gonzalez.EntityStack.expandEntityValue(EntityStack.java:319)
    [junit] 	at org.bluezoo.gonzalez.EntityStack.expandGeneralEntity(EntityStack.java:221)
    [junit] 	at org.bluezoo.gonzalez.EntityStack.expandEntityValue(EntityStack.java:319)
    [junit] 	at org.bluezoo.gonzalez.EntityStack.expandGeneralEntity(EntityStack.java:221)
    [junit] 	at org.bluezoo.gonzalez.EntityStack.expandEntityValue(EntityStack.java:319)
    [junit] 	at org.bluezoo.gonzalez.EntityStack.expandGeneralEntity(EntityStack.java:221)
    [junit] 	at org.bluezoo.gonzalez.EntityStack.expandEntityValue(EntityStack.java:319)
    [junit] 	at org.bluezoo.gonzalez.EntityStack.expandGeneralEntity(EntityStack.java:221)
    [junit] 	at org.bluezoo.gonzalez.EntityStack.expandEntityValue(EntityStack.java:319)
    [junit] 	at org.bluezoo.gonzalez.EntityStack.expandGeneralEntity(EntityStack.java:221)
    [junit] 	at org.bluezoo.gonzalez.EntityStack.expandEntityValue(EntityStack.java:319)
    [junit] 	at org.bluezoo.gonzalez.EntityStack.expandGeneralEntity(EntityStack.java:221)
    [junit] 	at org.bluezoo.gonzalez.EntityStack.expandEntityValue(EntityStack.java:319)
    [junit] 	at org.bluezoo.gonzalez.EntityStack.expandGeneralEntity(EntityStack.java:221)
    [junit] 	at org.bluezoo.gonzalez.EntityStack.expandEntityValue(EntityStack.java:319)
    [junit] 	at org.bluezoo.gonzalez.EntityStack.expandGeneralEntity(EntityStack.java:221)
    [junit] 	at org.bluezoo.gonzalez.EntityStack.expandEntityValue(EntityStack.java:319)
    [junit] 	at org.bluezoo.gonzalez.EntityStack.expandGeneralEntity(EntityStack.java:221)
    [junit] 	at org.bluezoo.gonzalez.EntityStack.expandEntityValue(EntityStack.java:319)
    [junit] 	at org.bluezoo.gonzalez.EntityStack.expandGeneralEntity(EntityStack.java:221)
    [junit] 	at org.bluezoo.gonzalez.EntityStack.expandEntityValue(EntityStack.java:319)
    [junit] 	at org.bluezoo.gonzalez.EntityStack.expandGeneralEntity(EntityStack.java:221)
    [junit] 	at org.bluezoo.gonzalez.EntityStack.expandEntityValue(EntityStack.java:319)
    [junit] 	at org.bluezoo.gonzalez.EntityStack.expandGeneralEntity(EntityStack.java:221)
    [junit] 	at org.bluezoo.gonzalez.EntityStack.expandEntityValue(EntityStack.java:319)
    [junit] 	at org.bluezoo.gonzalez.EntityStack.expandGeneralEntity(EntityStack.java:221)
    [junit] 	at org.bluezoo.gonzalez.EntityStack.expandEntityValue(EntityStack.java:319)
    [junit] 	at org.bluezoo.gonzalez.EntityStack.expandGeneralEntity(EntityStack.java:221)
    [junit] 	at org.bluezoo.gonzalez.EntityStack.expandEntityValue(EntityStack.java:319)
    [junit] 	at org.bluezoo.gonzalez.EntityStack.expandGeneralEntity(EntityStack.java:221)
    [junit] 	at org.bluezoo.gonzalez.EntityStack.expandEntityValue(EntityStack.java:319)
    [junit] 	at org.bluezoo.gonzalez.EntityStack.expandGeneralEntity(EntityStack.java:221)
    [junit] 	at org.bluezoo.gonzalez.EntityStack.expandEntityValue(EntityStack.java:319)
    [junit] 	at org.bluezoo.gonzalez.EntityStack.expandGeneralEntity(EntityStack.java:221)
    [junit] 	at org.bluezoo.gonzalez.EntityStack.expandEntityValue(EntityStack.java:319)
    [junit] 	at org.bluezoo.gonzalez.EntityStack.expandGeneralEntity(EntityStack.java:221)
    [junit] 	at org.bluezoo.gonzalez.EntityStack.expandEntityValue(EntityStack.java:319)
    [junit] 	at org.bluezoo.gonzalez.EntityStack.expandGeneralEntity(EntityStack.java:221)
    [junit] 	at org.bluezoo.gonzalez.EntityStack.expandEntityValue(EntityStack.java:319)
    [junit] 	at org.bluezoo.gonzalez.EntityStack.expandGeneralEntity(EntityStack.java:221)
    [junit] 	at org.bluezoo.gonzalez.EntityStack.expandEntityValue(EntityStack.java:319)
    [junit] 	at org.bluezoo.gonzalez.EntityStack.expandGeneralEntity(EntityStack.java:221)
    [junit] 	at org.bluezoo.gonzalez.EntityStack.expandEntityValue(EntityStack.java:319)
    [junit] 	at org.bluezoo.gonzalez.EntityStack.expandGeneralEntity(EntityStack.java:221)
    [junit] 	at org.bluezoo.gonzalez.EntityStack.expandEntityValue(EntityStack.java:319)
    [junit] 	at org.bluezoo.gonzalez.EntityStack.expandGeneralEntity(EntityStack.java:221)
    [junit] 	at org.bluezoo.gonzalez.EntityStack.expandEntityValue(EntityStack.java:319)
    [junit] 	at org.bluezoo.gonzalez.EntityStack.expandGeneralEntity(EntityStack.java:221)
    [junit] 	at org.bluezoo.gonzalez.EntityStack.expandEntityValue(EntityStack.java:319)
    [junit] 	at org.bluezoo.gonzalez.EntityStack.expandGeneralEntity(EntityStack.java:221)
    [junit] 	at org.bluezoo.gonzalez.EntityStack.expandEntityValue(EntityStack.java:319)
    [junit] 	at org.bluezoo.gonzalez.EntityStack.expandGeneralEntity(EntityStack.java:221)
    [junit] 	at org.bluezoo.gonzalez.EntityStack.expandEntityValue(EntityStack.java:319)
    [junit] 	at org.bluezoo.gonzalez.EntityStack.expandGeneralEntity(EntityStack.java:221)
    [junit] 	at org.bluezoo.gonzalez.EntityStack.expandEntityValue(EntityStack.java:319)
    [junit] 	at org.bluezoo.gonzalez.EntityStack.expandGeneralEntity(EntityStack.java:221)
    [junit] 	at org.bluezoo.gonzalez.EntityStack.expandEntityValue(EntityStack.java:319)
    [junit] 	at org.bluezoo.gonzalez.EntityStack.expandGeneralEntity(EntityStack.java:221)
    [junit] 	at org.bluezoo.gonzalez.EntityStack.expandEntityValue(EntityStack.java:319)
    [junit] 	at org.bluezoo.gonzalez.EntityStack.expandGeneralEntity(EntityStack.java:221)
    [junit] 	at org.bluezoo.gonzalez.EntityStack.expandEntityValue(EntityStack.java:319)
    [junit] 	at org.bluezoo.gonzalez.EntityStack.expandGeneralEntity(EntityStack.java:221)
    [junit] 	at org.bluezoo.gonzalez.EntityStack.expandEntityValue(EntityStack.java:319)
    [junit] 	at org.bluezoo.gonzalez.EntityStack.expandGeneralEntity(EntityStack.java:221)
    [junit] 	at org.bluezoo.gonzalez.EntityStack.expandEntityValue(EntityStack.java:319)
    [junit] 	at org.bluezoo.gonzalez.EntityStack.expandGeneralEntity(EntityStack.java:221)
    [junit] 	at org.bluezoo.gonzalez.EntityStack.expandEntityValue(EntityStack.java:319)
    [junit] 	at org.bluezoo.gonzalez.EntityStack.expandGeneralEntity(EntityStack.java:221)
    [junit] 	at org.bluezoo.gonzalez.EntityStack.expandEntityValue(EntityStack.java:319)
    [junit] 	at org.bluezoo.gonzalez.EntityStack.expandGeneralEntity(EntityStack.java:221)
    [junit] 	at org.bluezoo.gonzalez.EntityStack.expandEntityValue(EntityStack.java:319)
    [junit] 	at org.bluezoo.gonzalez.EntityStack.expandGeneralEntity(EntityStack.java:221)
    [junit] 	at org.bluezoo.gonzalez.EntityStack.expandEntityValue(EntityStack.java:319)
    [junit] 	at org.bluezoo.gonzalez.EntityStack.expandGeneralEntity(EntityStack.java:221)
    [junit] 	at org.bluezoo.gonzalez.EntityStack.expandEntityValue(EntityStack.java:319)
    [junit] 	at org.bluezoo.gonzalez.EntityStack.expandGeneralEntity(EntityStack.java:221)
    [junit] 	at org.bluezoo.gonzalez.EntityStack.expandEntityValue(EntityStack.java:319)
    [junit] 	at org.bluezoo.gonzalez.EntityStack.expandGeneralEntity(EntityStack.java:221)
    [junit] 	at org.bluezoo.gonzalez.EntityStack.expandEntityValue(EntityStack.java:319)
    [junit] 	at org.bluezoo.gonzalez.EntityStack.expandGeneralEntity(EntityStack.java:221)
    [junit] 	at org.bluezoo.gonzalez.EntityStack.expandEntityValue(EntityStack.java:319)
    [junit] 	at org.bluezoo.gonzalez.EntityStack.expandGeneralEntity(EntityStack.java:221)
    [junit] 	at org.bluezoo.gonzalez.EntityStack.expandEntityValue(EntityStack.java:319)
    [junit] 	at org.bluezoo.gonzalez.EntityStack.expandGeneralEntity(EntityStack.java:221)
    [junit] 	at org.bluezoo.gonzalez.EntityStack.expandEntityValue(EntityStack.java:319)
    [junit] 	at org.bluezoo.gonzalez.EntityStack.expandGeneralEntity(EntityStack.java:221)
    [junit] 	at org.bluezoo.gonzalez.EntityStack.expandEntityValue(EntityStack.java:319)
    [junit] 	at org.bluezoo.gonzalez.EntityStack.expandGeneralEntity(EntityStack.java:221)
    [junit] 	at org.bluezoo.gonzalez.EntityStack.expandEntityValue(EntityStack.java:319)
    [junit] 	at org.bluezoo.gonzalez.EntityStack.expandGeneralEntity(EntityStack.java:221)
    [junit] 	at org.bluezoo.gonzalez.EntityStack.expandEntityValue(EntityStack.java:319)
    [junit] 	at org.bluezoo.gonzalez.EntityStack.expandGeneralEntity(EntityStack.java:221)
    [junit] 	at org.bluezoo.gonzalez.EntityStack.expandEntityValue(EntityStack.java:319)
    [junit] 	at org.bluezoo.gonzalez.EntityStack.expandGeneralEntity(EntityStack.java:221)
    [junit] 	at org.bluezoo.gonzalez.EntityStack.expandEntityValue(EntityStack.java:319)
    [junit] 	at org.bluezoo.gonzalez.EntityStack.expandGeneralEntity(EntityStack.java:221)
    [junit] 	at org.bluezoo.gonzalez.EntityStack.expandEntityValue(EntityStack.java:319)
    [junit] 	at org.bluezoo.gonzalez.EntityStack.expandGeneralEntity(EntityStack.java:221)
    [junit] 	at org.bluezoo.gonzalez.EntityStack.expandEntityValue(EntityStack.java:319)
    [junit] 	at org.bluezoo.gonzalez.EntityStack.expandGeneralEntity(EntityStack.java:221)
    [junit] 	at org.bluezoo.gonzalez.EntityStack.expandEntityValue(EntityStack.java:319)
    [junit] 	at org.bluezoo.gonzalez.EntityStack.expandGeneralEntity(EntityStack.java:221)
    [junit] 	at org.bluezoo.gonzalez.EntityStack.expandEntityValue(EntityStack.java:319)
    [junit] 	at org.bluezoo.gonzalez.EntityStack.expandGeneralEntity(EntityStack.java:221)
    [junit] 	at org.bluezoo.gonzalez.EntityStack.expandEntityValue(EntityStack.java:319)
    [junit] 	at org.bluezoo.gonzalez.EntityStack.expandGeneralEntity(EntityStack.java:221)
    [junit] 	at org.bluezoo.gonzalez.EntityStack.expandEntityValue(EntityStack.java:319)
    [junit] 	at org.bluezoo.gonzalez.EntityStack.expandGeneralEntity(EntityStack.java:221)
    [junit] 	at org.bluezoo.gonzalez.EntityStack.expandEntityValue(EntityStack.java:319)
    [junit] 	at org.bluezoo.gonzalez.EntityStack.expandGeneralEntity(EntityStack.java:221)
    [junit] 	at org.bluezoo.gonzalez.EntityStack.expandEntityValue(EntityStack.java:319)
    [junit] 	at org.bluezoo.gonzalez.EntityStack.expandGeneralEntity(EntityStack.java:221)
    [junit] 	at org.bluezoo.gonzalez.EntityStack.expandEntityValue(EntityStack.java:319)
    [junit] 	at org.bluezoo.gonzalez.EntityStack.expandGeneralEntity(EntityStack.java:221)
    [junit] 	at org.bluezoo.gonzalez.EntityStack.expandEntityValue(EntityStack.java:319)
    [junit] 	at org.bluezoo.gonzalez.EntityStack.expandGeneralEntity(EntityStack.java:221)
    [junit] 	at org.bluezoo.gonzalez.EntityStack.expandEntityValue(EntityStack.java:319)
    [junit] 	at org.bluezoo.gonzalez.EntityStack.expandGeneralEntity(EntityStack.java:221)
    [junit] 	at org.bluezoo.gonzalez.EntityStack.expandEntityValue(EntityStack.java:319)
    [junit] 	at org.bluezoo.gonzalez.EntityStack.expandGeneralEntity(EntityStack.java:221)
    [junit] 	at org.bluezoo.gonzalez.EntityStack.expandEntityValue(EntityStack.java:319)
    [junit] 	at org.bluezoo.gonzalez.EntityStack.expandGeneralEntity(EntityStack.java:221)
    [junit] 
    [junit] Testcase: runTest[not-wf-sa-076 (not-wf)] took 0.001 sec
    [junit] 	FAILED
    [junit] [not-wf-sa-076] NullPointerException: null: Undefined ENTITY foo.
    [junit] junit.framework.AssertionFailedError: [not-wf-sa-076] NullPointerException: null: Undefined ENTITY foo.
    [junit] 	at org.bluezoo.gonzalez.JamesClarkXmlTestConformanceTest.runTest(JamesClarkXmlTestConformanceTest.java:302)
    [junit] 	at jdk.internal.reflect.GeneratedMethodAccessor1.invoke(Unknown Source)
    [junit] 	at java.base/jdk.internal.reflect.DelegatingMethodAccessorImpl.invoke(DelegatingMethodAccessorImpl.java:43)
    [junit] 
    [junit] Testcase: runTest[not-wf-sa-077 (not-wf)] took 0 sec
    [junit] Testcase: runTest[not-wf-sa-078 (not-wf)] took 0 sec
    [junit] Testcase: runTest[not-wf-sa-079 (not-wf)] took 0.005 sec
    [junit] 	Caused an ERROR
    [junit] null
    [junit] java.lang.StackOverflowError
    [junit] 	at java.base/java.lang.StringBuilder.<init>(StringBuilder.java:103)
    [junit] 	at org.bluezoo.gonzalez.EntityStack.expandEntityValue(EntityStack.java:309)
    [junit] 	at org.bluezoo.gonzalez.EntityStack.expandGeneralEntity(EntityStack.java:221)
    [junit] 	at org.bluezoo.gonzalez.EntityStack.expandEntityValue(EntityStack.java:319)
    [junit] 	at org.bluezoo.gonzalez.EntityStack.expandGeneralEntity(EntityStack.java:221)
    [junit] 	at org.bluezoo.gonzalez.EntityStack.expandEntityValue(EntityStack.java:319)
    [junit] 	at org.bluezoo.gonzalez.EntityStack.expandGeneralEntity(EntityStack.java:221)
    [junit] 	at org.bluezoo.gonzalez.EntityStack.expandEntityValue(EntityStack.java:319)
    [junit] 	at org.bluezoo.gonzalez.EntityStack.expandGeneralEntity(EntityStack.java:221)
    [junit] 	at org.bluezoo.gonzalez.EntityStack.expandEntityValue(EntityStack.java:319)
    [junit] 	at org.bluezoo.gonzalez.EntityStack.expandGeneralEntity(EntityStack.java:221)
    [junit] 	at org.bluezoo.gonzalez.EntityStack.expandEntityValue(EntityStack.java:319)
    [junit] 	at org.bluezoo.gonzalez.EntityStack.expandGeneralEntity(EntityStack.java:221)
    [junit] 	at org.bluezoo.gonzalez.EntityStack.expandEntityValue(EntityStack.java:319)
    [junit] 	at org.bluezoo.gonzalez.EntityStack.expandGeneralEntity(EntityStack.java:221)
    [junit] 	at org.bluezoo.gonzalez.EntityStack.expandEntityValue(EntityStack.java:319)
    [junit] 	at org.bluezoo.gonzalez.EntityStack.expandGeneralEntity(EntityStack.java:221)
    [junit] 	at org.bluezoo.gonzalez.EntityStack.expandEntityValue(EntityStack.java:319)
    [junit] 	at org.bluezoo.gonzalez.EntityStack.expandGeneralEntity(EntityStack.java:221)
    [junit] 	at org.bluezoo.gonzalez.EntityStack.expandEntityValue(EntityStack.java:319)
    [junit] 	at org.bluezoo.gonzalez.EntityStack.expandGeneralEntity(EntityStack.java:221)
    [junit] 	at org.bluezoo.gonzalez.EntityStack.expandEntityValue(EntityStack.java:319)
    [junit] 	at org.bluezoo.gonzalez.EntityStack.expandGeneralEntity(EntityStack.java:221)
    [junit] 	at org.bluezoo.gonzalez.EntityStack.expandEntityValue(EntityStack.java:319)
    [junit] 	at org.bluezoo.gonzalez.EntityStack.expandGeneralEntity(EntityStack.java:221)
    [junit] 	at org.bluezoo.gonzalez.EntityStack.expandEntityValue(EntityStack.java:319)
    [junit] 	at org.bluezoo.gonzalez.EntityStack.expandGeneralEntity(EntityStack.java:221)
    [junit] 	at org.bluezoo.gonzalez.EntityStack.expandEntityValue(EntityStack.java:319)
    [junit] 	at org.bluezoo.gonzalez.EntityStack.expandGeneralEntity(EntityStack.java:221)
    [junit] 	at org.bluezoo.gonzalez.EntityStack.expandEntityValue(EntityStack.java:319)
    [junit] 	at org.bluezoo.gonzalez.EntityStack.expandGeneralEntity(EntityStack.java:221)
    [junit] 	at org.bluezoo.gonzalez.EntityStack.expandEntityValue(EntityStack.java:319)
    [junit] 	at org.bluezoo.gonzalez.EntityStack.expandGeneralEntity(EntityStack.java:221)
    [junit] 	at org.bluezoo.gonzalez.EntityStack.expandEntityValue(EntityStack.java:319)
    [junit] 	at org.bluezoo.gonzalez.EntityStack.expandGeneralEntity(EntityStack.java:221)
    [junit] 	at org.bluezoo.gonzalez.EntityStack.expandEntityValue(EntityStack.java:319)
    [junit] 	at org.bluezoo.gonzalez.EntityStack.expandGeneralEntity(EntityStack.java:221)
    [junit] 	at org.bluezoo.gonzalez.EntityStack.expandEntityValue(EntityStack.java:319)
    [junit] 	at org.bluezoo.gonzalez.EntityStack.expandGeneralEntity(EntityStack.java:221)
    [junit] 	at org.bluezoo.gonzalez.EntityStack.expandEntityValue(EntityStack.java:319)
    [junit] 	at org.bluezoo.gonzalez.EntityStack.expandGeneralEntity(EntityStack.java:221)
    [junit] 	at org.bluezoo.gonzalez.EntityStack.expandEntityValue(EntityStack.java:319)
    [junit] 	at org.bluezoo.gonzalez.EntityStack.expandGeneralEntity(EntityStack.java:221)
    [junit] 	at org.bluezoo.gonzalez.EntityStack.expandEntityValue(EntityStack.java:319)
    [junit] 	at org.bluezoo.gonzalez.EntityStack.expandGeneralEntity(EntityStack.java:221)
    [junit] 	at org.bluezoo.gonzalez.EntityStack.expandEntityValue(EntityStack.java:319)
    [junit] 	at org.bluezoo.gonzalez.EntityStack.expandGeneralEntity(EntityStack.java:221)
    [junit] 	at org.bluezoo.gonzalez.EntityStack.expandEntityValue(EntityStack.java:319)
    [junit] 	at org.bluezoo.gonzalez.EntityStack.expandGeneralEntity(EntityStack.java:221)
    [junit] 	at org.bluezoo.gonzalez.EntityStack.expandEntityValue(EntityStack.java:319)
    [junit] 	at org.bluezoo.gonzalez.EntityStack.expandGeneralEntity(EntityStack.java:221)
    [junit] 	at org.bluezoo.gonzalez.EntityStack.expandEntityValue(EntityStack.java:319)
    [junit] 	at org.bluezoo.gonzalez.EntityStack.expandGeneralEntity(EntityStack.java:221)
    [junit] 	at org.bluezoo.gonzalez.EntityStack.expandEntityValue(EntityStack.java:319)
    [junit] 	at org.bluezoo.gonzalez.EntityStack.expandGeneralEntity(EntityStack.java:221)
    [junit] 	at org.bluezoo.gonzalez.EntityStack.expandEntityValue(EntityStack.java:319)
    [junit] 	at org.bluezoo.gonzalez.EntityStack.expandGeneralEntity(EntityStack.java:221)
    [junit] 	at org.bluezoo.gonzalez.EntityStack.expandEntityValue(EntityStack.java:319)
    [junit] 	at org.bluezoo.gonzalez.EntityStack.expandGeneralEntity(EntityStack.java:221)
    [junit] 	at org.bluezoo.gonzalez.EntityStack.expandEntityValue(EntityStack.java:319)
    [junit] 	at org.bluezoo.gonzalez.EntityStack.expandGeneralEntity(EntityStack.java:221)
    [junit] 	at org.bluezoo.gonzalez.EntityStack.expandEntityValue(EntityStack.java:319)
    [junit] 	at org.bluezoo.gonzalez.EntityStack.expandGeneralEntity(EntityStack.java:221)
    [junit] 	at org.bluezoo.gonzalez.EntityStack.expandEntityValue(EntityStack.java:319)
    [junit] 	at org.bluezoo.gonzalez.EntityStack.expandGeneralEntity(EntityStack.java:221)
    [junit] 	at org.bluezoo.gonzalez.EntityStack.expandEntityValue(EntityStack.java:319)
    [junit] 	at org.bluezoo.gonzalez.EntityStack.expandGeneralEntity(EntityStack.java:221)
    [junit] 	at org.bluezoo.gonzalez.EntityStack.expandEntityValue(EntityStack.java:319)
    [junit] 	at org.bluezoo.gonzalez.EntityStack.expandGeneralEntity(EntityStack.java:221)
    [junit] 	at org.bluezoo.gonzalez.EntityStack.expandEntityValue(EntityStack.java:319)
    [junit] 	at org.bluezoo.gonzalez.EntityStack.expandGeneralEntity(EntityStack.java:221)
    [junit] 	at org.bluezoo.gonzalez.EntityStack.expandEntityValue(EntityStack.java:319)
    [junit] 	at org.bluezoo.gonzalez.EntityStack.expandGeneralEntity(EntityStack.java:221)
    [junit] 	at org.bluezoo.gonzalez.EntityStack.expandEntityValue(EntityStack.java:319)
    [junit] 	at org.bluezoo.gonzalez.EntityStack.expandGeneralEntity(EntityStack.java:221)
    [junit] 	at org.bluezoo.gonzalez.EntityStack.expandEntityValue(EntityStack.java:319)
    [junit] 	at org.bluezoo.gonzalez.EntityStack.expandGeneralEntity(EntityStack.java:221)
    [junit] 	at org.bluezoo.gonzalez.EntityStack.expandEntityValue(EntityStack.java:319)
    [junit] 	at org.bluezoo.gonzalez.EntityStack.expandGeneralEntity(EntityStack.java:221)
    [junit] 	at org.bluezoo.gonzalez.EntityStack.expandEntityValue(EntityStack.java:319)
    [junit] 	at org.bluezoo.gonzalez.EntityStack.expandGeneralEntity(EntityStack.java:221)
    [junit] 	at org.bluezoo.gonzalez.EntityStack.expandEntityValue(EntityStack.java:319)
    [junit] 	at org.bluezoo.gonzalez.EntityStack.expandGeneralEntity(EntityStack.java:221)
    [junit] 	at org.bluezoo.gonzalez.EntityStack.expandEntityValue(EntityStack.java:319)
    [junit] 	at org.bluezoo.gonzalez.EntityStack.expandGeneralEntity(EntityStack.java:221)
    [junit] 	at org.bluezoo.gonzalez.EntityStack.expandEntityValue(EntityStack.java:319)
    [junit] 	at org.bluezoo.gonzalez.EntityStack.expandGeneralEntity(EntityStack.java:221)
    [junit] 	at org.bluezoo.gonzalez.EntityStack.expandEntityValue(EntityStack.java:319)
    [junit] 	at org.bluezoo.gonzalez.EntityStack.expandGeneralEntity(EntityStack.java:221)
    [junit] 	at org.bluezoo.gonzalez.EntityStack.expandEntityValue(EntityStack.java:319)
    [junit] 	at org.bluezoo.gonzalez.EntityStack.expandGeneralEntity(EntityStack.java:221)
    [junit] 	at org.bluezoo.gonzalez.EntityStack.expandEntityValue(EntityStack.java:319)
    [junit] 	at org.bluezoo.gonzalez.EntityStack.expandGeneralEntity(EntityStack.java:221)
    [junit] 	at org.bluezoo.gonzalez.EntityStack.expandEntityValue(EntityStack.java:319)
    [junit] 	at org.bluezoo.gonzalez.EntityStack.expandGeneralEntity(EntityStack.java:221)
    [junit] 	at org.bluezoo.gonzalez.EntityStack.expandEntityValue(EntityStack.java:319)
    [junit] 	at org.bluezoo.gonzalez.EntityStack.expandGeneralEntity(EntityStack.java:221)
    [junit] 	at org.bluezoo.gonzalez.EntityStack.expandEntityValue(EntityStack.java:319)
    [junit] 	at org.bluezoo.gonzalez.EntityStack.expandGeneralEntity(EntityStack.java:221)
    [junit] 	at org.bluezoo.gonzalez.EntityStack.expandEntityValue(EntityStack.java:319)
    [junit] 	at org.bluezoo.gonzalez.EntityStack.expandGeneralEntity(EntityStack.java:221)
    [junit] 	at org.bluezoo.gonzalez.EntityStack.expandEntityValue(EntityStack.java:319)
    [junit] 	at org.bluezoo.gonzalez.EntityStack.expandGeneralEntity(EntityStack.java:221)
    [junit] 	at org.bluezoo.gonzalez.EntityStack.expandEntityValue(EntityStack.java:319)
    [junit] 	at org.bluezoo.gonzalez.EntityStack.expandGeneralEntity(EntityStack.java:221)
    [junit] 	at org.bluezoo.gonzalez.EntityStack.expandEntityValue(EntityStack.java:319)
    [junit] 	at org.bluezoo.gonzalez.EntityStack.expandGeneralEntity(EntityStack.java:221)
    [junit] 	at org.bluezoo.gonzalez.EntityStack.expandEntityValue(EntityStack.java:319)
    [junit] 	at org.bluezoo.gonzalez.EntityStack.expandGeneralEntity(EntityStack.java:221)
    [junit] 	at org.bluezoo.gonzalez.EntityStack.expandEntityValue(EntityStack.java:319)
    [junit] 	at org.bluezoo.gonzalez.EntityStack.expandGeneralEntity(EntityStack.java:221)
    [junit] 	at org.bluezoo.gonzalez.EntityStack.expandEntityValue(EntityStack.java:319)
    [junit] 	at org.bluezoo.gonzalez.EntityStack.expandGeneralEntity(EntityStack.java:221)
    [junit] 	at org.bluezoo.gonzalez.EntityStack.expandEntityValue(EntityStack.java:319)
    [junit] 	at org.bluezoo.gonzalez.EntityStack.expandGeneralEntity(EntityStack.java:221)
    [junit] 	at org.bluezoo.gonzalez.EntityStack.expandEntityValue(EntityStack.java:319)
    [junit] 	at org.bluezoo.gonzalez.EntityStack.expandGeneralEntity(EntityStack.java:221)
    [junit] 	at org.bluezoo.gonzalez.EntityStack.expandEntityValue(EntityStack.java:319)
    [junit] 	at org.bluezoo.gonzalez.EntityStack.expandGeneralEntity(EntityStack.java:221)
    [junit] 	at org.bluezoo.gonzalez.EntityStack.expandEntityValue(EntityStack.java:319)
    [junit] 	at org.bluezoo.gonzalez.EntityStack.expandGeneralEntity(EntityStack.java:221)
    [junit] 	at org.bluezoo.gonzalez.EntityStack.expandEntityValue(EntityStack.java:319)
    [junit] 	at org.bluezoo.gonzalez.EntityStack.expandGeneralEntity(EntityStack.java:221)
    [junit] 	at org.bluezoo.gonzalez.EntityStack.expandEntityValue(EntityStack.java:319)
    [junit] 	at org.bluezoo.gonzalez.EntityStack.expandGeneralEntity(EntityStack.java:221)
    [junit] 	at org.bluezoo.gonzalez.EntityStack.expandEntityValue(EntityStack.java:319)
    [junit] 	at org.bluezoo.gonzalez.EntityStack.expandGeneralEntity(EntityStack.java:221)
    [junit] 	at org.bluezoo.gonzalez.EntityStack.expandEntityValue(EntityStack.java:319)
    [junit] 	at org.bluezoo.gonzalez.EntityStack.expandGeneralEntity(EntityStack.java:221)
    [junit] 	at org.bluezoo.gonzalez.EntityStack.expandEntityValue(EntityStack.java:319)
    [junit] 	at org.bluezoo.gonzalez.EntityStack.expandGeneralEntity(EntityStack.java:221)
    [junit] 	at org.bluezoo.gonzalez.EntityStack.expandEntityValue(EntityStack.java:319)
    [junit] 	at org.bluezoo.gonzalez.EntityStack.expandGeneralEntity(EntityStack.java:221)
    [junit] 	at org.bluezoo.gonzalez.EntityStack.expandEntityValue(EntityStack.java:319)
    [junit] 	at org.bluezoo.gonzalez.EntityStack.expandGeneralEntity(EntityStack.java:221)
    [junit] 	at org.bluezoo.gonzalez.EntityStack.expandEntityValue(EntityStack.java:319)
    [junit] 	at org.bluezoo.gonzalez.EntityStack.expandGeneralEntity(EntityStack.java:221)
    [junit] 	at org.bluezoo.gonzalez.EntityStack.expandEntityValue(EntityStack.java:319)
    [junit] 	at org.bluezoo.gonzalez.EntityStack.expandGeneralEntity(EntityStack.java:221)
    [junit] 	at org.bluezoo.gonzalez.EntityStack.expandEntityValue(EntityStack.java:319)
    [junit] 	at org.bluezoo.gonzalez.EntityStack.expandGeneralEntity(EntityStack.java:221)
    [junit] 	at org.bluezoo.gonzalez.EntityStack.expandEntityValue(EntityStack.java:319)
    [junit] 	at org.bluezoo.gonzalez.EntityStack.expandGeneralEntity(EntityStack.java:221)
    [junit] 	at org.bluezoo.gonzalez.EntityStack.expandEntityValue(EntityStack.java:319)
    [junit] 	at org.bluezoo.gonzalez.EntityStack.expandGeneralEntity(EntityStack.java:221)
    [junit] 	at org.bluezoo.gonzalez.EntityStack.expandEntityValue(EntityStack.java:319)
    [junit] 	at org.bluezoo.gonzalez.EntityStack.expandGeneralEntity(EntityStack.java:221)
    [junit] 	at org.bluezoo.gonzalez.EntityStack.expandEntityValue(EntityStack.java:319)
    [junit] 	at org.bluezoo.gonzalez.EntityStack.expandGeneralEntity(EntityStack.java:221)
    [junit] 	at org.bluezoo.gonzalez.EntityStack.expandEntityValue(EntityStack.java:319)
    [junit] 	at org.bluezoo.gonzalez.EntityStack.expandGeneralEntity(EntityStack.java:221)
    [junit] 	at org.bluezoo.gonzalez.EntityStack.expandEntityValue(EntityStack.java:319)
    [junit] 	at org.bluezoo.gonzalez.EntityStack.expandGeneralEntity(EntityStack.java:221)
    [junit] 	at org.bluezoo.gonzalez.EntityStack.expandEntityValue(EntityStack.java:319)
    [junit] 	at org.bluezoo.gonzalez.EntityStack.expandGeneralEntity(EntityStack.java:221)
    [junit] 	at org.bluezoo.gonzalez.EntityStack.expandEntityValue(EntityStack.java:319)
    [junit] 	at org.bluezoo.gonzalez.EntityStack.expandGeneralEntity(EntityStack.java:221)
    [junit] 	at org.bluezoo.gonzalez.EntityStack.expandEntityValue(EntityStack.java:319)
    [junit] 	at org.bluezoo.gonzalez.EntityStack.expandGeneralEntity(EntityStack.java:221)
    [junit] 	at org.bluezoo.gonzalez.EntityStack.expandEntityValue(EntityStack.java:319)
    [junit] 	at org.bluezoo.gonzalez.EntityStack.expandGeneralEntity(EntityStack.java:221)
    [junit] 	at org.bluezoo.gonzalez.EntityStack.expandEntityValue(EntityStack.java:319)
    [junit] 	at org.bluezoo.gonzalez.EntityStack.expandGeneralEntity(EntityStack.java:221)
    [junit] 	at org.bluezoo.gonzalez.EntityStack.expandEntityValue(EntityStack.java:319)
    [junit] 	at org.bluezoo.gonzalez.EntityStack.expandGeneralEntity(EntityStack.java:221)
    [junit] 	at org.bluezoo.gonzalez.EntityStack.expandEntityValue(EntityStack.java:319)
    [junit] 	at org.bluezoo.gonzalez.EntityStack.expandGeneralEntity(EntityStack.java:221)
    [junit] 	at org.bluezoo.gonzalez.EntityStack.expandEntityValue(EntityStack.java:319)
    [junit] 	at org.bluezoo.gonzalez.EntityStack.expandGeneralEntity(EntityStack.java:221)
    [junit] 	at org.bluezoo.gonzalez.EntityStack.expandEntityValue(EntityStack.java:319)
    [junit] 	at org.bluezoo.gonzalez.EntityStack.expandGeneralEntity(EntityStack.java:221)
    [junit] 	at org.bluezoo.gonzalez.EntityStack.expandEntityValue(EntityStack.java:319)
    [junit] 	at org.bluezoo.gonzalez.EntityStack.expandGeneralEntity(EntityStack.java:221)
    [junit] 	at org.bluezoo.gonzalez.EntityStack.expandEntityValue(EntityStack.java:319)
    [junit] 	at org.bluezoo.gonzalez.EntityStack.expandGeneralEntity(EntityStack.java:221)
    [junit] 	at org.bluezoo.gonzalez.EntityStack.expandEntityValue(EntityStack.java:319)
    [junit] 	at org.bluezoo.gonzalez.EntityStack.expandGeneralEntity(EntityStack.java:221)
    [junit] 	at org.bluezoo.gonzalez.EntityStack.expandEntityValue(EntityStack.java:319)
    [junit] 	at org.bluezoo.gonzalez.EntityStack.expandGeneralEntity(EntityStack.java:221)
    [junit] 	at org.bluezoo.gonzalez.EntityStack.expandEntityValue(EntityStack.java:319)
    [junit] 	at org.bluezoo.gonzalez.EntityStack.expandGeneralEntity(EntityStack.java:221)
    [junit] 	at org.bluezoo.gonzalez.EntityStack.expandEntityValue(EntityStack.java:319)
    [junit] 	at org.bluezoo.gonzalez.EntityStack.expandGeneralEntity(EntityStack.java:221)
    [junit] 	at org.bluezoo.gonzalez.EntityStack.expandEntityValue(EntityStack.java:319)
    [junit] 	at org.bluezoo.gonzalez.EntityStack.expandGeneralEntity(EntityStack.java:221)
    [junit] 	at org.bluezoo.gonzalez.EntityStack.expandEntityValue(EntityStack.java:319)
    [junit] 	at org.bluezoo.gonzalez.EntityStack.expandGeneralEntity(EntityStack.java:221)
    [junit] 	at org.bluezoo.gonzalez.EntityStack.expandEntityValue(EntityStack.java:319)
    [junit] 	at org.bluezoo.gonzalez.EntityStack.expandGeneralEntity(EntityStack.java:221)
    [junit] 	at org.bluezoo.gonzalez.EntityStack.expandEntityValue(EntityStack.java:319)
    [junit] 	at org.bluezoo.gonzalez.EntityStack.expandGeneralEntity(EntityStack.java:221)
    [junit] 	at org.bluezoo.gonzalez.EntityStack.expandEntityValue(EntityStack.java:319)
    [junit] 	at org.bluezoo.gonzalez.EntityStack.expandGeneralEntity(EntityStack.java:221)
    [junit] 	at org.bluezoo.gonzalez.EntityStack.expandEntityValue(EntityStack.java:319)
    [junit] 	at org.bluezoo.gonzalez.EntityStack.expandGeneralEntity(EntityStack.java:221)
    [junit] 	at org.bluezoo.gonzalez.EntityStack.expandEntityValue(EntityStack.java:319)
    [junit] 	at org.bluezoo.gonzalez.EntityStack.expandGeneralEntity(EntityStack.java:221)
    [junit] 	at org.bluezoo.gonzalez.EntityStack.expandEntityValue(EntityStack.java:319)
    [junit] 	at org.bluezoo.gonzalez.EntityStack.expandGeneralEntity(EntityStack.java:221)
    [junit] 	at org.bluezoo.gonzalez.EntityStack.expandEntityValue(EntityStack.java:319)
    [junit] 	at org.bluezoo.gonzalez.EntityStack.expandGeneralEntity(EntityStack.java:221)
    [junit] 	at org.bluezoo.gonzalez.EntityStack.expandEntityValue(EntityStack.java:319)
    [junit] 	at org.bluezoo.gonzalez.EntityStack.expandGeneralEntity(EntityStack.java:221)
    [junit] 	at org.bluezoo.gonzalez.EntityStack.expandEntityValue(EntityStack.java:319)
    [junit] 	at org.bluezoo.gonzalez.EntityStack.expandGeneralEntity(EntityStack.java:221)
    [junit] 	at org.bluezoo.gonzalez.EntityStack.expandEntityValue(EntityStack.java:319)
    [junit] 	at org.bluezoo.gonzalez.EntityStack.expandGeneralEntity(EntityStack.java:221)
    [junit] 	at org.bluezoo.gonzalez.EntityStack.expandEntityValue(EntityStack.java:319)
    [junit] 	at org.bluezoo.gonzalez.EntityStack.expandGeneralEntity(EntityStack.java:221)
    [junit] 	at org.bluezoo.gonzalez.EntityStack.expandEntityValue(EntityStack.java:319)
    [junit] 	at org.bluezoo.gonzalez.EntityStack.expandGeneralEntity(EntityStack.java:221)
    [junit] 	at org.bluezoo.gonzalez.EntityStack.expandEntityValue(EntityStack.java:319)
    [junit] 	at org.bluezoo.gonzalez.EntityStack.expandGeneralEntity(EntityStack.java:221)
    [junit] 	at org.bluezoo.gonzalez.EntityStack.expandEntityValue(EntityStack.java:319)
    [junit] 	at org.bluezoo.gonzalez.EntityStack.expandGeneralEntity(EntityStack.java:221)
    [junit] 	at org.bluezoo.gonzalez.EntityStack.expandEntityValue(EntityStack.java:319)
    [junit] 	at org.bluezoo.gonzalez.EntityStack.expandGeneralEntity(EntityStack.java:221)
    [junit] 	at org.bluezoo.gonzalez.EntityStack.expandEntityValue(EntityStack.java:319)
    [junit] 	at org.bluezoo.gonzalez.EntityStack.expandGeneralEntity(EntityStack.java:221)
    [junit] 	at org.bluezoo.gonzalez.EntityStack.expandEntityValue(EntityStack.java:319)
    [junit] 	at org.bluezoo.gonzalez.EntityStack.expandGeneralEntity(EntityStack.java:221)
    [junit] 	at org.bluezoo.gonzalez.EntityStack.expandEntityValue(EntityStack.java:319)
    [junit] 	at org.bluezoo.gonzalez.EntityStack.expandGeneralEntity(EntityStack.java:221)
    [junit] 	at org.bluezoo.gonzalez.EntityStack.expandEntityValue(EntityStack.java:319)
    [junit] 	at org.bluezoo.gonzalez.EntityStack.expandGeneralEntity(EntityStack.java:221)
    [junit] 	at org.bluezoo.gonzalez.EntityStack.expandEntityValue(EntityStack.java:319)
    [junit] 	at org.bluezoo.gonzalez.EntityStack.expandGeneralEntity(EntityStack.java:221)
    [junit] 	at org.bluezoo.gonzalez.EntityStack.expandEntityValue(EntityStack.java:319)
    [junit] 	at org.bluezoo.gonzalez.EntityStack.expandGeneralEntity(EntityStack.java:221)
    [junit] 	at org.bluezoo.gonzalez.EntityStack.expandEntityValue(EntityStack.java:319)
    [junit] 	at org.bluezoo.gonzalez.EntityStack.expandGeneralEntity(EntityStack.java:221)
    [junit] 	at org.bluezoo.gonzalez.EntityStack.expandEntityValue(EntityStack.java:319)
    [junit] 	at org.bluezoo.gonzalez.EntityStack.expandGeneralEntity(EntityStack.java:221)
    [junit] 	at org.bluezoo.gonzalez.EntityStack.expandEntityValue(EntityStack.java:319)
    [junit] 	at org.bluezoo.gonzalez.EntityStack.expandGeneralEntity(EntityStack.java:221)
    [junit] 	at org.bluezoo.gonzalez.EntityStack.expandEntityValue(EntityStack.java:319)
    [junit] 	at org.bluezoo.gonzalez.EntityStack.expandGeneralEntity(EntityStack.java:221)
    [junit] 	at org.bluezoo.gonzalez.EntityStack.expandEntityValue(EntityStack.java:319)
    [junit] 	at org.bluezoo.gonzalez.EntityStack.expandGeneralEntity(EntityStack.java:221)
    [junit] 	at org.bluezoo.gonzalez.EntityStack.expandEntityValue(EntityStack.java:319)
    [junit] 	at org.bluezoo.gonzalez.EntityStack.expandGeneralEntity(EntityStack.java:221)
    [junit] 	at org.bluezoo.gonzalez.EntityStack.expandEntityValue(EntityStack.java:319)
    [junit] 	at org.bluezoo.gonzalez.EntityStack.expandGeneralEntity(EntityStack.java:221)
    [junit] 	at org.bluezoo.gonzalez.EntityStack.expandEntityValue(EntityStack.java:319)
    [junit] 	at org.bluezoo.gonzalez.EntityStack.expandGeneralEntity(EntityStack.java:221)
    [junit] 	at org.bluezoo.gonzalez.EntityStack.expandEntityValue(EntityStack.java:319)
    [junit] 	at org.bluezoo.gonzalez.EntityStack.expandGeneralEntity(EntityStack.java:221)
    [junit] 	at org.bluezoo.gonzalez.EntityStack.expandEntityValue(EntityStack.java:319)
    [junit] 	at org.bluezoo.gonzalez.EntityStack.expandGeneralEntity(EntityStack.java:221)
    [junit] 	at org.bluezoo.gonzalez.EntityStack.expandEntityValue(EntityStack.java:319)
    [junit] 	at org.bluezoo.gonzalez.EntityStack.expandGeneralEntity(EntityStack.java:221)
    [junit] 	at org.bluezoo.gonzalez.EntityStack.expandEntityValue(EntityStack.java:319)
    [junit] 	at org.bluezoo.gonzalez.EntityStack.expandGeneralEntity(EntityStack.java:221)
    [junit] 	at org.bluezoo.gonzalez.EntityStack.expandEntityValue(EntityStack.java:319)
    [junit] 	at org.bluezoo.gonzalez.EntityStack.expandGeneralEntity(EntityStack.java:221)
    [junit] 	at org.bluezoo.gonzalez.EntityStack.expandEntityValue(EntityStack.java:319)
    [junit] 	at org.bluezoo.gonzalez.EntityStack.expandGeneralEntity(EntityStack.java:221)
    [junit] 	at org.bluezoo.gonzalez.EntityStack.expandEntityValue(EntityStack.java:319)
    [junit] 	at org.bluezoo.gonzalez.EntityStack.expandGeneralEntity(EntityStack.java:221)
    [junit] 	at org.bluezoo.gonzalez.EntityStack.expandEntityValue(EntityStack.java:319)
    [junit] 	at org.bluezoo.gonzalez.EntityStack.expandGeneralEntity(EntityStack.java:221)
    [junit] 	at org.bluezoo.gonzalez.EntityStack.expandEntityValue(EntityStack.java:319)
    [junit] 	at org.bluezoo.gonzalez.EntityStack.expandGeneralEntity(EntityStack.java:221)
    [junit] 	at org.bluezoo.gonzalez.EntityStack.expandEntityValue(EntityStack.java:319)
    [junit] 	at org.bluezoo.gonzalez.EntityStack.expandGeneralEntity(EntityStack.java:221)
    [junit] 	at org.bluezoo.gonzalez.EntityStack.expandEntityValue(EntityStack.java:319)
    [junit] 	at org.bluezoo.gonzalez.EntityStack.expandGeneralEntity(EntityStack.java:221)
    [junit] 	at org.bluezoo.gonzalez.EntityStack.expandEntityValue(EntityStack.java:319)
    [junit] 	at org.bluezoo.gonzalez.EntityStack.expandGeneralEntity(EntityStack.java:221)
    [junit] 	at org.bluezoo.gonzalez.EntityStack.expandEntityValue(EntityStack.java:319)
    [junit] 	at org.bluezoo.gonzalez.EntityStack.expandGeneralEntity(EntityStack.java:221)
    [junit] 	at org.bluezoo.gonzalez.EntityStack.expandEntityValue(EntityStack.java:319)
    [junit] 	at org.bluezoo.gonzalez.EntityStack.expandGeneralEntity(EntityStack.java:221)
    [junit] 	at org.bluezoo.gonzalez.EntityStack.expandEntityValue(EntityStack.java:319)
    [junit] 	at org.bluezoo.gonzalez.EntityStack.expandGeneralEntity(EntityStack.java:221)
    [junit] 	at org.bluezoo.gonzalez.EntityStack.expandEntityValue(EntityStack.java:319)
    [junit] 	at org.bluezoo.gonzalez.EntityStack.expandGeneralEntity(EntityStack.java:221)
    [junit] 	at org.bluezoo.gonzalez.EntityStack.expandEntityValue(EntityStack.java:319)
    [junit] 	at org.bluezoo.gonzalez.EntityStack.expandGeneralEntity(EntityStack.java:221)
    [junit] 	at org.bluezoo.gonzalez.EntityStack.expandEntityValue(EntityStack.java:319)
    [junit] 	at org.bluezoo.gonzalez.EntityStack.expandGeneralEntity(EntityStack.java:221)
    [junit] 	at org.bluezoo.gonzalez.EntityStack.expandEntityValue(EntityStack.java:319)
    [junit] 	at org.bluezoo.gonzalez.EntityStack.expandGeneralEntity(EntityStack.java:221)
    [junit] 	at org.bluezoo.gonzalez.EntityStack.expandEntityValue(EntityStack.java:319)
    [junit] 	at org.bluezoo.gonzalez.EntityStack.expandGeneralEntity(EntityStack.java:221)
    [junit] 	at org.bluezoo.gonzalez.EntityStack.expandEntityValue(EntityStack.java:319)
    [junit] 	at org.bluezoo.gonzalez.EntityStack.expandGeneralEntity(EntityStack.java:221)
    [junit] 	at org.bluezoo.gonzalez.EntityStack.expandEntityValue(EntityStack.java:319)
    [junit] 	at org.bluezoo.gonzalez.EntityStack.expandGeneralEntity(EntityStack.java:221)
    [junit] 	at org.bluezoo.gonzalez.EntityStack.expandEntityValue(EntityStack.java:319)
    [junit] 	at org.bluezoo.gonzalez.EntityStack.expandGeneralEntity(EntityStack.java:221)
    [junit] 	at org.bluezoo.gonzalez.EntityStack.expandEntityValue(EntityStack.java:319)
    [junit] 	at org.bluezoo.gonzalez.EntityStack.expandGeneralEntity(EntityStack.java:221)
    [junit] 	at org.bluezoo.gonzalez.EntityStack.expandEntityValue(EntityStack.java:319)
    [junit] 	at org.bluezoo.gonzalez.EntityStack.expandGeneralEntity(EntityStack.java:221)
    [junit] 	at org.bluezoo.gonzalez.EntityStack.expandEntityValue(EntityStack.java:319)
    [junit] 	at org.bluezoo.gonzalez.EntityStack.expandGeneralEntity(EntityStack.java:221)
    [junit] 	at org.bluezoo.gonzalez.EntityStack.expandEntityValue(EntityStack.java:319)
    [junit] 	at org.bluezoo.gonzalez.EntityStack.expandGeneralEntity(EntityStack.java:221)
    [junit] 	at org.bluezoo.gonzalez.EntityStack.expandEntityValue(EntityStack.java:319)
    [junit] 	at org.bluezoo.gonzalez.EntityStack.expandGeneralEntity(EntityStack.java:221)
    [junit] 	at org.bluezoo.gonzalez.EntityStack.expandEntityValue(EntityStack.java:319)
    [junit] 	at org.bluezoo.gonzalez.EntityStack.expandGeneralEntity(EntityStack.java:221)
    [junit] 	at org.bluezoo.gonzalez.EntityStack.expandEntityValue(EntityStack.java:319)
    [junit] 	at org.bluezoo.gonzalez.EntityStack.expandGeneralEntity(EntityStack.java:221)
    [junit] 	at org.bluezoo.gonzalez.EntityStack.expandEntityValue(EntityStack.java:319)
    [junit] 	at org.bluezoo.gonzalez.EntityStack.expandGeneralEntity(EntityStack.java:221)
    [junit] 	at org.bluezoo.gonzalez.EntityStack.expandEntityValue(EntityStack.java:319)
    [junit] 	at org.bluezoo.gonzalez.EntityStack.expandGeneralEntity(EntityStack.java:221)
    [junit] 	at org.bluezoo.gonzalez.EntityStack.expandEntityValue(EntityStack.java:319)
    [junit] 	at org.bluezoo.gonzalez.EntityStack.expandGeneralEntity(EntityStack.java:221)
    [junit] 	at org.bluezoo.gonzalez.EntityStack.expandEntityValue(EntityStack.java:319)
    [junit] 	at org.bluezoo.gonzalez.EntityStack.expandGeneralEntity(EntityStack.java:221)
    [junit] 	at org.bluezoo.gonzalez.EntityStack.expandEntityValue(EntityStack.java:319)
    [junit] 	at org.bluezoo.gonzalez.EntityStack.expandGeneralEntity(EntityStack.java:221)
    [junit] 	at org.bluezoo.gonzalez.EntityStack.expandEntityValue(EntityStack.java:319)
    [junit] 	at org.bluezoo.gonzalez.EntityStack.expandGeneralEntity(EntityStack.java:221)
    [junit] 	at org.bluezoo.gonzalez.EntityStack.expandEntityValue(EntityStack.java:319)
    [junit] 	at org.bluezoo.gonzalez.EntityStack.expandGeneralEntity(EntityStack.java:221)
    [junit] 	at org.bluezoo.gonzalez.EntityStack.expandEntityValue(EntityStack.java:319)
    [junit] 	at org.bluezoo.gonzalez.EntityStack.expandGeneralEntity(EntityStack.java:221)
    [junit] 	at org.bluezoo.gonzalez.EntityStack.expandEntityValue(EntityStack.java:319)
    [junit] 	at org.bluezoo.gonzalez.EntityStack.expandGeneralEntity(EntityStack.java:221)
    [junit] 	at org.bluezoo.gonzalez.EntityStack.expandEntityValue(EntityStack.java:319)
    [junit] 	at org.bluezoo.gonzalez.EntityStack.expandGeneralEntity(EntityStack.java:221)
    [junit] 	at org.bluezoo.gonzalez.EntityStack.expandEntityValue(EntityStack.java:319)
    [junit] 	at org.bluezoo.gonzalez.EntityStack.expandGeneralEntity(EntityStack.java:221)
    [junit] 	at org.bluezoo.gonzalez.EntityStack.expandEntityValue(EntityStack.java:319)
    [junit] 	at org.bluezoo.gonzalez.EntityStack.expandGeneralEntity(EntityStack.java:221)
    [junit] 	at org.bluezoo.gonzalez.EntityStack.expandEntityValue(EntityStack.java:319)
    [junit] 	at org.bluezoo.gonzalez.EntityStack.expandGeneralEntity(EntityStack.java:221)
    [junit] 	at org.bluezoo.gonzalez.EntityStack.expandEntityValue(EntityStack.java:319)
    [junit] 	at org.bluezoo.gonzalez.EntityStack.expandGeneralEntity(EntityStack.java:221)
    [junit] 	at org.bluezoo.gonzalez.EntityStack.expandEntityValue(EntityStack.java:319)
    [junit] 	at org.bluezoo.gonzalez.EntityStack.expandGeneralEntity(EntityStack.java:221)
    [junit] 	at org.bluezoo.gonzalez.EntityStack.expandEntityValue(EntityStack.java:319)
    [junit] 	at org.bluezoo.gonzalez.EntityStack.expandGeneralEntity(EntityStack.java:221)
    [junit] 	at org.bluezoo.gonzalez.EntityStack.expandEntityValue(EntityStack.java:319)
    [junit] 	at org.bluezoo.gonzalez.EntityStack.expandGeneralEntity(EntityStack.java:221)
    [junit] 	at org.bluezoo.gonzalez.EntityStack.expandEntityValue(EntityStack.java:319)
    [junit] 	at org.bluezoo.gonzalez.EntityStack.expandGeneralEntity(EntityStack.java:221)
    [junit] 	at org.bluezoo.gonzalez.EntityStack.expandEntityValue(EntityStack.java:319)
    [junit] 	at org.bluezoo.gonzalez.EntityStack.expandGeneralEntity(EntityStack.java:221)
    [junit] 	at org.bluezoo.gonzalez.EntityStack.expandEntityValue(EntityStack.java:319)
    [junit] 	at org.bluezoo.gonzalez.EntityStack.expandGeneralEntity(EntityStack.java:221)
    [junit] 	at org.bluezoo.gonzalez.EntityStack.expandEntityValue(EntityStack.java:319)
    [junit] 	at org.bluezoo.gonzalez.EntityStack.expandGeneralEntity(EntityStack.java:221)
    [junit] 	at org.bluezoo.gonzalez.EntityStack.expandEntityValue(EntityStack.java:319)
    [junit] 	at org.bluezoo.gonzalez.EntityStack.expandGeneralEntity(EntityStack.java:221)
    [junit] 	at org.bluezoo.gonzalez.EntityStack.expandEntityValue(EntityStack.java:319)
    [junit] 	at org.bluezoo.gonzalez.EntityStack.expandGeneralEntity(EntityStack.java:221)
    [junit] 	at org.bluezoo.gonzalez.EntityStack.expandEntityValue(EntityStack.java:319)
    [junit] 	at org.bluezoo.gonzalez.EntityStack.expandGeneralEntity(EntityStack.java:221)
    [junit] 	at org.bluezoo.gonzalez.EntityStack.expandEntityValue(EntityStack.java:319)
    [junit] 	at org.bluezoo.gonzalez.EntityStack.expandGeneralEntity(EntityStack.java:221)
    [junit] 	at org.bluezoo.gonzalez.EntityStack.expandEntityValue(EntityStack.java:319)
    [junit] 	at org.bluezoo.gonzalez.EntityStack.expandGeneralEntity(EntityStack.java:221)
    [junit] 	at org.bluezoo.gonzalez.EntityStack.expandEntityValue(EntityStack.java:319)
    [junit] 	at org.bluezoo.gonzalez.EntityStack.expandGeneralEntity(EntityStack.java:221)
    [junit] 	at org.bluezoo.gonzalez.EntityStack.expandEntityValue(EntityStack.java:319)
    [junit] 	at org.bluezoo.gonzalez.EntityStack.expandGeneralEntity(EntityStack.java:221)
    [junit] 	at org.bluezoo.gonzalez.EntityStack.expandEntityValue(EntityStack.java:319)
    [junit] 	at org.bluezoo.gonzalez.EntityStack.expandGeneralEntity(EntityStack.java:221)
    [junit] 	at org.bluezoo.gonzalez.EntityStack.expandEntityValue(EntityStack.java:319)
    [junit] 	at org.bluezoo.gonzalez.EntityStack.expandGeneralEntity(EntityStack.java:221)
    [junit] 	at org.bluezoo.gonzalez.EntityStack.expandEntityValue(EntityStack.java:319)
    [junit] 	at org.bluezoo.gonzalez.EntityStack.expandGeneralEntity(EntityStack.java:221)
    [junit] 	at org.bluezoo.gonzalez.EntityStack.expandEntityValue(EntityStack.java:319)
    [junit] 	at org.bluezoo.gonzalez.EntityStack.expandGeneralEntity(EntityStack.java:221)
    [junit] 	at org.bluezoo.gonzalez.EntityStack.expandEntityValue(EntityStack.java:319)
    [junit] 	at org.bluezoo.gonzalez.EntityStack.expandGeneralEntity(EntityStack.java:221)
    [junit] 	at org.bluezoo.gonzalez.EntityStack.expandEntityValue(EntityStack.java:319)
    [junit] 	at org.bluezoo.gonzalez.EntityStack.expandGeneralEntity(EntityStack.java:221)
    [junit] 	at org.bluezoo.gonzalez.EntityStack.expandEntityValue(EntityStack.java:319)
    [junit] 	at org.bluezoo.gonzalez.EntityStack.expandGeneralEntity(EntityStack.java:221)
    [junit] 	at org.bluezoo.gonzalez.EntityStack.expandEntityValue(EntityStack.java:319)
    [junit] 	at org.bluezoo.gonzalez.EntityStack.expandGeneralEntity(EntityStack.java:221)
    [junit] 	at org.bluezoo.gonzalez.EntityStack.expandEntityValue(EntityStack.java:319)
    [junit] 	at org.bluezoo.gonzalez.EntityStack.expandGeneralEntity(EntityStack.java:221)
    [junit] 	at org.bluezoo.gonzalez.EntityStack.expandEntityValue(EntityStack.java:319)
    [junit] 	at org.bluezoo.gonzalez.EntityStack.expandGeneralEntity(EntityStack.java:221)
    [junit] 	at org.bluezoo.gonzalez.EntityStack.expandEntityValue(EntityStack.java:319)
    [junit] 	at org.bluezoo.gonzalez.EntityStack.expandGeneralEntity(EntityStack.java:221)
    [junit] 	at org.bluezoo.gonzalez.EntityStack.expandEntityValue(EntityStack.java:319)
    [junit] 	at org.bluezoo.gonzalez.EntityStack.expandGeneralEntity(EntityStack.java:221)
    [junit] 	at org.bluezoo.gonzalez.EntityStack.expandEntityValue(EntityStack.java:319)
    [junit] 	at org.bluezoo.gonzalez.EntityStack.expandGeneralEntity(EntityStack.java:221)
    [junit] 	at org.bluezoo.gonzalez.EntityStack.expandEntityValue(EntityStack.java:319)
    [junit] 	at org.bluezoo.gonzalez.EntityStack.expandGeneralEntity(EntityStack.java:221)
    [junit] 	at org.bluezoo.gonzalez.EntityStack.expandEntityValue(EntityStack.java:319)
    [junit] 	at org.bluezoo.gonzalez.EntityStack.expandGeneralEntity(EntityStack.java:221)
    [junit] 	at org.bluezoo.gonzalez.EntityStack.expandEntityValue(EntityStack.java:319)
    [junit] 	at org.bluezoo.gonzalez.EntityStack.expandGeneralEntity(EntityStack.java:221)
    [junit] 	at org.bluezoo.gonzalez.EntityStack.expandEntityValue(EntityStack.java:319)
    [junit] 	at org.bluezoo.gonzalez.EntityStack.expandGeneralEntity(EntityStack.java:221)
    [junit] 	at org.bluezoo.gonzalez.EntityStack.expandEntityValue(EntityStack.java:319)
    [junit] 	at org.bluezoo.gonzalez.EntityStack.expandGeneralEntity(EntityStack.java:221)
    [junit] 	at org.bluezoo.gonzalez.EntityStack.expandEntityValue(EntityStack.java:319)
    [junit] 	at org.bluezoo.gonzalez.EntityStack.expandGeneralEntity(EntityStack.java:221)
    [junit] 	at org.bluezoo.gonzalez.EntityStack.expandEntityValue(EntityStack.java:319)
    [junit] 	at org.bluezoo.gonzalez.EntityStack.expandGeneralEntity(EntityStack.java:221)
    [junit] 	at org.bluezoo.gonzalez.EntityStack.expandEntityValue(EntityStack.java:319)
    [junit] 	at org.bluezoo.gonzalez.EntityStack.expandGeneralEntity(EntityStack.java:221)
    [junit] 	at org.bluezoo.gonzalez.EntityStack.expandEntityValue(EntityStack.java:319)
    [junit] 	at org.bluezoo.gonzalez.EntityStack.expandGeneralEntity(EntityStack.java:221)
    [junit] 	at org.bluezoo.gonzalez.EntityStack.expandEntityValue(EntityStack.java:319)
    [junit] 	at org.bluezoo.gonzalez.EntityStack.expandGeneralEntity(EntityStack.java:221)
    [junit] 	at org.bluezoo.gonzalez.EntityStack.expandEntityValue(EntityStack.java:319)
    [junit] 	at org.bluezoo.gonzalez.EntityStack.expandGeneralEntity(EntityStack.java:221)
    [junit] 	at org.bluezoo.gonzalez.EntityStack.expandEntityValue(EntityStack.java:319)
    [junit] 	at org.bluezoo.gonzalez.EntityStack.expandGeneralEntity(EntityStack.java:221)
    [junit] 	at org.bluezoo.gonzalez.EntityStack.expandEntityValue(EntityStack.java:319)
    [junit] 	at org.bluezoo.gonzalez.EntityStack.expandGeneralEntity(EntityStack.java:221)
    [junit] 	at org.bluezoo.gonzalez.EntityStack.expandEntityValue(EntityStack.java:319)
    [junit] 	at org.bluezoo.gonzalez.EntityStack.expandGeneralEntity(EntityStack.java:221)
    [junit] 	at org.bluezoo.gonzalez.EntityStack.expandEntityValue(EntityStack.java:319)
    [junit] 	at org.bluezoo.gonzalez.EntityStack.expandGeneralEntity(EntityStack.java:221)
    [junit] 	at org.bluezoo.gonzalez.EntityStack.expandEntityValue(EntityStack.java:319)
    [junit] 	at org.bluezoo.gonzalez.EntityStack.expandGeneralEntity(EntityStack.java:221)
    [junit] 	at org.bluezoo.gonzalez.EntityStack.expandEntityValue(EntityStack.java:319)
    [junit] 	at org.bluezoo.gonzalez.EntityStack.expandGeneralEntity(EntityStack.java:221)
    [junit] 	at org.bluezoo.gonzalez.EntityStack.expandEntityValue(EntityStack.java:319)
    [junit] 	at org.bluezoo.gonzalez.EntityStack.expandGeneralEntity(EntityStack.java:221)
    [junit] 	at org.bluezoo.gonzalez.EntityStack.expandEntityValue(EntityStack.java:319)
    [junit] 	at org.bluezoo.gonzalez.EntityStack.expandGeneralEntity(EntityStack.java:221)
    [junit] 	at org.bluezoo.gonzalez.EntityStack.expandEntityValue(EntityStack.java:319)
    [junit] 	at org.bluezoo.gonzalez.EntityStack.expandGeneralEntity(EntityStack.java:221)
    [junit] 	at org.bluezoo.gonzalez.EntityStack.expandEntityValue(EntityStack.java:319)
    [junit] 	at org.bluezoo.gonzalez.EntityStack.expandGeneralEntity(EntityStack.java:221)
    [junit] 	at org.bluezoo.gonzalez.EntityStack.expandEntityValue(EntityStack.java:319)
    [junit] 	at org.bluezoo.gonzalez.EntityStack.expandGeneralEntity(EntityStack.java:221)
    [junit] 	at org.bluezoo.gonzalez.EntityStack.expandEntityValue(EntityStack.java:319)
    [junit] 	at org.bluezoo.gonzalez.EntityStack.expandGeneralEntity(EntityStack.java:221)
    [junit] 	at org.bluezoo.gonzalez.EntityStack.expandEntityValue(EntityStack.java:319)
    [junit] 	at org.bluezoo.gonzalez.EntityStack.expandGeneralEntity(EntityStack.java:221)
    [junit] 	at org.bluezoo.gonzalez.EntityStack.expandEntityValue(EntityStack.java:319)
    [junit] 	at org.bluezoo.gonzalez.EntityStack.expandGeneralEntity(EntityStack.java:221)
    [junit] 	at org.bluezoo.gonzalez.EntityStack.expandEntityValue(EntityStack.java:319)
    [junit] 	at org.bluezoo.gonzalez.EntityStack.expandGeneralEntity(EntityStack.java:221)
    [junit] 	at org.bluezoo.gonzalez.EntityStack.expandEntityValue(EntityStack.java:319)
    [junit] 	at org.bluezoo.gonzalez.EntityStack.expandGeneralEntity(EntityStack.java:221)
    [junit] 	at org.bluezoo.gonzalez.EntityStack.expandEntityValue(EntityStack.java:319)
    [junit] 	at org.bluezoo.gonzalez.EntityStack.expandGeneralEntity(EntityStack.java:221)
    [junit] 	at org.bluezoo.gonzalez.EntityStack.expandEntityValue(EntityStack.java:319)
    [junit] 	at org.bluezoo.gonzalez.EntityStack.expandGeneralEntity(EntityStack.java:221)
    [junit] 	at org.bluezoo.gonzalez.EntityStack.expandEntityValue(EntityStack.java:319)
    [junit] 	at org.bluezoo.gonzalez.EntityStack.expandGeneralEntity(EntityStack.java:221)
    [junit] 	at org.bluezoo.gonzalez.EntityStack.expandEntityValue(EntityStack.java:319)
    [junit] 	at org.bluezoo.gonzalez.EntityStack.expandGeneralEntity(EntityStack.java:221)
    [junit] 	at org.bluezoo.gonzalez.EntityStack.expandEntityValue(EntityStack.java:319)
    [junit] 	at org.bluezoo.gonzalez.EntityStack.expandGeneralEntity(EntityStack.java:221)
    [junit] 	at org.bluezoo.gonzalez.EntityStack.expandEntityValue(EntityStack.java:319)
    [junit] 	at org.bluezoo.gonzalez.EntityStack.expandGeneralEntity(EntityStack.java:221)
    [junit] 	at org.bluezoo.gonzalez.EntityStack.expandEntityValue(EntityStack.java:319)
    [junit] 	at org.bluezoo.gonzalez.EntityStack.expandGeneralEntity(EntityStack.java:221)
    [junit] 	at org.bluezoo.gonzalez.EntityStack.expandEntityValue(EntityStack.java:319)
    [junit] 	at org.bluezoo.gonzalez.EntityStack.expandGeneralEntity(EntityStack.java:221)
    [junit] 	at org.bluezoo.gonzalez.EntityStack.expandEntityValue(EntityStack.java:319)
    [junit] 	at org.bluezoo.gonzalez.EntityStack.expandGeneralEntity(EntityStack.java:221)
    [junit] 	at org.bluezoo.gonzalez.EntityStack.expandEntityValue(EntityStack.java:319)
    [junit] 	at org.bluezoo.gonzalez.EntityStack.expandGeneralEntity(EntityStack.java:221)
    [junit] 	at org.bluezoo.gonzalez.EntityStack.expandEntityValue(EntityStack.java:319)
    [junit] 	at org.bluezoo.gonzalez.EntityStack.expandGeneralEntity(EntityStack.java:221)
    [junit] 	at org.bluezoo.gonzalez.EntityStack.expandEntityValue(EntityStack.java:319)
    [junit] 	at org.bluezoo.gonzalez.EntityStack.expandGeneralEntity(EntityStack.java:221)
    [junit] 	at org.bluezoo.gonzalez.EntityStack.expandEntityValue(EntityStack.java:319)
    [junit] 	at org.bluezoo.gonzalez.EntityStack.expandGeneralEntity(EntityStack.java:221)
    [junit] 	at org.bluezoo.gonzalez.EntityStack.expandEntityValue(EntityStack.java:319)
    [junit] 	at org.bluezoo.gonzalez.EntityStack.expandGeneralEntity(EntityStack.java:221)
    [junit] 	at org.bluezoo.gonzalez.EntityStack.expandEntityValue(EntityStack.java:319)
    [junit] 	at org.bluezoo.gonzalez.EntityStack.expandGeneralEntity(EntityStack.java:221)
    [junit] 	at org.bluezoo.gonzalez.EntityStack.expandEntityValue(EntityStack.java:319)
    [junit] 	at org.bluezoo.gonzalez.EntityStack.expandGeneralEntity(EntityStack.java:221)
    [junit] 	at org.bluezoo.gonzalez.EntityStack.expandEntityValue(EntityStack.java:319)
    [junit] 	at org.bluezoo.gonzalez.EntityStack.expandGeneralEntity(EntityStack.java:221)
    [junit] 	at org.bluezoo.gonzalez.EntityStack.expandEntityValue(EntityStack.java:319)
    [junit] 	at org.bluezoo.gonzalez.EntityStack.expandGeneralEntity(EntityStack.java:221)
    [junit] 	at org.bluezoo.gonzalez.EntityStack.expandEntityValue(EntityStack.java:319)
    [junit] 	at org.bluezoo.gonzalez.EntityStack.expandGeneralEntity(EntityStack.java:221)
    [junit] 	at org.bluezoo.gonzalez.EntityStack.expandEntityValue(EntityStack.java:319)
    [junit] 	at org.bluezoo.gonzalez.EntityStack.expandGeneralEntity(EntityStack.java:221)
    [junit] 	at org.bluezoo.gonzalez.EntityStack.expandEntityValue(EntityStack.java:319)
    [junit] 	at org.bluezoo.gonzalez.EntityStack.expandGeneralEntity(EntityStack.java:221)
    [junit] 	at org.bluezoo.gonzalez.EntityStack.expandEntityValue(EntityStack.java:319)
    [junit] 	at org.bluezoo.gonzalez.EntityStack.expandGeneralEntity(EntityStack.java:221)
    [junit] 	at org.bluezoo.gonzalez.EntityStack.expandEntityValue(EntityStack.java:319)
    [junit] 	at org.bluezoo.gonzalez.EntityStack.expandGeneralEntity(EntityStack.java:221)
    [junit] 	at org.bluezoo.gonzalez.EntityStack.expandEntityValue(EntityStack.java:319)
    [junit] 	at org.bluezoo.gonzalez.EntityStack.expandGeneralEntity(EntityStack.java:221)
    [junit] 	at org.bluezoo.gonzalez.EntityStack.expandEntityValue(EntityStack.java:319)
    [junit] 	at org.bluezoo.gonzalez.EntityStack.expandGeneralEntity(EntityStack.java:221)
    [junit] 	at org.bluezoo.gonzalez.EntityStack.expandEntityValue(EntityStack.java:319)
    [junit] 	at org.bluezoo.gonzalez.EntityStack.expandGeneralEntity(EntityStack.java:221)
    [junit] 	at org.bluezoo.gonzalez.EntityStack.expandEntityValue(EntityStack.java:319)
    [junit] 	at org.bluezoo.gonzalez.EntityStack.expandGeneralEntity(EntityStack.java:221)
    [junit] 	at org.bluezoo.gonzalez.EntityStack.expandEntityValue(EntityStack.java:319)
    [junit] 	at org.bluezoo.gonzalez.EntityStack.expandGeneralEntity(EntityStack.java:221)
    [junit] 	at org.bluezoo.gonzalez.EntityStack.expandEntityValue(EntityStack.java:319)
    [junit] 	at org.bluezoo.gonzalez.EntityStack.expandGeneralEntity(EntityStack.java:221)
    [junit] 	at org.bluezoo.gonzalez.EntityStack.expandEntityValue(EntityStack.java:319)
    [junit] 	at org.bluezoo.gonzalez.EntityStack.expandGeneralEntity(EntityStack.java:221)
    [junit] 	at org.bluezoo.gonzalez.EntityStack.expandEntityValue(EntityStack.java:319)
    [junit] 	at org.bluezoo.gonzalez.EntityStack.expandGeneralEntity(EntityStack.java:221)
    [junit] 	at org.bluezoo.gonzalez.EntityStack.expandEntityValue(EntityStack.java:319)
    [junit] 	at org.bluezoo.gonzalez.EntityStack.expandGeneralEntity(EntityStack.java:221)
    [junit] 	at org.bluezoo.gonzalez.EntityStack.expandEntityValue(EntityStack.java:319)
    [junit] 	at org.bluezoo.gonzalez.EntityStack.expandGeneralEntity(EntityStack.java:221)
    [junit] 	at org.bluezoo.gonzalez.EntityStack.expandEntityValue(EntityStack.java:319)
    [junit] 	at org.bluezoo.gonzalez.EntityStack.expandGeneralEntity(EntityStack.java:221)
    [junit] 	at org.bluezoo.gonzalez.EntityStack.expandEntityValue(EntityStack.java:319)
    [junit] 	at org.bluezoo.gonzalez.EntityStack.expandGeneralEntity(EntityStack.java:221)
    [junit] 	at org.bluezoo.gonzalez.EntityStack.expandEntityValue(EntityStack.java:319)
    [junit] 	at org.bluezoo.gonzalez.EntityStack.expandGeneralEntity(EntityStack.java:221)
    [junit] 	at org.bluezoo.gonzalez.EntityStack.expandEntityValue(EntityStack.java:319)
    [junit] 	at org.bluezoo.gonzalez.EntityStack.expandGeneralEntity(EntityStack.java:221)
    [junit] 	at org.bluezoo.gonzalez.EntityStack.expandEntityValue(EntityStack.java:319)
    [junit] 	at org.bluezoo.gonzalez.EntityStack.expandGeneralEntity(EntityStack.java:221)
    [junit] 	at org.bluezoo.gonzalez.EntityStack.expandEntityValue(EntityStack.java:319)
    [junit] 	at org.bluezoo.gonzalez.EntityStack.expandGeneralEntity(EntityStack.java:221)
    [junit] 	at org.bluezoo.gonzalez.EntityStack.expandEntityValue(EntityStack.java:319)
    [junit] 	at org.bluezoo.gonzalez.EntityStack.expandGeneralEntity(EntityStack.java:221)
    [junit] 	at org.bluezoo.gonzalez.EntityStack.expandEntityValue(EntityStack.java:319)
    [junit] 	at org.bluezoo.gonzalez.EntityStack.expandGeneralEntity(EntityStack.java:221)
    [junit] 	at org.bluezoo.gonzalez.EntityStack.expandEntityValue(EntityStack.java:319)
    [junit] 	at org.bluezoo.gonzalez.EntityStack.expandGeneralEntity(EntityStack.java:221)
    [junit] 	at org.bluezoo.gonzalez.EntityStack.expandEntityValue(EntityStack.java:319)
    [junit] 	at org.bluezoo.gonzalez.EntityStack.expandGeneralEntity(EntityStack.java:221)
    [junit] 	at org.bluezoo.gonzalez.EntityStack.expandEntityValue(EntityStack.java:319)
    [junit] 	at org.bluezoo.gonzalez.EntityStack.expandGeneralEntity(EntityStack.java:221)
    [junit] 	at org.bluezoo.gonzalez.EntityStack.expandEntityValue(EntityStack.java:319)
    [junit] 	at org.bluezoo.gonzalez.EntityStack.expandGeneralEntity(EntityStack.java:221)
    [junit] 	at org.bluezoo.gonzalez.EntityStack.expandEntityValue(EntityStack.java:319)
    [junit] 	at org.bluezoo.gonzalez.EntityStack.expandGeneralEntity(EntityStack.java:221)
    [junit] 	at org.bluezoo.gonzalez.EntityStack.expandEntityValue(EntityStack.java:319)
    [junit] 	at org.bluezoo.gonzalez.EntityStack.expandGeneralEntity(EntityStack.java:221)
    [junit] 	at org.bluezoo.gonzalez.EntityStack.expandEntityValue(EntityStack.java:319)
    [junit] 	at org.bluezoo.gonzalez.EntityStack.expandGeneralEntity(EntityStack.java:221)
    [junit] 	at org.bluezoo.gonzalez.EntityStack.expandEntityValue(EntityStack.java:319)
    [junit] 	at org.bluezoo.gonzalez.EntityStack.expandGeneralEntity(EntityStack.java:221)
    [junit] 	at org.bluezoo.gonzalez.EntityStack.expandEntityValue(EntityStack.java:319)
    [junit] 	at org.bluezoo.gonzalez.EntityStack.expandGeneralEntity(EntityStack.java:221)
    [junit] 	at org.bluezoo.gonzalez.EntityStack.expandEntityValue(EntityStack.java:319)
    [junit] 	at org.bluezoo.gonzalez.EntityStack.expandGeneralEntity(EntityStack.java:221)
    [junit] 	at org.bluezoo.gonzalez.EntityStack.expandEntityValue(EntityStack.java:319)
    [junit] 	at org.bluezoo.gonzalez.EntityStack.expandGeneralEntity(EntityStack.java:221)
    [junit] 	at org.bluezoo.gonzalez.EntityStack.expandEntityValue(EntityStack.java:319)
    [junit] 	at org.bluezoo.gonzalez.EntityStack.expandGeneralEntity(EntityStack.java:221)
    [junit] 	at org.bluezoo.gonzalez.EntityStack.expandEntityValue(EntityStack.java:319)
    [junit] 	at org.bluezoo.gonzalez.EntityStack.expandGeneralEntity(EntityStack.java:221)
    [junit] 	at org.bluezoo.gonzalez.EntityStack.expandEntityValue(EntityStack.java:319)
    [junit] 	at org.bluezoo.gonzalez.EntityStack.expandGeneralEntity(EntityStack.java:221)
    [junit] 	at org.bluezoo.gonzalez.EntityStack.expandEntityValue(EntityStack.java:319)
    [junit] 	at org.bluezoo.gonzalez.EntityStack.expandGeneralEntity(EntityStack.java:221)
    [junit] 	at org.bluezoo.gonzalez.EntityStack.expandEntityValue(EntityStack.java:319)
    [junit] 	at org.bluezoo.gonzalez.EntityStack.expandGeneralEntity(EntityStack.java:221)
    [junit] 	at org.bluezoo.gonzalez.EntityStack.expandEntityValue(EntityStack.java:319)
    [junit] 	at org.bluezoo.gonzalez.EntityStack.expandGeneralEntity(EntityStack.java:221)
    [junit] 	at org.bluezoo.gonzalez.EntityStack.expandEntityValue(EntityStack.java:319)
    [junit] 	at org.bluezoo.gonzalez.EntityStack.expandGeneralEntity(EntityStack.java:221)
    [junit] 	at org.bluezoo.gonzalez.EntityStack.expandEntityValue(EntityStack.java:319)
    [junit] 	at org.bluezoo.gonzalez.EntityStack.expandGeneralEntity(EntityStack.java:221)
    [junit] 	at org.bluezoo.gonzalez.EntityStack.expandEntityValue(EntityStack.java:319)
    [junit] 	at org.bluezoo.gonzalez.EntityStack.expandGeneralEntity(EntityStack.java:221)
    [junit] 	at org.bluezoo.gonzalez.EntityStack.expandEntityValue(EntityStack.java:319)
    [junit] 	at org.bluezoo.gonzalez.EntityStack.expandGeneralEntity(EntityStack.java:221)
    [junit] 	at org.bluezoo.gonzalez.EntityStack.expandEntityValue(EntityStack.java:319)
    [junit] 	at org.bluezoo.gonzalez.EntityStack.expandGeneralEntity(EntityStack.java:221)
    [junit] 	at org.bluezoo.gonzalez.EntityStack.expandEntityValue(EntityStack.java:319)
    [junit] 	at org.bluezoo.gonzalez.EntityStack.expandGeneralEntity(EntityStack.java:221)
    [junit] 	at org.bluezoo.gonzalez.EntityStack.expandEntityValue(EntityStack.java:319)
    [junit] 	at org.bluezoo.gonzalez.EntityStack.expandGeneralEntity(EntityStack.java:221)
    [junit] 	at org.bluezoo.gonzalez.EntityStack.expandEntityValue(EntityStack.java:319)
    [junit] 	at org.bluezoo.gonzalez.EntityStack.expandGeneralEntity(EntityStack.java:221)
    [junit] 	at org.bluezoo.gonzalez.EntityStack.expandEntityValue(EntityStack.java:319)
    [junit] 	at org.bluezoo.gonzalez.EntityStack.expandGeneralEntity(EntityStack.java:221)
    [junit] 	at org.bluezoo.gonzalez.EntityStack.expandEntityValue(EntityStack.java:319)
    [junit] 	at org.bluezoo.gonzalez.EntityStack.expandGeneralEntity(EntityStack.java:221)
    [junit] 	at org.bluezoo.gonzalez.EntityStack.expandEntityValue(EntityStack.java:319)
    [junit] 	at org.bluezoo.gonzalez.EntityStack.expandGeneralEntity(EntityStack.java:221)
    [junit] 	at org.bluezoo.gonzalez.EntityStack.expandEntityValue(EntityStack.java:319)
    [junit] 	at org.bluezoo.gonzalez.EntityStack.expandGeneralEntity(EntityStack.java:221)
    [junit] 	at org.bluezoo.gonzalez.EntityStack.expandEntityValue(EntityStack.java:319)
    [junit] 	at org.bluezoo.gonzalez.EntityStack.expandGeneralEntity(EntityStack.java:221)
    [junit] 	at org.bluezoo.gonzalez.EntityStack.expandEntityValue(EntityStack.java:319)
    [junit] 	at org.bluezoo.gonzalez.EntityStack.expandGeneralEntity(EntityStack.java:221)
    [junit] 	at org.bluezoo.gonzalez.EntityStack.expandEntityValue(EntityStack.java:319)
    [junit] 	at org.bluezoo.gonzalez.EntityStack.expandGeneralEntity(EntityStack.java:221)
    [junit] 	at org.bluezoo.gonzalez.EntityStack.expandEntityValue(EntityStack.java:319)
    [junit] 	at org.bluezoo.gonzalez.EntityStack.expandGeneralEntity(EntityStack.java:221)
    [junit] 	at org.bluezoo.gonzalez.EntityStack.expandEntityValue(EntityStack.java:319)
    [junit] 	at org.bluezoo.gonzalez.EntityStack.expandGeneralEntity(EntityStack.java:221)
    [junit] 	at org.bluezoo.gonzalez.EntityStack.expandEntityValue(EntityStack.java:319)
    [junit] 	at org.bluezoo.gonzalez.EntityStack.expandGeneralEntity(EntityStack.java:221)
    [junit] 	at org.bluezoo.gonzalez.EntityStack.expandEntityValue(EntityStack.java:319)
    [junit] 	at org.bluezoo.gonzalez.EntityStack.expandGeneralEntity(EntityStack.java:221)
    [junit] 	at org.bluezoo.gonzalez.EntityStack.expandEntityValue(EntityStack.java:319)
    [junit] 	at org.bluezoo.gonzalez.EntityStack.expandGeneralEntity(EntityStack.java:221)
    [junit] 	at org.bluezoo.gonzalez.EntityStack.expandEntityValue(EntityStack.java:319)
    [junit] 	at org.bluezoo.gonzalez.EntityStack.expandGeneralEntity(EntityStack.java:221)
    [junit] 	at org.bluezoo.gonzalez.EntityStack.expandEntityValue(EntityStack.java:319)
    [junit] 	at org.bluezoo.gonzalez.EntityStack.expandGeneralEntity(EntityStack.java:221)
    [junit] 	at org.bluezoo.gonzalez.EntityStack.expandEntityValue(EntityStack.java:319)
    [junit] 	at org.bluezoo.gonzalez.EntityStack.expandGeneralEntity(EntityStack.java:221)
    [junit] 	at org.bluezoo.gonzalez.EntityStack.expandEntityValue(EntityStack.java:319)
    [junit] 	at org.bluezoo.gonzalez.EntityStack.expandGeneralEntity(EntityStack.java:221)
    [junit] 	at org.bluezoo.gonzalez.EntityStack.expandEntityValue(EntityStack.java:319)
    [junit] 	at org.bluezoo.gonzalez.EntityStack.expandGeneralEntity(EntityStack.java:221)
    [junit] 	at org.bluezoo.gonzalez.EntityStack.expandEntityValue(EntityStack.java:319)
    [junit] 	at org.bluezoo.gonzalez.EntityStack.expandGeneralEntity(EntityStack.java:221)
    [junit] 	at org.bluezoo.gonzalez.EntityStack.expandEntityValue(EntityStack.java:319)
    [junit] 	at org.bluezoo.gonzalez.EntityStack.expandGeneralEntity(EntityStack.java:221)
    [junit] 	at org.bluezoo.gonzalez.EntityStack.expandEntityValue(EntityStack.java:319)
    [junit] 	at org.bluezoo.gonzalez.EntityStack.expandGeneralEntity(EntityStack.java:221)
    [junit] 	at org.bluezoo.gonzalez.EntityStack.expandEntityValue(EntityStack.java:319)
    [junit] 	at org.bluezoo.gonzalez.EntityStack.expandGeneralEntity(EntityStack.java:221)
    [junit] 	at org.bluezoo.gonzalez.EntityStack.expandEntityValue(EntityStack.java:319)
    [junit] 	at org.bluezoo.gonzalez.EntityStack.expandGeneralEntity(EntityStack.java:221)
    [junit] 	at org.bluezoo.gonzalez.EntityStack.expandEntityValue(EntityStack.java:319)
    [junit] 	at org.bluezoo.gonzalez.EntityStack.expandGeneralEntity(EntityStack.java:221)
    [junit] 	at org.bluezoo.gonzalez.EntityStack.expandEntityValue(EntityStack.java:319)
    [junit] 	at org.bluezoo.gonzalez.EntityStack.expandGeneralEntity(EntityStack.java:221)
    [junit] 	at org.bluezoo.gonzalez.EntityStack.expandEntityValue(EntityStack.java:319)
    [junit] 	at org.bluezoo.gonzalez.EntityStack.expandGeneralEntity(EntityStack.java:221)
    [junit] 	at org.bluezoo.gonzalez.EntityStack.expandEntityValue(EntityStack.java:319)
    [junit] 	at org.bluezoo.gonzalez.EntityStack.expandGeneralEntity(EntityStack.java:221)
    [junit] 	at org.bluezoo.gonzalez.EntityStack.expandEntityValue(EntityStack.java:319)
    [junit] 	at org.bluezoo.gonzalez.EntityStack.expandGeneralEntity(EntityStack.java:221)
    [junit] 	at org.bluezoo.gonzalez.EntityStack.expandEntityValue(EntityStack.java:319)
    [junit] 	at org.bluezoo.gonzalez.EntityStack.expandGeneralEntity(EntityStack.java:221)
    [junit] 	at org.bluezoo.gonzalez.EntityStack.expandEntityValue(EntityStack.java:319)
    [junit] 	at org.bluezoo.gonzalez.EntityStack.expandGeneralEntity(EntityStack.java:221)
    [junit] 	at org.bluezoo.gonzalez.EntityStack.expandEntityValue(EntityStack.java:319)
    [junit] 	at org.bluezoo.gonzalez.EntityStack.expandGeneralEntity(EntityStack.java:221)
    [junit] 	at org.bluezoo.gonzalez.EntityStack.expandEntityValue(EntityStack.java:319)
    [junit] 	at org.bluezoo.gonzalez.EntityStack.expandGeneralEntity(EntityStack.java:221)
    [junit] 	at org.bluezoo.gonzalez.EntityStack.expandEntityValue(EntityStack.java:319)
    [junit] 	at org.bluezoo.gonzalez.EntityStack.expandGeneralEntity(EntityStack.java:221)
    [junit] 	at org.bluezoo.gonzalez.EntityStack.expandEntityValue(EntityStack.java:319)
    [junit] 	at org.bluezoo.gonzalez.EntityStack.expandGeneralEntity(EntityStack.java:221)
    [junit] 	at org.bluezoo.gonzalez.EntityStack.expandEntityValue(EntityStack.java:319)
    [junit] 	at org.bluezoo.gonzalez.EntityStack.expandGeneralEntity(EntityStack.java:221)
    [junit] 	at org.bluezoo.gonzalez.EntityStack.expandEntityValue(EntityStack.java:319)
    [junit] 	at org.bluezoo.gonzalez.EntityStack.expandGeneralEntity(EntityStack.java:221)
    [junit] 	at org.bluezoo.gonzalez.EntityStack.expandEntityValue(EntityStack.java:319)
    [junit] 	at org.bluezoo.gonzalez.EntityStack.expandGeneralEntity(EntityStack.java:221)
    [junit] 	at org.bluezoo.gonzalez.EntityStack.expandEntityValue(EntityStack.java:319)
    [junit] 	at org.bluezoo.gonzalez.EntityStack.expandGeneralEntity(EntityStack.java:221)
    [junit] 	at org.bluezoo.gonzalez.EntityStack.expandEntityValue(EntityStack.java:319)
    [junit] 	at org.bluezoo.gonzalez.EntityStack.expandGeneralEntity(EntityStack.java:221)
    [junit] 	at org.bluezoo.gonzalez.EntityStack.expandEntityValue(EntityStack.java:319)
    [junit] 	at org.bluezoo.gonzalez.EntityStack.expandGeneralEntity(EntityStack.java:221)
    [junit] 	at org.bluezoo.gonzalez.EntityStack.expandEntityValue(EntityStack.java:319)
    [junit] 	at org.bluezoo.gonzalez.EntityStack.expandGeneralEntity(EntityStack.java:221)
    [junit] 	at org.bluezoo.gonzalez.EntityStack.expandEntityValue(EntityStack.java:319)
    [junit] 	at org.bluezoo.gonzalez.EntityStack.expandGeneralEntity(EntityStack.java:221)
    [junit] 	at org.bluezoo.gonzalez.EntityStack.expandEntityValue(EntityStack.java:319)
    [junit] 	at org.bluezoo.gonzalez.EntityStack.expandGeneralEntity(EntityStack.java:221)
    [junit] 	at org.bluezoo.gonzalez.EntityStack.expandEntityValue(EntityStack.java:319)
    [junit] 	at org.bluezoo.gonzalez.EntityStack.expandGeneralEntity(EntityStack.java:221)
    [junit] 	at org.bluezoo.gonzalez.EntityStack.expandEntityValue(EntityStack.java:319)
    [junit] 	at org.bluezoo.gonzalez.EntityStack.expandGeneralEntity(EntityStack.java:221)
    [junit] 	at org.bluezoo.gonzalez.EntityStack.expandEntityValue(EntityStack.java:319)
    [junit] 	at org.bluezoo.gonzalez.EntityStack.expandGeneralEntity(EntityStack.java:221)
    [junit] 	at org.bluezoo.gonzalez.EntityStack.expandEntityValue(EntityStack.java:319)
    [junit] 	at org.bluezoo.gonzalez.EntityStack.expandGeneralEntity(EntityStack.java:221)
    [junit] 	at org.bluezoo.gonzalez.EntityStack.expandEntityValue(EntityStack.java:319)
    [junit] 	at org.bluezoo.gonzalez.EntityStack.expandGeneralEntity(EntityStack.java:221)
    [junit] 	at org.bluezoo.gonzalez.EntityStack.expandEntityValue(EntityStack.java:319)
    [junit] 	at org.bluezoo.gonzalez.EntityStack.expandGeneralEntity(EntityStack.java:221)
    [junit] 	at org.bluezoo.gonzalez.EntityStack.expandEntityValue(EntityStack.java:319)
    [junit] 	at org.bluezoo.gonzalez.EntityStack.expandGeneralEntity(EntityStack.java:221)
    [junit] 	at org.bluezoo.gonzalez.EntityStack.expandEntityValue(EntityStack.java:319)
    [junit] 	at org.bluezoo.gonzalez.EntityStack.expandGeneralEntity(EntityStack.java:221)
    [junit] 	at org.bluezoo.gonzalez.EntityStack.expandEntityValue(EntityStack.java:319)
    [junit] 	at org.bluezoo.gonzalez.EntityStack.expandGeneralEntity(EntityStack.java:221)
    [junit] 	at org.bluezoo.gonzalez.EntityStack.expandEntityValue(EntityStack.java:319)
    [junit] 	at org.bluezoo.gonzalez.EntityStack.expandGeneralEntity(EntityStack.java:221)
    [junit] 	at org.bluezoo.gonzalez.EntityStack.expandEntityValue(EntityStack.java:319)
    [junit] 	at org.bluezoo.gonzalez.EntityStack.expandGeneralEntity(EntityStack.java:221)
    [junit] 	at org.bluezoo.gonzalez.EntityStack.expandEntityValue(EntityStack.java:319)
    [junit] 	at org.bluezoo.gonzalez.EntityStack.expandGeneralEntity(EntityStack.java:221)
    [junit] 	at org.bluezoo.gonzalez.EntityStack.expandEntityValue(EntityStack.java:319)
    [junit] 	at org.bluezoo.gonzalez.EntityStack.expandGeneralEntity(EntityStack.java:221)
    [junit] 	at org.bluezoo.gonzalez.EntityStack.expandEntityValue(EntityStack.java:319)
    [junit] 	at org.bluezoo.gonzalez.EntityStack.expandGeneralEntity(EntityStack.java:221)
    [junit] 	at org.bluezoo.gonzalez.EntityStack.expandEntityValue(EntityStack.java:319)
    [junit] 	at org.bluezoo.gonzalez.EntityStack.expandGeneralEntity(EntityStack.java:221)
    [junit] 	at org.bluezoo.gonzalez.EntityStack.expandEntityValue(EntityStack.java:319)
    [junit] 	at org.bluezoo.gonzalez.EntityStack.expandGeneralEntity(EntityStack.java:221)
    [junit] 	at org.bluezoo.gonzalez.EntityStack.expandEntityValue(EntityStack.java:319)
    [junit] 	at org.bluezoo.gonzalez.EntityStack.expandGeneralEntity(EntityStack.java:221)
    [junit] 	at org.bluezoo.gonzalez.EntityStack.expandEntityValue(EntityStack.java:319)
    [junit] 	at org.bluezoo.gonzalez.EntityStack.expandGeneralEntity(EntityStack.java:221)
    [junit] 	at org.bluezoo.gonzalez.EntityStack.expandEntityValue(EntityStack.java:319)
    [junit] 	at org.bluezoo.gonzalez.EntityStack.expandGeneralEntity(EntityStack.java:221)
    [junit] 	at org.bluezoo.gonzalez.EntityStack.expandEntityValue(EntityStack.java:319)
    [junit] 	at org.bluezoo.gonzalez.EntityStack.expandGeneralEntity(EntityStack.java:221)
    [junit] 	at org.bluezoo.gonzalez.EntityStack.expandEntityValue(EntityStack.java:319)
    [junit] 	at org.bluezoo.gonzalez.EntityStack.expandGeneralEntity(EntityStack.java:221)
    [junit] 	at org.bluezoo.gonzalez.EntityStack.expandEntityValue(EntityStack.java:319)
    [junit] 	at org.bluezoo.gonzalez.EntityStack.expandGeneralEntity(EntityStack.java:221)
    [junit] 	at org.bluezoo.gonzalez.EntityStack.expandEntityValue(EntityStack.java:319)
    [junit] 	at org.bluezoo.gonzalez.EntityStack.expandGeneralEntity(EntityStack.java:221)
    [junit] 	at org.bluezoo.gonzalez.EntityStack.expandEntityValue(EntityStack.java:319)
    [junit] 	at org.bluezoo.gonzalez.EntityStack.expandGeneralEntity(EntityStack.java:221)
    [junit] 	at org.bluezoo.gonzalez.EntityStack.expandEntityValue(EntityStack.java:319)
    [junit] 	at org.bluezoo.gonzalez.EntityStack.expandGeneralEntity(EntityStack.java:221)
    [junit] 	at org.bluezoo.gonzalez.EntityStack.expandEntityValue(EntityStack.java:319)
    [junit] 	at org.bluezoo.gonzalez.EntityStack.expandGeneralEntity(EntityStack.java:221)
    [junit] 	at org.bluezoo.gonzalez.EntityStack.expandEntityValue(EntityStack.java:319)
    [junit] 	at org.bluezoo.gonzalez.EntityStack.expandGeneralEntity(EntityStack.java:221)
    [junit] 	at org.bluezoo.gonzalez.EntityStack.expandEntityValue(EntityStack.java:319)
    [junit] 	at org.bluezoo.gonzalez.EntityStack.expandGeneralEntity(EntityStack.java:221)
    [junit] 	at org.bluezoo.gonzalez.EntityStack.expandEntityValue(EntityStack.java:319)
    [junit] 	at org.bluezoo.gonzalez.EntityStack.expandGeneralEntity(EntityStack.java:221)
    [junit] 	at org.bluezoo.gonzalez.EntityStack.expandEntityValue(EntityStack.java:319)
    [junit] 	at org.bluezoo.gonzalez.EntityStack.expandGeneralEntity(EntityStack.java:221)
    [junit] 	at org.bluezoo.gonzalez.EntityStack.expandEntityValue(EntityStack.java:319)
    [junit] 	at org.bluezoo.gonzalez.EntityStack.expandGeneralEntity(EntityStack.java:221)
    [junit] 	at org.bluezoo.gonzalez.EntityStack.expandEntityValue(EntityStack.java:319)
    [junit] 	at org.bluezoo.gonzalez.EntityStack.expandGeneralEntity(EntityStack.java:221)
    [junit] 	at org.bluezoo.gonzalez.EntityStack.expandEntityValue(EntityStack.java:319)
    [junit] 	at org.bluezoo.gonzalez.EntityStack.expandGeneralEntity(EntityStack.java:221)
    [junit] 	at org.bluezoo.gonzalez.EntityStack.expandEntityValue(EntityStack.java:319)
    [junit] 	at org.bluezoo.gonzalez.EntityStack.expandGeneralEntity(EntityStack.java:221)
    [junit] 	at org.bluezoo.gonzalez.EntityStack.expandEntityValue(EntityStack.java:319)
    [junit] 	at org.bluezoo.gonzalez.EntityStack.expandGeneralEntity(EntityStack.java:221)
    [junit] 	at org.bluezoo.gonzalez.EntityStack.expandEntityValue(EntityStack.java:319)
    [junit] 	at org.bluezoo.gonzalez.EntityStack.expandGeneralEntity(EntityStack.java:221)
    [junit] 	at org.bluezoo.gonzalez.EntityStack.expandEntityValue(EntityStack.java:319)
    [junit] 	at org.bluezoo.gonzalez.EntityStack.expandGeneralEntity(EntityStack.java:221)
    [junit] 	at org.bluezoo.gonzalez.EntityStack.expandEntityValue(EntityStack.java:319)
    [junit] 	at org.bluezoo.gonzalez.EntityStack.expandGeneralEntity(EntityStack.java:221)
    [junit] 	at org.bluezoo.gonzalez.EntityStack.expandEntityValue(EntityStack.java:319)
    [junit] 	at org.bluezoo.gonzalez.EntityStack.expandGeneralEntity(EntityStack.java:221)
    [junit] 	at org.bluezoo.gonzalez.EntityStack.expandEntityValue(EntityStack.java:319)
    [junit] 	at org.bluezoo.gonzalez.EntityStack.expandGeneralEntity(EntityStack.java:221)
    [junit] 	at org.bluezoo.gonzalez.EntityStack.expandEntityValue(EntityStack.java:319)
    [junit] 	at org.bluezoo.gonzalez.EntityStack.expandGeneralEntity(EntityStack.java:221)
    [junit] 	at org.bluezoo.gonzalez.EntityStack.expandEntityValue(EntityStack.java:319)
    [junit] 	at org.bluezoo.gonzalez.EntityStack.expandGeneralEntity(EntityStack.java:221)
    [junit] 	at org.bluezoo.gonzalez.EntityStack.expandEntityValue(EntityStack.java:319)
    [junit] 	at org.bluezoo.gonzalez.EntityStack.expandGeneralEntity(EntityStack.java:221)
    [junit] 	at org.bluezoo.gonzalez.EntityStack.expandEntityValue(EntityStack.java:319)
    [junit] 	at org.bluezoo.gonzalez.EntityStack.expandGeneralEntity(EntityStack.java:221)
    [junit] 	at org.bluezoo.gonzalez.EntityStack.expandEntityValue(EntityStack.java:319)
    [junit] 	at org.bluezoo.gonzalez.EntityStack.expandGeneralEntity(EntityStack.java:221)
    [junit] 	at org.bluezoo.gonzalez.EntityStack.expandEntityValue(EntityStack.java:319)
    [junit] 	at org.bluezoo.gonzalez.EntityStack.expandGeneralEntity(EntityStack.java:221)
    [junit] 	at org.bluezoo.gonzalez.EntityStack.expandEntityValue(EntityStack.java:319)
    [junit] 	at org.bluezoo.gonzalez.EntityStack.expandGeneralEntity(EntityStack.java:221)
    [junit] 	at org.bluezoo.gonzalez.EntityStack.expandEntityValue(EntityStack.java:319)
    [junit] 	at org.bluezoo.gonzalez.EntityStack.expandGeneralEntity(EntityStack.java:221)
    [junit] 	at org.bluezoo.gonzalez.EntityStack.expandEntityValue(EntityStack.java:319)
    [junit] 	at org.bluezoo.gonzalez.EntityStack.expandGeneralEntity(EntityStack.java:221)
    [junit] 	at org.bluezoo.gonzalez.EntityStack.expandEntityValue(EntityStack.java:319)
    [junit] 	at org.bluezoo.gonzalez.EntityStack.expandGeneralEntity(EntityStack.java:221)
    [junit] 	at org.bluezoo.gonzalez.EntityStack.expandEntityValue(EntityStack.java:319)
    [junit] 	at org.bluezoo.gonzalez.EntityStack.expandGeneralEntity(EntityStack.java:221)
    [junit] 	at org.bluezoo.gonzalez.EntityStack.expandEntityValue(EntityStack.java:319)
    [junit] 	at org.bluezoo.gonzalez.EntityStack.expandGeneralEntity(EntityStack.java:221)
    [junit] 	at org.bluezoo.gonzalez.EntityStack.expandEntityValue(EntityStack.java:319)
    [junit] 	at org.bluezoo.gonzalez.EntityStack.expandGeneralEntity(EntityStack.java:221)
    [junit] 	at org.bluezoo.gonzalez.EntityStack.expandEntityValue(EntityStack.java:319)
    [junit] 	at org.bluezoo.gonzalez.EntityStack.expandGeneralEntity(EntityStack.java:221)
    [junit] 	at org.bluezoo.gonzalez.EntityStack.expandEntityValue(EntityStack.java:319)
    [junit] 	at org.bluezoo.gonzalez.EntityStack.expandGeneralEntity(EntityStack.java:221)
    [junit] 	at org.bluezoo.gonzalez.EntityStack.expandEntityValue(EntityStack.java:319)
    [junit] 	at org.bluezoo.gonzalez.EntityStack.expandGeneralEntity(EntityStack.java:221)
    [junit] 	at org.bluezoo.gonzalez.EntityStack.expandEntityValue(EntityStack.java:319)
    [junit] 	at org.bluezoo.gonzalez.EntityStack.expandGeneralEntity(EntityStack.java:221)
    [junit] 	at org.bluezoo.gonzalez.EntityStack.expandEntityValue(EntityStack.java:319)
    [junit] 	at org.bluezoo.gonzalez.EntityStack.expandGeneralEntity(EntityStack.java:221)
    [junit] 	at org.bluezoo.gonzalez.EntityStack.expandEntityValue(EntityStack.java:319)
    [junit] 	at org.bluezoo.gonzalez.EntityStack.expandGeneralEntity(EntityStack.java:221)
    [junit] 	at org.bluezoo.gonzalez.EntityStack.expandEntityValue(EntityStack.java:319)
    [junit] 	at org.bluezoo.gonzalez.EntityStack.expandGeneralEntity(EntityStack.java:221)
    [junit] 	at org.bluezoo.gonzalez.EntityStack.expandEntityValue(EntityStack.java:319)
    [junit] 	at org.bluezoo.gonzalez.EntityStack.expandGeneralEntity(EntityStack.java:221)
    [junit] 	at org.bluezoo.gonzalez.EntityStack.expandEntityValue(EntityStack.java:319)
    [junit] 	at org.bluezoo.gonzalez.EntityStack.expandGeneralEntity(EntityStack.java:221)
    [junit] 	at org.bluezoo.gonzalez.EntityStack.expandEntityValue(EntityStack.java:319)
    [junit] 	at org.bluezoo.gonzalez.EntityStack.expandGeneralEntity(EntityStack.java:221)
    [junit] 	at org.bluezoo.gonzalez.EntityStack.expandEntityValue(EntityStack.java:319)
    [junit] 	at org.bluezoo.gonzalez.EntityStack.expandGeneralEntity(EntityStack.java:221)
    [junit] 	at org.bluezoo.gonzalez.EntityStack.expandEntityValue(EntityStack.java:319)
    [junit] 	at org.bluezoo.gonzalez.EntityStack.expandGeneralEntity(EntityStack.java:221)
    [junit] 	at org.bluezoo.gonzalez.EntityStack.expandEntityValue(EntityStack.java:319)
    [junit] 	at org.bluezoo.gonzalez.EntityStack.expandGeneralEntity(EntityStack.java:221)
    [junit] 	at org.bluezoo.gonzalez.EntityStack.expandEntityValue(EntityStack.java:319)
    [junit] 	at org.bluezoo.gonzalez.EntityStack.expandGeneralEntity(EntityStack.java:221)
    [junit] 	at org.bluezoo.gonzalez.EntityStack.expandEntityValue(EntityStack.java:319)
    [junit] 	at org.bluezoo.gonzalez.EntityStack.expandGeneralEntity(EntityStack.java:221)
    [junit] 	at org.bluezoo.gonzalez.EntityStack.expandEntityValue(EntityStack.java:319)
    [junit] 	at org.bluezoo.gonzalez.EntityStack.expandGeneralEntity(EntityStack.java:221)
    [junit] 	at org.bluezoo.gonzalez.EntityStack.expandEntityValue(EntityStack.java:319)
    [junit] 	at org.bluezoo.gonzalez.EntityStack.expandGeneralEntity(EntityStack.java:221)
    [junit] 	at org.bluezoo.gonzalez.EntityStack.expandEntityValue(EntityStack.java:319)
    [junit] 	at org.bluezoo.gonzalez.EntityStack.expandGeneralEntity(EntityStack.java:221)
    [junit] 	at org.bluezoo.gonzalez.EntityStack.expandEntityValue(EntityStack.java:319)
    [junit] 	at org.bluezoo.gonzalez.EntityStack.expandGeneralEntity(EntityStack.java:221)
    [junit] 	at org.bluezoo.gonzalez.EntityStack.expandEntityValue(EntityStack.java:319)
    [junit] 	at org.bluezoo.gonzalez.EntityStack.expandGeneralEntity(EntityStack.java:221)
    [junit] 	at org.bluezoo.gonzalez.EntityStack.expandEntityValue(EntityStack.java:319)
    [junit] 	at org.bluezoo.gonzalez.EntityStack.expandGeneralEntity(EntityStack.java:221)
    [junit] 	at org.bluezoo.gonzalez.EntityStack.expandEntityValue(EntityStack.java:319)
    [junit] 	at org.bluezoo.gonzalez.EntityStack.expandGeneralEntity(EntityStack.java:221)
    [junit] 	at org.bluezoo.gonzalez.EntityStack.expandEntityValue(EntityStack.java:319)
    [junit] 	at org.bluezoo.gonzalez.EntityStack.expandGeneralEntity(EntityStack.java:221)
    [junit] 	at org.bluezoo.gonzalez.EntityStack.expandEntityValue(EntityStack.java:319)
    [junit] 	at org.bluezoo.gonzalez.EntityStack.expandGeneralEntity(EntityStack.java:221)
    [junit] 	at org.bluezoo.gonzalez.EntityStack.expandEntityValue(EntityStack.java:319)
    [junit] 	at org.bluezoo.gonzalez.EntityStack.expandGeneralEntity(EntityStack.java:221)
    [junit] 	at org.bluezoo.gonzalez.EntityStack.expandEntityValue(EntityStack.java:319)
    [junit] 	at org.bluezoo.gonzalez.EntityStack.expandGeneralEntity(EntityStack.java:221)
    [junit] 	at org.bluezoo.gonzalez.EntityStack.expandEntityValue(EntityStack.java:319)
    [junit] 	at org.bluezoo.gonzalez.EntityStack.expandGeneralEntity(EntityStack.java:221)
    [junit] 	at org.bluezoo.gonzalez.EntityStack.expandEntityValue(EntityStack.java:319)
    [junit] 	at org.bluezoo.gonzalez.EntityStack.expandGeneralEntity(EntityStack.java:221)
    [junit] 	at org.bluezoo.gonzalez.EntityStack.expandEntityValue(EntityStack.java:319)
    [junit] 	at org.bluezoo.gonzalez.EntityStack.expandGeneralEntity(EntityStack.java:221)
    [junit] 	at org.bluezoo.gonzalez.EntityStack.expandEntityValue(EntityStack.java:319)
    [junit] 	at org.bluezoo.gonzalez.EntityStack.expandGeneralEntity(EntityStack.java:221)
    [junit] 	at org.bluezoo.gonzalez.EntityStack.expandEntityValue(EntityStack.java:319)
    [junit] 	at org.bluezoo.gonzalez.EntityStack.expandGeneralEntity(EntityStack.java:221)
    [junit] 	at org.bluezoo.gonzalez.EntityStack.expandEntityValue(EntityStack.java:319)
    [junit] 	at org.bluezoo.gonzalez.EntityStack.expandGeneralEntity(EntityStack.java:221)
    [junit] 	at org.bluezoo.gonzalez.EntityStack.expandEntityValue(EntityStack.java:319)
    [junit] 	at org.bluezoo.gonzalez.EntityStack.expandGeneralEntity(EntityStack.java:221)
    [junit] 	at org.bluezoo.gonzalez.EntityStack.expandEntityValue(EntityStack.java:319)
    [junit] 	at org.bluezoo.gonzalez.EntityStack.expandGeneralEntity(EntityStack.java:221)
    [junit] 	at org.bluezoo.gonzalez.EntityStack.expandEntityValue(EntityStack.java:319)
    [junit] 	at org.bluezoo.gonzalez.EntityStack.expandGeneralEntity(EntityStack.java:221)
    [junit] 	at org.bluezoo.gonzalez.EntityStack.expandEntityValue(EntityStack.java:319)
    [junit] 	at org.bluezoo.gonzalez.EntityStack.expandGeneralEntity(EntityStack.java:221)
    [junit] 	at org.bluezoo.gonzalez.EntityStack.expandEntityValue(EntityStack.java:319)
    [junit] 	at org.bluezoo.gonzalez.EntityStack.expandGeneralEntity(EntityStack.java:221)
    [junit] 	at org.bluezoo.gonzalez.EntityStack.expandEntityValue(EntityStack.java:319)
    [junit] 	at org.bluezoo.gonzalez.EntityStack.expandGeneralEntity(EntityStack.java:221)
    [junit] 	at org.bluezoo.gonzalez.EntityStack.expandEntityValue(EntityStack.java:319)
    [junit] 	at org.bluezoo.gonzalez.EntityStack.expandGeneralEntity(EntityStack.java:221)
    [junit] 	at org.bluezoo.gonzalez.EntityStack.expandEntityValue(EntityStack.java:319)
    [junit] 	at org.bluezoo.gonzalez.EntityStack.expandGeneralEntity(EntityStack.java:221)
    [junit] 	at org.bluezoo.gonzalez.EntityStack.expandEntityValue(EntityStack.java:319)
    [junit] 	at org.bluezoo.gonzalez.EntityStack.expandGeneralEntity(EntityStack.java:221)
    [junit] 	at org.bluezoo.gonzalez.EntityStack.expandEntityValue(EntityStack.java:319)
    [junit] 	at org.bluezoo.gonzalez.EntityStack.expandGeneralEntity(EntityStack.java:221)
    [junit] 	at org.bluezoo.gonzalez.EntityStack.expandEntityValue(EntityStack.java:319)
    [junit] 	at org.bluezoo.gonzalez.EntityStack.expandGeneralEntity(EntityStack.java:221)
    [junit] 	at org.bluezoo.gonzalez.EntityStack.expandEntityValue(EntityStack.java:319)
    [junit] 	at org.bluezoo.gonzalez.EntityStack.expandGeneralEntity(EntityStack.java:221)
    [junit] 	at org.bluezoo.gonzalez.EntityStack.expandEntityValue(EntityStack.java:319)
    [junit] 	at org.bluezoo.gonzalez.EntityStack.expandGeneralEntity(EntityStack.java:221)
    [junit] 	at org.bluezoo.gonzalez.EntityStack.expandEntityValue(EntityStack.java:319)
    [junit] 	at org.bluezoo.gonzalez.EntityStack.expandGeneralEntity(EntityStack.java:221)
    [junit] 	at org.bluezoo.gonzalez.EntityStack.expandEntityValue(EntityStack.java:319)
    [junit] 	at org.bluezoo.gonzalez.EntityStack.expandGeneralEntity(EntityStack.java:221)
    [junit] 	at org.bluezoo.gonzalez.EntityStack.expandEntityValue(EntityStack.java:319)
    [junit] 	at org.bluezoo.gonzalez.EntityStack.expandGeneralEntity(EntityStack.java:221)
    [junit] 	at org.bluezoo.gonzalez.EntityStack.expandEntityValue(EntityStack.java:319)
    [junit] 	at org.bluezoo.gonzalez.EntityStack.expandGeneralEntity(EntityStack.java:221)
    [junit] 	at org.bluezoo.gonzalez.EntityStack.expandEntityValue(EntityStack.java:319)
    [junit] 	at org.bluezoo.gonzalez.EntityStack.expandGeneralEntity(EntityStack.java:221)
    [junit] 	at org.bluezoo.gonzalez.EntityStack.expandEntityValue(EntityStack.java:319)
    [junit] 	at org.bluezoo.gonzalez.EntityStack.expandGeneralEntity(EntityStack.java:221)
    [junit] 	at org.bluezoo.gonzalez.EntityStack.expandEntityValue(EntityStack.java:319)
    [junit] 	at org.bluezoo.gonzalez.EntityStack.expandGeneralEntity(EntityStack.java:221)
    [junit] 	at org.bluezoo.gonzalez.EntityStack.expandEntityValue(EntityStack.java:319)
    [junit] 	at org.bluezoo.gonzalez.EntityStack.expandGeneralEntity(EntityStack.java:221)
    [junit] 	at org.bluezoo.gonzalez.EntityStack.expandEntityValue(EntityStack.java:319)
    [junit] 	at org.bluezoo.gonzalez.EntityStack.expandGeneralEntity(EntityStack.java:221)
    [junit] 	at org.bluezoo.gonzalez.EntityStack.expandEntityValue(EntityStack.java:319)
    [junit] 	at org.bluezoo.gonzalez.EntityStack.expandGeneralEntity(EntityStack.java:221)
    [junit] 	at org.bluezoo.gonzalez.EntityStack.expandEntityValue(EntityStack.java:319)
    [junit] 	at org.bluezoo.gonzalez.EntityStack.expandGeneralEntity(EntityStack.java:221)
    [junit] 	at org.bluezoo.gonzalez.EntityStack.expandEntityValue(EntityStack.java:319)
    [junit] 	at org.bluezoo.gonzalez.EntityStack.expandGeneralEntity(EntityStack.java:221)
    [junit] 	at org.bluezoo.gonzalez.EntityStack.expandEntityValue(EntityStack.java:319)
    [junit] 	at org.bluezoo.gonzalez.EntityStack.expandGeneralEntity(EntityStack.java:221)
    [junit] 	at org.bluezoo.gonzalez.EntityStack.expandEntityValue(EntityStack.java:319)
    [junit] 	at org.bluezoo.gonzalez.EntityStack.expandGeneralEntity(EntityStack.java:221)
    [junit] 	at org.bluezoo.gonzalez.EntityStack.expandEntityValue(EntityStack.java:319)
    [junit] 	at org.bluezoo.gonzalez.EntityStack.expandGeneralEntity(EntityStack.java:221)
    [junit] 	at org.bluezoo.gonzalez.EntityStack.expandEntityValue(EntityStack.java:319)
    [junit] 	at org.bluezoo.gonzalez.EntityStack.expandGeneralEntity(EntityStack.java:221)
    [junit] 	at org.bluezoo.gonzalez.EntityStack.expandEntityValue(EntityStack.java:319)
    [junit] 	at org.bluezoo.gonzalez.EntityStack.expandGeneralEntity(EntityStack.java:221)
    [junit] 	at org.bluezoo.gonzalez.EntityStack.expandEntityValue(EntityStack.java:319)
    [junit] 	at org.bluezoo.gonzalez.EntityStack.expandGeneralEntity(EntityStack.java:221)
    [junit] 	at org.bluezoo.gonzalez.EntityStack.expandEntityValue(EntityStack.java:319)
    [junit] 	at org.bluezoo.gonzalez.EntityStack.expandGeneralEntity(EntityStack.java:221)
    [junit] 	at org.bluezoo.gonzalez.EntityStack.expandEntityValue(EntityStack.java:319)
    [junit] 	at org.bluezoo.gonzalez.EntityStack.expandGeneralEntity(EntityStack.java:221)
    [junit] 	at org.bluezoo.gonzalez.EntityStack.expandEntityValue(EntityStack.java:319)
    [junit] 	at org.bluezoo.gonzalez.EntityStack.expandGeneralEntity(EntityStack.java:221)
    [junit] 	at org.bluezoo.gonzalez.EntityStack.expandEntityValue(EntityStack.java:319)
    [junit] 	at org.bluezoo.gonzalez.EntityStack.expandGeneralEntity(EntityStack.java:221)
    [junit] 	at org.bluezoo.gonzalez.EntityStack.expandEntityValue(EntityStack.java:319)
    [junit] 	at org.bluezoo.gonzalez.EntityStack.expandGeneralEntity(EntityStack.java:221)
    [junit] 	at org.bluezoo.gonzalez.EntityStack.expandEntityValue(EntityStack.java:319)
    [junit] 	at org.bluezoo.gonzalez.EntityStack.expandGeneralEntity(EntityStack.java:221)
    [junit] 	at org.bluezoo.gonzalez.EntityStack.expandEntityValue(EntityStack.java:319)
    [junit] 	at org.bluezoo.gonzalez.EntityStack.expandGeneralEntity(EntityStack.java:221)
    [junit] 	at org.bluezoo.gonzalez.EntityStack.expandEntityValue(EntityStack.java:319)
    [junit] 	at org.bluezoo.gonzalez.EntityStack.expandGeneralEntity(EntityStack.java:221)
    [junit] 	at org.bluezoo.gonzalez.EntityStack.expandEntityValue(EntityStack.java:319)
    [junit] 	at org.bluezoo.gonzalez.EntityStack.expandGeneralEntity(EntityStack.java:221)
    [junit] 	at org.bluezoo.gonzalez.EntityStack.expandEntityValue(EntityStack.java:319)
    [junit] 	at org.bluezoo.gonzalez.EntityStack.expandGeneralEntity(EntityStack.java:221)
    [junit] 	at org.bluezoo.gonzalez.EntityStack.expandEntityValue(EntityStack.java:319)
    [junit] 	at org.bluezoo.gonzalez.EntityStack.expandGeneralEntity(EntityStack.java:221)
    [junit] 	at org.bluezoo.gonzalez.EntityStack.expandEntityValue(EntityStack.java:319)
    [junit] 	at org.bluezoo.gonzalez.EntityStack.expandGeneralEntity(EntityStack.java:221)
    [junit] 	at org.bluezoo.gonzalez.EntityStack.expandEntityValue(EntityStack.java:319)
    [junit] 	at org.bluezoo.gonzalez.EntityStack.expandGeneralEntity(EntityStack.java:221)
    [junit] 	at org.bluezoo.gonzalez.EntityStack.expandEntityValue(EntityStack.java:319)
    [junit] 	at org.bluezoo.gonzalez.EntityStack.expandGeneralEntity(EntityStack.java:221)
    [junit] 	at org.bluezoo.gonzalez.EntityStack.expandEntityValue(EntityStack.java:319)
    [junit] 	at org.bluezoo.gonzalez.EntityStack.expandGeneralEntity(EntityStack.java:221)
    [junit] 	at org.bluezoo.gonzalez.EntityStack.expandEntityValue(EntityStack.java:319)
    [junit] 	at org.bluezoo.gonzalez.EntityStack.expandGeneralEntity(EntityStack.java:221)
    [junit] 	at org.bluezoo.gonzalez.EntityStack.expandEntityValue(EntityStack.java:319)
    [junit] 	at org.bluezoo.gonzalez.EntityStack.expandGeneralEntity(EntityStack.java:221)
    [junit] 	at org.bluezoo.gonzalez.EntityStack.expandEntityValue(EntityStack.java:319)
    [junit] 	at org.bluezoo.gonzalez.EntityStack.expandGeneralEntity(EntityStack.java:221)
    [junit] 	at org.bluezoo.gonzalez.EntityStack.expandEntityValue(EntityStack.java:319)
    [junit] 	at org.bluezoo.gonzalez.EntityStack.expandGeneralEntity(EntityStack.java:221)
    [junit] 	at org.bluezoo.gonzalez.EntityStack.expandEntityValue(EntityStack.java:319)
    [junit] 	at org.bluezoo.gonzalez.EntityStack.expandGeneralEntity(EntityStack.java:221)
    [junit] 	at org.bluezoo.gonzalez.EntityStack.expandEntityValue(EntityStack.java:319)
    [junit] 	at org.bluezoo.gonzalez.EntityStack.expandGeneralEntity(EntityStack.java:221)
    [junit] 	at org.bluezoo.gonzalez.EntityStack.expandEntityValue(EntityStack.java:319)
    [junit] 	at org.bluezoo.gonzalez.EntityStack.expandGeneralEntity(EntityStack.java:221)
    [junit] 	at org.bluezoo.gonzalez.EntityStack.expandEntityValue(EntityStack.java:319)
    [junit] 	at org.bluezoo.gonzalez.EntityStack.expandGeneralEntity(EntityStack.java:221)
    [junit] 	at org.bluezoo.gonzalez.EntityStack.expandEntityValue(EntityStack.java:319)
    [junit] 	at org.bluezoo.gonzalez.EntityStack.expandGeneralEntity(EntityStack.java:221)
    [junit] 	at org.bluezoo.gonzalez.EntityStack.expandEntityValue(EntityStack.java:319)
    [junit] 	at org.bluezoo.gonzalez.EntityStack.expandGeneralEntity(EntityStack.java:221)
    [junit] 	at org.bluezoo.gonzalez.EntityStack.expandEntityValue(EntityStack.java:319)
    [junit] 	at org.bluezoo.gonzalez.EntityStack.expandGeneralEntity(EntityStack.java:221)
    [junit] 	at org.bluezoo.gonzalez.EntityStack.expandEntityValue(EntityStack.java:319)
    [junit] 	at org.bluezoo.gonzalez.EntityStack.expandGeneralEntity(EntityStack.java:221)
    [junit] 	at org.bluezoo.gonzalez.EntityStack.expandEntityValue(EntityStack.java:319)
    [junit] 	at org.bluezoo.gonzalez.EntityStack.expandGeneralEntity(EntityStack.java:221)
    [junit] 	at org.bluezoo.gonzalez.EntityStack.expandEntityValue(EntityStack.java:319)
    [junit] 	at org.bluezoo.gonzalez.EntityStack.expandGeneralEntity(EntityStack.java:221)
    [junit] 	at org.bluezoo.gonzalez.EntityStack.expandEntityValue(EntityStack.java:319)
    [junit] 	at org.bluezoo.gonzalez.EntityStack.expandGeneralEntity(EntityStack.java:221)
    [junit] 	at org.bluezoo.gonzalez.EntityStack.expandEntityValue(EntityStack.java:319)
    [junit] 	at org.bluezoo.gonzalez.EntityStack.expandGeneralEntity(EntityStack.java:221)
    [junit] 	at org.bluezoo.gonzalez.EntityStack.expandEntityValue(EntityStack.java:319)
    [junit] 	at org.bluezoo.gonzalez.EntityStack.expandGeneralEntity(EntityStack.java:221)
    [junit] 	at org.bluezoo.gonzalez.EntityStack.expandEntityValue(EntityStack.java:319)
    [junit] 	at org.bluezoo.gonzalez.EntityStack.expandGeneralEntity(EntityStack.java:221)
    [junit] 	at org.bluezoo.gonzalez.EntityStack.expandEntityValue(EntityStack.java:319)
    [junit] 	at org.bluezoo.gonzalez.EntityStack.expandGeneralEntity(EntityStack.java:221)
    [junit] 	at org.bluezoo.gonzalez.EntityStack.expandEntityValue(EntityStack.java:319)
    [junit] 	at org.bluezoo.gonzalez.EntityStack.expandGeneralEntity(EntityStack.java:221)
    [junit] 	at org.bluezoo.gonzalez.EntityStack.expandEntityValue(EntityStack.java:319)
    [junit] 	at org.bluezoo.gonzalez.EntityStack.expandGeneralEntity(EntityStack.java:221)
    [junit] 	at org.bluezoo.gonzalez.EntityStack.expandEntityValue(EntityStack.java:319)
    [junit] 	at org.bluezoo.gonzalez.EntityStack.expandGeneralEntity(EntityStack.java:221)
    [junit] 	at org.bluezoo.gonzalez.EntityStack.expandEntityValue(EntityStack.java:319)
    [junit] 	at org.bluezoo.gonzalez.EntityStack.expandGeneralEntity(EntityStack.java:221)
    [junit] 	at org.bluezoo.gonzalez.EntityStack.expandEntityValue(EntityStack.java:319)
    [junit] 	at org.bluezoo.gonzalez.EntityStack.expandGeneralEntity(EntityStack.java:221)
    [junit] 	at org.bluezoo.gonzalez.EntityStack.expandEntityValue(EntityStack.java:319)
    [junit] 	at org.bluezoo.gonzalez.EntityStack.expandGeneralEntity(EntityStack.java:221)
    [junit] 	at org.bluezoo.gonzalez.EntityStack.expandEntityValue(EntityStack.java:319)
    [junit] 	at org.bluezoo.gonzalez.EntityStack.expandGeneralEntity(EntityStack.java:221)
    [junit] 	at org.bluezoo.gonzalez.EntityStack.expandEntityValue(EntityStack.java:319)
    [junit] 	at org.bluezoo.gonzalez.EntityStack.expandGeneralEntity(EntityStack.java:221)
    [junit] 	at org.bluezoo.gonzalez.EntityStack.expandEntityValue(EntityStack.java:319)
    [junit] 	at org.bluezoo.gonzalez.EntityStack.expandGeneralEntity(EntityStack.java:221)
    [junit] 	at org.bluezoo.gonzalez.EntityStack.expandEntityValue(EntityStack.java:319)
    [junit] 	at org.bluezoo.gonzalez.EntityStack.expandGeneralEntity(EntityStack.java:221)
    [junit] 	at org.bluezoo.gonzalez.EntityStack.expandEntityValue(EntityStack.java:319)
    [junit] 	at org.bluezoo.gonzalez.EntityStack.expandGeneralEntity(EntityStack.java:221)
    [junit] 	at org.bluezoo.gonzalez.EntityStack.expandEntityValue(EntityStack.java:319)
    [junit] 	at org.bluezoo.gonzalez.EntityStack.expandGeneralEntity(EntityStack.java:221)
    [junit] 	at org.bluezoo.gonzalez.EntityStack.expandEntityValue(EntityStack.java:319)
    [junit] 	at org.bluezoo.gonzalez.EntityStack.expandGeneralEntity(EntityStack.java:221)
    [junit] 	at org.bluezoo.gonzalez.EntityStack.expandEntityValue(EntityStack.java:319)
    [junit] 	at org.bluezoo.gonzalez.EntityStack.expandGeneralEntity(EntityStack.java:221)
    [junit] 	at org.bluezoo.gonzalez.EntityStack.expandEntityValue(EntityStack.java:319)
    [junit] 	at org.bluezoo.gonzalez.EntityStack.expandGeneralEntity(EntityStack.java:221)
    [junit] 	at org.bluezoo.gonzalez.EntityStack.expandEntityValue(EntityStack.java:319)
    [junit] 	at org.bluezoo.gonzalez.EntityStack.expandGeneralEntity(EntityStack.java:221)
    [junit] 	at org.bluezoo.gonzalez.EntityStack.expandEntityValue(EntityStack.java:319)
    [junit] 	at org.bluezoo.gonzalez.EntityStack.expandGeneralEntity(EntityStack.java:221)
    [junit] 	at org.bluezoo.gonzalez.EntityStack.expandEntityValue(EntityStack.java:319)
    [junit] 	at org.bluezoo.gonzalez.EntityStack.expandGeneralEntity(EntityStack.java:221)
    [junit] 	at org.bluezoo.gonzalez.EntityStack.expandEntityValue(EntityStack.java:319)
    [junit] 	at org.bluezoo.gonzalez.EntityStack.expandGeneralEntity(EntityStack.java:221)
    [junit] 	at org.bluezoo.gonzalez.EntityStack.expandEntityValue(EntityStack.java:319)
    [junit] 	at org.bluezoo.gonzalez.EntityStack.expandGeneralEntity(EntityStack.java:221)
    [junit] 	at org.bluezoo.gonzalez.EntityStack.expandEntityValue(EntityStack.java:319)
    [junit] 	at org.bluezoo.gonzalez.EntityStack.expandGeneralEntity(EntityStack.java:221)
    [junit] 	at org.bluezoo.gonzalez.EntityStack.expandEntityValue(EntityStack.java:319)
    [junit] 	at org.bluezoo.gonzalez.EntityStack.expandGeneralEntity(EntityStack.java:221)
    [junit] 	at org.bluezoo.gonzalez.EntityStack.expandEntityValue(EntityStack.java:319)
    [junit] 	at org.bluezoo.gonzalez.EntityStack.expandGeneralEntity(EntityStack.java:221)
    [junit] 	at org.bluezoo.gonzalez.EntityStack.expandEntityValue(EntityStack.java:319)
    [junit] 	at org.bluezoo.gonzalez.EntityStack.expandGeneralEntity(EntityStack.java:221)
    [junit] 	at org.bluezoo.gonzalez.EntityStack.expandEntityValue(EntityStack.java:319)
    [junit] 	at org.bluezoo.gonzalez.EntityStack.expandGeneralEntity(EntityStack.java:221)
    [junit] 	at org.bluezoo.gonzalez.EntityStack.expandEntityValue(EntityStack.java:319)
    [junit] 	at org.bluezoo.gonzalez.EntityStack.expandGeneralEntity(EntityStack.java:221)
    [junit] 	at org.bluezoo.gonzalez.EntityStack.expandEntityValue(EntityStack.java:319)
    [junit] 	at org.bluezoo.gonzalez.EntityStack.expandGeneralEntity(EntityStack.java:221)
    [junit] 	at org.bluezoo.gonzalez.EntityStack.expandEntityValue(EntityStack.java:319)
    [junit] 	at org.bluezoo.gonzalez.EntityStack.expandGeneralEntity(EntityStack.java:221)
    [junit] 	at org.bluezoo.gonzalez.EntityStack.expandEntityValue(EntityStack.java:319)
    [junit] 	at org.bluezoo.gonzalez.EntityStack.expandGeneralEntity(EntityStack.java:221)
    [junit] 	at org.bluezoo.gonzalez.EntityStack.expandEntityValue(EntityStack.java:319)
    [junit] 	at org.bluezoo.gonzalez.EntityStack.expandGeneralEntity(EntityStack.java:221)
    [junit] 	at org.bluezoo.gonzalez.EntityStack.expandEntityValue(EntityStack.java:319)
    [junit] 	at org.bluezoo.gonzalez.EntityStack.expandGeneralEntity(EntityStack.java:221)
    [junit] 	at org.bluezoo.gonzalez.EntityStack.expandEntityValue(EntityStack.java:319)
    [junit] 	at org.bluezoo.gonzalez.EntityStack.expandGeneralEntity(EntityStack.java:221)
    [junit] 	at org.bluezoo.gonzalez.EntityStack.expandEntityValue(EntityStack.java:319)
    [junit] 	at org.bluezoo.gonzalez.EntityStack.expandGeneralEntity(EntityStack.java:221)
    [junit] 	at org.bluezoo.gonzalez.EntityStack.expandEntityValue(EntityStack.java:319)
    [junit] 
    [junit] Testcase: runTest[not-wf-sa-080 (not-wf)] took 0.011 sec
    [junit] 	Caused an ERROR
    [junit] null
    [junit] java.lang.StackOverflowError
    [junit] 	at org.bluezoo.gonzalez.EntityStack.expandGeneralEntity(EntityStack.java:146)
    [junit] 	at org.bluezoo.gonzalez.EntityStack.expandEntityValue(EntityStack.java:319)
    [junit] 	at org.bluezoo.gonzalez.EntityStack.expandGeneralEntity(EntityStack.java:221)
    [junit] 	at org.bluezoo.gonzalez.EntityStack.expandEntityValue(EntityStack.java:319)
    [junit] 	at org.bluezoo.gonzalez.EntityStack.expandGeneralEntity(EntityStack.java:221)
    [junit] 	at org.bluezoo.gonzalez.EntityStack.expandEntityValue(EntityStack.java:319)
    [junit] 	at org.bluezoo.gonzalez.EntityStack.expandGeneralEntity(EntityStack.java:221)
    [junit] 	at org.bluezoo.gonzalez.EntityStack.expandEntityValue(EntityStack.java:319)
    [junit] 	at org.bluezoo.gonzalez.EntityStack.expandGeneralEntity(EntityStack.java:221)
    [junit] 	at org.bluezoo.gonzalez.EntityStack.expandEntityValue(EntityStack.java:319)
    [junit] 	at org.bluezoo.gonzalez.EntityStack.expandGeneralEntity(EntityStack.java:221)
    [junit] 	at org.bluezoo.gonzalez.EntityStack.expandEntityValue(EntityStack.java:319)
    [junit] 	at org.bluezoo.gonzalez.EntityStack.expandGeneralEntity(EntityStack.java:221)
    [junit] 	at org.bluezoo.gonzalez.EntityStack.expandEntityValue(EntityStack.java:319)
    [junit] 	at org.bluezoo.gonzalez.EntityStack.expandGeneralEntity(EntityStack.java:221)
    [junit] 	at org.bluezoo.gonzalez.EntityStack.expandEntityValue(EntityStack.java:319)
    [junit] 	at org.bluezoo.gonzalez.EntityStack.expandGeneralEntity(EntityStack.java:221)
    [junit] 	at org.bluezoo.gonzalez.EntityStack.expandEntityValue(EntityStack.java:319)
    [junit] 	at org.bluezoo.gonzalez.EntityStack.expandGeneralEntity(EntityStack.java:221)
    [junit] 	at org.bluezoo.gonzalez.EntityStack.expandEntityValue(EntityStack.java:319)
    [junit] 	at org.bluezoo.gonzalez.EntityStack.expandGeneralEntity(EntityStack.java:221)
    [junit] 	at org.bluezoo.gonzalez.EntityStack.expandEntityValue(EntityStack.java:319)
    [junit] 	at org.bluezoo.gonzalez.EntityStack.expandGeneralEntity(EntityStack.java:221)
    [junit] 	at org.bluezoo.gonzalez.EntityStack.expandEntityValue(EntityStack.java:319)
    [junit] 	at org.bluezoo.gonzalez.EntityStack.expandGeneralEntity(EntityStack.java:221)
    [junit] 	at org.bluezoo.gonzalez.EntityStack.expandEntityValue(EntityStack.java:319)
    [junit] 	at org.bluezoo.gonzalez.EntityStack.expandGeneralEntity(EntityStack.java:221)
    [junit] 	at org.bluezoo.gonzalez.EntityStack.expandEntityValue(EntityStack.java:319)
    [junit] 	at org.bluezoo.gonzalez.EntityStack.expandGeneralEntity(EntityStack.java:221)
    [junit] 	at org.bluezoo.gonzalez.EntityStack.expandEntityValue(EntityStack.java:319)
    [junit] 	at org.bluezoo.gonzalez.EntityStack.expandGeneralEntity(EntityStack.java:221)
    [junit] 	at org.bluezoo.gonzalez.EntityStack.expandEntityValue(EntityStack.java:319)
    [junit] 	at org.bluezoo.gonzalez.EntityStack.expandGeneralEntity(EntityStack.java:221)
    [junit] 	at org.bluezoo.gonzalez.EntityStack.expandEntityValue(EntityStack.java:319)
    [junit] 	at org.bluezoo.gonzalez.EntityStack.expandGeneralEntity(EntityStack.java:221)
    [junit] 	at org.bluezoo.gonzalez.EntityStack.expandEntityValue(EntityStack.java:319)
    [junit] 	at org.bluezoo.gonzalez.EntityStack.expandGeneralEntity(EntityStack.java:221)
    [junit] 	at org.bluezoo.gonzalez.EntityStack.expandEntityValue(EntityStack.java:319)
    [junit] 	at org.bluezoo.gonzalez.EntityStack.expandGeneralEntity(EntityStack.java:221)
    [junit] 	at org.bluezoo.gonzalez.EntityStack.expandEntityValue(EntityStack.java:319)
    [junit] 	at org.bluezoo.gonzalez.EntityStack.expandGeneralEntity(EntityStack.java:221)
    [junit] 	at org.bluezoo.gonzalez.EntityStack.expandEntityValue(EntityStack.java:319)
    [junit] 	at org.bluezoo.gonzalez.EntityStack.expandGeneralEntity(EntityStack.java:221)
    [junit] 	at org.bluezoo.gonzalez.EntityStack.expandEntityValue(EntityStack.java:319)
    [junit] 	at org.bluezoo.gonzalez.EntityStack.expandGeneralEntity(EntityStack.java:221)
    [junit] 	at org.bluezoo.gonzalez.EntityStack.expandEntityValue(EntityStack.java:319)
    [junit] 	at org.bluezoo.gonzalez.EntityStack.expandGeneralEntity(EntityStack.java:221)
    [junit] 	at org.bluezoo.gonzalez.EntityStack.expandEntityValue(EntityStack.java:319)
    [junit] 	at org.bluezoo.gonzalez.EntityStack.expandGeneralEntity(EntityStack.java:221)
    [junit] 	at org.bluezoo.gonzalez.EntityStack.expandEntityValue(EntityStack.java:319)
    [junit] 	at org.bluezoo.gonzalez.EntityStack.expandGeneralEntity(EntityStack.java:221)
    [junit] 	at org.bluezoo.gonzalez.EntityStack.expandEntityValue(EntityStack.java:319)
    [junit] 	at org.bluezoo.gonzalez.EntityStack.expandGeneralEntity(EntityStack.java:221)
    [junit] 	at org.bluezoo.gonzalez.EntityStack.expandEntityValue(EntityStack.java:319)
    [junit] 	at org.bluezoo.gonzalez.EntityStack.expandGeneralEntity(EntityStack.java:221)
    [junit] 	at org.bluezoo.gonzalez.EntityStack.expandEntityValue(EntityStack.java:319)
    [junit] 	at org.bluezoo.gonzalez.EntityStack.expandGeneralEntity(EntityStack.java:221)
    [junit] 	at org.bluezoo.gonzalez.EntityStack.expandEntityValue(EntityStack.java:319)
    [junit] 	at org.bluezoo.gonzalez.EntityStack.expandGeneralEntity(EntityStack.java:221)
    [junit] 	at org.bluezoo.gonzalez.EntityStack.expandEntityValue(EntityStack.java:319)
    [junit] 	at org.bluezoo.gonzalez.EntityStack.expandGeneralEntity(EntityStack.java:221)
    [junit] 	at org.bluezoo.gonzalez.EntityStack.expandEntityValue(EntityStack.java:319)
    [junit] 	at org.bluezoo.gonzalez.EntityStack.expandGeneralEntity(EntityStack.java:221)
    [junit] 	at org.bluezoo.gonzalez.EntityStack.expandEntityValue(EntityStack.java:319)
    [junit] 	at org.bluezoo.gonzalez.EntityStack.expandGeneralEntity(EntityStack.java:221)
    [junit] 	at org.bluezoo.gonzalez.EntityStack.expandEntityValue(EntityStack.java:319)
    [junit] 	at org.bluezoo.gonzalez.EntityStack.expandGeneralEntity(EntityStack.java:221)
    [junit] 	at org.bluezoo.gonzalez.EntityStack.expandEntityValue(EntityStack.java:319)
    [junit] 	at org.bluezoo.gonzalez.EntityStack.expandGeneralEntity(EntityStack.java:221)
    [junit] 	at org.bluezoo.gonzalez.EntityStack.expandEntityValue(EntityStack.java:319)
    [junit] 	at org.bluezoo.gonzalez.EntityStack.expandGeneralEntity(EntityStack.java:221)
    [junit] 	at org.bluezoo.gonzalez.EntityStack.expandEntityValue(EntityStack.java:319)
    [junit] 	at org.bluezoo.gonzalez.EntityStack.expandGeneralEntity(EntityStack.java:221)
    [junit] 	at org.bluezoo.gonzalez.EntityStack.expandEntityValue(EntityStack.java:319)
    [junit] 	at org.bluezoo.gonzalez.EntityStack.expandGeneralEntity(EntityStack.java:221)
    [junit] 	at org.bluezoo.gonzalez.EntityStack.expandEntityValue(EntityStack.java:319)
    [junit] 	at org.bluezoo.gonzalez.EntityStack.expandGeneralEntity(EntityStack.java:221)
    [junit] 	at org.bluezoo.gonzalez.EntityStack.expandEntityValue(EntityStack.java:319)
    [junit] 	at org.bluezoo.gonzalez.EntityStack.expandGeneralEntity(EntityStack.java:221)
    [junit] 	at org.bluezoo.gonzalez.EntityStack.expandEntityValue(EntityStack.java:319)
    [junit] 	at org.bluezoo.gonzalez.EntityStack.expandGeneralEntity(EntityStack.java:221)
    [junit] 	at org.bluezoo.gonzalez.EntityStack.expandEntityValue(EntityStack.java:319)
    [junit] 	at org.bluezoo.gonzalez.EntityStack.expandGeneralEntity(EntityStack.java:221)
    [junit] 	at org.bluezoo.gonzalez.EntityStack.expandEntityValue(EntityStack.java:319)
    [junit] 	at org.bluezoo.gonzalez.EntityStack.expandGeneralEntity(EntityStack.java:221)
    [junit] 	at org.bluezoo.gonzalez.EntityStack.expandEntityValue(EntityStack.java:319)
    [junit] 	at org.bluezoo.gonzalez.EntityStack.expandGeneralEntity(EntityStack.java:221)
    [junit] 	at org.bluezoo.gonzalez.EntityStack.expandEntityValue(EntityStack.java:319)
    [junit] 	at org.bluezoo.gonzalez.EntityStack.expandGeneralEntity(EntityStack.java:221)
    [junit] 	at org.bluezoo.gonzalez.EntityStack.expandEntityValue(EntityStack.java:319)
    [junit] 	at org.bluezoo.gonzalez.EntityStack.expandGeneralEntity(EntityStack.java:221)
    [junit] 	at org.bluezoo.gonzalez.EntityStack.expandEntityValue(EntityStack.java:319)
    [junit] 	at org.bluezoo.gonzalez.EntityStack.expandGeneralEntity(EntityStack.java:221)
    [junit] 	at org.bluezoo.gonzalez.EntityStack.expandEntityValue(EntityStack.java:319)
    [junit] 	at org.bluezoo.gonzalez.EntityStack.expandGeneralEntity(EntityStack.java:221)
    [junit] 	at org.bluezoo.gonzalez.EntityStack.expandEntityValue(EntityStack.java:319)
    [junit] 	at org.bluezoo.gonzalez.EntityStack.expandGeneralEntity(EntityStack.java:221)
    [junit] 	at org.bluezoo.gonzalez.EntityStack.expandEntityValue(EntityStack.java:319)
    [junit] 	at org.bluezoo.gonzalez.EntityStack.expandGeneralEntity(EntityStack.java:221)
    [junit] 	at org.bluezoo.gonzalez.EntityStack.expandEntityValue(EntityStack.java:319)
    [junit] 	at org.bluezoo.gonzalez.EntityStack.expandGeneralEntity(EntityStack.java:221)
    [junit] 	at org.bluezoo.gonzalez.EntityStack.expandEntityValue(EntityStack.java:319)
    [junit] 	at org.bluezoo.gonzalez.EntityStack.expandGeneralEntity(EntityStack.java:221)
    [junit] 	at org.bluezoo.gonzalez.EntityStack.expandEntityValue(EntityStack.java:319)
    [junit] 	at org.bluezoo.gonzalez.EntityStack.expandGeneralEntity(EntityStack.java:221)
    [junit] 	at org.bluezoo.gonzalez.EntityStack.expandEntityValue(EntityStack.java:319)
    [junit] 	at org.bluezoo.gonzalez.EntityStack.expandGeneralEntity(EntityStack.java:221)
    [junit] 	at org.bluezoo.gonzalez.EntityStack.expandEntityValue(EntityStack.java:319)
    [junit] 	at org.bluezoo.gonzalez.EntityStack.expandGeneralEntity(EntityStack.java:221)
    [junit] 	at org.bluezoo.gonzalez.EntityStack.expandEntityValue(EntityStack.java:319)
    [junit] 	at org.bluezoo.gonzalez.EntityStack.expandGeneralEntity(EntityStack.java:221)
    [junit] 	at org.bluezoo.gonzalez.EntityStack.expandEntityValue(EntityStack.java:319)
    [junit] 	at org.bluezoo.gonzalez.EntityStack.expandGeneralEntity(EntityStack.java:221)
    [junit] 	at org.bluezoo.gonzalez.EntityStack.expandEntityValue(EntityStack.java:319)
    [junit] 	at org.bluezoo.gonzalez.EntityStack.expandGeneralEntity(EntityStack.java:221)
    [junit] 	at org.bluezoo.gonzalez.EntityStack.expandEntityValue(EntityStack.java:319)
    [junit] 	at org.bluezoo.gonzalez.EntityStack.expandGeneralEntity(EntityStack.java:221)
    [junit] 	at org.bluezoo.gonzalez.EntityStack.expandEntityValue(EntityStack.java:319)
    [junit] 	at org.bluezoo.gonzalez.EntityStack.expandGeneralEntity(EntityStack.java:221)
    [junit] 	at org.bluezoo.gonzalez.EntityStack.expandEntityValue(EntityStack.java:319)
    [junit] 	at org.bluezoo.gonzalez.EntityStack.expandGeneralEntity(EntityStack.java:221)
    [junit] 	at org.bluezoo.gonzalez.EntityStack.expandEntityValue(EntityStack.java:319)
    [junit] 	at org.bluezoo.gonzalez.EntityStack.expandGeneralEntity(EntityStack.java:221)
    [junit] 	at org.bluezoo.gonzalez.EntityStack.expandEntityValue(EntityStack.java:319)
    [junit] 	at org.bluezoo.gonzalez.EntityStack.expandGeneralEntity(EntityStack.java:221)
    [junit] 	at org.bluezoo.gonzalez.EntityStack.expandEntityValue(EntityStack.java:319)
    [junit] 	at org.bluezoo.gonzalez.EntityStack.expandGeneralEntity(EntityStack.java:221)
    [junit] 	at org.bluezoo.gonzalez.EntityStack.expandEntityValue(EntityStack.java:319)
    [junit] 	at org.bluezoo.gonzalez.EntityStack.expandGeneralEntity(EntityStack.java:221)
    [junit] 	at org.bluezoo.gonzalez.EntityStack.expandEntityValue(EntityStack.java:319)
    [junit] 	at org.bluezoo.gonzalez.EntityStack.expandGeneralEntity(EntityStack.java:221)
    [junit] 	at org.bluezoo.gonzalez.EntityStack.expandEntityValue(EntityStack.java:319)
    [junit] 	at org.bluezoo.gonzalez.EntityStack.expandGeneralEntity(EntityStack.java:221)
    [junit] 	at org.bluezoo.gonzalez.EntityStack.expandEntityValue(EntityStack.java:319)
    [junit] 	at org.bluezoo.gonzalez.EntityStack.expandGeneralEntity(EntityStack.java:221)
    [junit] 	at org.bluezoo.gonzalez.EntityStack.expandEntityValue(EntityStack.java:319)
    [junit] 	at org.bluezoo.gonzalez.EntityStack.expandGeneralEntity(EntityStack.java:221)
    [junit] 	at org.bluezoo.gonzalez.EntityStack.expandEntityValue(EntityStack.java:319)
    [junit] 	at org.bluezoo.gonzalez.EntityStack.expandGeneralEntity(EntityStack.java:221)
    [junit] 	at org.bluezoo.gonzalez.EntityStack.expandEntityValue(EntityStack.java:319)
    [junit] 	at org.bluezoo.gonzalez.EntityStack.expandGeneralEntity(EntityStack.java:221)
    [junit] 	at org.bluezoo.gonzalez.EntityStack.expandEntityValue(EntityStack.java:319)
    [junit] 	at org.bluezoo.gonzalez.EntityStack.expandGeneralEntity(EntityStack.java:221)
    [junit] 	at org.bluezoo.gonzalez.EntityStack.expandEntityValue(EntityStack.java:319)
    [junit] 	at org.bluezoo.gonzalez.EntityStack.expandGeneralEntity(EntityStack.java:221)
    [junit] 	at org.bluezoo.gonzalez.EntityStack.expandEntityValue(EntityStack.java:319)
    [junit] 	at org.bluezoo.gonzalez.EntityStack.expandGeneralEntity(EntityStack.java:221)
    [junit] 	at org.bluezoo.gonzalez.EntityStack.expandEntityValue(EntityStack.java:319)
    [junit] 	at org.bluezoo.gonzalez.EntityStack.expandGeneralEntity(EntityStack.java:221)
    [junit] 	at org.bluezoo.gonzalez.EntityStack.expandEntityValue(EntityStack.java:319)
    [junit] 	at org.bluezoo.gonzalez.EntityStack.expandGeneralEntity(EntityStack.java:221)
    [junit] 	at org.bluezoo.gonzalez.EntityStack.expandEntityValue(EntityStack.java:319)
    [junit] 	at org.bluezoo.gonzalez.EntityStack.expandGeneralEntity(EntityStack.java:221)
    [junit] 	at org.bluezoo.gonzalez.EntityStack.expandEntityValue(EntityStack.java:319)
    [junit] 	at org.bluezoo.gonzalez.EntityStack.expandGeneralEntity(EntityStack.java:221)
    [junit] 	at org.bluezoo.gonzalez.EntityStack.expandEntityValue(EntityStack.java:319)
    [junit] 	at org.bluezoo.gonzalez.EntityStack.expandGeneralEntity(EntityStack.java:221)
    [junit] 	at org.bluezoo.gonzalez.EntityStack.expandEntityValue(EntityStack.java:319)
    [junit] 	at org.bluezoo.gonzalez.EntityStack.expandGeneralEntity(EntityStack.java:221)
    [junit] 	at org.bluezoo.gonzalez.EntityStack.expandEntityValue(EntityStack.java:319)
    [junit] 	at org.bluezoo.gonzalez.EntityStack.expandGeneralEntity(EntityStack.java:221)
    [junit] 	at org.bluezoo.gonzalez.EntityStack.expandEntityValue(EntityStack.java:319)
    [junit] 	at org.bluezoo.gonzalez.EntityStack.expandGeneralEntity(EntityStack.java:221)
    [junit] 	at org.bluezoo.gonzalez.EntityStack.expandEntityValue(EntityStack.java:319)
    [junit] 	at org.bluezoo.gonzalez.EntityStack.expandGeneralEntity(EntityStack.java:221)
    [junit] 	at org.bluezoo.gonzalez.EntityStack.expandEntityValue(EntityStack.java:319)
    [junit] 	at org.bluezoo.gonzalez.EntityStack.expandGeneralEntity(EntityStack.java:221)
    [junit] 	at org.bluezoo.gonzalez.EntityStack.expandEntityValue(EntityStack.java:319)
    [junit] 	at org.bluezoo.gonzalez.EntityStack.expandGeneralEntity(EntityStack.java:221)
    [junit] 	at org.bluezoo.gonzalez.EntityStack.expandEntityValue(EntityStack.java:319)
    [junit] 	at org.bluezoo.gonzalez.EntityStack.expandGeneralEntity(EntityStack.java:221)
    [junit] 	at org.bluezoo.gonzalez.EntityStack.expandEntityValue(EntityStack.java:319)
    [junit] 	at org.bluezoo.gonzalez.EntityStack.expandGeneralEntity(EntityStack.java:221)
    [junit] 	at org.bluezoo.gonzalez.EntityStack.expandEntityValue(EntityStack.java:319)
    [junit] 	at org.bluezoo.gonzalez.EntityStack.expandGeneralEntity(EntityStack.java:221)
    [junit] 	at org.bluezoo.gonzalez.EntityStack.expandEntityValue(EntityStack.java:319)
    [junit] 	at org.bluezoo.gonzalez.EntityStack.expandGeneralEntity(EntityStack.java:221)
    [junit] 	at org.bluezoo.gonzalez.EntityStack.expandEntityValue(EntityStack.java:319)
    [junit] 	at org.bluezoo.gonzalez.EntityStack.expandGeneralEntity(EntityStack.java:221)
    [junit] 	at org.bluezoo.gonzalez.EntityStack.expandEntityValue(EntityStack.java:319)
    [junit] 	at org.bluezoo.gonzalez.EntityStack.expandGeneralEntity(EntityStack.java:221)
    [junit] 	at org.bluezoo.gonzalez.EntityStack.expandEntityValue(EntityStack.java:319)
    [junit] 	at org.bluezoo.gonzalez.EntityStack.expandGeneralEntity(EntityStack.java:221)
    [junit] 	at org.bluezoo.gonzalez.EntityStack.expandEntityValue(EntityStack.java:319)
    [junit] 	at org.bluezoo.gonzalez.EntityStack.expandGeneralEntity(EntityStack.java:221)
    [junit] 	at org.bluezoo.gonzalez.EntityStack.expandEntityValue(EntityStack.java:319)
    [junit] 	at org.bluezoo.gonzalez.EntityStack.expandGeneralEntity(EntityStack.java:221)
    [junit] 	at org.bluezoo.gonzalez.EntityStack.expandEntityValue(EntityStack.java:319)
    [junit] 	at org.bluezoo.gonzalez.EntityStack.expandGeneralEntity(EntityStack.java:221)
    [junit] 	at org.bluezoo.gonzalez.EntityStack.expandEntityValue(EntityStack.java:319)
    [junit] 	at org.bluezoo.gonzalez.EntityStack.expandGeneralEntity(EntityStack.java:221)
    [junit] 	at org.bluezoo.gonzalez.EntityStack.expandEntityValue(EntityStack.java:319)
    [junit] 	at org.bluezoo.gonzalez.EntityStack.expandGeneralEntity(EntityStack.java:221)
    [junit] 	at org.bluezoo.gonzalez.EntityStack.expandEntityValue(EntityStack.java:319)
    [junit] 	at org.bluezoo.gonzalez.EntityStack.expandGeneralEntity(EntityStack.java:221)
    [junit] 	at org.bluezoo.gonzalez.EntityStack.expandEntityValue(EntityStack.java:319)
    [junit] 	at org.bluezoo.gonzalez.EntityStack.expandGeneralEntity(EntityStack.java:221)
    [junit] 	at org.bluezoo.gonzalez.EntityStack.expandEntityValue(EntityStack.java:319)
    [junit] 	at org.bluezoo.gonzalez.EntityStack.expandGeneralEntity(EntityStack.java:221)
    [junit] 	at org.bluezoo.gonzalez.EntityStack.expandEntityValue(EntityStack.java:319)
    [junit] 	at org.bluezoo.gonzalez.EntityStack.expandGeneralEntity(EntityStack.java:221)
    [junit] 	at org.bluezoo.gonzalez.EntityStack.expandEntityValue(EntityStack.java:319)
    [junit] 	at org.bluezoo.gonzalez.EntityStack.expandGeneralEntity(EntityStack.java:221)
    [junit] 	at org.bluezoo.gonzalez.EntityStack.expandEntityValue(EntityStack.java:319)
    [junit] 	at org.bluezoo.gonzalez.EntityStack.expandGeneralEntity(EntityStack.java:221)
    [junit] 	at org.bluezoo.gonzalez.EntityStack.expandEntityValue(EntityStack.java:319)
    [junit] 	at org.bluezoo.gonzalez.EntityStack.expandGeneralEntity(EntityStack.java:221)
    [junit] 	at org.bluezoo.gonzalez.EntityStack.expandEntityValue(EntityStack.java:319)
    [junit] 	at org.bluezoo.gonzalez.EntityStack.expandGeneralEntity(EntityStack.java:221)
    [junit] 	at org.bluezoo.gonzalez.EntityStack.expandEntityValue(EntityStack.java:319)
    [junit] 	at org.bluezoo.gonzalez.EntityStack.expandGeneralEntity(EntityStack.java:221)
    [junit] 	at org.bluezoo.gonzalez.EntityStack.expandEntityValue(EntityStack.java:319)
    [junit] 	at org.bluezoo.gonzalez.EntityStack.expandGeneralEntity(EntityStack.java:221)
    [junit] 	at org.bluezoo.gonzalez.EntityStack.expandEntityValue(EntityStack.java:319)
    [junit] 	at org.bluezoo.gonzalez.EntityStack.expandGeneralEntity(EntityStack.java:221)
    [junit] 	at org.bluezoo.gonzalez.EntityStack.expandEntityValue(EntityStack.java:319)
    [junit] 	at org.bluezoo.gonzalez.EntityStack.expandGeneralEntity(EntityStack.java:221)
    [junit] 	at org.bluezoo.gonzalez.EntityStack.expandEntityValue(EntityStack.java:319)
    [junit] 	at org.bluezoo.gonzalez.EntityStack.expandGeneralEntity(EntityStack.java:221)
    [junit] 	at org.bluezoo.gonzalez.EntityStack.expandEntityValue(EntityStack.java:319)
    [junit] 	at org.bluezoo.gonzalez.EntityStack.expandGeneralEntity(EntityStack.java:221)
    [junit] 	at org.bluezoo.gonzalez.EntityStack.expandEntityValue(EntityStack.java:319)
    [junit] 	at org.bluezoo.gonzalez.EntityStack.expandGeneralEntity(EntityStack.java:221)
    [junit] 	at org.bluezoo.gonzalez.EntityStack.expandEntityValue(EntityStack.java:319)
    [junit] 	at org.bluezoo.gonzalez.EntityStack.expandGeneralEntity(EntityStack.java:221)
    [junit] 	at org.bluezoo.gonzalez.EntityStack.expandEntityValue(EntityStack.java:319)
    [junit] 	at org.bluezoo.gonzalez.EntityStack.expandGeneralEntity(EntityStack.java:221)
    [junit] 	at org.bluezoo.gonzalez.EntityStack.expandEntityValue(EntityStack.java:319)
    [junit] 	at org.bluezoo.gonzalez.EntityStack.expandGeneralEntity(EntityStack.java:221)
    [junit] 	at org.bluezoo.gonzalez.EntityStack.expandEntityValue(EntityStack.java:319)
    [junit] 	at org.bluezoo.gonzalez.EntityStack.expandGeneralEntity(EntityStack.java:221)
    [junit] 	at org.bluezoo.gonzalez.EntityStack.expandEntityValue(EntityStack.java:319)
    [junit] 	at org.bluezoo.gonzalez.EntityStack.expandGeneralEntity(EntityStack.java:221)
    [junit] 	at org.bluezoo.gonzalez.EntityStack.expandEntityValue(EntityStack.java:319)
    [junit] 	at org.bluezoo.gonzalez.EntityStack.expandGeneralEntity(EntityStack.java:221)
    [junit] 	at org.bluezoo.gonzalez.EntityStack.expandEntityValue(EntityStack.java:319)
    [junit] 	at org.bluezoo.gonzalez.EntityStack.expandGeneralEntity(EntityStack.java:221)
    [junit] 	at org.bluezoo.gonzalez.EntityStack.expandEntityValue(EntityStack.java:319)
    [junit] 	at org.bluezoo.gonzalez.EntityStack.expandGeneralEntity(EntityStack.java:221)
    [junit] 	at org.bluezoo.gonzalez.EntityStack.expandEntityValue(EntityStack.java:319)
    [junit] 	at org.bluezoo.gonzalez.EntityStack.expandGeneralEntity(EntityStack.java:221)
    [junit] 	at org.bluezoo.gonzalez.EntityStack.expandEntityValue(EntityStack.java:319)
    [junit] 	at org.bluezoo.gonzalez.EntityStack.expandGeneralEntity(EntityStack.java:221)
    [junit] 	at org.bluezoo.gonzalez.EntityStack.expandEntityValue(EntityStack.java:319)
    [junit] 	at org.bluezoo.gonzalez.EntityStack.expandGeneralEntity(EntityStack.java:221)
    [junit] 	at org.bluezoo.gonzalez.EntityStack.expandEntityValue(EntityStack.java:319)
    [junit] 	at org.bluezoo.gonzalez.EntityStack.expandGeneralEntity(EntityStack.java:221)
    [junit] 	at org.bluezoo.gonzalez.EntityStack.expandEntityValue(EntityStack.java:319)
    [junit] 	at org.bluezoo.gonzalez.EntityStack.expandGeneralEntity(EntityStack.java:221)
    [junit] 	at org.bluezoo.gonzalez.EntityStack.expandEntityValue(EntityStack.java:319)
    [junit] 	at org.bluezoo.gonzalez.EntityStack.expandGeneralEntity(EntityStack.java:221)
    [junit] 	at org.bluezoo.gonzalez.EntityStack.expandEntityValue(EntityStack.java:319)
    [junit] 	at org.bluezoo.gonzalez.EntityStack.expandGeneralEntity(EntityStack.java:221)
    [junit] 	at org.bluezoo.gonzalez.EntityStack.expandEntityValue(EntityStack.java:319)
    [junit] 	at org.bluezoo.gonzalez.EntityStack.expandGeneralEntity(EntityStack.java:221)
    [junit] 	at org.bluezoo.gonzalez.EntityStack.expandEntityValue(EntityStack.java:319)
    [junit] 	at org.bluezoo.gonzalez.EntityStack.expandGeneralEntity(EntityStack.java:221)
    [junit] 	at org.bluezoo.gonzalez.EntityStack.expandEntityValue(EntityStack.java:319)
    [junit] 	at org.bluezoo.gonzalez.EntityStack.expandGeneralEntity(EntityStack.java:221)
    [junit] 	at org.bluezoo.gonzalez.EntityStack.expandEntityValue(EntityStack.java:319)
    [junit] 	at org.bluezoo.gonzalez.EntityStack.expandGeneralEntity(EntityStack.java:221)
    [junit] 	at org.bluezoo.gonzalez.EntityStack.expandEntityValue(EntityStack.java:319)
    [junit] 	at org.bluezoo.gonzalez.EntityStack.expandGeneralEntity(EntityStack.java:221)
    [junit] 	at org.bluezoo.gonzalez.EntityStack.expandEntityValue(EntityStack.java:319)
    [junit] 	at org.bluezoo.gonzalez.EntityStack.expandGeneralEntity(EntityStack.java:221)
    [junit] 	at org.bluezoo.gonzalez.EntityStack.expandEntityValue(EntityStack.java:319)
    [junit] 	at org.bluezoo.gonzalez.EntityStack.expandGeneralEntity(EntityStack.java:221)
    [junit] 	at org.bluezoo.gonzalez.EntityStack.expandEntityValue(EntityStack.java:319)
    [junit] 	at org.bluezoo.gonzalez.EntityStack.expandGeneralEntity(EntityStack.java:221)
    [junit] 	at org.bluezoo.gonzalez.EntityStack.expandEntityValue(EntityStack.java:319)
    [junit] 	at org.bluezoo.gonzalez.EntityStack.expandGeneralEntity(EntityStack.java:221)
    [junit] 	at org.bluezoo.gonzalez.EntityStack.expandEntityValue(EntityStack.java:319)
    [junit] 	at org.bluezoo.gonzalez.EntityStack.expandGeneralEntity(EntityStack.java:221)
    [junit] 	at org.bluezoo.gonzalez.EntityStack.expandEntityValue(EntityStack.java:319)
    [junit] 	at org.bluezoo.gonzalez.EntityStack.expandGeneralEntity(EntityStack.java:221)
    [junit] 	at org.bluezoo.gonzalez.EntityStack.expandEntityValue(EntityStack.java:319)
    [junit] 	at org.bluezoo.gonzalez.EntityStack.expandGeneralEntity(EntityStack.java:221)
    [junit] 	at org.bluezoo.gonzalez.EntityStack.expandEntityValue(EntityStack.java:319)
    [junit] 	at org.bluezoo.gonzalez.EntityStack.expandGeneralEntity(EntityStack.java:221)
    [junit] 	at org.bluezoo.gonzalez.EntityStack.expandEntityValue(EntityStack.java:319)
    [junit] 	at org.bluezoo.gonzalez.EntityStack.expandGeneralEntity(EntityStack.java:221)
    [junit] 	at org.bluezoo.gonzalez.EntityStack.expandEntityValue(EntityStack.java:319)
    [junit] 	at org.bluezoo.gonzalez.EntityStack.expandGeneralEntity(EntityStack.java:221)
    [junit] 	at org.bluezoo.gonzalez.EntityStack.expandEntityValue(EntityStack.java:319)
    [junit] 	at org.bluezoo.gonzalez.EntityStack.expandGeneralEntity(EntityStack.java:221)
    [junit] 	at org.bluezoo.gonzalez.EntityStack.expandEntityValue(EntityStack.java:319)
    [junit] 	at org.bluezoo.gonzalez.EntityStack.expandGeneralEntity(EntityStack.java:221)
    [junit] 	at org.bluezoo.gonzalez.EntityStack.expandEntityValue(EntityStack.java:319)
    [junit] 	at org.bluezoo.gonzalez.EntityStack.expandGeneralEntity(EntityStack.java:221)
    [junit] 	at org.bluezoo.gonzalez.EntityStack.expandEntityValue(EntityStack.java:319)
    [junit] 	at org.bluezoo.gonzalez.EntityStack.expandGeneralEntity(EntityStack.java:221)
    [junit] 	at org.bluezoo.gonzalez.EntityStack.expandEntityValue(EntityStack.java:319)
    [junit] 	at org.bluezoo.gonzalez.EntityStack.expandGeneralEntity(EntityStack.java:221)
    [junit] 	at org.bluezoo.gonzalez.EntityStack.expandEntityValue(EntityStack.java:319)
    [junit] 	at org.bluezoo.gonzalez.EntityStack.expandGeneralEntity(EntityStack.java:221)
    [junit] 	at org.bluezoo.gonzalez.EntityStack.expandEntityValue(EntityStack.java:319)
    [junit] 	at org.bluezoo.gonzalez.EntityStack.expandGeneralEntity(EntityStack.java:221)
    [junit] 	at org.bluezoo.gonzalez.EntityStack.expandEntityValue(EntityStack.java:319)
    [junit] 	at org.bluezoo.gonzalez.EntityStack.expandGeneralEntity(EntityStack.java:221)
    [junit] 	at org.bluezoo.gonzalez.EntityStack.expandEntityValue(EntityStack.java:319)
    [junit] 	at org.bluezoo.gonzalez.EntityStack.expandGeneralEntity(EntityStack.java:221)
    [junit] 	at org.bluezoo.gonzalez.EntityStack.expandEntityValue(EntityStack.java:319)
    [junit] 	at org.bluezoo.gonzalez.EntityStack.expandGeneralEntity(EntityStack.java:221)
    [junit] 	at org.bluezoo.gonzalez.EntityStack.expandEntityValue(EntityStack.java:319)
    [junit] 	at org.bluezoo.gonzalez.EntityStack.expandGeneralEntity(EntityStack.java:221)
    [junit] 	at org.bluezoo.gonzalez.EntityStack.expandEntityValue(EntityStack.java:319)
    [junit] 	at org.bluezoo.gonzalez.EntityStack.expandGeneralEntity(EntityStack.java:221)
    [junit] 	at org.bluezoo.gonzalez.EntityStack.expandEntityValue(EntityStack.java:319)
    [junit] 	at org.bluezoo.gonzalez.EntityStack.expandGeneralEntity(EntityStack.java:221)
    [junit] 	at org.bluezoo.gonzalez.EntityStack.expandEntityValue(EntityStack.java:319)
    [junit] 	at org.bluezoo.gonzalez.EntityStack.expandGeneralEntity(EntityStack.java:221)
    [junit] 	at org.bluezoo.gonzalez.EntityStack.expandEntityValue(EntityStack.java:319)
    [junit] 	at org.bluezoo.gonzalez.EntityStack.expandGeneralEntity(EntityStack.java:221)
    [junit] 	at org.bluezoo.gonzalez.EntityStack.expandEntityValue(EntityStack.java:319)
    [junit] 	at org.bluezoo.gonzalez.EntityStack.expandGeneralEntity(EntityStack.java:221)
    [junit] 	at org.bluezoo.gonzalez.EntityStack.expandEntityValue(EntityStack.java:319)
    [junit] 	at org.bluezoo.gonzalez.EntityStack.expandGeneralEntity(EntityStack.java:221)
    [junit] 	at org.bluezoo.gonzalez.EntityStack.expandEntityValue(EntityStack.java:319)
    [junit] 	at org.bluezoo.gonzalez.EntityStack.expandGeneralEntity(EntityStack.java:221)
    [junit] 	at org.bluezoo.gonzalez.EntityStack.expandEntityValue(EntityStack.java:319)
    [junit] 	at org.bluezoo.gonzalez.EntityStack.expandGeneralEntity(EntityStack.java:221)
    [junit] 	at org.bluezoo.gonzalez.EntityStack.expandEntityValue(EntityStack.java:319)
    [junit] 	at org.bluezoo.gonzalez.EntityStack.expandGeneralEntity(EntityStack.java:221)
    [junit] 	at org.bluezoo.gonzalez.EntityStack.expandEntityValue(EntityStack.java:319)
    [junit] 	at org.bluezoo.gonzalez.EntityStack.expandGeneralEntity(EntityStack.java:221)
    [junit] 	at org.bluezoo.gonzalez.EntityStack.expandEntityValue(EntityStack.java:319)
    [junit] 	at org.bluezoo.gonzalez.EntityStack.expandGeneralEntity(EntityStack.java:221)
    [junit] 	at org.bluezoo.gonzalez.EntityStack.expandEntityValue(EntityStack.java:319)
    [junit] 	at org.bluezoo.gonzalez.EntityStack.expandGeneralEntity(EntityStack.java:221)
    [junit] 	at org.bluezoo.gonzalez.EntityStack.expandEntityValue(EntityStack.java:319)
    [junit] 	at org.bluezoo.gonzalez.EntityStack.expandGeneralEntity(EntityStack.java:221)
    [junit] 	at org.bluezoo.gonzalez.EntityStack.expandEntityValue(EntityStack.java:319)
    [junit] 	at org.bluezoo.gonzalez.EntityStack.expandGeneralEntity(EntityStack.java:221)
    [junit] 	at org.bluezoo.gonzalez.EntityStack.expandEntityValue(EntityStack.java:319)
    [junit] 	at org.bluezoo.gonzalez.EntityStack.expandGeneralEntity(EntityStack.java:221)
    [junit] 	at org.bluezoo.gonzalez.EntityStack.expandEntityValue(EntityStack.java:319)
    [junit] 	at org.bluezoo.gonzalez.EntityStack.expandGeneralEntity(EntityStack.java:221)
    [junit] 	at org.bluezoo.gonzalez.EntityStack.expandEntityValue(EntityStack.java:319)
    [junit] 	at org.bluezoo.gonzalez.EntityStack.expandGeneralEntity(EntityStack.java:221)
    [junit] 	at org.bluezoo.gonzalez.EntityStack.expandEntityValue(EntityStack.java:319)
    [junit] 	at org.bluezoo.gonzalez.EntityStack.expandGeneralEntity(EntityStack.java:221)
    [junit] 	at org.bluezoo.gonzalez.EntityStack.expandEntityValue(EntityStack.java:319)
    [junit] 	at org.bluezoo.gonzalez.EntityStack.expandGeneralEntity(EntityStack.java:221)
    [junit] 	at org.bluezoo.gonzalez.EntityStack.expandEntityValue(EntityStack.java:319)
    [junit] 	at org.bluezoo.gonzalez.EntityStack.expandGeneralEntity(EntityStack.java:221)
    [junit] 	at org.bluezoo.gonzalez.EntityStack.expandEntityValue(EntityStack.java:319)
    [junit] 	at org.bluezoo.gonzalez.EntityStack.expandGeneralEntity(EntityStack.java:221)
    [junit] 	at org.bluezoo.gonzalez.EntityStack.expandEntityValue(EntityStack.java:319)
    [junit] 	at org.bluezoo.gonzalez.EntityStack.expandGeneralEntity(EntityStack.java:221)
    [junit] 	at org.bluezoo.gonzalez.EntityStack.expandEntityValue(EntityStack.java:319)
    [junit] 	at org.bluezoo.gonzalez.EntityStack.expandGeneralEntity(EntityStack.java:221)
    [junit] 	at org.bluezoo.gonzalez.EntityStack.expandEntityValue(EntityStack.java:319)
    [junit] 	at org.bluezoo.gonzalez.EntityStack.expandGeneralEntity(EntityStack.java:221)
    [junit] 	at org.bluezoo.gonzalez.EntityStack.expandEntityValue(EntityStack.java:319)
    [junit] 	at org.bluezoo.gonzalez.EntityStack.expandGeneralEntity(EntityStack.java:221)
    [junit] 	at org.bluezoo.gonzalez.EntityStack.expandEntityValue(EntityStack.java:319)
    [junit] 	at org.bluezoo.gonzalez.EntityStack.expandGeneralEntity(EntityStack.java:221)
    [junit] 	at org.bluezoo.gonzalez.EntityStack.expandEntityValue(EntityStack.java:319)
    [junit] 	at org.bluezoo.gonzalez.EntityStack.expandGeneralEntity(EntityStack.java:221)
    [junit] 	at org.bluezoo.gonzalez.EntityStack.expandEntityValue(EntityStack.java:319)
    [junit] 	at org.bluezoo.gonzalez.EntityStack.expandGeneralEntity(EntityStack.java:221)
    [junit] 	at org.bluezoo.gonzalez.EntityStack.expandEntityValue(EntityStack.java:319)
    [junit] 	at org.bluezoo.gonzalez.EntityStack.expandGeneralEntity(EntityStack.java:221)
    [junit] 	at org.bluezoo.gonzalez.EntityStack.expandEntityValue(EntityStack.java:319)
    [junit] 	at org.bluezoo.gonzalez.EntityStack.expandGeneralEntity(EntityStack.java:221)
    [junit] 	at org.bluezoo.gonzalez.EntityStack.expandEntityValue(EntityStack.java:319)
    [junit] 	at org.bluezoo.gonzalez.EntityStack.expandGeneralEntity(EntityStack.java:221)
    [junit] 	at org.bluezoo.gonzalez.EntityStack.expandEntityValue(EntityStack.java:319)
    [junit] 	at org.bluezoo.gonzalez.EntityStack.expandGeneralEntity(EntityStack.java:221)
    [junit] 	at org.bluezoo.gonzalez.EntityStack.expandEntityValue(EntityStack.java:319)
    [junit] 	at org.bluezoo.gonzalez.EntityStack.expandGeneralEntity(EntityStack.java:221)
    [junit] 	at org.bluezoo.gonzalez.EntityStack.expandEntityValue(EntityStack.java:319)
    [junit] 	at org.bluezoo.gonzalez.EntityStack.expandGeneralEntity(EntityStack.java:221)
    [junit] 	at org.bluezoo.gonzalez.EntityStack.expandEntityValue(EntityStack.java:319)
    [junit] 	at org.bluezoo.gonzalez.EntityStack.expandGeneralEntity(EntityStack.java:221)
    [junit] 	at org.bluezoo.gonzalez.EntityStack.expandEntityValue(EntityStack.java:319)
    [junit] 	at org.bluezoo.gonzalez.EntityStack.expandGeneralEntity(EntityStack.java:221)
    [junit] 	at org.bluezoo.gonzalez.EntityStack.expandEntityValue(EntityStack.java:319)
    [junit] 	at org.bluezoo.gonzalez.EntityStack.expandGeneralEntity(EntityStack.java:221)
    [junit] 	at org.bluezoo.gonzalez.EntityStack.expandEntityValue(EntityStack.java:319)
    [junit] 	at org.bluezoo.gonzalez.EntityStack.expandGeneralEntity(EntityStack.java:221)
    [junit] 	at org.bluezoo.gonzalez.EntityStack.expandEntityValue(EntityStack.java:319)
    [junit] 	at org.bluezoo.gonzalez.EntityStack.expandGeneralEntity(EntityStack.java:221)
    [junit] 	at org.bluezoo.gonzalez.EntityStack.expandEntityValue(EntityStack.java:319)
    [junit] 	at org.bluezoo.gonzalez.EntityStack.expandGeneralEntity(EntityStack.java:221)
    [junit] 	at org.bluezoo.gonzalez.EntityStack.expandEntityValue(EntityStack.java:319)
    [junit] 	at org.bluezoo.gonzalez.EntityStack.expandGeneralEntity(EntityStack.java:221)
    [junit] 	at org.bluezoo.gonzalez.EntityStack.expandEntityValue(EntityStack.java:319)
    [junit] 	at org.bluezoo.gonzalez.EntityStack.expandGeneralEntity(EntityStack.java:221)
    [junit] 	at org.bluezoo.gonzalez.EntityStack.expandEntityValue(EntityStack.java:319)
    [junit] 	at org.bluezoo.gonzalez.EntityStack.expandGeneralEntity(EntityStack.java:221)
    [junit] 	at org.bluezoo.gonzalez.EntityStack.expandEntityValue(EntityStack.java:319)
    [junit] 	at org.bluezoo.gonzalez.EntityStack.expandGeneralEntity(EntityStack.java:221)
    [junit] 	at org.bluezoo.gonzalez.EntityStack.expandEntityValue(EntityStack.java:319)
    [junit] 	at org.bluezoo.gonzalez.EntityStack.expandGeneralEntity(EntityStack.java:221)
    [junit] 	at org.bluezoo.gonzalez.EntityStack.expandEntityValue(EntityStack.java:319)
    [junit] 	at org.bluezoo.gonzalez.EntityStack.expandGeneralEntity(EntityStack.java:221)
    [junit] 	at org.bluezoo.gonzalez.EntityStack.expandEntityValue(EntityStack.java:319)
    [junit] 	at org.bluezoo.gonzalez.EntityStack.expandGeneralEntity(EntityStack.java:221)
    [junit] 	at org.bluezoo.gonzalez.EntityStack.expandEntityValue(EntityStack.java:319)
    [junit] 	at org.bluezoo.gonzalez.EntityStack.expandGeneralEntity(EntityStack.java:221)
    [junit] 	at org.bluezoo.gonzalez.EntityStack.expandEntityValue(EntityStack.java:319)
    [junit] 	at org.bluezoo.gonzalez.EntityStack.expandGeneralEntity(EntityStack.java:221)
    [junit] 	at org.bluezoo.gonzalez.EntityStack.expandEntityValue(EntityStack.java:319)
    [junit] 	at org.bluezoo.gonzalez.EntityStack.expandGeneralEntity(EntityStack.java:221)
    [junit] 	at org.bluezoo.gonzalez.EntityStack.expandEntityValue(EntityStack.java:319)
    [junit] 	at org.bluezoo.gonzalez.EntityStack.expandGeneralEntity(EntityStack.java:221)
    [junit] 	at org.bluezoo.gonzalez.EntityStack.expandEntityValue(EntityStack.java:319)
    [junit] 	at org.bluezoo.gonzalez.EntityStack.expandGeneralEntity(EntityStack.java:221)
    [junit] 	at org.bluezoo.gonzalez.EntityStack.expandEntityValue(EntityStack.java:319)
    [junit] 	at org.bluezoo.gonzalez.EntityStack.expandGeneralEntity(EntityStack.java:221)
    [junit] 	at org.bluezoo.gonzalez.EntityStack.expandEntityValue(EntityStack.java:319)
    [junit] 	at org.bluezoo.gonzalez.EntityStack.expandGeneralEntity(EntityStack.java:221)
    [junit] 	at org.bluezoo.gonzalez.EntityStack.expandEntityValue(EntityStack.java:319)
    [junit] 	at org.bluezoo.gonzalez.EntityStack.expandGeneralEntity(EntityStack.java:221)
    [junit] 	at org.bluezoo.gonzalez.EntityStack.expandEntityValue(EntityStack.java:319)
    [junit] 	at org.bluezoo.gonzalez.EntityStack.expandGeneralEntity(EntityStack.java:221)
    [junit] 	at org.bluezoo.gonzalez.EntityStack.expandEntityValue(EntityStack.java:319)
    [junit] 	at org.bluezoo.gonzalez.EntityStack.expandGeneralEntity(EntityStack.java:221)
    [junit] 	at org.bluezoo.gonzalez.EntityStack.expandEntityValue(EntityStack.java:319)
    [junit] 	at org.bluezoo.gonzalez.EntityStack.expandGeneralEntity(EntityStack.java:221)
    [junit] 	at org.bluezoo.gonzalez.EntityStack.expandEntityValue(EntityStack.java:319)
    [junit] 	at org.bluezoo.gonzalez.EntityStack.expandGeneralEntity(EntityStack.java:221)
    [junit] 	at org.bluezoo.gonzalez.EntityStack.expandEntityValue(EntityStack.java:319)
    [junit] 	at org.bluezoo.gonzalez.EntityStack.expandGeneralEntity(EntityStack.java:221)
    [junit] 	at org.bluezoo.gonzalez.EntityStack.expandEntityValue(EntityStack.java:319)
    [junit] 	at org.bluezoo.gonzalez.EntityStack.expandGeneralEntity(EntityStack.java:221)
    [junit] 	at org.bluezoo.gonzalez.EntityStack.expandEntityValue(EntityStack.java:319)
    [junit] 	at org.bluezoo.gonzalez.EntityStack.expandGeneralEntity(EntityStack.java:221)
    [junit] 	at org.bluezoo.gonzalez.EntityStack.expandEntityValue(EntityStack.java:319)
    [junit] 	at org.bluezoo.gonzalez.EntityStack.expandGeneralEntity(EntityStack.java:221)
    [junit] 	at org.bluezoo.gonzalez.EntityStack.expandEntityValue(EntityStack.java:319)
    [junit] 	at org.bluezoo.gonzalez.EntityStack.expandGeneralEntity(EntityStack.java:221)
    [junit] 	at org.bluezoo.gonzalez.EntityStack.expandEntityValue(EntityStack.java:319)
    [junit] 	at org.bluezoo.gonzalez.EntityStack.expandGeneralEntity(EntityStack.java:221)
    [junit] 	at org.bluezoo.gonzalez.EntityStack.expandEntityValue(EntityStack.java:319)
    [junit] 	at org.bluezoo.gonzalez.EntityStack.expandGeneralEntity(EntityStack.java:221)
    [junit] 	at org.bluezoo.gonzalez.EntityStack.expandEntityValue(EntityStack.java:319)
    [junit] 	at org.bluezoo.gonzalez.EntityStack.expandGeneralEntity(EntityStack.java:221)
    [junit] 	at org.bluezoo.gonzalez.EntityStack.expandEntityValue(EntityStack.java:319)
    [junit] 	at org.bluezoo.gonzalez.EntityStack.expandGeneralEntity(EntityStack.java:221)
    [junit] 	at org.bluezoo.gonzalez.EntityStack.expandEntityValue(EntityStack.java:319)
    [junit] 	at org.bluezoo.gonzalez.EntityStack.expandGeneralEntity(EntityStack.java:221)
    [junit] 	at org.bluezoo.gonzalez.EntityStack.expandEntityValue(EntityStack.java:319)
    [junit] 	at org.bluezoo.gonzalez.EntityStack.expandGeneralEntity(EntityStack.java:221)
    [junit] 	at org.bluezoo.gonzalez.EntityStack.expandEntityValue(EntityStack.java:319)
    [junit] 	at org.bluezoo.gonzalez.EntityStack.expandGeneralEntity(EntityStack.java:221)
    [junit] 	at org.bluezoo.gonzalez.EntityStack.expandEntityValue(EntityStack.java:319)
    [junit] 	at org.bluezoo.gonzalez.EntityStack.expandGeneralEntity(EntityStack.java:221)
    [junit] 	at org.bluezoo.gonzalez.EntityStack.expandEntityValue(EntityStack.java:319)
    [junit] 	at org.bluezoo.gonzalez.EntityStack.expandGeneralEntity(EntityStack.java:221)
    [junit] 	at org.bluezoo.gonzalez.EntityStack.expandEntityValue(EntityStack.java:319)
    [junit] 	at org.bluezoo.gonzalez.EntityStack.expandGeneralEntity(EntityStack.java:221)
    [junit] 	at org.bluezoo.gonzalez.EntityStack.expandEntityValue(EntityStack.java:319)
    [junit] 	at org.bluezoo.gonzalez.EntityStack.expandGeneralEntity(EntityStack.java:221)
    [junit] 	at org.bluezoo.gonzalez.EntityStack.expandEntityValue(EntityStack.java:319)
    [junit] 	at org.bluezoo.gonzalez.EntityStack.expandGeneralEntity(EntityStack.java:221)
    [junit] 	at org.bluezoo.gonzalez.EntityStack.expandEntityValue(EntityStack.java:319)
    [junit] 	at org.bluezoo.gonzalez.EntityStack.expandGeneralEntity(EntityStack.java:221)
    [junit] 	at org.bluezoo.gonzalez.EntityStack.expandEntityValue(EntityStack.java:319)
    [junit] 	at org.bluezoo.gonzalez.EntityStack.expandGeneralEntity(EntityStack.java:221)
    [junit] 	at org.bluezoo.gonzalez.EntityStack.expandEntityValue(EntityStack.java:319)
    [junit] 	at org.bluezoo.gonzalez.EntityStack.expandGeneralEntity(EntityStack.java:221)
    [junit] 	at org.bluezoo.gonzalez.EntityStack.expandEntityValue(EntityStack.java:319)
    [junit] 	at org.bluezoo.gonzalez.EntityStack.expandGeneralEntity(EntityStack.java:221)
    [junit] 	at org.bluezoo.gonzalez.EntityStack.expandEntityValue(EntityStack.java:319)
    [junit] 	at org.bluezoo.gonzalez.EntityStack.expandGeneralEntity(EntityStack.java:221)
    [junit] 	at org.bluezoo.gonzalez.EntityStack.expandEntityValue(EntityStack.java:319)
    [junit] 	at org.bluezoo.gonzalez.EntityStack.expandGeneralEntity(EntityStack.java:221)
    [junit] 	at org.bluezoo.gonzalez.EntityStack.expandEntityValue(EntityStack.java:319)
    [junit] 	at org.bluezoo.gonzalez.EntityStack.expandGeneralEntity(EntityStack.java:221)
    [junit] 	at org.bluezoo.gonzalez.EntityStack.expandEntityValue(EntityStack.java:319)
    [junit] 	at org.bluezoo.gonzalez.EntityStack.expandGeneralEntity(EntityStack.java:221)
    [junit] 	at org.bluezoo.gonzalez.EntityStack.expandEntityValue(EntityStack.java:319)
    [junit] 	at org.bluezoo.gonzalez.EntityStack.expandGeneralEntity(EntityStack.java:221)
    [junit] 	at org.bluezoo.gonzalez.EntityStack.expandEntityValue(EntityStack.java:319)
    [junit] 	at org.bluezoo.gonzalez.EntityStack.expandGeneralEntity(EntityStack.java:221)
    [junit] 	at org.bluezoo.gonzalez.EntityStack.expandEntityValue(EntityStack.java:319)
    [junit] 	at org.bluezoo.gonzalez.EntityStack.expandGeneralEntity(EntityStack.java:221)
    [junit] 	at org.bluezoo.gonzalez.EntityStack.expandEntityValue(EntityStack.java:319)
    [junit] 	at org.bluezoo.gonzalez.EntityStack.expandGeneralEntity(EntityStack.java:221)
    [junit] 	at org.bluezoo.gonzalez.EntityStack.expandEntityValue(EntityStack.java:319)
    [junit] 	at org.bluezoo.gonzalez.EntityStack.expandGeneralEntity(EntityStack.java:221)
    [junit] 	at org.bluezoo.gonzalez.EntityStack.expandEntityValue(EntityStack.java:319)
    [junit] 	at org.bluezoo.gonzalez.EntityStack.expandGeneralEntity(EntityStack.java:221)
    [junit] 	at org.bluezoo.gonzalez.EntityStack.expandEntityValue(EntityStack.java:319)
    [junit] 	at org.bluezoo.gonzalez.EntityStack.expandGeneralEntity(EntityStack.java:221)
    [junit] 	at org.bluezoo.gonzalez.EntityStack.expandEntityValue(EntityStack.java:319)
    [junit] 	at org.bluezoo.gonzalez.EntityStack.expandGeneralEntity(EntityStack.java:221)
    [junit] 	at org.bluezoo.gonzalez.EntityStack.expandEntityValue(EntityStack.java:319)
    [junit] 	at org.bluezoo.gonzalez.EntityStack.expandGeneralEntity(EntityStack.java:221)
    [junit] 	at org.bluezoo.gonzalez.EntityStack.expandEntityValue(EntityStack.java:319)
    [junit] 	at org.bluezoo.gonzalez.EntityStack.expandGeneralEntity(EntityStack.java:221)
    [junit] 	at org.bluezoo.gonzalez.EntityStack.expandEntityValue(EntityStack.java:319)
    [junit] 	at org.bluezoo.gonzalez.EntityStack.expandGeneralEntity(EntityStack.java:221)
    [junit] 	at org.bluezoo.gonzalez.EntityStack.expandEntityValue(EntityStack.java:319)
    [junit] 	at org.bluezoo.gonzalez.EntityStack.expandGeneralEntity(EntityStack.java:221)
    [junit] 	at org.bluezoo.gonzalez.EntityStack.expandEntityValue(EntityStack.java:319)
    [junit] 	at org.bluezoo.gonzalez.EntityStack.expandGeneralEntity(EntityStack.java:221)
    [junit] 	at org.bluezoo.gonzalez.EntityStack.expandEntityValue(EntityStack.java:319)
    [junit] 	at org.bluezoo.gonzalez.EntityStack.expandGeneralEntity(EntityStack.java:221)
    [junit] 	at org.bluezoo.gonzalez.EntityStack.expandEntityValue(EntityStack.java:319)
    [junit] 	at org.bluezoo.gonzalez.EntityStack.expandGeneralEntity(EntityStack.java:221)
    [junit] 	at org.bluezoo.gonzalez.EntityStack.expandEntityValue(EntityStack.java:319)
    [junit] 	at org.bluezoo.gonzalez.EntityStack.expandGeneralEntity(EntityStack.java:221)
    [junit] 	at org.bluezoo.gonzalez.EntityStack.expandEntityValue(EntityStack.java:319)
    [junit] 	at org.bluezoo.gonzalez.EntityStack.expandGeneralEntity(EntityStack.java:221)
    [junit] 	at org.bluezoo.gonzalez.EntityStack.expandEntityValue(EntityStack.java:319)
    [junit] 	at org.bluezoo.gonzalez.EntityStack.expandGeneralEntity(EntityStack.java:221)
    [junit] 	at org.bluezoo.gonzalez.EntityStack.expandEntityValue(EntityStack.java:319)
    [junit] 	at org.bluezoo.gonzalez.EntityStack.expandGeneralEntity(EntityStack.java:221)
    [junit] 	at org.bluezoo.gonzalez.EntityStack.expandEntityValue(EntityStack.java:319)
    [junit] 	at org.bluezoo.gonzalez.EntityStack.expandGeneralEntity(EntityStack.java:221)
    [junit] 	at org.bluezoo.gonzalez.EntityStack.expandEntityValue(EntityStack.java:319)
    [junit] 	at org.bluezoo.gonzalez.EntityStack.expandGeneralEntity(EntityStack.java:221)
    [junit] 	at org.bluezoo.gonzalez.EntityStack.expandEntityValue(EntityStack.java:319)
    [junit] 	at org.bluezoo.gonzalez.EntityStack.expandGeneralEntity(EntityStack.java:221)
    [junit] 	at org.bluezoo.gonzalez.EntityStack.expandEntityValue(EntityStack.java:319)
    [junit] 	at org.bluezoo.gonzalez.EntityStack.expandGeneralEntity(EntityStack.java:221)
    [junit] 	at org.bluezoo.gonzalez.EntityStack.expandEntityValue(EntityStack.java:319)
    [junit] 	at org.bluezoo.gonzalez.EntityStack.expandGeneralEntity(EntityStack.java:221)
    [junit] 	at org.bluezoo.gonzalez.EntityStack.expandEntityValue(EntityStack.java:319)
    [junit] 	at org.bluezoo.gonzalez.EntityStack.expandGeneralEntity(EntityStack.java:221)
    [junit] 	at org.bluezoo.gonzalez.EntityStack.expandEntityValue(EntityStack.java:319)
    [junit] 	at org.bluezoo.gonzalez.EntityStack.expandGeneralEntity(EntityStack.java:221)
    [junit] 	at org.bluezoo.gonzalez.EntityStack.expandEntityValue(EntityStack.java:319)
    [junit] 	at org.bluezoo.gonzalez.EntityStack.expandGeneralEntity(EntityStack.java:221)
    [junit] 	at org.bluezoo.gonzalez.EntityStack.expandEntityValue(EntityStack.java:319)
    [junit] 	at org.bluezoo.gonzalez.EntityStack.expandGeneralEntity(EntityStack.java:221)
    [junit] 	at org.bluezoo.gonzalez.EntityStack.expandEntityValue(EntityStack.java:319)
    [junit] 	at org.bluezoo.gonzalez.EntityStack.expandGeneralEntity(EntityStack.java:221)
    [junit] 	at org.bluezoo.gonzalez.EntityStack.expandEntityValue(EntityStack.java:319)
    [junit] 	at org.bluezoo.gonzalez.EntityStack.expandGeneralEntity(EntityStack.java:221)
    [junit] 	at org.bluezoo.gonzalez.EntityStack.expandEntityValue(EntityStack.java:319)
    [junit] 	at org.bluezoo.gonzalez.EntityStack.expandGeneralEntity(EntityStack.java:221)
    [junit] 	at org.bluezoo.gonzalez.EntityStack.expandEntityValue(EntityStack.java:319)
    [junit] 	at org.bluezoo.gonzalez.EntityStack.expandGeneralEntity(EntityStack.java:221)
    [junit] 	at org.bluezoo.gonzalez.EntityStack.expandEntityValue(EntityStack.java:319)
    [junit] 	at org.bluezoo.gonzalez.EntityStack.expandGeneralEntity(EntityStack.java:221)
    [junit] 	at org.bluezoo.gonzalez.EntityStack.expandEntityValue(EntityStack.java:319)
    [junit] 	at org.bluezoo.gonzalez.EntityStack.expandGeneralEntity(EntityStack.java:221)
    [junit] 	at org.bluezoo.gonzalez.EntityStack.expandEntityValue(EntityStack.java:319)
    [junit] 	at org.bluezoo.gonzalez.EntityStack.expandGeneralEntity(EntityStack.java:221)
    [junit] 	at org.bluezoo.gonzalez.EntityStack.expandEntityValue(EntityStack.java:319)
    [junit] 	at org.bluezoo.gonzalez.EntityStack.expandGeneralEntity(EntityStack.java:221)
    [junit] 	at org.bluezoo.gonzalez.EntityStack.expandEntityValue(EntityStack.java:319)
    [junit] 	at org.bluezoo.gonzalez.EntityStack.expandGeneralEntity(EntityStack.java:221)
    [junit] 	at org.bluezoo.gonzalez.EntityStack.expandEntityValue(EntityStack.java:319)
    [junit] 	at org.bluezoo.gonzalez.EntityStack.expandGeneralEntity(EntityStack.java:221)
    [junit] 	at org.bluezoo.gonzalez.EntityStack.expandEntityValue(EntityStack.java:319)
    [junit] 	at org.bluezoo.gonzalez.EntityStack.expandGeneralEntity(EntityStack.java:221)
    [junit] 	at org.bluezoo.gonzalez.EntityStack.expandEntityValue(EntityStack.java:319)
    [junit] 	at org.bluezoo.gonzalez.EntityStack.expandGeneralEntity(EntityStack.java:221)
    [junit] 	at org.bluezoo.gonzalez.EntityStack.expandEntityValue(EntityStack.java:319)
    [junit] 	at org.bluezoo.gonzalez.EntityStack.expandGeneralEntity(EntityStack.java:221)
    [junit] 	at org.bluezoo.gonzalez.EntityStack.expandEntityValue(EntityStack.java:319)
    [junit] 	at org.bluezoo.gonzalez.EntityStack.expandGeneralEntity(EntityStack.java:221)
    [junit] 	at org.bluezoo.gonzalez.EntityStack.expandEntityValue(EntityStack.java:319)
    [junit] 	at org.bluezoo.gonzalez.EntityStack.expandGeneralEntity(EntityStack.java:221)
    [junit] 	at org.bluezoo.gonzalez.EntityStack.expandEntityValue(EntityStack.java:319)
    [junit] 	at org.bluezoo.gonzalez.EntityStack.expandGeneralEntity(EntityStack.java:221)
    [junit] 	at org.bluezoo.gonzalez.EntityStack.expandEntityValue(EntityStack.java:319)
    [junit] 	at org.bluezoo.gonzalez.EntityStack.expandGeneralEntity(EntityStack.java:221)
    [junit] 	at org.bluezoo.gonzalez.EntityStack.expandEntityValue(EntityStack.java:319)
    [junit] 	at org.bluezoo.gonzalez.EntityStack.expandGeneralEntity(EntityStack.java:221)
    [junit] 	at org.bluezoo.gonzalez.EntityStack.expandEntityValue(EntityStack.java:319)
    [junit] 	at org.bluezoo.gonzalez.EntityStack.expandGeneralEntity(EntityStack.java:221)
    [junit] 	at org.bluezoo.gonzalez.EntityStack.expandEntityValue(EntityStack.java:319)
    [junit] 	at org.bluezoo.gonzalez.EntityStack.expandGeneralEntity(EntityStack.java:221)
    [junit] 	at org.bluezoo.gonzalez.EntityStack.expandEntityValue(EntityStack.java:319)
    [junit] 	at org.bluezoo.gonzalez.EntityStack.expandGeneralEntity(EntityStack.java:221)
    [junit] 	at org.bluezoo.gonzalez.EntityStack.expandEntityValue(EntityStack.java:319)
    [junit] 	at org.bluezoo.gonzalez.EntityStack.expandGeneralEntity(EntityStack.java:221)
    [junit] 	at org.bluezoo.gonzalez.EntityStack.expandEntityValue(EntityStack.java:319)
    [junit] 	at org.bluezoo.gonzalez.EntityStack.expandGeneralEntity(EntityStack.java:221)
    [junit] 	at org.bluezoo.gonzalez.EntityStack.expandEntityValue(EntityStack.java:319)
    [junit] 	at org.bluezoo.gonzalez.EntityStack.expandGeneralEntity(EntityStack.java:221)
    [junit] 	at org.bluezoo.gonzalez.EntityStack.expandEntityValue(EntityStack.java:319)
    [junit] 	at org.bluezoo.gonzalez.EntityStack.expandGeneralEntity(EntityStack.java:221)
    [junit] 	at org.bluezoo.gonzalez.EntityStack.expandEntityValue(EntityStack.java:319)
    [junit] 	at org.bluezoo.gonzalez.EntityStack.expandGeneralEntity(EntityStack.java:221)
    [junit] 	at org.bluezoo.gonzalez.EntityStack.expandEntityValue(EntityStack.java:319)
    [junit] 	at org.bluezoo.gonzalez.EntityStack.expandGeneralEntity(EntityStack.java:221)
    [junit] 	at org.bluezoo.gonzalez.EntityStack.expandEntityValue(EntityStack.java:319)
    [junit] 	at org.bluezoo.gonzalez.EntityStack.expandGeneralEntity(EntityStack.java:221)
    [junit] 	at org.bluezoo.gonzalez.EntityStack.expandEntityValue(EntityStack.java:319)
    [junit] 	at org.bluezoo.gonzalez.EntityStack.expandGeneralEntity(EntityStack.java:221)
    [junit] 	at org.bluezoo.gonzalez.EntityStack.expandEntityValue(EntityStack.java:319)
    [junit] 	at org.bluezoo.gonzalez.EntityStack.expandGeneralEntity(EntityStack.java:221)
    [junit] 	at org.bluezoo.gonzalez.EntityStack.expandEntityValue(EntityStack.java:319)
    [junit] 	at org.bluezoo.gonzalez.EntityStack.expandGeneralEntity(EntityStack.java:221)
    [junit] 	at org.bluezoo.gonzalez.EntityStack.expandEntityValue(EntityStack.java:319)
    [junit] 	at org.bluezoo.gonzalez.EntityStack.expandGeneralEntity(EntityStack.java:221)
    [junit] 	at org.bluezoo.gonzalez.EntityStack.expandEntityValue(EntityStack.java:319)
    [junit] 	at org.bluezoo.gonzalez.EntityStack.expandGeneralEntity(EntityStack.java:221)
    [junit] 	at org.bluezoo.gonzalez.EntityStack.expandEntityValue(EntityStack.java:319)
    [junit] 	at org.bluezoo.gonzalez.EntityStack.expandGeneralEntity(EntityStack.java:221)
    [junit] 	at org.bluezoo.gonzalez.EntityStack.expandEntityValue(EntityStack.java:319)
    [junit] 	at org.bluezoo.gonzalez.EntityStack.expandGeneralEntity(EntityStack.java:221)
    [junit] 	at org.bluezoo.gonzalez.EntityStack.expandEntityValue(EntityStack.java:319)
    [junit] 	at org.bluezoo.gonzalez.EntityStack.expandGeneralEntity(EntityStack.java:221)
    [junit] 	at org.bluezoo.gonzalez.EntityStack.expandEntityValue(EntityStack.java:319)
    [junit] 	at org.bluezoo.gonzalez.EntityStack.expandGeneralEntity(EntityStack.java:221)
    [junit] 	at org.bluezoo.gonzalez.EntityStack.expandEntityValue(EntityStack.java:319)
    [junit] 	at org.bluezoo.gonzalez.EntityStack.expandGeneralEntity(EntityStack.java:221)
    [junit] 	at org.bluezoo.gonzalez.EntityStack.expandEntityValue(EntityStack.java:319)
    [junit] 	at org.bluezoo.gonzalez.EntityStack.expandGeneralEntity(EntityStack.java:221)
    [junit] 	at org.bluezoo.gonzalez.EntityStack.expandEntityValue(EntityStack.java:319)
    [junit] 	at org.bluezoo.gonzalez.EntityStack.expandGeneralEntity(EntityStack.java:221)
    [junit] 	at org.bluezoo.gonzalez.EntityStack.expandEntityValue(EntityStack.java:319)
    [junit] 	at org.bluezoo.gonzalez.EntityStack.expandGeneralEntity(EntityStack.java:221)
    [junit] 	at org.bluezoo.gonzalez.EntityStack.expandEntityValue(EntityStack.java:319)
    [junit] 	at org.bluezoo.gonzalez.EntityStack.expandGeneralEntity(EntityStack.java:221)
    [junit] 	at org.bluezoo.gonzalez.EntityStack.expandEntityValue(EntityStack.java:319)
    [junit] 	at org.bluezoo.gonzalez.EntityStack.expandGeneralEntity(EntityStack.java:221)
    [junit] 	at org.bluezoo.gonzalez.EntityStack.expandEntityValue(EntityStack.java:319)
    [junit] 	at org.bluezoo.gonzalez.EntityStack.expandGeneralEntity(EntityStack.java:221)
    [junit] 	at org.bluezoo.gonzalez.EntityStack.expandEntityValue(EntityStack.java:319)
    [junit] 	at org.bluezoo.gonzalez.EntityStack.expandGeneralEntity(EntityStack.java:221)
    [junit] 	at org.bluezoo.gonzalez.EntityStack.expandEntityValue(EntityStack.java:319)
    [junit] 	at org.bluezoo.gonzalez.EntityStack.expandGeneralEntity(EntityStack.java:221)
    [junit] 	at org.bluezoo.gonzalez.EntityStack.expandEntityValue(EntityStack.java:319)
    [junit] 	at org.bluezoo.gonzalez.EntityStack.expandGeneralEntity(EntityStack.java:221)
    [junit] 	at org.bluezoo.gonzalez.EntityStack.expandEntityValue(EntityStack.java:319)
    [junit] 	at org.bluezoo.gonzalez.EntityStack.expandGeneralEntity(EntityStack.java:221)
    [junit] 	at org.bluezoo.gonzalez.EntityStack.expandEntityValue(EntityStack.java:319)
    [junit] 	at org.bluezoo.gonzalez.EntityStack.expandGeneralEntity(EntityStack.java:221)
    [junit] 	at org.bluezoo.gonzalez.EntityStack.expandEntityValue(EntityStack.java:319)
    [junit] 	at org.bluezoo.gonzalez.EntityStack.expandGeneralEntity(EntityStack.java:221)
    [junit] 	at org.bluezoo.gonzalez.EntityStack.expandEntityValue(EntityStack.java:319)
    [junit] 	at org.bluezoo.gonzalez.EntityStack.expandGeneralEntity(EntityStack.java:221)
    [junit] 	at org.bluezoo.gonzalez.EntityStack.expandEntityValue(EntityStack.java:319)
    [junit] 	at org.bluezoo.gonzalez.EntityStack.expandGeneralEntity(EntityStack.java:221)
    [junit] 	at org.bluezoo.gonzalez.EntityStack.expandEntityValue(EntityStack.java:319)
    [junit] 	at org.bluezoo.gonzalez.EntityStack.expandGeneralEntity(EntityStack.java:221)
    [junit] 	at org.bluezoo.gonzalez.EntityStack.expandEntityValue(EntityStack.java:319)
    [junit] 	at org.bluezoo.gonzalez.EntityStack.expandGeneralEntity(EntityStack.java:221)
    [junit] 	at org.bluezoo.gonzalez.EntityStack.expandEntityValue(EntityStack.java:319)
    [junit] 	at org.bluezoo.gonzalez.EntityStack.expandGeneralEntity(EntityStack.java:221)
    [junit] 	at org.bluezoo.gonzalez.EntityStack.expandEntityValue(EntityStack.java:319)
    [junit] 	at org.bluezoo.gonzalez.EntityStack.expandGeneralEntity(EntityStack.java:221)
    [junit] 	at org.bluezoo.gonzalez.EntityStack.expandEntityValue(EntityStack.java:319)
    [junit] 	at org.bluezoo.gonzalez.EntityStack.expandGeneralEntity(EntityStack.java:221)
    [junit] 	at org.bluezoo.gonzalez.EntityStack.expandEntityValue(EntityStack.java:319)
    [junit] 	at org.bluezoo.gonzalez.EntityStack.expandGeneralEntity(EntityStack.java:221)
    [junit] 	at org.bluezoo.gonzalez.EntityStack.expandEntityValue(EntityStack.java:319)
    [junit] 	at org.bluezoo.gonzalez.EntityStack.expandGeneralEntity(EntityStack.java:221)
    [junit] 	at org.bluezoo.gonzalez.EntityStack.expandEntityValue(EntityStack.java:319)
    [junit] 	at org.bluezoo.gonzalez.EntityStack.expandGeneralEntity(EntityStack.java:221)
    [junit] 	at org.bluezoo.gonzalez.EntityStack.expandEntityValue(EntityStack.java:319)
    [junit] 	at org.bluezoo.gonzalez.EntityStack.expandGeneralEntity(EntityStack.java:221)
    [junit] 	at org.bluezoo.gonzalez.EntityStack.expandEntityValue(EntityStack.java:319)
    [junit] 	at org.bluezoo.gonzalez.EntityStack.expandGeneralEntity(EntityStack.java:221)
    [junit] 	at org.bluezoo.gonzalez.EntityStack.expandEntityValue(EntityStack.java:319)
    [junit] 	at org.bluezoo.gonzalez.EntityStack.expandGeneralEntity(EntityStack.java:221)
    [junit] 	at org.bluezoo.gonzalez.EntityStack.expandEntityValue(EntityStack.java:319)
    [junit] 	at org.bluezoo.gonzalez.EntityStack.expandGeneralEntity(EntityStack.java:221)
    [junit] 	at org.bluezoo.gonzalez.EntityStack.expandEntityValue(EntityStack.java:319)
    [junit] 	at org.bluezoo.gonzalez.EntityStack.expandGeneralEntity(EntityStack.java:221)
    [junit] 	at org.bluezoo.gonzalez.EntityStack.expandEntityValue(EntityStack.java:319)
    [junit] 	at org.bluezoo.gonzalez.EntityStack.expandGeneralEntity(EntityStack.java:221)
    [junit] 	at org.bluezoo.gonzalez.EntityStack.expandEntityValue(EntityStack.java:319)
    [junit] 	at org.bluezoo.gonzalez.EntityStack.expandGeneralEntity(EntityStack.java:221)
    [junit] 	at org.bluezoo.gonzalez.EntityStack.expandEntityValue(EntityStack.java:319)
    [junit] 	at org.bluezoo.gonzalez.EntityStack.expandGeneralEntity(EntityStack.java:221)
    [junit] 	at org.bluezoo.gonzalez.EntityStack.expandEntityValue(EntityStack.java:319)
    [junit] 	at org.bluezoo.gonzalez.EntityStack.expandGeneralEntity(EntityStack.java:221)
    [junit] 	at org.bluezoo.gonzalez.EntityStack.expandEntityValue(EntityStack.java:319)
    [junit] 	at org.bluezoo.gonzalez.EntityStack.expandGeneralEntity(EntityStack.java:221)
    [junit] 	at org.bluezoo.gonzalez.EntityStack.expandEntityValue(EntityStack.java:319)
    [junit] 	at org.bluezoo.gonzalez.EntityStack.expandGeneralEntity(EntityStack.java:221)
    [junit] 	at org.bluezoo.gonzalez.EntityStack.expandEntityValue(EntityStack.java:319)
    [junit] 	at org.bluezoo.gonzalez.EntityStack.expandGeneralEntity(EntityStack.java:221)
    [junit] 	at org.bluezoo.gonzalez.EntityStack.expandEntityValue(EntityStack.java:319)
    [junit] 	at org.bluezoo.gonzalez.EntityStack.expandGeneralEntity(EntityStack.java:221)
    [junit] 	at org.bluezoo.gonzalez.EntityStack.expandEntityValue(EntityStack.java:319)
    [junit] 	at org.bluezoo.gonzalez.EntityStack.expandGeneralEntity(EntityStack.java:221)
    [junit] 	at org.bluezoo.gonzalez.EntityStack.expandEntityValue(EntityStack.java:319)
    [junit] 	at org.bluezoo.gonzalez.EntityStack.expandGeneralEntity(EntityStack.java:221)
    [junit] 	at org.bluezoo.gonzalez.EntityStack.expandEntityValue(EntityStack.java:319)
    [junit] 	at org.bluezoo.gonzalez.EntityStack.expandGeneralEntity(EntityStack.java:221)
    [junit] 	at org.bluezoo.gonzalez.EntityStack.expandEntityValue(EntityStack.java:319)
    [junit] 	at org.bluezoo.gonzalez.EntityStack.expandGeneralEntity(EntityStack.java:221)
    [junit] 	at org.bluezoo.gonzalez.EntityStack.expandEntityValue(EntityStack.java:319)
    [junit] 	at org.bluezoo.gonzalez.EntityStack.expandGeneralEntity(EntityStack.java:221)
    [junit] 	at org.bluezoo.gonzalez.EntityStack.expandEntityValue(EntityStack.java:319)
    [junit] 	at org.bluezoo.gonzalez.EntityStack.expandGeneralEntity(EntityStack.java:221)
    [junit] 	at org.bluezoo.gonzalez.EntityStack.expandEntityValue(EntityStack.java:319)
    [junit] 	at org.bluezoo.gonzalez.EntityStack.expandGeneralEntity(EntityStack.java:221)
    [junit] 	at org.bluezoo.gonzalez.EntityStack.expandEntityValue(EntityStack.java:319)
    [junit] 	at org.bluezoo.gonzalez.EntityStack.expandGeneralEntity(EntityStack.java:221)
    [junit] 	at org.bluezoo.gonzalez.EntityStack.expandEntityValue(EntityStack.java:319)
    [junit] 	at org.bluezoo.gonzalez.EntityStack.expandGeneralEntity(EntityStack.java:221)
    [junit] 	at org.bluezoo.gonzalez.EntityStack.expandEntityValue(EntityStack.java:319)
    [junit] 	at org.bluezoo.gonzalez.EntityStack.expandGeneralEntity(EntityStack.java:221)
    [junit] 	at org.bluezoo.gonzalez.EntityStack.expandEntityValue(EntityStack.java:319)
    [junit] 	at org.bluezoo.gonzalez.EntityStack.expandGeneralEntity(EntityStack.java:221)
    [junit] 	at org.bluezoo.gonzalez.EntityStack.expandEntityValue(EntityStack.java:319)
    [junit] 	at org.bluezoo.gonzalez.EntityStack.expandGeneralEntity(EntityStack.java:221)
    [junit] 	at org.bluezoo.gonzalez.EntityStack.expandEntityValue(EntityStack.java:319)
    [junit] 	at org.bluezoo.gonzalez.EntityStack.expandGeneralEntity(EntityStack.java:221)
    [junit] 	at org.bluezoo.gonzalez.EntityStack.expandEntityValue(EntityStack.java:319)
    [junit] 	at org.bluezoo.gonzalez.EntityStack.expandGeneralEntity(EntityStack.java:221)
    [junit] 	at org.bluezoo.gonzalez.EntityStack.expandEntityValue(EntityStack.java:319)
    [junit] 	at org.bluezoo.gonzalez.EntityStack.expandGeneralEntity(EntityStack.java:221)
    [junit] 	at org.bluezoo.gonzalez.EntityStack.expandEntityValue(EntityStack.java:319)
    [junit] 	at org.bluezoo.gonzalez.EntityStack.expandGeneralEntity(EntityStack.java:221)
    [junit] 	at org.bluezoo.gonzalez.EntityStack.expandEntityValue(EntityStack.java:319)
    [junit] 	at org.bluezoo.gonzalez.EntityStack.expandGeneralEntity(EntityStack.java:221)
    [junit] 	at org.bluezoo.gonzalez.EntityStack.expandEntityValue(EntityStack.java:319)
    [junit] 	at org.bluezoo.gonzalez.EntityStack.expandGeneralEntity(EntityStack.java:221)
    [junit] 	at org.bluezoo.gonzalez.EntityStack.expandEntityValue(EntityStack.java:319)
    [junit] 	at org.bluezoo.gonzalez.EntityStack.expandGeneralEntity(EntityStack.java:221)
    [junit] 	at org.bluezoo.gonzalez.EntityStack.expandEntityValue(EntityStack.java:319)
    [junit] 	at org.bluezoo.gonzalez.EntityStack.expandGeneralEntity(EntityStack.java:221)
    [junit] 	at org.bluezoo.gonzalez.EntityStack.expandEntityValue(EntityStack.java:319)
    [junit] 	at org.bluezoo.gonzalez.EntityStack.expandGeneralEntity(EntityStack.java:221)
    [junit] 	at org.bluezoo.gonzalez.EntityStack.expandEntityValue(EntityStack.java:319)
    [junit] 	at org.bluezoo.gonzalez.EntityStack.expandGeneralEntity(EntityStack.java:221)
    [junit] 	at org.bluezoo.gonzalez.EntityStack.expandEntityValue(EntityStack.java:319)
    [junit] 	at org.bluezoo.gonzalez.EntityStack.expandGeneralEntity(EntityStack.java:221)
    [junit] 	at org.bluezoo.gonzalez.EntityStack.expandEntityValue(EntityStack.java:319)
    [junit] 	at org.bluezoo.gonzalez.EntityStack.expandGeneralEntity(EntityStack.java:221)
    [junit] 	at org.bluezoo.gonzalez.EntityStack.expandEntityValue(EntityStack.java:319)
    [junit] 	at org.bluezoo.gonzalez.EntityStack.expandGeneralEntity(EntityStack.java:221)
    [junit] 	at org.bluezoo.gonzalez.EntityStack.expandEntityValue(EntityStack.java:319)
    [junit] 	at org.bluezoo.gonzalez.EntityStack.expandGeneralEntity(EntityStack.java:221)
    [junit] 	at org.bluezoo.gonzalez.EntityStack.expandEntityValue(EntityStack.java:319)
    [junit] 	at org.bluezoo.gonzalez.EntityStack.expandGeneralEntity(EntityStack.java:221)
    [junit] 	at org.bluezoo.gonzalez.EntityStack.expandEntityValue(EntityStack.java:319)
    [junit] 	at org.bluezoo.gonzalez.EntityStack.expandGeneralEntity(EntityStack.java:221)
    [junit] 	at org.bluezoo.gonzalez.EntityStack.expandEntityValue(EntityStack.java:319)
    [junit] 	at org.bluezoo.gonzalez.EntityStack.expandGeneralEntity(EntityStack.java:221)
    [junit] 	at org.bluezoo.gonzalez.EntityStack.expandEntityValue(EntityStack.java:319)
    [junit] 	at org.bluezoo.gonzalez.EntityStack.expandGeneralEntity(EntityStack.java:221)
    [junit] 	at org.bluezoo.gonzalez.EntityStack.expandEntityValue(EntityStack.java:319)
    [junit] 	at org.bluezoo.gonzalez.EntityStack.expandGeneralEntity(EntityStack.java:221)
    [junit] 	at org.bluezoo.gonzalez.EntityStack.expandEntityValue(EntityStack.java:319)
    [junit] 	at org.bluezoo.gonzalez.EntityStack.expandGeneralEntity(EntityStack.java:221)
    [junit] 	at org.bluezoo.gonzalez.EntityStack.expandEntityValue(EntityStack.java:319)
    [junit] 	at org.bluezoo.gonzalez.EntityStack.expandGeneralEntity(EntityStack.java:221)
    [junit] 	at org.bluezoo.gonzalez.EntityStack.expandEntityValue(EntityStack.java:319)
    [junit] 	at org.bluezoo.gonzalez.EntityStack.expandGeneralEntity(EntityStack.java:221)
    [junit] 	at org.bluezoo.gonzalez.EntityStack.expandEntityValue(EntityStack.java:319)
    [junit] 	at org.bluezoo.gonzalez.EntityStack.expandGeneralEntity(EntityStack.java:221)
    [junit] 	at org.bluezoo.gonzalez.EntityStack.expandEntityValue(EntityStack.java:319)
    [junit] 	at org.bluezoo.gonzalez.EntityStack.expandGeneralEntity(EntityStack.java:221)
    [junit] 	at org.bluezoo.gonzalez.EntityStack.expandEntityValue(EntityStack.java:319)
    [junit] 	at org.bluezoo.gonzalez.EntityStack.expandGeneralEntity(EntityStack.java:221)
    [junit] 	at org.bluezoo.gonzalez.EntityStack.expandEntityValue(EntityStack.java:319)
    [junit] 	at org.bluezoo.gonzalez.EntityStack.expandGeneralEntity(EntityStack.java:221)
    [junit] 	at org.bluezoo.gonzalez.EntityStack.expandEntityValue(EntityStack.java:319)
    [junit] 	at org.bluezoo.gonzalez.EntityStack.expandGeneralEntity(EntityStack.java:221)
    [junit] 	at org.bluezoo.gonzalez.EntityStack.expandEntityValue(EntityStack.java:319)
    [junit] 	at org.bluezoo.gonzalez.EntityStack.expandGeneralEntity(EntityStack.java:221)
    [junit] 	at org.bluezoo.gonzalez.EntityStack.expandEntityValue(EntityStack.java:319)
    [junit] 	at org.bluezoo.gonzalez.EntityStack.expandGeneralEntity(EntityStack.java:221)
    [junit] 	at org.bluezoo.gonzalez.EntityStack.expandEntityValue(EntityStack.java:319)
    [junit] 	at org.bluezoo.gonzalez.EntityStack.expandGeneralEntity(EntityStack.java:221)
    [junit] 	at org.bluezoo.gonzalez.EntityStack.expandEntityValue(EntityStack.java:319)
    [junit] 	at org.bluezoo.gonzalez.EntityStack.expandGeneralEntity(EntityStack.java:221)
    [junit] 	at org.bluezoo.gonzalez.EntityStack.expandEntityValue(EntityStack.java:319)
    [junit] 	at org.bluezoo.gonzalez.EntityStack.expandGeneralEntity(EntityStack.java:221)
    [junit] 	at org.bluezoo.gonzalez.EntityStack.expandEntityValue(EntityStack.java:319)
    [junit] 	at org.bluezoo.gonzalez.EntityStack.expandGeneralEntity(EntityStack.java:221)
    [junit] 	at org.bluezoo.gonzalez.EntityStack.expandEntityValue(EntityStack.java:319)
    [junit] 	at org.bluezoo.gonzalez.EntityStack.expandGeneralEntity(EntityStack.java:221)
    [junit] 	at org.bluezoo.gonzalez.EntityStack.expandEntityValue(EntityStack.java:319)
    [junit] 	at org.bluezoo.gonzalez.EntityStack.expandGeneralEntity(EntityStack.java:221)
    [junit] 	at org.bluezoo.gonzalez.EntityStack.expandEntityValue(EntityStack.java:319)
    [junit] 	at org.bluezoo.gonzalez.EntityStack.expandGeneralEntity(EntityStack.java:221)
    [junit] 	at org.bluezoo.gonzalez.EntityStack.expandEntityValue(EntityStack.java:319)
    [junit] 	at org.bluezoo.gonzalez.EntityStack.expandGeneralEntity(EntityStack.java:221)
    [junit] 	at org.bluezoo.gonzalez.EntityStack.expandEntityValue(EntityStack.java:319)
    [junit] 	at org.bluezoo.gonzalez.EntityStack.expandGeneralEntity(EntityStack.java:221)
    [junit] 	at org.bluezoo.gonzalez.EntityStack.expandEntityValue(EntityStack.java:319)
    [junit] 	at org.bluezoo.gonzalez.EntityStack.expandGeneralEntity(EntityStack.java:221)
    [junit] 	at org.bluezoo.gonzalez.EntityStack.expandEntityValue(EntityStack.java:319)
    [junit] 	at org.bluezoo.gonzalez.EntityStack.expandGeneralEntity(EntityStack.java:221)
    [junit] 	at org.bluezoo.gonzalez.EntityStack.expandEntityValue(EntityStack.java:319)
    [junit] 	at org.bluezoo.gonzalez.EntityStack.expandGeneralEntity(EntityStack.java:221)
    [junit] 	at org.bluezoo.gonzalez.EntityStack.expandEntityValue(EntityStack.java:319)
    [junit] 	at org.bluezoo.gonzalez.EntityStack.expandGeneralEntity(EntityStack.java:221)
    [junit] 	at org.bluezoo.gonzalez.EntityStack.expandEntityValue(EntityStack.java:319)
    [junit] 	at org.bluezoo.gonzalez.EntityStack.expandGeneralEntity(EntityStack.java:221)
    [junit] 	at org.bluezoo.gonzalez.EntityStack.expandEntityValue(EntityStack.java:319)
    [junit] 	at org.bluezoo.gonzalez.EntityStack.expandGeneralEntity(EntityStack.java:221)
    [junit] 	at org.bluezoo.gonzalez.EntityStack.expandEntityValue(EntityStack.java:319)
    [junit] 	at org.bluezoo.gonzalez.EntityStack.expandGeneralEntity(EntityStack.java:221)
    [junit] 	at org.bluezoo.gonzalez.EntityStack.expandEntityValue(EntityStack.java:319)
    [junit] 	at org.bluezoo.gonzalez.EntityStack.expandGeneralEntity(EntityStack.java:221)
    [junit] 	at org.bluezoo.gonzalez.EntityStack.expandEntityValue(EntityStack.java:319)
    [junit] 	at org.bluezoo.gonzalez.EntityStack.expandGeneralEntity(EntityStack.java:221)
    [junit] 	at org.bluezoo.gonzalez.EntityStack.expandEntityValue(EntityStack.java:319)
    [junit] 	at org.bluezoo.gonzalez.EntityStack.expandGeneralEntity(EntityStack.java:221)
    [junit] 	at org.bluezoo.gonzalez.EntityStack.expandEntityValue(EntityStack.java:319)
    [junit] 	at org.bluezoo.gonzalez.EntityStack.expandGeneralEntity(EntityStack.java:221)
    [junit] 	at org.bluezoo.gonzalez.EntityStack.expandEntityValue(EntityStack.java:319)
    [junit] 	at org.bluezoo.gonzalez.EntityStack.expandGeneralEntity(EntityStack.java:221)
    [junit] 	at org.bluezoo.gonzalez.EntityStack.expandEntityValue(EntityStack.java:319)
    [junit] 	at org.bluezoo.gonzalez.EntityStack.expandGeneralEntity(EntityStack.java:221)
    [junit] 	at org.bluezoo.gonzalez.EntityStack.expandEntityValue(EntityStack.java:319)
    [junit] 	at org.bluezoo.gonzalez.EntityStack.expandGeneralEntity(EntityStack.java:221)
    [junit] 	at org.bluezoo.gonzalez.EntityStack.expandEntityValue(EntityStack.java:319)
    [junit] 	at org.bluezoo.gonzalez.EntityStack.expandGeneralEntity(EntityStack.java:221)
    [junit] 	at org.bluezoo.gonzalez.EntityStack.expandEntityValue(EntityStack.java:319)
    [junit] 	at org.bluezoo.gonzalez.EntityStack.expandGeneralEntity(EntityStack.java:221)
    [junit] 	at org.bluezoo.gonzalez.EntityStack.expandEntityValue(EntityStack.java:319)
    [junit] 	at org.bluezoo.gonzalez.EntityStack.expandGeneralEntity(EntityStack.java:221)
    [junit] 	at org.bluezoo.gonzalez.EntityStack.expandEntityValue(EntityStack.java:319)
    [junit] 	at org.bluezoo.gonzalez.EntityStack.expandGeneralEntity(EntityStack.java:221)
    [junit] 	at org.bluezoo.gonzalez.EntityStack.expandEntityValue(EntityStack.java:319)
    [junit] 	at org.bluezoo.gonzalez.EntityStack.expandGeneralEntity(EntityStack.java:221)
    [junit] 	at org.bluezoo.gonzalez.EntityStack.expandEntityValue(EntityStack.java:319)
    [junit] 	at org.bluezoo.gonzalez.EntityStack.expandGeneralEntity(EntityStack.java:221)
    [junit] 	at org.bluezoo.gonzalez.EntityStack.expandEntityValue(EntityStack.java:319)
    [junit] 	at org.bluezoo.gonzalez.EntityStack.expandGeneralEntity(EntityStack.java:221)
    [junit] 	at org.bluezoo.gonzalez.EntityStack.expandEntityValue(EntityStack.java:319)
    [junit] 	at org.bluezoo.gonzalez.EntityStack.expandGeneralEntity(EntityStack.java:221)
    [junit] 	at org.bluezoo.gonzalez.EntityStack.expandEntityValue(EntityStack.java:319)
    [junit] 	at org.bluezoo.gonzalez.EntityStack.expandGeneralEntity(EntityStack.java:221)
    [junit] 	at org.bluezoo.gonzalez.EntityStack.expandEntityValue(EntityStack.java:319)
    [junit] 	at org.bluezoo.gonzalez.EntityStack.expandGeneralEntity(EntityStack.java:221)
    [junit] 	at org.bluezoo.gonzalez.EntityStack.expandEntityValue(EntityStack.java:319)
    [junit] 	at org.bluezoo.gonzalez.EntityStack.expandGeneralEntity(EntityStack.java:221)
    [junit] 	at org.bluezoo.gonzalez.EntityStack.expandEntityValue(EntityStack.java:319)
    [junit] 	at org.bluezoo.gonzalez.EntityStack.expandGeneralEntity(EntityStack.java:221)
    [junit] 	at org.bluezoo.gonzalez.EntityStack.expandEntityValue(EntityStack.java:319)
    [junit] 	at org.bluezoo.gonzalez.EntityStack.expandGeneralEntity(EntityStack.java:221)
    [junit] 	at org.bluezoo.gonzalez.EntityStack.expandEntityValue(EntityStack.java:319)
    [junit] 	at org.bluezoo.gonzalez.EntityStack.expandGeneralEntity(EntityStack.java:221)
    [junit] 	at org.bluezoo.gonzalez.EntityStack.expandEntityValue(EntityStack.java:319)
    [junit] 	at org.bluezoo.gonzalez.EntityStack.expandGeneralEntity(EntityStack.java:221)
    [junit] 	at org.bluezoo.gonzalez.EntityStack.expandEntityValue(EntityStack.java:319)
    [junit] 	at org.bluezoo.gonzalez.EntityStack.expandGeneralEntity(EntityStack.java:221)
    [junit] 	at org.bluezoo.gonzalez.EntityStack.expandEntityValue(EntityStack.java:319)
    [junit] 	at org.bluezoo.gonzalez.EntityStack.expandGeneralEntity(EntityStack.java:221)
    [junit] 	at org.bluezoo.gonzalez.EntityStack.expandEntityValue(EntityStack.java:319)
    [junit] 	at org.bluezoo.gonzalez.EntityStack.expandGeneralEntity(EntityStack.java:221)
    [junit] 	at org.bluezoo.gonzalez.EntityStack.expandEntityValue(EntityStack.java:319)
    [junit] 	at org.bluezoo.gonzalez.EntityStack.expandGeneralEntity(EntityStack.java:221)
    [junit] 	at org.bluezoo.gonzalez.EntityStack.expandEntityValue(EntityStack.java:319)
    [junit] 	at org.bluezoo.gonzalez.EntityStack.expandGeneralEntity(EntityStack.java:221)
    [junit] 	at org.bluezoo.gonzalez.EntityStack.expandEntityValue(EntityStack.java:319)
    [junit] 	at org.bluezoo.gonzalez.EntityStack.expandGeneralEntity(EntityStack.java:221)
    [junit] 	at org.bluezoo.gonzalez.EntityStack.expandEntityValue(EntityStack.java:319)
    [junit] 	at org.bluezoo.gonzalez.EntityStack.expandGeneralEntity(EntityStack.java:221)
    [junit] 	at org.bluezoo.gonzalez.EntityStack.expandEntityValue(EntityStack.java:319)
    [junit] 	at org.bluezoo.gonzalez.EntityStack.expandGeneralEntity(EntityStack.java:221)
    [junit] 	at org.bluezoo.gonzalez.EntityStack.expandEntityValue(EntityStack.java:319)
    [junit] 	at org.bluezoo.gonzalez.EntityStack.expandGeneralEntity(EntityStack.java:221)
    [junit] 	at org.bluezoo.gonzalez.EntityStack.expandEntityValue(EntityStack.java:319)
    [junit] 	at org.bluezoo.gonzalez.EntityStack.expandGeneralEntity(EntityStack.java:221)
    [junit] 	at org.bluezoo.gonzalez.EntityStack.expandEntityValue(EntityStack.java:319)
    [junit] 	at org.bluezoo.gonzalez.EntityStack.expandGeneralEntity(EntityStack.java:221)
    [junit] 	at org.bluezoo.gonzalez.EntityStack.expandEntityValue(EntityStack.java:319)
    [junit] 	at org.bluezoo.gonzalez.EntityStack.expandGeneralEntity(EntityStack.java:221)
    [junit] 	at org.bluezoo.gonzalez.EntityStack.expandEntityValue(EntityStack.java:319)
    [junit] 	at org.bluezoo.gonzalez.EntityStack.expandGeneralEntity(EntityStack.java:221)
    [junit] 	at org.bluezoo.gonzalez.EntityStack.expandEntityValue(EntityStack.java:319)
    [junit] 	at org.bluezoo.gonzalez.EntityStack.expandGeneralEntity(EntityStack.java:221)
    [junit] 	at org.bluezoo.gonzalez.EntityStack.expandEntityValue(EntityStack.java:319)
    [junit] 	at org.bluezoo.gonzalez.EntityStack.expandGeneralEntity(EntityStack.java:221)
    [junit] 	at org.bluezoo.gonzalez.EntityStack.expandEntityValue(EntityStack.java:319)
    [junit] 	at org.bluezoo.gonzalez.EntityStack.expandGeneralEntity(EntityStack.java:221)
    [junit] 	at org.bluezoo.gonzalez.EntityStack.expandEntityValue(EntityStack.java:319)
    [junit] 	at org.bluezoo.gonzalez.EntityStack.expandGeneralEntity(EntityStack.java:221)
    [junit] 	at org.bluezoo.gonzalez.EntityStack.expandEntityValue(EntityStack.java:319)
    [junit] 	at org.bluezoo.gonzalez.EntityStack.expandGeneralEntity(EntityStack.java:221)
    [junit] 	at org.bluezoo.gonzalez.EntityStack.expandEntityValue(EntityStack.java:319)
    [junit] 	at org.bluezoo.gonzalez.EntityStack.expandGeneralEntity(EntityStack.java:221)
    [junit] 	at org.bluezoo.gonzalez.EntityStack.expandEntityValue(EntityStack.java:319)
    [junit] 	at org.bluezoo.gonzalez.EntityStack.expandGeneralEntity(EntityStack.java:221)
    [junit] 	at org.bluezoo.gonzalez.EntityStack.expandEntityValue(EntityStack.java:319)
    [junit] 	at org.bluezoo.gonzalez.EntityStack.expandGeneralEntity(EntityStack.java:221)
    [junit] 	at org.bluezoo.gonzalez.EntityStack.expandEntityValue(EntityStack.java:319)
    [junit] 	at org.bluezoo.gonzalez.EntityStack.expandGeneralEntity(EntityStack.java:221)
    [junit] 	at org.bluezoo.gonzalez.EntityStack.expandEntityValue(EntityStack.java:319)
    [junit] 	at org.bluezoo.gonzalez.EntityStack.expandGeneralEntity(EntityStack.java:221)
    [junit] 	at org.bluezoo.gonzalez.EntityStack.expandEntityValue(EntityStack.java:319)
    [junit] 	at org.bluezoo.gonzalez.EntityStack.expandGeneralEntity(EntityStack.java:221)
    [junit] 	at org.bluezoo.gonzalez.EntityStack.expandEntityValue(EntityStack.java:319)
    [junit] 	at org.bluezoo.gonzalez.EntityStack.expandGeneralEntity(EntityStack.java:221)
    [junit] 	at org.bluezoo.gonzalez.EntityStack.expandEntityValue(EntityStack.java:319)
    [junit] 	at org.bluezoo.gonzalez.EntityStack.expandGeneralEntity(EntityStack.java:221)
    [junit] 	at org.bluezoo.gonzalez.EntityStack.expandEntityValue(EntityStack.java:319)
    [junit] 	at org.bluezoo.gonzalez.EntityStack.expandGeneralEntity(EntityStack.java:221)
    [junit] 	at org.bluezoo.gonzalez.EntityStack.expandEntityValue(EntityStack.java:319)
    [junit] 	at org.bluezoo.gonzalez.EntityStack.expandGeneralEntity(EntityStack.java:221)
    [junit] 	at org.bluezoo.gonzalez.EntityStack.expandEntityValue(EntityStack.java:319)
    [junit] 	at org.bluezoo.gonzalez.EntityStack.expandGeneralEntity(EntityStack.java:221)
    [junit] 	at org.bluezoo.gonzalez.EntityStack.expandEntityValue(EntityStack.java:319)
    [junit] 	at org.bluezoo.gonzalez.EntityStack.expandGeneralEntity(EntityStack.java:221)
    [junit] 	at org.bluezoo.gonzalez.EntityStack.expandEntityValue(EntityStack.java:319)
    [junit] 	at org.bluezoo.gonzalez.EntityStack.expandGeneralEntity(EntityStack.java:221)
    [junit] 	at org.bluezoo.gonzalez.EntityStack.expandEntityValue(EntityStack.java:319)
    [junit] 	at org.bluezoo.gonzalez.EntityStack.expandGeneralEntity(EntityStack.java:221)
    [junit] 	at org.bluezoo.gonzalez.EntityStack.expandEntityValue(EntityStack.java:319)
    [junit] 	at org.bluezoo.gonzalez.EntityStack.expandGeneralEntity(EntityStack.java:221)
    [junit] 	at org.bluezoo.gonzalez.EntityStack.expandEntityValue(EntityStack.java:319)
    [junit] 	at org.bluezoo.gonzalez.EntityStack.expandGeneralEntity(EntityStack.java:221)
    [junit] 	at org.bluezoo.gonzalez.EntityStack.expandEntityValue(EntityStack.java:319)
    [junit] 	at org.bluezoo.gonzalez.EntityStack.expandGeneralEntity(EntityStack.java:221)
    [junit] 	at org.bluezoo.gonzalez.EntityStack.expandEntityValue(EntityStack.java:319)
    [junit] 	at org.bluezoo.gonzalez.EntityStack.expandGeneralEntity(EntityStack.java:221)
    [junit] 	at org.bluezoo.gonzalez.EntityStack.expandEntityValue(EntityStack.java:319)
    [junit] 	at org.bluezoo.gonzalez.EntityStack.expandGeneralEntity(EntityStack.java:221)
    [junit] 	at org.bluezoo.gonzalez.EntityStack.expandEntityValue(EntityStack.java:319)
    [junit] 	at org.bluezoo.gonzalez.EntityStack.expandGeneralEntity(EntityStack.java:221)
    [junit] 	at org.bluezoo.gonzalez.EntityStack.expandEntityValue(EntityStack.java:319)
    [junit] 	at org.bluezoo.gonzalez.EntityStack.expandGeneralEntity(EntityStack.java:221)
    [junit] 	at org.bluezoo.gonzalez.EntityStack.expandEntityValue(EntityStack.java:319)
    [junit] 	at org.bluezoo.gonzalez.EntityStack.expandGeneralEntity(EntityStack.java:221)
    [junit] 	at org.bluezoo.gonzalez.EntityStack.expandEntityValue(EntityStack.java:319)
    [junit] 	at org.bluezoo.gonzalez.EntityStack.expandGeneralEntity(EntityStack.java:221)
    [junit] 	at org.bluezoo.gonzalez.EntityStack.expandEntityValue(EntityStack.java:319)
    [junit] 	at org.bluezoo.gonzalez.EntityStack.expandGeneralEntity(EntityStack.java:221)
    [junit] 	at org.bluezoo.gonzalez.EntityStack.expandEntityValue(EntityStack.java:319)
    [junit] 	at org.bluezoo.gonzalez.EntityStack.expandGeneralEntity(EntityStack.java:221)
    [junit] 	at org.bluezoo.gonzalez.EntityStack.expandEntityValue(EntityStack.java:319)
    [junit] 	at org.bluezoo.gonzalez.EntityStack.expandGeneralEntity(EntityStack.java:221)
    [junit] 	at org.bluezoo.gonzalez.EntityStack.expandEntityValue(EntityStack.java:319)
    [junit] 	at org.bluezoo.gonzalez.EntityStack.expandGeneralEntity(EntityStack.java:221)
    [junit] 	at org.bluezoo.gonzalez.EntityStack.expandEntityValue(EntityStack.java:319)
    [junit] 	at org.bluezoo.gonzalez.EntityStack.expandGeneralEntity(EntityStack.java:221)
    [junit] 	at org.bluezoo.gonzalez.EntityStack.expandEntityValue(EntityStack.java:319)
    [junit] 	at org.bluezoo.gonzalez.EntityStack.expandGeneralEntity(EntityStack.java:221)
    [junit] 	at org.bluezoo.gonzalez.EntityStack.expandEntityValue(EntityStack.java:319)
    [junit] 	at org.bluezoo.gonzalez.EntityStack.expandGeneralEntity(EntityStack.java:221)
    [junit] 	at org.bluezoo.gonzalez.EntityStack.expandEntityValue(EntityStack.java:319)
    [junit] 	at org.bluezoo.gonzalez.EntityStack.expandGeneralEntity(EntityStack.java:221)
    [junit] 	at org.bluezoo.gonzalez.EntityStack.expandEntityValue(EntityStack.java:319)
    [junit] 	at org.bluezoo.gonzalez.EntityStack.expandGeneralEntity(EntityStack.java:221)
    [junit] 	at org.bluezoo.gonzalez.EntityStack.expandEntityValue(EntityStack.java:319)
    [junit] 	at org.bluezoo.gonzalez.EntityStack.expandGeneralEntity(EntityStack.java:221)
    [junit] 	at org.bluezoo.gonzalez.EntityStack.expandEntityValue(EntityStack.java:319)
    [junit] 	at org.bluezoo.gonzalez.EntityStack.expandGeneralEntity(EntityStack.java:221)
    [junit] 	at org.bluezoo.gonzalez.EntityStack.expandEntityValue(EntityStack.java:319)
    [junit] 	at org.bluezoo.gonzalez.EntityStack.expandGeneralEntity(EntityStack.java:221)
    [junit] 	at org.bluezoo.gonzalez.EntityStack.expandEntityValue(EntityStack.java:319)
    [junit] 	at org.bluezoo.gonzalez.EntityStack.expandGeneralEntity(EntityStack.java:221)
    [junit] 	at org.bluezoo.gonzalez.EntityStack.expandEntityValue(EntityStack.java:319)
    [junit] 	at org.bluezoo.gonzalez.EntityStack.expandGeneralEntity(EntityStack.java:221)
    [junit] 	at org.bluezoo.gonzalez.EntityStack.expandEntityValue(EntityStack.java:319)
    [junit] 	at org.bluezoo.gonzalez.EntityStack.expandGeneralEntity(EntityStack.java:221)
    [junit] 	at org.bluezoo.gonzalez.EntityStack.expandEntityValue(EntityStack.java:319)
    [junit] 	at org.bluezoo.gonzalez.EntityStack.expandGeneralEntity(EntityStack.java:221)
    [junit] 	at org.bluezoo.gonzalez.EntityStack.expandEntityValue(EntityStack.java:319)
    [junit] 	at org.bluezoo.gonzalez.EntityStack.expandGeneralEntity(EntityStack.java:221)
    [junit] 	at org.bluezoo.gonzalez.EntityStack.expandEntityValue(EntityStack.java:319)
    [junit] 	at org.bluezoo.gonzalez.EntityStack.expandGeneralEntity(EntityStack.java:221)
    [junit] 	at org.bluezoo.gonzalez.EntityStack.expandEntityValue(EntityStack.java:319)
    [junit] 	at org.bluezoo.gonzalez.EntityStack.expandGeneralEntity(EntityStack.java:221)
    [junit] 	at org.bluezoo.gonzalez.EntityStack.expandEntityValue(EntityStack.java:319)
    [junit] 	at org.bluezoo.gonzalez.EntityStack.expandGeneralEntity(EntityStack.java:221)
    [junit] 	at org.bluezoo.gonzalez.EntityStack.expandEntityValue(EntityStack.java:319)
    [junit] 	at org.bluezoo.gonzalez.EntityStack.expandGeneralEntity(EntityStack.java:221)
    [junit] 	at org.bluezoo.gonzalez.EntityStack.expandEntityValue(EntityStack.java:319)
    [junit] 	at org.bluezoo.gonzalez.EntityStack.expandGeneralEntity(EntityStack.java:221)
    [junit] 	at org.bluezoo.gonzalez.EntityStack.expandEntityValue(EntityStack.java:319)
    [junit] 	at org.bluezoo.gonzalez.EntityStack.expandGeneralEntity(EntityStack.java:221)
    [junit] 	at org.bluezoo.gonzalez.EntityStack.expandEntityValue(EntityStack.java:319)
    [junit] 	at org.bluezoo.gonzalez.EntityStack.expandGeneralEntity(EntityStack.java:221)
    [junit] 	at org.bluezoo.gonzalez.EntityStack.expandEntityValue(EntityStack.java:319)
    [junit] 	at org.bluezoo.gonzalez.EntityStack.expandGeneralEntity(EntityStack.java:221)
    [junit] 	at org.bluezoo.gonzalez.EntityStack.expandEntityValue(EntityStack.java:319)
    [junit] 	at org.bluezoo.gonzalez.EntityStack.expandGeneralEntity(EntityStack.java:221)
    [junit] 	at org.bluezoo.gonzalez.EntityStack.expandEntityValue(EntityStack.java:319)
    [junit] 	at org.bluezoo.gonzalez.EntityStack.expandGeneralEntity(EntityStack.java:221)
    [junit] 	at org.bluezoo.gonzalez.EntityStack.expandEntityValue(EntityStack.java:319)
    [junit] 	at org.bluezoo.gonzalez.EntityStack.expandGeneralEntity(EntityStack.java:221)
    [junit] 	at org.bluezoo.gonzalez.EntityStack.expandEntityValue(EntityStack.java:319)
    [junit] 	at org.bluezoo.gonzalez.EntityStack.expandGeneralEntity(EntityStack.java:221)
    [junit] 	at org.bluezoo.gonzalez.EntityStack.expandEntityValue(EntityStack.java:319)
    [junit] 	at org.bluezoo.gonzalez.EntityStack.expandGeneralEntity(EntityStack.java:221)
    [junit] 	at org.bluezoo.gonzalez.EntityStack.expandEntityValue(EntityStack.java:319)
    [junit] 	at org.bluezoo.gonzalez.EntityStack.expandGeneralEntity(EntityStack.java:221)
    [junit] 	at org.bluezoo.gonzalez.EntityStack.expandEntityValue(EntityStack.java:319)
    [junit] 	at org.bluezoo.gonzalez.EntityStack.expandGeneralEntity(EntityStack.java:221)
    [junit] 	at org.bluezoo.gonzalez.EntityStack.expandEntityValue(EntityStack.java:319)
    [junit] 	at org.bluezoo.gonzalez.EntityStack.expandGeneralEntity(EntityStack.java:221)
    [junit] 	at org.bluezoo.gonzalez.EntityStack.expandEntityValue(EntityStack.java:319)
    [junit] 	at org.bluezoo.gonzalez.EntityStack.expandGeneralEntity(EntityStack.java:221)
    [junit] 	at org.bluezoo.gonzalez.EntityStack.expandEntityValue(EntityStack.java:319)
    [junit] 	at org.bluezoo.gonzalez.EntityStack.expandGeneralEntity(EntityStack.java:221)
    [junit] 	at org.bluezoo.gonzalez.EntityStack.expandEntityValue(EntityStack.java:319)
    [junit] 	at org.bluezoo.gonzalez.EntityStack.expandGeneralEntity(EntityStack.java:221)
    [junit] 	at org.bluezoo.gonzalez.EntityStack.expandEntityValue(EntityStack.java:319)
    [junit] 	at org.bluezoo.gonzalez.EntityStack.expandGeneralEntity(EntityStack.java:221)
    [junit] 	at org.bluezoo.gonzalez.EntityStack.expandEntityValue(EntityStack.java:319)
    [junit] 	at org.bluezoo.gonzalez.EntityStack.expandGeneralEntity(EntityStack.java:221)
    [junit] 	at org.bluezoo.gonzalez.EntityStack.expandEntityValue(EntityStack.java:319)
    [junit] 	at org.bluezoo.gonzalez.EntityStack.expandGeneralEntity(EntityStack.java:221)
    [junit] 	at org.bluezoo.gonzalez.EntityStack.expandEntityValue(EntityStack.java:319)
    [junit] 	at org.bluezoo.gonzalez.EntityStack.expandGeneralEntity(EntityStack.java:221)
    [junit] 	at org.bluezoo.gonzalez.EntityStack.expandEntityValue(EntityStack.java:319)
    [junit] 	at org.bluezoo.gonzalez.EntityStack.expandGeneralEntity(EntityStack.java:221)
    [junit] 	at org.bluezoo.gonzalez.EntityStack.expandEntityValue(EntityStack.java:319)
    [junit] 	at org.bluezoo.gonzalez.EntityStack.expandGeneralEntity(EntityStack.java:221)
    [junit] 	at org.bluezoo.gonzalez.EntityStack.expandEntityValue(EntityStack.java:319)
    [junit] 	at org.bluezoo.gonzalez.EntityStack.expandGeneralEntity(EntityStack.java:221)
    [junit] 	at org.bluezoo.gonzalez.EntityStack.expandEntityValue(EntityStack.java:319)
    [junit] 	at org.bluezoo.gonzalez.EntityStack.expandGeneralEntity(EntityStack.java:221)
    [junit] 	at org.bluezoo.gonzalez.EntityStack.expandEntityValue(EntityStack.java:319)
    [junit] 	at org.bluezoo.gonzalez.EntityStack.expandGeneralEntity(EntityStack.java:221)
    [junit] 	at org.bluezoo.gonzalez.EntityStack.expandEntityValue(EntityStack.java:319)
    [junit] 	at org.bluezoo.gonzalez.EntityStack.expandGeneralEntity(EntityStack.java:221)
    [junit] 	at org.bluezoo.gonzalez.EntityStack.expandEntityValue(EntityStack.java:319)
    [junit] 	at org.bluezoo.gonzalez.EntityStack.expandGeneralEntity(EntityStack.java:221)
    [junit] 	at org.bluezoo.gonzalez.EntityStack.expandEntityValue(EntityStack.java:319)
    [junit] 	at org.bluezoo.gonzalez.EntityStack.expandGeneralEntity(EntityStack.java:221)
    [junit] 	at org.bluezoo.gonzalez.EntityStack.expandEntityValue(EntityStack.java:319)
    [junit] 	at org.bluezoo.gonzalez.EntityStack.expandGeneralEntity(EntityStack.java:221)
    [junit] 	at org.bluezoo.gonzalez.EntityStack.expandEntityValue(EntityStack.java:319)
    [junit] 	at org.bluezoo.gonzalez.EntityStack.expandGeneralEntity(EntityStack.java:221)
    [junit] 	at org.bluezoo.gonzalez.EntityStack.expandEntityValue(EntityStack.java:319)
    [junit] 	at org.bluezoo.gonzalez.EntityStack.expandGeneralEntity(EntityStack.java:221)
    [junit] 	at org.bluezoo.gonzalez.EntityStack.expandEntityValue(EntityStack.java:319)
    [junit] 	at org.bluezoo.gonzalez.EntityStack.expandGeneralEntity(EntityStack.java:221)
    [junit] 	at org.bluezoo.gonzalez.EntityStack.expandEntityValue(EntityStack.java:319)
    [junit] 	at org.bluezoo.gonzalez.EntityStack.expandGeneralEntity(EntityStack.java:221)
    [junit] 	at org.bluezoo.gonzalez.EntityStack.expandEntityValue(EntityStack.java:319)
    [junit] 	at org.bluezoo.gonzalez.EntityStack.expandGeneralEntity(EntityStack.java:221)
    [junit] 	at org.bluezoo.gonzalez.EntityStack.expandEntityValue(EntityStack.java:319)
    [junit] 
    [junit] Testcase: runTest[not-wf-sa-081 (not-wf)] took 0.001 sec
    [junit] Testcase: runTest[not-wf-sa-082 (not-wf)] took 0 sec
    [junit] Testcase: runTest[not-wf-sa-083 (not-wf)] took 0 sec
    [junit] Testcase: runTest[not-wf-sa-084 (not-wf)] took 0.001 sec
    [junit] Testcase: runTest[not-wf-sa-085 (not-wf)] took 0.004 sec
    [junit] Testcase: runTest[not-wf-sa-086 (not-wf)] took 0.001 sec
    [junit] Testcase: runTest[not-wf-sa-087 (not-wf)] took 0 sec
    [junit] Testcase: runTest[not-wf-sa-088 (not-wf)] took 0.001 sec
    [junit] Testcase: runTest[not-wf-sa-089 (not-wf)] took 0 sec
    [junit] Testcase: runTest[not-wf-sa-090 (not-wf)] took 0.001 sec
    [junit] Testcase: runTest[not-wf-sa-091 (not-wf)] took 0 sec
    [junit] Testcase: runTest[not-wf-sa-092 (not-wf)] took 0 sec
    [junit] Testcase: runTest[not-wf-sa-093 (not-wf)] took 0 sec
    [junit] Testcase: runTest[not-wf-sa-094 (not-wf)] took 0.001 sec
    [junit] Testcase: runTest[not-wf-sa-095 (not-wf)] took 0 sec
    [junit] Testcase: runTest[not-wf-sa-096 (not-wf)] took 0 sec
    [junit] Testcase: runTest[not-wf-sa-097 (not-wf)] took 0.001 sec
    [junit] Testcase: runTest[not-wf-sa-098 (not-wf)] took 0 sec
    [junit] Testcase: runTest[not-wf-sa-099 (not-wf)] took 0.001 sec
    [junit] Testcase: runTest[not-wf-sa-100 (not-wf)] took 0.001 sec
    [junit] Testcase: runTest[not-wf-sa-101 (not-wf)] took 0.008 sec
    [junit] Testcase: runTest[not-wf-sa-102 (not-wf)] took 0 sec
    [junit] Testcase: runTest[not-wf-sa-103 (not-wf)] took 0.001 sec
    [junit] Testcase: runTest[not-wf-sa-104 (not-wf)] took 0 sec
    [junit] Testcase: runTest[not-wf-sa-105 (not-wf)] took 0 sec
    [junit] Testcase: runTest[not-wf-sa-106 (not-wf)] took 0 sec
    [junit] Testcase: runTest[not-wf-sa-107 (not-wf)] took 0 sec
    [junit] Testcase: runTest[not-wf-sa-108 (not-wf)] took 0 sec
    [junit] Testcase: runTest[not-wf-sa-109 (not-wf)] took 0 sec
    [junit] Testcase: runTest[not-wf-sa-110 (not-wf)] took 0.001 sec
    [junit] Testcase: runTest[not-wf-sa-111 (not-wf)] took 0 sec
    [junit] Testcase: runTest[not-wf-sa-112 (not-wf)] took 0 sec
    [junit] Testcase: runTest[not-wf-sa-113 (not-wf)] took 0 sec
    [junit] Testcase: runTest[not-wf-sa-114 (not-wf)] took 0.001 sec
    [junit] Testcase: runTest[not-wf-sa-115 (not-wf)] took 0 sec
    [junit] Testcase: runTest[not-wf-sa-116 (not-wf)] took 0.001 sec
    [junit] Testcase: runTest[not-wf-sa-117 (not-wf)] took 0.001 sec
    [junit] Testcase: runTest[not-wf-sa-118 (not-wf)] took 0 sec
    [junit] Testcase: runTest[not-wf-sa-119 (not-wf)] took 0 sec
    [junit] Testcase: runTest[not-wf-sa-120 (not-wf)] took 0 sec
    [junit] Testcase: runTest[not-wf-sa-121 (not-wf)] took 0.001 sec
    [junit] Testcase: runTest[not-wf-sa-122 (not-wf)] took 0 sec
    [junit] Testcase: runTest[not-wf-sa-123 (not-wf)] took 0 sec
    [junit] Testcase: runTest[not-wf-sa-124 (not-wf)] took 0 sec
    [junit] Testcase: runTest[not-wf-sa-125 (not-wf)] took 0 sec
    [junit] Testcase: runTest[not-wf-sa-126 (not-wf)] took 0 sec
    [junit] Testcase: runTest[not-wf-sa-127 (not-wf)] took 0 sec
    [junit] Testcase: runTest[not-wf-sa-128 (not-wf)] took 0.001 sec
    [junit] Testcase: runTest[not-wf-sa-129 (not-wf)] took 0 sec
    [junit] Testcase: runTest[not-wf-sa-130 (not-wf)] took 0 sec
    [junit] Testcase: runTest[not-wf-sa-131 (not-wf)] took 0 sec
    [junit] Testcase: runTest[not-wf-sa-132 (not-wf)] took 0.001 sec
    [junit] Testcase: runTest[not-wf-sa-133 (not-wf)] took 0 sec
    [junit] Testcase: runTest[not-wf-sa-134 (not-wf)] took 0 sec
    [junit] Testcase: runTest[not-wf-sa-135 (not-wf)] took 0 sec
    [junit] Testcase: runTest[not-wf-sa-136 (not-wf)] took 0 sec
    [junit] Testcase: runTest[not-wf-sa-137 (not-wf)] took 0 sec
    [junit] Testcase: runTest[not-wf-sa-138 (not-wf)] took 0 sec
    [junit] Testcase: runTest[not-wf-sa-139 (not-wf)] took 0 sec
    [junit] Testcase: runTest[not-wf-sa-140 (not-wf)] took 0 sec
    [junit] Testcase: runTest[not-wf-sa-141 (not-wf)] took 0.001 sec
    [junit] 	FAILED
    [junit] [not-wf-sa-141] Expected not-wf but parsed successfully: Character #x0E5C is not legal in XML names.
    [junit] junit.framework.AssertionFailedError: [not-wf-sa-141] Expected not-wf but parsed successfully: Character #x0E5C is not legal in XML names.
    [junit] 	at org.bluezoo.gonzalez.JamesClarkXmlTestConformanceTest.runTest(JamesClarkXmlTestConformanceTest.java:302)
    [junit] 	at jdk.internal.reflect.GeneratedMethodAccessor1.invoke(Unknown Source)
    [junit] 	at java.base/jdk.internal.reflect.DelegatingMethodAccessorImpl.invoke(DelegatingMethodAccessorImpl.java:43)
    [junit] 
    [junit] Testcase: runTest[not-wf-sa-142 (not-wf)] took 0.001 sec
    [junit] Testcase: runTest[not-wf-sa-143 (not-wf)] took 0 sec
    [junit] Testcase: runTest[not-wf-sa-144 (not-wf)] took 0 sec
    [junit] Testcase: runTest[not-wf-sa-145 (not-wf)] took 0 sec
    [junit] Testcase: runTest[not-wf-sa-146 (not-wf)] took 0 sec
    [junit] Testcase: runTest[not-wf-sa-147 (not-wf)] took 0 sec
    [junit] Testcase: runTest[not-wf-sa-148 (not-wf)] took 0.001 sec
    [junit] Testcase: runTest[not-wf-sa-149 (not-wf)] took 0 sec
    [junit] Testcase: runTest[not-wf-sa-150 (not-wf)] took 0 sec
    [junit] Testcase: runTest[not-wf-sa-151 (not-wf)] took 0 sec
    [junit] Testcase: runTest[not-wf-sa-152 (not-wf)] took 0 sec
    [junit] Testcase: runTest[not-wf-sa-153 (not-wf)] took 0 sec
    [junit] Testcase: runTest[not-wf-sa-154 (not-wf)] took 0 sec
    [junit] Testcase: runTest[not-wf-sa-155 (not-wf)] took 0 sec
    [junit] Testcase: runTest[not-wf-sa-156 (not-wf)] took 0.001 sec
    [junit] Testcase: runTest[not-wf-sa-157 (not-wf)] took 0 sec
    [junit] Testcase: runTest[not-wf-sa-158 (not-wf)] took 0 sec
    [junit] Testcase: runTest[not-wf-sa-159 (not-wf)] took 0.001 sec
    [junit] Testcase: runTest[not-wf-sa-160 (not-wf)] took 0 sec
    [junit] Testcase: runTest[not-wf-sa-161 (not-wf)] took 0 sec
    [junit] Testcase: runTest[not-wf-sa-162 (not-wf)] took 0.001 sec
    [junit] Testcase: runTest[not-wf-sa-163 (not-wf)] took 0 sec
    [junit] Testcase: runTest[not-wf-sa-164 (not-wf)] took 0.001 sec
    [junit] Testcase: runTest[not-wf-sa-165 (not-wf)] took 0.001 sec
    [junit] Testcase: runTest[not-wf-sa-166 (not-wf)] took 0 sec
    [junit] Testcase: runTest[not-wf-sa-167 (not-wf)] took 0 sec
    [junit] Testcase: runTest[not-wf-sa-168 (not-wf)] took 0.001 sec
    [junit] Testcase: runTest[not-wf-sa-169 (not-wf)] took 0 sec
    [junit] Testcase: runTest[not-wf-sa-170 (not-wf)] took 0 sec
    [junit] Testcase: runTest[not-wf-sa-171 (not-wf)] took 0 sec
    [junit] Testcase: runTest[not-wf-sa-172 (not-wf)] took 0.001 sec
    [junit] Testcase: runTest[not-wf-sa-173 (not-wf)] took 0 sec
    [junit] Testcase: runTest[not-wf-sa-174 (not-wf)] took 0 sec
    [junit] Testcase: runTest[not-wf-sa-175 (not-wf)] took 0 sec
    [junit] Testcase: runTest[not-wf-sa-176 (not-wf)] took 0 sec
    [junit] Testcase: runTest[not-wf-sa-177 (not-wf)] took 0 sec
    [junit] Testcase: runTest[not-wf-sa-178 (not-wf)] took 0 sec
    [junit] Testcase: runTest[not-wf-sa-179 (not-wf)] took 0 sec
    [junit] Testcase: runTest[not-wf-sa-180 (not-wf)] took 0.001 sec
    [junit] Testcase: runTest[not-wf-sa-181 (not-wf)] took 0 sec
    [junit] Testcase: runTest[not-wf-sa-182 (not-wf)] took 0 sec
    [junit] Testcase: runTest[not-wf-sa-183 (not-wf)] took 0.001 sec
    [junit] Testcase: runTest[not-wf-sa-184 (not-wf)] took 0 sec
    [junit] Testcase: runTest[not-wf-sa-185 (not-wf)] took 0.002 sec
    [junit] Testcase: runTest[not-wf-sa-186 (not-wf)] took 0.001 sec
    [junit] Testcase: runTest[not-wf-not-sa-001 (not-wf)] took 0.002 sec
    [junit] Testcase: runTest[not-wf-not-sa-002 (not-wf)] took 0.001 sec
    [junit] Testcase: runTest[not-wf-not-sa-003 (not-wf)] took 0 sec
    [junit] Testcase: runTest[not-wf-not-sa-004 (not-wf)] took 0 sec
    [junit] Testcase: runTest[not-wf-not-sa-005 (error)] took 0.001 sec
    [junit] 	FAILED
    [junit] [not-wf-not-sa-005] null: Tests the Entity Declared VC by referring to an
    [junit]     undefined parameter entity within an external entity.
    [junit] junit.framework.AssertionFailedError: [not-wf-not-sa-005] null: Tests the Entity Declared VC by referring to an
    [junit]     undefined parameter entity within an external entity.
    [junit] 	at org.bluezoo.gonzalez.JamesClarkXmlTestConformanceTest.runTest(JamesClarkXmlTestConformanceTest.java:302)
    [junit] 	at jdk.internal.reflect.GeneratedMethodAccessor1.invoke(Unknown Source)
    [junit] 	at java.base/jdk.internal.reflect.DelegatingMethodAccessorImpl.invoke(DelegatingMethodAccessorImpl.java:43)
    [junit] 
    [junit] Testcase: runTest[not-wf-not-sa-006 (not-wf)] took 0 sec
    [junit] Testcase: runTest[not-wf-not-sa-007 (not-wf)] took 0.001 sec
    [junit] Testcase: runTest[not-wf-not-sa-008 (not-wf)] took 0.001 sec
    [junit] Testcase: runTest[not-wf-not-sa-009 (not-wf)] took 0.001 sec
    [junit] Testcase: runTest[not-wf-ext-sa-001 (not-wf)] took 0 sec
    [junit] Testcase: runTest[not-wf-ext-sa-002 (not-wf)] took 0.001 sec
    [junit] Testcase: runTest[not-wf-ext-sa-003 (not-wf)] took 0 sec
    [junit] Testcase: runTest[invalid--002 (invalid)] took 0.001 sec
    [junit] 	FAILED
    [junit] [invalid--002] Got fatal error instead of validation error: Recursive entity reference via systemId: file:/Users/cburdess@mimecast.com/cpkb-bluezoo/gonzalez/xmlconf/xmltest/invalid/002.ent: Tests the "Proper Group/PE Nesting" validity constraint by
    [junit]     fragmenting a content model between two parameter entities.
    [junit] junit.framework.AssertionFailedError: [invalid--002] Got fatal error instead of validation error: Recursive entity reference via systemId: file:/Users/cburdess@mimecast.com/cpkb-bluezoo/gonzalez/xmlconf/xmltest/invalid/002.ent: Tests the "Proper Group/PE Nesting" validity constraint by
    [junit]     fragmenting a content model between two parameter entities.
    [junit] 	at org.bluezoo.gonzalez.JamesClarkXmlTestConformanceTest.runTest(JamesClarkXmlTestConformanceTest.java:302)
    [junit] 	at jdk.internal.reflect.GeneratedMethodAccessor1.invoke(Unknown Source)
    [junit] 	at java.base/jdk.internal.reflect.DelegatingMethodAccessorImpl.invoke(DelegatingMethodAccessorImpl.java:43)
    [junit] 
    [junit] Testcase: runTest[invalid--005 (invalid)] took 0.001 sec
    [junit] 	FAILED
    [junit] [invalid--005] Got fatal error instead of validation error: Recursive entity reference via systemId: file:/Users/cburdess@mimecast.com/cpkb-bluezoo/gonzalez/xmlconf/xmltest/invalid/005.ent: Tests the "Proper Declaration/PE Nesting" validity constraint by
    [junit]     fragmenting an element declaration between two parameter entities.
    [junit] junit.framework.AssertionFailedError: [invalid--005] Got fatal error instead of validation error: Recursive entity reference via systemId: file:/Users/cburdess@mimecast.com/cpkb-bluezoo/gonzalez/xmlconf/xmltest/invalid/005.ent: Tests the "Proper Declaration/PE Nesting" validity constraint by
    [junit]     fragmenting an element declaration between two parameter entities.
    [junit] 	at org.bluezoo.gonzalez.JamesClarkXmlTestConformanceTest.runTest(JamesClarkXmlTestConformanceTest.java:302)
    [junit] 	at jdk.internal.reflect.GeneratedMethodAccessor1.invoke(Unknown Source)
    [junit] 	at java.base/jdk.internal.reflect.DelegatingMethodAccessorImpl.invoke(DelegatingMethodAccessorImpl.java:43)
    [junit] 
    [junit] Testcase: runTest[invalid--006 (invalid)] took 0.001 sec
    [junit] 	FAILED
    [junit] [invalid--006] Got fatal error instead of validation error: Recursive entity reference via systemId: file:/Users/cburdess@mimecast.com/cpkb-bluezoo/gonzalez/xmlconf/xmltest/invalid/006.ent: Tests the "Proper Declaration/PE Nesting" validity constraint by
    [junit]     fragmenting an element declaration between two parameter entities.
    [junit] junit.framework.AssertionFailedError: [invalid--006] Got fatal error instead of validation error: Recursive entity reference via systemId: file:/Users/cburdess@mimecast.com/cpkb-bluezoo/gonzalez/xmlconf/xmltest/invalid/006.ent: Tests the "Proper Declaration/PE Nesting" validity constraint by
    [junit]     fragmenting an element declaration between two parameter entities.
    [junit] 	at org.bluezoo.gonzalez.JamesClarkXmlTestConformanceTest.runTest(JamesClarkXmlTestConformanceTest.java:302)
    [junit] 	at jdk.internal.reflect.GeneratedMethodAccessor1.invoke(Unknown Source)
    [junit] 	at java.base/jdk.internal.reflect.DelegatingMethodAccessorImpl.invoke(DelegatingMethodAccessorImpl.java:43)
    [junit] 
    [junit] Testcase: runTest[invalid-not-sa-022 (invalid)] took 0.001 sec
    [junit] 	FAILED
    [junit] [invalid-not-sa-022] Got fatal error instead of validation error: Recursive entity reference via systemId: file:/Users/cburdess@mimecast.com/cpkb-bluezoo/gonzalez/xmlconf/xmltest/invalid/not-sa/022.ent: Test the "Proper Conditional Section/ PE Nesting" validity constraint.
    [junit] junit.framework.AssertionFailedError: [invalid-not-sa-022] Got fatal error instead of validation error: Recursive entity reference via systemId: file:/Users/cburdess@mimecast.com/cpkb-bluezoo/gonzalez/xmlconf/xmltest/invalid/not-sa/022.ent: Test the "Proper Conditional Section/ PE Nesting" validity constraint.
    [junit] 	at org.bluezoo.gonzalez.JamesClarkXmlTestConformanceTest.runTest(JamesClarkXmlTestConformanceTest.java:302)
    [junit] 	at jdk.internal.reflect.GeneratedMethodAccessor1.invoke(Unknown Source)
    [junit] 	at java.base/jdk.internal.reflect.DelegatingMethodAccessorImpl.invoke(DelegatingMethodAccessorImpl.java:43)
    [junit] 
    [junit] Testcase: runTest[valid-sa-001 (valid)] took 0.004 sec
    [junit] Testcase: runTest[valid-sa-002 (valid)] took 0 sec
    [junit] Testcase: runTest[valid-sa-003 (valid)] took 0 sec
    [junit] Testcase: runTest[valid-sa-004 (valid)] took 0 sec
    [junit] Testcase: runTest[valid-sa-005 (valid)] took 0 sec
    [junit] Testcase: runTest[valid-sa-006 (valid)] took 0.001 sec
    [junit] Testcase: runTest[valid-sa-007 (valid)] took 0 sec
    [junit] Testcase: runTest[valid-sa-008 (valid)] took 0.001 sec
    [junit] Testcase: runTest[valid-sa-009 (valid)] took 0 sec
    [junit] Testcase: runTest[valid-sa-010 (valid)] took 0 sec
    [junit] Testcase: runTest[valid-sa-011 (valid)] took 0 sec
    [junit] Testcase: runTest[valid-sa-012 (valid)] took 0 sec
    [junit] Testcase: runTest[valid-sa-013 (valid)] took 0.001 sec
    [junit] Testcase: runTest[valid-sa-014 (valid)] took 0 sec
    [junit] Testcase: runTest[valid-sa-015 (valid)] took 0 sec
    [junit] Testcase: runTest[valid-sa-016 (valid)] took 0.001 sec
    [junit] Testcase: runTest[valid-sa-017 (valid)] took 0 sec
    [junit] Testcase: runTest[valid-sa-018 (valid)] took 0 sec
    [junit] Testcase: runTest[valid-sa-019 (valid)] took 0 sec
    [junit] Testcase: runTest[valid-sa-020 (valid)] took 0 sec
    [junit] Testcase: runTest[valid-sa-021 (valid)] took 0.001 sec
    [junit] Testcase: runTest[valid-sa-022 (valid)] took 0.001 sec
    [junit] Testcase: runTest[valid-sa-023 (valid)] took 0 sec
    [junit] Testcase: runTest[valid-sa-024 (valid)] took 0.003 sec
    [junit] Testcase: runTest[valid-sa-025 (valid)] took 0.002 sec
    [junit] Testcase: runTest[valid-sa-026 (valid)] took 0 sec
    [junit] Testcase: runTest[valid-sa-027 (valid)] took 0 sec
    [junit] Testcase: runTest[valid-sa-028 (valid)] took 0 sec
    [junit] Testcase: runTest[valid-sa-029 (valid)] took 0 sec
    [junit] Testcase: runTest[valid-sa-030 (valid)] took 0 sec
    [junit] Testcase: runTest[valid-sa-031 (valid)] took 0 sec
    [junit] Testcase: runTest[valid-sa-032 (valid)] took 0 sec
    [junit] Testcase: runTest[valid-sa-033 (valid)] took 0 sec
    [junit] Testcase: runTest[valid-sa-034 (valid)] took 0.001 sec
    [junit] Testcase: runTest[valid-sa-035 (valid)] took 0 sec
    [junit] Testcase: runTest[valid-sa-036 (valid)] took 0.001 sec
    [junit] Testcase: runTest[valid-sa-037 (valid)] took 0 sec
    [junit] Testcase: runTest[valid-sa-038 (valid)] took 0.001 sec
    [junit] Testcase: runTest[valid-sa-039 (valid)] took 0 sec
    [junit] Testcase: runTest[valid-sa-040 (valid)] took 0 sec
    [junit] Testcase: runTest[valid-sa-041 (valid)] took 0 sec
    [junit] Testcase: runTest[valid-sa-042 (valid)] took 0.001 sec
    [junit] Testcase: runTest[valid-sa-043 (valid)] took 0.001 sec
    [junit] Testcase: runTest[valid-sa-044 (valid)] took 0.002 sec
    [junit] Testcase: runTest[valid-sa-045 (valid)] took 0.001 sec
    [junit] Testcase: runTest[valid-sa-046 (valid)] took 0 sec
    [junit] Testcase: runTest[valid-sa-047 (valid)] took 0 sec
    [junit] Testcase: runTest[valid-sa-048 (valid)] took 0 sec
    [junit] Testcase: runTest[valid-sa-049 (valid)] took 0.001 sec
    [junit] Testcase: runTest[valid-sa-050 (valid)] took 0 sec
    [junit] Testcase: runTest[valid-sa-051 (valid)] took 0 sec
    [junit] Testcase: runTest[valid-sa-052 (valid)] took 0.001 sec
    [junit] Testcase: runTest[valid-sa-053 (valid)] took 0 sec
    [junit] Testcase: runTest[valid-sa-054 (valid)] took 0.001 sec
    [junit] Testcase: runTest[valid-sa-055 (valid)] took 0 sec
    [junit] Testcase: runTest[valid-sa-056 (valid)] took 0.001 sec
    [junit] Testcase: runTest[valid-sa-057 (valid)] took 0 sec
    [junit] Testcase: runTest[valid-sa-058 (valid)] took 0.001 sec
    [junit] Testcase: runTest[valid-sa-059 (valid)] took 0.001 sec
    [junit] Testcase: runTest[valid-sa-060 (valid)] took 0 sec
    [junit] Testcase: runTest[valid-sa-061 (valid)] took 0 sec
    [junit] Testcase: runTest[valid-sa-062 (valid)] took 0 sec
    [junit] Testcase: runTest[valid-sa-063 (valid)] took 0 sec
    [junit] Testcase: runTest[valid-sa-064 (valid)] took 0 sec
    [junit] Testcase: runTest[valid-sa-065 (valid)] took 0.001 sec
    [junit] Testcase: runTest[valid-sa-066 (valid)] took 0 sec
    [junit] Testcase: runTest[valid-sa-067 (valid)] took 0 sec
    [junit] Testcase: runTest[valid-sa-068 (valid)] took 0.001 sec
    [junit] Testcase: runTest[valid-sa-069 (valid)] took 0 sec
    [junit] Testcase: runTest[valid-sa-070 (valid)] took 0 sec
    [junit] Testcase: runTest[valid-sa-071 (valid)] took 0 sec
    [junit] Testcase: runTest[valid-sa-072 (valid)] took 0 sec
    [junit] Testcase: runTest[valid-sa-073 (valid)] took 0 sec
    [junit] Testcase: runTest[valid-sa-074 (valid)] took 0.001 sec
    [junit] Testcase: runTest[valid-sa-075 (valid)] took 0 sec
    [junit] Testcase: runTest[valid-sa-076 (valid)] took 0.001 sec
    [junit] Testcase: runTest[valid-sa-077 (valid)] took 0 sec
    [junit] Testcase: runTest[valid-sa-078 (valid)] took 0 sec
    [junit] Testcase: runTest[valid-sa-079 (valid)] took 0 sec
    [junit] Testcase: runTest[valid-sa-080 (valid)] took 0.001 sec
    [junit] Testcase: runTest[valid-sa-081 (valid)] took 0 sec
    [junit] Testcase: runTest[valid-sa-082 (valid)] took 0.001 sec
    [junit] Testcase: runTest[valid-sa-083 (valid)] took 0 sec
    [junit] Testcase: runTest[valid-sa-084 (valid)] took 0 sec
    [junit] Testcase: runTest[valid-sa-085 (valid)] took 0 sec
    [junit] Testcase: runTest[valid-sa-086 (valid)] took 0 sec
    [junit] Testcase: runTest[valid-sa-087 (valid)] took 0 sec
    [junit] Testcase: runTest[valid-sa-088 (valid)] took 0 sec
    [junit] 	FAILED
    [junit] [valid-sa-088] Expected valid but got error: Entity '&e;' creates unbalanced markup: element 'foo' opened within entity but not closed (WFC: Parsed Entity): Tests whether entity references in internal entities are
    [junit]     expanded late enough, by relying on correct handling to
    [junit]     make the expanded text be valid.  (If it's expanded too
    [junit]     early, the entity will parse as an element that's not
    [junit]     valid in that context.)
    [junit] junit.framework.AssertionFailedError: [valid-sa-088] Expected valid but got error: Entity '&e;' creates unbalanced markup: element 'foo' opened within entity but not closed (WFC: Parsed Entity): Tests whether entity references in internal entities are
    [junit]     expanded late enough, by relying on correct handling to
    [junit]     make the expanded text be valid.  (If it's expanded too
    [junit]     early, the entity will parse as an element that's not
    [junit]     valid in that context.)
    [junit] 	at org.bluezoo.gonzalez.JamesClarkXmlTestConformanceTest.runTest(JamesClarkXmlTestConformanceTest.java:302)
    [junit] 	at jdk.internal.reflect.GeneratedMethodAccessor1.invoke(Unknown Source)
    [junit] 	at java.base/jdk.internal.reflect.DelegatingMethodAccessorImpl.invoke(DelegatingMethodAccessorImpl.java:43)
    [junit] 
    [junit] Testcase: runTest[valid-sa-089 (valid)] took 0 sec
    [junit] Testcase: runTest[valid-sa-090 (valid)] took 0 sec
    [junit] Testcase: runTest[valid-sa-091 (valid)] took 0 sec
    [junit] Testcase: runTest[valid-sa-092 (valid)] took 0 sec
    [junit] Testcase: runTest[valid-sa-093 (valid)] took 0.001 sec
    [junit] Testcase: runTest[valid-sa-094 (valid)] took 0 sec
    [junit] Testcase: runTest[valid-sa-095 (valid)] took 0 sec
    [junit] Testcase: runTest[valid-sa-096 (valid)] took 0.001 sec
    [junit] Testcase: runTest[valid-sa-097 (valid)] took 0.001 sec
    [junit] 	FAILED
    [junit] [valid-sa-097] Expected valid but got error: Recursive entity reference via systemId: file:/Users/cburdess@mimecast.com/cpkb-bluezoo/gonzalez/xmlconf/xmltest/valid/sa/097.ent: Basically an output test, this tests whether an externally
    [junit]     defined attribute declaration (with a default) takes proper
    [junit]     precedence over a subsequent internal declaration.
    [junit] junit.framework.AssertionFailedError: [valid-sa-097] Expected valid but got error: Recursive entity reference via systemId: file:/Users/cburdess@mimecast.com/cpkb-bluezoo/gonzalez/xmlconf/xmltest/valid/sa/097.ent: Basically an output test, this tests whether an externally
    [junit]     defined attribute declaration (with a default) takes proper
    [junit]     precedence over a subsequent internal declaration.
    [junit] 	at org.bluezoo.gonzalez.JamesClarkXmlTestConformanceTest.runTest(JamesClarkXmlTestConformanceTest.java:302)
    [junit] 	at jdk.internal.reflect.GeneratedMethodAccessor1.invoke(Unknown Source)
    [junit] 	at java.base/jdk.internal.reflect.DelegatingMethodAccessorImpl.invoke(DelegatingMethodAccessorImpl.java:43)
    [junit] 
    [junit] Testcase: runTest[valid-sa-098 (valid)] took 0.001 sec
    [junit] Testcase: runTest[valid-sa-099 (valid)] took 0 sec
    [junit] Testcase: runTest[valid-sa-100 (valid)] took 0 sec
    [junit] Testcase: runTest[valid-sa-101 (valid)] took 0 sec
    [junit] Testcase: runTest[valid-sa-102 (valid)] took 0 sec
    [junit] Testcase: runTest[valid-sa-103 (valid)] took 0 sec
    [junit] Testcase: runTest[valid-sa-104 (valid)] took 0 sec
    [junit] Testcase: runTest[valid-sa-105 (valid)] took 0 sec
    [junit] Testcase: runTest[valid-sa-106 (valid)] took 0 sec
    [junit] Testcase: runTest[valid-sa-107 (valid)] took 0 sec
    [junit] Testcase: runTest[valid-sa-108 (valid)] took 0 sec
    [junit] Testcase: runTest[valid-sa-109 (valid)] took 0.001 sec
    [junit] Testcase: runTest[valid-sa-110 (valid)] took 0 sec
    [junit] Testcase: runTest[valid-sa-111 (valid)] took 0 sec
    [junit] Testcase: runTest[valid-sa-112 (valid)] took 0 sec
    [junit] Testcase: runTest[valid-sa-113 (valid)] took 0 sec
    [junit] Testcase: runTest[valid-sa-114 (valid)] took 0 sec
    [junit] Testcase: runTest[valid-sa-115 (valid)] took 0 sec
    [junit] Testcase: runTest[valid-sa-116 (valid)] took 0.001 sec
    [junit] Testcase: runTest[valid-sa-117 (valid)] took 0 sec
    [junit] Testcase: runTest[valid-sa-118 (valid)] took 0.005 sec
    [junit] Testcase: runTest[valid-sa-119 (valid)] took 0 sec
    [junit] Testcase: runTest[valid-not-sa-001 (valid)] took 0 sec
    [junit] 	FAILED
    [junit] [valid-not-sa-001] Expected valid but got error: Recursive entity reference via systemId: file:/Users/cburdess@mimecast.com/cpkb-bluezoo/gonzalez/xmlconf/xmltest/valid/not-sa/001.ent: Test demonstrates the use of an ExternalID within a document type definition.
    [junit] junit.framework.AssertionFailedError: [valid-not-sa-001] Expected valid but got error: Recursive entity reference via systemId: file:/Users/cburdess@mimecast.com/cpkb-bluezoo/gonzalez/xmlconf/xmltest/valid/not-sa/001.ent: Test demonstrates the use of an ExternalID within a document type definition.
    [junit] 	at org.bluezoo.gonzalez.JamesClarkXmlTestConformanceTest.runTest(JamesClarkXmlTestConformanceTest.java:302)
    [junit] 	at jdk.internal.reflect.GeneratedMethodAccessor1.invoke(Unknown Source)
    [junit] 	at java.base/jdk.internal.reflect.DelegatingMethodAccessorImpl.invoke(DelegatingMethodAccessorImpl.java:43)
    [junit] 
    [junit] Testcase: runTest[valid-not-sa-002 (valid)] took 0 sec
    [junit] 	FAILED
    [junit] [valid-not-sa-002] Expected valid but got error: Recursive entity reference via systemId: file:/Users/cburdess@mimecast.com/cpkb-bluezoo/gonzalez/xmlconf/xmltest/valid/not-sa/002.ent: Test demonstrates the use of an ExternalID within a document type definition.
    [junit] junit.framework.AssertionFailedError: [valid-not-sa-002] Expected valid but got error: Recursive entity reference via systemId: file:/Users/cburdess@mimecast.com/cpkb-bluezoo/gonzalez/xmlconf/xmltest/valid/not-sa/002.ent: Test demonstrates the use of an ExternalID within a document type definition.
    [junit] 	at org.bluezoo.gonzalez.JamesClarkXmlTestConformanceTest.runTest(JamesClarkXmlTestConformanceTest.java:302)
    [junit] 	at jdk.internal.reflect.GeneratedMethodAccessor1.invoke(Unknown Source)
    [junit] 	at java.base/jdk.internal.reflect.DelegatingMethodAccessorImpl.invoke(DelegatingMethodAccessorImpl.java:43)
    [junit] 
    [junit] Testcase: runTest[valid-not-sa-003 (valid)] took 0.001 sec
    [junit] 	FAILED
    [junit] [valid-not-sa-003] Expected valid but got error: Recursive entity reference via systemId: file:/Users/cburdess@mimecast.com/cpkb-bluezoo/gonzalez/xmlconf/xmltest/valid/not-sa/003-1.ent: Test demonstrates the expansion of an external parameter entity that declares an attribute.
    [junit] junit.framework.AssertionFailedError: [valid-not-sa-003] Expected valid but got error: Recursive entity reference via systemId: file:/Users/cburdess@mimecast.com/cpkb-bluezoo/gonzalez/xmlconf/xmltest/valid/not-sa/003-1.ent: Test demonstrates the expansion of an external parameter entity that declares an attribute.
    [junit] 	at org.bluezoo.gonzalez.JamesClarkXmlTestConformanceTest.runTest(JamesClarkXmlTestConformanceTest.java:302)
    [junit] 	at jdk.internal.reflect.GeneratedMethodAccessor1.invoke(Unknown Source)
    [junit] 	at java.base/jdk.internal.reflect.DelegatingMethodAccessorImpl.invoke(DelegatingMethodAccessorImpl.java:43)
    [junit] 
    [junit] Testcase: runTest[valid-not-sa-004 (valid)] took 0 sec
    [junit] 	FAILED
    [junit] [valid-not-sa-004] Expected valid but got error: Recursive entity reference via systemId: file:/Users/cburdess@mimecast.com/cpkb-bluezoo/gonzalez/xmlconf/xmltest/valid/not-sa/004-1.ent: Expands an external parameter entity in two different ways,
    [junit]     with one of them declaring an attribute.
    [junit] junit.framework.AssertionFailedError: [valid-not-sa-004] Expected valid but got error: Recursive entity reference via systemId: file:/Users/cburdess@mimecast.com/cpkb-bluezoo/gonzalez/xmlconf/xmltest/valid/not-sa/004-1.ent: Expands an external parameter entity in two different ways,
    [junit]     with one of them declaring an attribute.
    [junit] 	at org.bluezoo.gonzalez.JamesClarkXmlTestConformanceTest.runTest(JamesClarkXmlTestConformanceTest.java:302)
    [junit] 	at jdk.internal.reflect.GeneratedMethodAccessor1.invoke(Unknown Source)
    [junit] 	at java.base/jdk.internal.reflect.DelegatingMethodAccessorImpl.invoke(DelegatingMethodAccessorImpl.java:43)
    [junit] 
    [junit] Testcase: runTest[valid-not-sa-005 (valid)] took 0.001 sec
    [junit] 	FAILED
    [junit] [valid-not-sa-005] Expected valid but got error: Recursive entity reference via systemId: file:/Users/cburdess@mimecast.com/cpkb-bluezoo/gonzalez/xmlconf/xmltest/valid/not-sa/005-1.ent: Test demonstrates the expansion of an external parameter entity that declares an attribute.
    [junit] junit.framework.AssertionFailedError: [valid-not-sa-005] Expected valid but got error: Recursive entity reference via systemId: file:/Users/cburdess@mimecast.com/cpkb-bluezoo/gonzalez/xmlconf/xmltest/valid/not-sa/005-1.ent: Test demonstrates the expansion of an external parameter entity that declares an attribute.
    [junit] 	at org.bluezoo.gonzalez.JamesClarkXmlTestConformanceTest.runTest(JamesClarkXmlTestConformanceTest.java:302)
    [junit] 	at jdk.internal.reflect.GeneratedMethodAccessor1.invoke(Unknown Source)
    [junit] 	at java.base/jdk.internal.reflect.DelegatingMethodAccessorImpl.invoke(DelegatingMethodAccessorImpl.java:43)
    [junit] 
    [junit] Testcase: runTest[valid-not-sa-006 (valid)] took 0 sec
    [junit] 	FAILED
    [junit] [valid-not-sa-006] Expected valid but got error: Recursive entity reference via systemId: file:/Users/cburdess@mimecast.com/cpkb-bluezoo/gonzalez/xmlconf/xmltest/valid/not-sa/006.ent: Test demonstrates that when more than one definition is provided for the same attribute of a given element type only the first declaration is binding.
    [junit] junit.framework.AssertionFailedError: [valid-not-sa-006] Expected valid but got error: Recursive entity reference via systemId: file:/Users/cburdess@mimecast.com/cpkb-bluezoo/gonzalez/xmlconf/xmltest/valid/not-sa/006.ent: Test demonstrates that when more than one definition is provided for the same attribute of a given element type only the first declaration is binding.
    [junit] 	at org.bluezoo.gonzalez.JamesClarkXmlTestConformanceTest.runTest(JamesClarkXmlTestConformanceTest.java:302)
    [junit] 	at jdk.internal.reflect.GeneratedMethodAccessor1.invoke(Unknown Source)
    [junit] 	at java.base/jdk.internal.reflect.DelegatingMethodAccessorImpl.invoke(DelegatingMethodAccessorImpl.java:43)
    [junit] 
    [junit] Testcase: runTest[valid-not-sa-007 (valid)] took 0 sec
    [junit] 	FAILED
    [junit] [valid-not-sa-007] Expected valid but got error: Recursive entity reference via systemId: file:/Users/cburdess@mimecast.com/cpkb-bluezoo/gonzalez/xmlconf/xmltest/valid/not-sa/007.ent: Test demonstrates the use of an Attribute list declaration within an external entity.
    [junit] junit.framework.AssertionFailedError: [valid-not-sa-007] Expected valid but got error: Recursive entity reference via systemId: file:/Users/cburdess@mimecast.com/cpkb-bluezoo/gonzalez/xmlconf/xmltest/valid/not-sa/007.ent: Test demonstrates the use of an Attribute list declaration within an external entity.
    [junit] 	at org.bluezoo.gonzalez.JamesClarkXmlTestConformanceTest.runTest(JamesClarkXmlTestConformanceTest.java:302)
    [junit] 	at jdk.internal.reflect.GeneratedMethodAccessor1.invoke(Unknown Source)
    [junit] 	at java.base/jdk.internal.reflect.DelegatingMethodAccessorImpl.invoke(DelegatingMethodAccessorImpl.java:43)
    [junit] 
    [junit] Testcase: runTest[valid-not-sa-008 (valid)] took 0.001 sec
    [junit] 	FAILED
    [junit] [valid-not-sa-008] Expected valid but got error: Expected whitespace between public ID and system ID: Test demonstrates that an external identifier may include a public identifier.
    [junit] junit.framework.AssertionFailedError: [valid-not-sa-008] Expected valid but got error: Expected whitespace between public ID and system ID: Test demonstrates that an external identifier may include a public identifier.
    [junit] 	at org.bluezoo.gonzalez.JamesClarkXmlTestConformanceTest.runTest(JamesClarkXmlTestConformanceTest.java:302)
    [junit] 	at jdk.internal.reflect.GeneratedMethodAccessor1.invoke(Unknown Source)
    [junit] 	at java.base/jdk.internal.reflect.DelegatingMethodAccessorImpl.invoke(DelegatingMethodAccessorImpl.java:43)
    [junit] 
    [junit] Testcase: runTest[valid-not-sa-009 (valid)] took 0 sec
    [junit] 	FAILED
    [junit] [valid-not-sa-009] Expected valid but got error: Expected whitespace between public ID and system ID: Test demonstrates that an external identifier may include a public identifier.
    [junit] junit.framework.AssertionFailedError: [valid-not-sa-009] Expected valid but got error: Expected whitespace between public ID and system ID: Test demonstrates that an external identifier may include a public identifier.
    [junit] 	at org.bluezoo.gonzalez.JamesClarkXmlTestConformanceTest.runTest(JamesClarkXmlTestConformanceTest.java:302)
    [junit] 	at jdk.internal.reflect.GeneratedMethodAccessor1.invoke(Unknown Source)
    [junit] 	at java.base/jdk.internal.reflect.DelegatingMethodAccessorImpl.invoke(DelegatingMethodAccessorImpl.java:43)
    [junit] 
    [junit] Testcase: runTest[valid-not-sa-010 (valid)] took 0.001 sec
    [junit] 	FAILED
    [junit] [valid-not-sa-010] Expected valid but got error: Recursive entity reference via systemId: file:/Users/cburdess@mimecast.com/cpkb-bluezoo/gonzalez/xmlconf/xmltest/valid/not-sa/010.ent: Test demonstrates that when more that one definition is provided for the same attribute of a given element type only the first declaration is binding.
    [junit] junit.framework.AssertionFailedError: [valid-not-sa-010] Expected valid but got error: Recursive entity reference via systemId: file:/Users/cburdess@mimecast.com/cpkb-bluezoo/gonzalez/xmlconf/xmltest/valid/not-sa/010.ent: Test demonstrates that when more that one definition is provided for the same attribute of a given element type only the first declaration is binding.
    [junit] 	at org.bluezoo.gonzalez.JamesClarkXmlTestConformanceTest.runTest(JamesClarkXmlTestConformanceTest.java:302)
    [junit] 	at jdk.internal.reflect.GeneratedMethodAccessor1.invoke(Unknown Source)
    [junit] 	at java.base/jdk.internal.reflect.DelegatingMethodAccessorImpl.invoke(DelegatingMethodAccessorImpl.java:43)
    [junit] 
    [junit] Testcase: runTest[valid-not-sa-011 (valid)] took 0 sec
    [junit] 	FAILED
    [junit] [valid-not-sa-011] Expected valid but got error: Recursive entity reference via systemId: file:/Users/cburdess@mimecast.com/cpkb-bluezoo/gonzalez/xmlconf/xmltest/valid/not-sa/011.ent: Test demonstrates a parameter entity declaration whose parameter entity definition is an ExternalID.
    [junit] junit.framework.AssertionFailedError: [valid-not-sa-011] Expected valid but got error: Recursive entity reference via systemId: file:/Users/cburdess@mimecast.com/cpkb-bluezoo/gonzalez/xmlconf/xmltest/valid/not-sa/011.ent: Test demonstrates a parameter entity declaration whose parameter entity definition is an ExternalID.
    [junit] 	at org.bluezoo.gonzalez.JamesClarkXmlTestConformanceTest.runTest(JamesClarkXmlTestConformanceTest.java:302)
    [junit] 	at jdk.internal.reflect.GeneratedMethodAccessor1.invoke(Unknown Source)
    [junit] 	at java.base/jdk.internal.reflect.DelegatingMethodAccessorImpl.invoke(DelegatingMethodAccessorImpl.java:43)
    [junit] 
    [junit] Testcase: runTest[valid-not-sa-012 (valid)] took 0.001 sec
    [junit] 	FAILED
    [junit] [valid-not-sa-012] Expected valid but got error: Recursive entity reference via systemId: file:/Users/cburdess@mimecast.com/cpkb-bluezoo/gonzalez/xmlconf/xmltest/valid/not-sa/012.ent: Test demonstrates an enternal parsed entity that begins with a text declaration.
    [junit] junit.framework.AssertionFailedError: [valid-not-sa-012] Expected valid but got error: Recursive entity reference via systemId: file:/Users/cburdess@mimecast.com/cpkb-bluezoo/gonzalez/xmlconf/xmltest/valid/not-sa/012.ent: Test demonstrates an enternal parsed entity that begins with a text declaration.
    [junit] 	at org.bluezoo.gonzalez.JamesClarkXmlTestConformanceTest.runTest(JamesClarkXmlTestConformanceTest.java:302)
    [junit] 	at jdk.internal.reflect.GeneratedMethodAccessor1.invoke(Unknown Source)
    [junit] 	at java.base/jdk.internal.reflect.DelegatingMethodAccessorImpl.invoke(DelegatingMethodAccessorImpl.java:43)
    [junit] 
    [junit] Testcase: runTest[valid-not-sa-013 (valid)] took 0 sec
    [junit] 	FAILED
    [junit] [valid-not-sa-013] Expected valid but got error: Recursive entity reference via systemId: file:/Users/cburdess@mimecast.com/cpkb-bluezoo/gonzalez/xmlconf/xmltest/valid/not-sa/013.ent: Test demonstrates the use of the conditional section INCLUDE that will include its contents as part of the DTD.
    [junit] junit.framework.AssertionFailedError: [valid-not-sa-013] Expected valid but got error: Recursive entity reference via systemId: file:/Users/cburdess@mimecast.com/cpkb-bluezoo/gonzalez/xmlconf/xmltest/valid/not-sa/013.ent: Test demonstrates the use of the conditional section INCLUDE that will include its contents as part of the DTD.
    [junit] 	at org.bluezoo.gonzalez.JamesClarkXmlTestConformanceTest.runTest(JamesClarkXmlTestConformanceTest.java:302)
    [junit] 	at jdk.internal.reflect.GeneratedMethodAccessor1.invoke(Unknown Source)
    [junit] 	at java.base/jdk.internal.reflect.DelegatingMethodAccessorImpl.invoke(DelegatingMethodAccessorImpl.java:43)
    [junit] 
    [junit] Testcase: runTest[valid-not-sa-014 (valid)] took 0.001 sec
    [junit] 	FAILED
    [junit] [valid-not-sa-014] Expected valid but got error: Recursive entity reference via systemId: file:/Users/cburdess@mimecast.com/cpkb-bluezoo/gonzalez/xmlconf/xmltest/valid/not-sa/014.ent: Test demonstrates the use of the conditional section INCLUDE that will include its contents as part of the DTD.  The keyword is a parameter-entity reference.
    [junit] junit.framework.AssertionFailedError: [valid-not-sa-014] Expected valid but got error: Recursive entity reference via systemId: file:/Users/cburdess@mimecast.com/cpkb-bluezoo/gonzalez/xmlconf/xmltest/valid/not-sa/014.ent: Test demonstrates the use of the conditional section INCLUDE that will include its contents as part of the DTD.  The keyword is a parameter-entity reference.
    [junit] 	at org.bluezoo.gonzalez.JamesClarkXmlTestConformanceTest.runTest(JamesClarkXmlTestConformanceTest.java:302)
    [junit] 	at jdk.internal.reflect.GeneratedMethodAccessor1.invoke(Unknown Source)
    [junit] 	at java.base/jdk.internal.reflect.DelegatingMethodAccessorImpl.invoke(DelegatingMethodAccessorImpl.java:43)
    [junit] 
    [junit] Testcase: runTest[valid-not-sa-015 (valid)] took 0 sec
    [junit] 	FAILED
    [junit] [valid-not-sa-015] Expected valid but got error: Recursive entity reference via systemId: file:/Users/cburdess@mimecast.com/cpkb-bluezoo/gonzalez/xmlconf/xmltest/valid/not-sa/015.ent: Test demonstrates the use of the conditonal section IGNORE the will ignore its content from being part of the DTD.  The keyword is a parameter-entity reference.
    [junit] junit.framework.AssertionFailedError: [valid-not-sa-015] Expected valid but got error: Recursive entity reference via systemId: file:/Users/cburdess@mimecast.com/cpkb-bluezoo/gonzalez/xmlconf/xmltest/valid/not-sa/015.ent: Test demonstrates the use of the conditonal section IGNORE the will ignore its content from being part of the DTD.  The keyword is a parameter-entity reference.
    [junit] 	at org.bluezoo.gonzalez.JamesClarkXmlTestConformanceTest.runTest(JamesClarkXmlTestConformanceTest.java:302)
    [junit] 	at jdk.internal.reflect.GeneratedMethodAccessor1.invoke(Unknown Source)
    [junit] 	at java.base/jdk.internal.reflect.DelegatingMethodAccessorImpl.invoke(DelegatingMethodAccessorImpl.java:43)
    [junit] 
    [junit] Testcase: runTest[valid-not-sa-016 (valid)] took 0 sec
    [junit] 	FAILED
    [junit] [valid-not-sa-016] Expected valid but got error: Recursive entity reference via systemId: file:/Users/cburdess@mimecast.com/cpkb-bluezoo/gonzalez/xmlconf/xmltest/valid/not-sa/016.ent: Test demonstrates the use of the conditional section INCLUDE that will include its contents as part of the DTD.  The keyword is a parameter-entity reference.
    [junit] junit.framework.AssertionFailedError: [valid-not-sa-016] Expected valid but got error: Recursive entity reference via systemId: file:/Users/cburdess@mimecast.com/cpkb-bluezoo/gonzalez/xmlconf/xmltest/valid/not-sa/016.ent: Test demonstrates the use of the conditional section INCLUDE that will include its contents as part of the DTD.  The keyword is a parameter-entity reference.
    [junit] 	at org.bluezoo.gonzalez.JamesClarkXmlTestConformanceTest.runTest(JamesClarkXmlTestConformanceTest.java:302)
    [junit] 	at jdk.internal.reflect.GeneratedMethodAccessor1.invoke(Unknown Source)
    [junit] 	at java.base/jdk.internal.reflect.DelegatingMethodAccessorImpl.invoke(DelegatingMethodAccessorImpl.java:43)
    [junit] 
    [junit] Testcase: runTest[valid-not-sa-017 (valid)] took 0 sec
    [junit] 	FAILED
    [junit] [valid-not-sa-017] Expected valid but got error: Recursive entity reference via systemId: file:/Users/cburdess@mimecast.com/cpkb-bluezoo/gonzalez/xmlconf/xmltest/valid/not-sa/017.ent: Test demonstrates a parameter entity declaration that contains an attribute list declaration.
    [junit] junit.framework.AssertionFailedError: [valid-not-sa-017] Expected valid but got error: Recursive entity reference via systemId: file:/Users/cburdess@mimecast.com/cpkb-bluezoo/gonzalez/xmlconf/xmltest/valid/not-sa/017.ent: Test demonstrates a parameter entity declaration that contains an attribute list declaration.
    [junit] 	at org.bluezoo.gonzalez.JamesClarkXmlTestConformanceTest.runTest(JamesClarkXmlTestConformanceTest.java:302)
    [junit] 	at jdk.internal.reflect.GeneratedMethodAccessor1.invoke(Unknown Source)
    [junit] 	at java.base/jdk.internal.reflect.DelegatingMethodAccessorImpl.invoke(DelegatingMethodAccessorImpl.java:43)
    [junit] 
    [junit] Testcase: runTest[valid-not-sa-018 (valid)] took 0.001 sec
    [junit] 	FAILED
    [junit] [valid-not-sa-018] Expected valid but got error: Recursive entity reference via systemId: file:/Users/cburdess@mimecast.com/cpkb-bluezoo/gonzalez/xmlconf/xmltest/valid/not-sa/018.ent: Test demonstrates an EnternalID whose contents contain an parameter entity declaration and a attribute list definition.
    [junit] junit.framework.AssertionFailedError: [valid-not-sa-018] Expected valid but got error: Recursive entity reference via systemId: file:/Users/cburdess@mimecast.com/cpkb-bluezoo/gonzalez/xmlconf/xmltest/valid/not-sa/018.ent: Test demonstrates an EnternalID whose contents contain an parameter entity declaration and a attribute list definition.
    [junit] 	at org.bluezoo.gonzalez.JamesClarkXmlTestConformanceTest.runTest(JamesClarkXmlTestConformanceTest.java:302)
    [junit] 	at jdk.internal.reflect.GeneratedMethodAccessor1.invoke(Unknown Source)
    [junit] 	at java.base/jdk.internal.reflect.DelegatingMethodAccessorImpl.invoke(DelegatingMethodAccessorImpl.java:43)
    [junit] 
    [junit] Testcase: runTest[valid-not-sa-019 (valid)] took 0.001 sec
    [junit] 	FAILED
    [junit] [valid-not-sa-019] Expected valid but got error: Recursive entity reference via systemId: file:/Users/cburdess@mimecast.com/cpkb-bluezoo/gonzalez/xmlconf/xmltest/valid/not-sa/019.ent: Test demonstrates that a parameter entity will be expanded with spaces on either side.
    [junit] junit.framework.AssertionFailedError: [valid-not-sa-019] Expected valid but got error: Recursive entity reference via systemId: file:/Users/cburdess@mimecast.com/cpkb-bluezoo/gonzalez/xmlconf/xmltest/valid/not-sa/019.ent: Test demonstrates that a parameter entity will be expanded with spaces on either side.
    [junit] 	at org.bluezoo.gonzalez.JamesClarkXmlTestConformanceTest.runTest(JamesClarkXmlTestConformanceTest.java:302)
    [junit] 	at jdk.internal.reflect.GeneratedMethodAccessor1.invoke(Unknown Source)
    [junit] 	at java.base/jdk.internal.reflect.DelegatingMethodAccessorImpl.invoke(DelegatingMethodAccessorImpl.java:43)
    [junit] 
    [junit] Testcase: runTest[valid-not-sa-020 (valid)] took 0.001 sec
    [junit] 	FAILED
    [junit] [valid-not-sa-020] Expected valid but got error: Recursive entity reference via systemId: file:/Users/cburdess@mimecast.com/cpkb-bluezoo/gonzalez/xmlconf/xmltest/valid/not-sa/020.ent: Parameter entities expand with spaces on either side.
    [junit] junit.framework.AssertionFailedError: [valid-not-sa-020] Expected valid but got error: Recursive entity reference via systemId: file:/Users/cburdess@mimecast.com/cpkb-bluezoo/gonzalez/xmlconf/xmltest/valid/not-sa/020.ent: Parameter entities expand with spaces on either side.
    [junit] 	at org.bluezoo.gonzalez.JamesClarkXmlTestConformanceTest.runTest(JamesClarkXmlTestConformanceTest.java:302)
    [junit] 	at jdk.internal.reflect.GeneratedMethodAccessor1.invoke(Unknown Source)
    [junit] 	at java.base/jdk.internal.reflect.DelegatingMethodAccessorImpl.invoke(DelegatingMethodAccessorImpl.java:43)
    [junit] 
    [junit] Testcase: runTest[valid-not-sa-021 (valid)] took 0 sec
    [junit] 	FAILED
    [junit] [valid-not-sa-021] Expected valid but got error: Recursive entity reference via systemId: file:/Users/cburdess@mimecast.com/cpkb-bluezoo/gonzalez/xmlconf/xmltest/valid/not-sa/021.ent: Test demonstrates a parameter entity declaration that contains a partial attribute list declaration.
    [junit] junit.framework.AssertionFailedError: [valid-not-sa-021] Expected valid but got error: Recursive entity reference via systemId: file:/Users/cburdess@mimecast.com/cpkb-bluezoo/gonzalez/xmlconf/xmltest/valid/not-sa/021.ent: Test demonstrates a parameter entity declaration that contains a partial attribute list declaration.
    [junit] 	at org.bluezoo.gonzalez.JamesClarkXmlTestConformanceTest.runTest(JamesClarkXmlTestConformanceTest.java:302)
    [junit] 	at jdk.internal.reflect.GeneratedMethodAccessor1.invoke(Unknown Source)
    [junit] 	at java.base/jdk.internal.reflect.DelegatingMethodAccessorImpl.invoke(DelegatingMethodAccessorImpl.java:43)
    [junit] 
    [junit] Testcase: runTest[valid-not-sa-023 (valid)] took 0 sec
    [junit] 	FAILED
    [junit] [valid-not-sa-023] Expected valid but got error: Recursive entity reference via systemId: file:/Users/cburdess@mimecast.com/cpkb-bluezoo/gonzalez/xmlconf/xmltest/valid/not-sa/023.ent: Test demonstrates the use of a parameter entity reference within an attribute list declaration.
    [junit] junit.framework.AssertionFailedError: [valid-not-sa-023] Expected valid but got error: Recursive entity reference via systemId: file:/Users/cburdess@mimecast.com/cpkb-bluezoo/gonzalez/xmlconf/xmltest/valid/not-sa/023.ent: Test demonstrates the use of a parameter entity reference within an attribute list declaration.
    [junit] 	at org.bluezoo.gonzalez.JamesClarkXmlTestConformanceTest.runTest(JamesClarkXmlTestConformanceTest.java:302)
    [junit] 	at jdk.internal.reflect.GeneratedMethodAccessor1.invoke(Unknown Source)
    [junit] 	at java.base/jdk.internal.reflect.DelegatingMethodAccessorImpl.invoke(DelegatingMethodAccessorImpl.java:43)
    [junit] 
    [junit] Testcase: runTest[valid-not-sa-024 (valid)] took 0.001 sec
    [junit] 	FAILED
    [junit] [valid-not-sa-024] Expected valid but got error: Recursive entity reference via systemId: file:/Users/cburdess@mimecast.com/cpkb-bluezoo/gonzalez/xmlconf/xmltest/valid/not-sa/024.ent: Constructs an <!ATTLIST...> declaration from several PEs.
    [junit] junit.framework.AssertionFailedError: [valid-not-sa-024] Expected valid but got error: Recursive entity reference via systemId: file:/Users/cburdess@mimecast.com/cpkb-bluezoo/gonzalez/xmlconf/xmltest/valid/not-sa/024.ent: Constructs an <!ATTLIST...> declaration from several PEs.
    [junit] 	at org.bluezoo.gonzalez.JamesClarkXmlTestConformanceTest.runTest(JamesClarkXmlTestConformanceTest.java:302)
    [junit] 	at jdk.internal.reflect.GeneratedMethodAccessor1.invoke(Unknown Source)
    [junit] 	at java.base/jdk.internal.reflect.DelegatingMethodAccessorImpl.invoke(DelegatingMethodAccessorImpl.java:43)
    [junit] 
    [junit] Testcase: runTest[valid-not-sa-025 (valid)] took 0 sec
    [junit] 	FAILED
    [junit] [valid-not-sa-025] Expected valid but got error: Recursive entity reference via systemId: file:/Users/cburdess@mimecast.com/cpkb-bluezoo/gonzalez/xmlconf/xmltest/valid/not-sa/025.ent: Test demonstrates that when more that one definition is provided for the same entity only the first declaration is binding.
    [junit] junit.framework.AssertionFailedError: [valid-not-sa-025] Expected valid but got error: Recursive entity reference via systemId: file:/Users/cburdess@mimecast.com/cpkb-bluezoo/gonzalez/xmlconf/xmltest/valid/not-sa/025.ent: Test demonstrates that when more that one definition is provided for the same entity only the first declaration is binding.
    [junit] 	at org.bluezoo.gonzalez.JamesClarkXmlTestConformanceTest.runTest(JamesClarkXmlTestConformanceTest.java:302)
    [junit] 	at jdk.internal.reflect.GeneratedMethodAccessor1.invoke(Unknown Source)
    [junit] 	at java.base/jdk.internal.reflect.DelegatingMethodAccessorImpl.invoke(DelegatingMethodAccessorImpl.java:43)
    [junit] 
    [junit] Testcase: runTest[valid-not-sa-026 (valid)] took 0 sec
    [junit] 	FAILED
    [junit] [valid-not-sa-026] Expected valid but got error: Recursive entity reference via systemId: file:/Users/cburdess@mimecast.com/cpkb-bluezoo/gonzalez/xmlconf/xmltest/valid/not-sa/026.ent: Test demonstrates that when more that one definition is provided for the same attribute of a given element type only the first declaration is binding.
    [junit] junit.framework.AssertionFailedError: [valid-not-sa-026] Expected valid but got error: Recursive entity reference via systemId: file:/Users/cburdess@mimecast.com/cpkb-bluezoo/gonzalez/xmlconf/xmltest/valid/not-sa/026.ent: Test demonstrates that when more that one definition is provided for the same attribute of a given element type only the first declaration is binding.
    [junit] 	at org.bluezoo.gonzalez.JamesClarkXmlTestConformanceTest.runTest(JamesClarkXmlTestConformanceTest.java:302)
    [junit] 	at jdk.internal.reflect.GeneratedMethodAccessor1.invoke(Unknown Source)
    [junit] 	at java.base/jdk.internal.reflect.DelegatingMethodAccessorImpl.invoke(DelegatingMethodAccessorImpl.java:43)
    [junit] 
    [junit] Testcase: runTest[valid-not-sa-027 (valid)] took 0 sec
    [junit] 	FAILED
    [junit] [valid-not-sa-027] Expected valid but got error: Recursive entity reference via systemId: file:/Users/cburdess@mimecast.com/cpkb-bluezoo/gonzalez/xmlconf/xmltest/valid/not-sa/027.ent: Test demonstrates a parameter entity reference whose value is NULL.
    [junit] junit.framework.AssertionFailedError: [valid-not-sa-027] Expected valid but got error: Recursive entity reference via systemId: file:/Users/cburdess@mimecast.com/cpkb-bluezoo/gonzalez/xmlconf/xmltest/valid/not-sa/027.ent: Test demonstrates a parameter entity reference whose value is NULL.
    [junit] 	at org.bluezoo.gonzalez.JamesClarkXmlTestConformanceTest.runTest(JamesClarkXmlTestConformanceTest.java:302)
    [junit] 	at jdk.internal.reflect.GeneratedMethodAccessor1.invoke(Unknown Source)
    [junit] 	at java.base/jdk.internal.reflect.DelegatingMethodAccessorImpl.invoke(DelegatingMethodAccessorImpl.java:43)
    [junit] 
    [junit] Testcase: runTest[valid-not-sa-028 (valid)] took 0 sec
    [junit] 	FAILED
    [junit] [valid-not-sa-028] Expected valid but got error: Recursive entity reference via systemId: file:/Users/cburdess@mimecast.com/cpkb-bluezoo/gonzalez/xmlconf/xmltest/valid/not-sa/028.ent: Test demonstrates the use of the conditional section INCLUDE that will include its contents.
    [junit] junit.framework.AssertionFailedError: [valid-not-sa-028] Expected valid but got error: Recursive entity reference via systemId: file:/Users/cburdess@mimecast.com/cpkb-bluezoo/gonzalez/xmlconf/xmltest/valid/not-sa/028.ent: Test demonstrates the use of the conditional section INCLUDE that will include its contents.
    [junit] 	at org.bluezoo.gonzalez.JamesClarkXmlTestConformanceTest.runTest(JamesClarkXmlTestConformanceTest.java:302)
    [junit] 	at jdk.internal.reflect.GeneratedMethodAccessor1.invoke(Unknown Source)
    [junit] 	at java.base/jdk.internal.reflect.DelegatingMethodAccessorImpl.invoke(DelegatingMethodAccessorImpl.java:43)
    [junit] 
    [junit] Testcase: runTest[valid-not-sa-029 (valid)] took 0 sec
    [junit] 	FAILED
    [junit] [valid-not-sa-029] Expected valid but got error: Recursive entity reference via systemId: file:/Users/cburdess@mimecast.com/cpkb-bluezoo/gonzalez/xmlconf/xmltest/valid/not-sa/029.ent: Test demonstrates the use of the conditonal section IGNORE the will ignore its content from being used.
    [junit] junit.framework.AssertionFailedError: [valid-not-sa-029] Expected valid but got error: Recursive entity reference via systemId: file:/Users/cburdess@mimecast.com/cpkb-bluezoo/gonzalez/xmlconf/xmltest/valid/not-sa/029.ent: Test demonstrates the use of the conditonal section IGNORE the will ignore its content from being used.
    [junit] 	at org.bluezoo.gonzalez.JamesClarkXmlTestConformanceTest.runTest(JamesClarkXmlTestConformanceTest.java:302)
    [junit] 	at jdk.internal.reflect.GeneratedMethodAccessor1.invoke(Unknown Source)
    [junit] 	at java.base/jdk.internal.reflect.DelegatingMethodAccessorImpl.invoke(DelegatingMethodAccessorImpl.java:43)
    [junit] 
    [junit] Testcase: runTest[valid-not-sa-030 (valid)] took 0 sec
    [junit] 	FAILED
    [junit] [valid-not-sa-030] Expected valid but got error: Recursive entity reference via systemId: file:/Users/cburdess@mimecast.com/cpkb-bluezoo/gonzalez/xmlconf/xmltest/valid/not-sa/030.ent: Test demonstrates the use of the conditonal section IGNORE the will ignore its content from being used.
    [junit] junit.framework.AssertionFailedError: [valid-not-sa-030] Expected valid but got error: Recursive entity reference via systemId: file:/Users/cburdess@mimecast.com/cpkb-bluezoo/gonzalez/xmlconf/xmltest/valid/not-sa/030.ent: Test demonstrates the use of the conditonal section IGNORE the will ignore its content from being used.
    [junit] 	at org.bluezoo.gonzalez.JamesClarkXmlTestConformanceTest.runTest(JamesClarkXmlTestConformanceTest.java:302)
    [junit] 	at jdk.internal.reflect.GeneratedMethodAccessor1.invoke(Unknown Source)
    [junit] 	at java.base/jdk.internal.reflect.DelegatingMethodAccessorImpl.invoke(DelegatingMethodAccessorImpl.java:43)
    [junit] 
    [junit] Testcase: runTest[valid-not-sa-031 (valid)] took 0 sec
    [junit] 	FAILED
    [junit] [valid-not-sa-031] Expected valid but got error: Recursive entity reference via systemId: file:/Users/cburdess@mimecast.com/cpkb-bluezoo/gonzalez/xmlconf/xmltest/valid/not-sa/031-1.ent: Expands a general entity which contains a CDATA section with
    [junit]     what looks like a markup declaration (but is just text since
    [junit]     it's in a CDATA section).
    [junit] junit.framework.AssertionFailedError: [valid-not-sa-031] Expected valid but got error: Recursive entity reference via systemId: file:/Users/cburdess@mimecast.com/cpkb-bluezoo/gonzalez/xmlconf/xmltest/valid/not-sa/031-1.ent: Expands a general entity which contains a CDATA section with
    [junit]     what looks like a markup declaration (but is just text since
    [junit]     it's in a CDATA section).
    [junit] 	at org.bluezoo.gonzalez.JamesClarkXmlTestConformanceTest.runTest(JamesClarkXmlTestConformanceTest.java:302)
    [junit] 	at jdk.internal.reflect.GeneratedMethodAccessor1.invoke(Unknown Source)
    [junit] 	at java.base/jdk.internal.reflect.DelegatingMethodAccessorImpl.invoke(DelegatingMethodAccessorImpl.java:43)
    [junit] 
    [junit] Testcase: runTest[valid-ext-sa-001 (valid)] took 0.001 sec
    [junit] 	FAILED
    [junit] [valid-ext-sa-001] Expected valid but got error: Recursive entity reference via systemId: file:/Users/cburdess@mimecast.com/cpkb-bluezoo/gonzalez/xmlconf/xmltest/valid/ext-sa/001.ent: A combination of carriage return line feed in an external entity must
    [junit]     be normalized to a single newline.
    [junit] junit.framework.AssertionFailedError: [valid-ext-sa-001] Expected valid but got error: Recursive entity reference via systemId: file:/Users/cburdess@mimecast.com/cpkb-bluezoo/gonzalez/xmlconf/xmltest/valid/ext-sa/001.ent: A combination of carriage return line feed in an external entity must
    [junit]     be normalized to a single newline.
    [junit] 	at org.bluezoo.gonzalez.JamesClarkXmlTestConformanceTest.runTest(JamesClarkXmlTestConformanceTest.java:302)
    [junit] 	at jdk.internal.reflect.GeneratedMethodAccessor1.invoke(Unknown Source)
    [junit] 	at java.base/jdk.internal.reflect.DelegatingMethodAccessorImpl.invoke(DelegatingMethodAccessorImpl.java:43)
    [junit] 
    [junit] Testcase: runTest[valid-ext-sa-002 (valid)] took 0 sec
    [junit] 	FAILED
    [junit] [valid-ext-sa-002] Expected valid but got error: Recursive entity reference via systemId: file:/Users/cburdess@mimecast.com/cpkb-bluezoo/gonzalez/xmlconf/xmltest/valid/ext-sa/002.ent: A carriage return (also CRLF) in an external entity must
    [junit]     be normalized to a single newline.
    [junit] junit.framework.AssertionFailedError: [valid-ext-sa-002] Expected valid but got error: Recursive entity reference via systemId: file:/Users/cburdess@mimecast.com/cpkb-bluezoo/gonzalez/xmlconf/xmltest/valid/ext-sa/002.ent: A carriage return (also CRLF) in an external entity must
    [junit]     be normalized to a single newline.
    [junit] 	at org.bluezoo.gonzalez.JamesClarkXmlTestConformanceTest.runTest(JamesClarkXmlTestConformanceTest.java:302)
    [junit] 	at jdk.internal.reflect.GeneratedMethodAccessor1.invoke(Unknown Source)
    [junit] 	at java.base/jdk.internal.reflect.DelegatingMethodAccessorImpl.invoke(DelegatingMethodAccessorImpl.java:43)
    [junit] 
    [junit] Testcase: runTest[valid-ext-sa-003 (valid)] took 0.001 sec
    [junit] 	FAILED
    [junit] [valid-ext-sa-003] Expected valid but got error: Recursive entity reference via systemId: file:/Users/cburdess@mimecast.com/cpkb-bluezoo/gonzalez/xmlconf/xmltest/valid/ext-sa/003.ent: Test demonstrates that the content of an element can be empty. In this case the external entity is an empty file.
    [junit] junit.framework.AssertionFailedError: [valid-ext-sa-003] Expected valid but got error: Recursive entity reference via systemId: file:/Users/cburdess@mimecast.com/cpkb-bluezoo/gonzalez/xmlconf/xmltest/valid/ext-sa/003.ent: Test demonstrates that the content of an element can be empty. In this case the external entity is an empty file.
    [junit] 	at org.bluezoo.gonzalez.JamesClarkXmlTestConformanceTest.runTest(JamesClarkXmlTestConformanceTest.java:302)
    [junit] 	at jdk.internal.reflect.GeneratedMethodAccessor1.invoke(Unknown Source)
    [junit] 	at java.base/jdk.internal.reflect.DelegatingMethodAccessorImpl.invoke(DelegatingMethodAccessorImpl.java:43)
    [junit] 
    [junit] Testcase: runTest[valid-ext-sa-004 (valid)] took 0.001 sec
    [junit] 	FAILED
    [junit] [valid-ext-sa-004] Expected valid but got error: Recursive entity reference via systemId: file:/Users/cburdess@mimecast.com/cpkb-bluezoo/gonzalez/xmlconf/xmltest/valid/ext-sa/004.ent: A carriage return (also CRLF) in an external entity must
    [junit]     be normalized to a single newline.
    [junit] junit.framework.AssertionFailedError: [valid-ext-sa-004] Expected valid but got error: Recursive entity reference via systemId: file:/Users/cburdess@mimecast.com/cpkb-bluezoo/gonzalez/xmlconf/xmltest/valid/ext-sa/004.ent: A carriage return (also CRLF) in an external entity must
    [junit]     be normalized to a single newline.
    [junit] 	at org.bluezoo.gonzalez.JamesClarkXmlTestConformanceTest.runTest(JamesClarkXmlTestConformanceTest.java:302)
    [junit] 	at jdk.internal.reflect.GeneratedMethodAccessor1.invoke(Unknown Source)
    [junit] 	at java.base/jdk.internal.reflect.DelegatingMethodAccessorImpl.invoke(DelegatingMethodAccessorImpl.java:43)
    [junit] 
    [junit] Testcase: runTest[valid-ext-sa-005 (valid)] took 0.001 sec
    [junit] 	FAILED
    [junit] [valid-ext-sa-005] Expected valid but got error: Recursive entity reference via systemId: file:/Users/cburdess@mimecast.com/cpkb-bluezoo/gonzalez/xmlconf/xmltest/valid/ext-sa/005.ent: Test demonstrates the use of optional character and content particles within an element content.  The test also show the use of external entity.
    [junit] junit.framework.AssertionFailedError: [valid-ext-sa-005] Expected valid but got error: Recursive entity reference via systemId: file:/Users/cburdess@mimecast.com/cpkb-bluezoo/gonzalez/xmlconf/xmltest/valid/ext-sa/005.ent: Test demonstrates the use of optional character and content particles within an element content.  The test also show the use of external entity.
    [junit] 	at org.bluezoo.gonzalez.JamesClarkXmlTestConformanceTest.runTest(JamesClarkXmlTestConformanceTest.java:302)
    [junit] 	at jdk.internal.reflect.GeneratedMethodAccessor1.invoke(Unknown Source)
    [junit] 	at java.base/jdk.internal.reflect.DelegatingMethodAccessorImpl.invoke(DelegatingMethodAccessorImpl.java:43)
    [junit] 
    [junit] Testcase: runTest[valid-ext-sa-006 (valid)] took 0.001 sec
    [junit] 	FAILED
    [junit] [valid-ext-sa-006] Expected valid but got error: Recursive entity reference via systemId: file:/Users/cburdess@mimecast.com/cpkb-bluezoo/gonzalez/xmlconf/xmltest/valid/ext-sa/006.ent: Test demonstrates the use of optional character and content particles within mixed element content.  The test also shows the use of an external entity and that a carriage control line feed in an external entity must be normalized to a single newline.
    [junit] junit.framework.AssertionFailedError: [valid-ext-sa-006] Expected valid but got error: Recursive entity reference via systemId: file:/Users/cburdess@mimecast.com/cpkb-bluezoo/gonzalez/xmlconf/xmltest/valid/ext-sa/006.ent: Test demonstrates the use of optional character and content particles within mixed element content.  The test also shows the use of an external entity and that a carriage control line feed in an external entity must be normalized to a single newline.
    [junit] 	at org.bluezoo.gonzalez.JamesClarkXmlTestConformanceTest.runTest(JamesClarkXmlTestConformanceTest.java:302)
    [junit] 	at jdk.internal.reflect.GeneratedMethodAccessor1.invoke(Unknown Source)
    [junit] 	at java.base/jdk.internal.reflect.DelegatingMethodAccessorImpl.invoke(DelegatingMethodAccessorImpl.java:43)
    [junit] 
    [junit] Testcase: runTest[valid-ext-sa-007 (valid)] took 0.001 sec
    [junit] 	FAILED
    [junit] [valid-ext-sa-007] Expected valid but got error: Recursive entity reference via systemId: file:/Users/cburdess@mimecast.com/cpkb-bluezoo/gonzalez/xmlconf/xmltest/valid/ext-sa/007.ent: Test demonstrates the use of external entity and how replacement 
    [junit] text is retrieved and processed.
    [junit] junit.framework.AssertionFailedError: [valid-ext-sa-007] Expected valid but got error: Recursive entity reference via systemId: file:/Users/cburdess@mimecast.com/cpkb-bluezoo/gonzalez/xmlconf/xmltest/valid/ext-sa/007.ent: Test demonstrates the use of external entity and how replacement 
    [junit] text is retrieved and processed.
    [junit] 	at org.bluezoo.gonzalez.JamesClarkXmlTestConformanceTest.runTest(JamesClarkXmlTestConformanceTest.java:302)
    [junit] 	at jdk.internal.reflect.GeneratedMethodAccessor1.invoke(Unknown Source)
    [junit] 	at java.base/jdk.internal.reflect.DelegatingMethodAccessorImpl.invoke(DelegatingMethodAccessorImpl.java:43)
    [junit] 
    [junit] Testcase: runTest[valid-ext-sa-008 (valid)] took 0.001 sec
    [junit] 	FAILED
    [junit] [valid-ext-sa-008] Expected valid but got error: Recursive entity reference via systemId: file:/Users/cburdess@mimecast.com/cpkb-bluezoo/gonzalez/xmlconf/xmltest/valid/ext-sa/008.ent: Test demonstrates the use of external 
    [junit] entity and how replacement text is retrieved and processed.  Also tests the use of an 
    [junit] EncodingDecl of UTF-16.
    [junit] junit.framework.AssertionFailedError: [valid-ext-sa-008] Expected valid but got error: Recursive entity reference via systemId: file:/Users/cburdess@mimecast.com/cpkb-bluezoo/gonzalez/xmlconf/xmltest/valid/ext-sa/008.ent: Test demonstrates the use of external 
    [junit] entity and how replacement text is retrieved and processed.  Also tests the use of an 
    [junit] EncodingDecl of UTF-16.
    [junit] 	at org.bluezoo.gonzalez.JamesClarkXmlTestConformanceTest.runTest(JamesClarkXmlTestConformanceTest.java:302)
    [junit] 	at jdk.internal.reflect.GeneratedMethodAccessor1.invoke(Unknown Source)
    [junit] 	at java.base/jdk.internal.reflect.DelegatingMethodAccessorImpl.invoke(DelegatingMethodAccessorImpl.java:43)
    [junit] 
    [junit] Testcase: runTest[valid-ext-sa-009 (valid)] took 0.001 sec
    [junit] 	FAILED
    [junit] [valid-ext-sa-009] Expected valid but got error: Recursive entity reference via systemId: file:/Users/cburdess@mimecast.com/cpkb-bluezoo/gonzalez/xmlconf/xmltest/valid/ext-sa/009.ent: A carriage return (also CRLF) in an external entity must
    [junit]     be normalized to a single newline.
    [junit] junit.framework.AssertionFailedError: [valid-ext-sa-009] Expected valid but got error: Recursive entity reference via systemId: file:/Users/cburdess@mimecast.com/cpkb-bluezoo/gonzalez/xmlconf/xmltest/valid/ext-sa/009.ent: A carriage return (also CRLF) in an external entity must
    [junit]     be normalized to a single newline.
    [junit] 	at org.bluezoo.gonzalez.JamesClarkXmlTestConformanceTest.runTest(JamesClarkXmlTestConformanceTest.java:302)
    [junit] 	at jdk.internal.reflect.GeneratedMethodAccessor1.invoke(Unknown Source)
    [junit] 	at java.base/jdk.internal.reflect.DelegatingMethodAccessorImpl.invoke(DelegatingMethodAccessorImpl.java:43)
    [junit] 
    [junit] Testcase: runTest[valid-ext-sa-011 (valid)] took 0 sec
    [junit] 	FAILED
    [junit] [valid-ext-sa-011] Expected valid but got error: Recursive entity reference via systemId: file:/Users/cburdess@mimecast.com/cpkb-bluezoo/gonzalez/xmlconf/xmltest/valid/ext-sa/011.ent: Test demonstrates the use of a public identifier with and external entity.  
    [junit] The test also show that a carriage control line feed combination in an external 
    [junit] entity must be normalized to a single newline.
    [junit] junit.framework.AssertionFailedError: [valid-ext-sa-011] Expected valid but got error: Recursive entity reference via systemId: file:/Users/cburdess@mimecast.com/cpkb-bluezoo/gonzalez/xmlconf/xmltest/valid/ext-sa/011.ent: Test demonstrates the use of a public identifier with and external entity.  
    [junit] The test also show that a carriage control line feed combination in an external 
    [junit] entity must be normalized to a single newline.
    [junit] 	at org.bluezoo.gonzalez.JamesClarkXmlTestConformanceTest.runTest(JamesClarkXmlTestConformanceTest.java:302)
    [junit] 	at jdk.internal.reflect.GeneratedMethodAccessor1.invoke(Unknown Source)
    [junit] 	at java.base/jdk.internal.reflect.DelegatingMethodAccessorImpl.invoke(DelegatingMethodAccessorImpl.java:43)
    [junit] 
    [junit] Testcase: runTest[valid-ext-sa-012 (valid)] took 0 sec
    [junit] 	FAILED
    [junit] [valid-ext-sa-012] Expected valid but got error: External entity reference in entity value requires async resolution: Test demonstrates both internal and external entities and that processing of entity references may be required to produce the correct replacement text.
    [junit] junit.framework.AssertionFailedError: [valid-ext-sa-012] Expected valid but got error: External entity reference in entity value requires async resolution: Test demonstrates both internal and external entities and that processing of entity references may be required to produce the correct replacement text.
    [junit] 	at org.bluezoo.gonzalez.JamesClarkXmlTestConformanceTest.runTest(JamesClarkXmlTestConformanceTest.java:302)
    [junit] 	at jdk.internal.reflect.GeneratedMethodAccessor1.invoke(Unknown Source)
    [junit] 	at java.base/jdk.internal.reflect.DelegatingMethodAccessorImpl.invoke(DelegatingMethodAccessorImpl.java:43)
    [junit] 
    [junit] Testcase: runTest[valid-ext-sa-013 (valid)] took 0 sec
    [junit] 	FAILED
    [junit] [valid-ext-sa-013] Expected valid but got error: Recursive entity reference via systemId: file:/Users/cburdess@mimecast.com/cpkb-bluezoo/gonzalez/xmlconf/xmltest/valid/ext-sa/013.ent: Test demonstrates that whitespace is handled by adding a single whitespace to the normalized value in the attribute list.
    [junit] junit.framework.AssertionFailedError: [valid-ext-sa-013] Expected valid but got error: Recursive entity reference via systemId: file:/Users/cburdess@mimecast.com/cpkb-bluezoo/gonzalez/xmlconf/xmltest/valid/ext-sa/013.ent: Test demonstrates that whitespace is handled by adding a single whitespace to the normalized value in the attribute list.
    [junit] 	at org.bluezoo.gonzalez.JamesClarkXmlTestConformanceTest.runTest(JamesClarkXmlTestConformanceTest.java:302)
    [junit] 	at jdk.internal.reflect.GeneratedMethodAccessor1.invoke(Unknown Source)
    [junit] 	at java.base/jdk.internal.reflect.DelegatingMethodAccessorImpl.invoke(DelegatingMethodAccessorImpl.java:43)
    [junit] 
    [junit] Testcase: runTest[valid-ext-sa-014 (valid)] took 0 sec
    [junit] 	FAILED
    [junit] [valid-ext-sa-014] Expected valid but got error: Recursive entity reference via systemId: file:/Users/cburdess@mimecast.com/cpkb-bluezoo/gonzalez/xmlconf/xmltest/valid/ext-sa/014.ent: Test demonstrates use of characters outside of normal ASCII range.
    [junit] junit.framework.AssertionFailedError: [valid-ext-sa-014] Expected valid but got error: Recursive entity reference via systemId: file:/Users/cburdess@mimecast.com/cpkb-bluezoo/gonzalez/xmlconf/xmltest/valid/ext-sa/014.ent: Test demonstrates use of characters outside of normal ASCII range.
    [junit] 	at org.bluezoo.gonzalez.JamesClarkXmlTestConformanceTest.runTest(JamesClarkXmlTestConformanceTest.java:302)
    [junit] 	at jdk.internal.reflect.GeneratedMethodAccessor1.invoke(Unknown Source)
    [junit] 	at java.base/jdk.internal.reflect.DelegatingMethodAccessorImpl.invoke(DelegatingMethodAccessorImpl.java:43)
    [junit] 
    [junit] Test org.bluezoo.gonzalez.JamesClarkXmlTestConformanceTest FAILED
    [junit] Running org.bluezoo.gonzalez.XMLConformanceTest
    [junit] Testsuite: org.bluezoo.gonzalez.XMLConformanceTest
    [junit] Tests run: 912, Failures: 114, Errors: 4, Skipped: 0, Time elapsed: 0.658 sec
    [junit] Tests run: 912, Failures: 114, Errors: 4, Skipped: 0, Time elapsed: 0.658 sec
    [junit] ------------- Standard Output ---------------
    [junit] Loading James Clark xmltest suite from: xmlconf/xmltest/xmltest.xml
    [junit]   Loaded 364 tests
    [junit] Loading eduni/errata-2e suite from: xmlconf/eduni/errata-2e/errata2e.xml
    [junit]   Loaded 34 tests
    [junit] Loading eduni/errata-3e suite from: xmlconf/eduni/errata-3e/errata3e.xml
    [junit]   Loaded 13 tests
    [junit] Loading eduni/errata-4e suite from: xmlconf/eduni/errata-4e/errata4e.xml
    [junit]   Loaded 392 tests
    [junit] Loading eduni/namespaces-1.0 suite from: xmlconf/eduni/namespaces/1.0/rmt-ns10.xml
    [junit]   Loaded 46 tests
    [junit] Loading eduni/namespaces-1.1 suite from: xmlconf/eduni/namespaces/1.1/rmt-ns11.xml
    [junit]   Loaded 6 tests
    [junit] Loading eduni/xml-1.1 suite from: xmlconf/eduni/xml-1.1/xml11.xml
    [junit]   Loaded 57 tests
    [junit] 
    [junit] === Total: 912 tests from all suites ===
    [junit] 
    [junit] 
    [junit] === XML Conformance Test Report ===
    [junit] 
    [junit] === Overall Results ===
    [junit] Passed: 794 / 908 (87.4%)
    [junit] Failed: 114 / 908 (12.6%)
    [junit] 
    [junit] === Results by Suite ===
    [junit] James Clark xmltest           :  308/ 360 passed (85.6%)
    [junit] eduni/errata-2e               :   24/  34 passed (70.6%)
    [junit] eduni/errata-3e               :   11/  13 passed (84.6%)
    [junit] eduni/errata-4e               :  382/ 392 passed (97.4%)
    [junit] eduni/namespaces-1.0          :   24/  46 passed (52.2%)
    [junit] eduni/namespaces-1.1          :    3/   6 passed (50.0%)
    [junit] eduni/xml-1.1                 :   42/  57 passed (73.7%)
    [junit] 
    [junit] Detailed report written to: /Users/cburdess@mimecast.com/cpkb-bluezoo/gonzalez/test/output/xml-conformance-report.txt
    [junit] ------------- ---------------- ---------------
    [junit] 
    [junit] Testcase: runTest[James Clark xmltest:not-wf-sa-001 (not-wf)] took 0.013 sec
    [junit] Testcase: runTest[James Clark xmltest:not-wf-sa-002 (not-wf)] took 0.001 sec
    [junit] Testcase: runTest[James Clark xmltest:not-wf-sa-003 (not-wf)] took 0 sec
    [junit] Testcase: runTest[James Clark xmltest:not-wf-sa-004 (not-wf)] took 0 sec
    [junit] Testcase: runTest[James Clark xmltest:not-wf-sa-005 (not-wf)] took 0.001 sec
    [junit] Testcase: runTest[James Clark xmltest:not-wf-sa-006 (not-wf)] took 0 sec
    [junit] Testcase: runTest[James Clark xmltest:not-wf-sa-007 (not-wf)] took 0 sec
    [junit] Testcase: runTest[James Clark xmltest:not-wf-sa-008 (not-wf)] took 0 sec
    [junit] Testcase: runTest[James Clark xmltest:not-wf-sa-009 (not-wf)] took 0 sec
    [junit] Testcase: runTest[James Clark xmltest:not-wf-sa-010 (not-wf)] took 0.001 sec
    [junit] Testcase: runTest[James Clark xmltest:not-wf-sa-011 (not-wf)] took 0.002 sec
    [junit] Testcase: runTest[James Clark xmltest:not-wf-sa-012 (not-wf)] took 0.001 sec
    [junit] Testcase: runTest[James Clark xmltest:not-wf-sa-013 (not-wf)] took 0 sec
    [junit] Testcase: runTest[James Clark xmltest:not-wf-sa-014 (not-wf)] took 0 sec
    [junit] Testcase: runTest[James Clark xmltest:not-wf-sa-015 (not-wf)] took 0.001 sec
    [junit] Testcase: runTest[James Clark xmltest:not-wf-sa-016 (not-wf)] took 0.002 sec
    [junit] Testcase: runTest[James Clark xmltest:not-wf-sa-017 (not-wf)] took 0 sec
    [junit] Testcase: runTest[James Clark xmltest:not-wf-sa-018 (not-wf)] took 0.001 sec
    [junit] Testcase: runTest[James Clark xmltest:not-wf-sa-019 (not-wf)] took 0 sec
    [junit] Testcase: runTest[James Clark xmltest:not-wf-sa-020 (not-wf)] took 0 sec
    [junit] Testcase: runTest[James Clark xmltest:not-wf-sa-021 (not-wf)] took 0 sec
    [junit] Testcase: runTest[James Clark xmltest:not-wf-sa-022 (not-wf)] took 0 sec
    [junit] Testcase: runTest[James Clark xmltest:not-wf-sa-023 (not-wf)] took 0 sec
    [junit] Testcase: runTest[James Clark xmltest:not-wf-sa-024 (not-wf)] took 0.001 sec
    [junit] Testcase: runTest[James Clark xmltest:not-wf-sa-025 (not-wf)] took 0 sec
    [junit] Testcase: runTest[James Clark xmltest:not-wf-sa-026 (not-wf)] took 0 sec
    [junit] Testcase: runTest[James Clark xmltest:not-wf-sa-027 (not-wf)] took 0.001 sec
    [junit] Testcase: runTest[James Clark xmltest:not-wf-sa-028 (not-wf)] took 0 sec
    [junit] Testcase: runTest[James Clark xmltest:not-wf-sa-029 (not-wf)] took 0.001 sec
    [junit] Testcase: runTest[James Clark xmltest:not-wf-sa-030 (not-wf)] took 0.001 sec
    [junit] Testcase: runTest[James Clark xmltest:not-wf-sa-031 (not-wf)] took 0 sec
    [junit] Testcase: runTest[James Clark xmltest:not-wf-sa-032 (not-wf)] took 0 sec
    [junit] Testcase: runTest[James Clark xmltest:not-wf-sa-033 (not-wf)] took 0 sec
    [junit] Testcase: runTest[James Clark xmltest:not-wf-sa-034 (not-wf)] took 0 sec
    [junit] Testcase: runTest[James Clark xmltest:not-wf-sa-035 (not-wf)] took 0 sec
    [junit] Testcase: runTest[James Clark xmltest:not-wf-sa-036 (not-wf)] took 0.001 sec
    [junit] Testcase: runTest[James Clark xmltest:not-wf-sa-037 (not-wf)] took 0 sec
    [junit] Testcase: runTest[James Clark xmltest:not-wf-sa-038 (not-wf)] took 0.001 sec
    [junit] Testcase: runTest[James Clark xmltest:not-wf-sa-039 (not-wf)] took 0.003 sec
    [junit] Testcase: runTest[James Clark xmltest:not-wf-sa-040 (not-wf)] took 0 sec
    [junit] Testcase: runTest[James Clark xmltest:not-wf-sa-041 (not-wf)] took 0 sec
    [junit] Testcase: runTest[James Clark xmltest:not-wf-sa-042 (not-wf)] took 0.001 sec
    [junit] Testcase: runTest[James Clark xmltest:not-wf-sa-043 (not-wf)] took 0 sec
    [junit] Testcase: runTest[James Clark xmltest:not-wf-sa-044 (not-wf)] took 0.001 sec
    [junit] Testcase: runTest[James Clark xmltest:not-wf-sa-045 (not-wf)] took 0 sec
    [junit] Testcase: runTest[James Clark xmltest:not-wf-sa-046 (not-wf)] took 0 sec
    [junit] Testcase: runTest[James Clark xmltest:not-wf-sa-047 (not-wf)] took 0 sec
    [junit] Testcase: runTest[James Clark xmltest:not-wf-sa-048 (not-wf)] took 0 sec
    [junit] Testcase: runTest[James Clark xmltest:not-wf-sa-049 (not-wf)] took 0.001 sec
    [junit] Testcase: runTest[James Clark xmltest:not-wf-sa-050 (not-wf)] took 0 sec
    [junit] Testcase: runTest[James Clark xmltest:not-wf-sa-051 (not-wf)] took 0 sec
    [junit] Testcase: runTest[James Clark xmltest:not-wf-sa-052 (not-wf)] took 0.001 sec
    [junit] Testcase: runTest[James Clark xmltest:not-wf-sa-053 (not-wf)] took 0.001 sec
    [junit] Testcase: runTest[James Clark xmltest:not-wf-sa-054 (not-wf)] took 0.006 sec
    [junit] Testcase: runTest[James Clark xmltest:not-wf-sa-055 (not-wf)] took 0.001 sec
    [junit] Testcase: runTest[James Clark xmltest:not-wf-sa-056 (not-wf)] took 0 sec
    [junit] Testcase: runTest[James Clark xmltest:not-wf-sa-057 (not-wf)] took 0 sec
    [junit] Testcase: runTest[James Clark xmltest:not-wf-sa-058 (not-wf)] took 0.003 sec
    [junit] Testcase: runTest[James Clark xmltest:not-wf-sa-059 (not-wf)] took 0.001 sec
    [junit] Testcase: runTest[James Clark xmltest:not-wf-sa-060 (not-wf)] took 0.001 sec
    [junit] Testcase: runTest[James Clark xmltest:not-wf-sa-061 (not-wf)] took 0 sec
    [junit] Testcase: runTest[James Clark xmltest:not-wf-sa-062 (not-wf)] took 0.001 sec
    [junit] Testcase: runTest[James Clark xmltest:not-wf-sa-063 (not-wf)] took 0 sec
    [junit] Testcase: runTest[James Clark xmltest:not-wf-sa-064 (not-wf)] took 0 sec
    [junit] Testcase: runTest[James Clark xmltest:not-wf-sa-065 (not-wf)] took 0.001 sec
    [junit] Testcase: runTest[James Clark xmltest:not-wf-sa-066 (not-wf)] took 0 sec
    [junit] Testcase: runTest[James Clark xmltest:not-wf-sa-067 (not-wf)] took 0 sec
    [junit] Testcase: runTest[James Clark xmltest:not-wf-sa-068 (not-wf)] took 0 sec
    [junit] Testcase: runTest[James Clark xmltest:not-wf-sa-069 (not-wf)] took 0.001 sec
    [junit] Testcase: runTest[James Clark xmltest:not-wf-sa-070 (not-wf)] took 0 sec
    [junit] Testcase: runTest[James Clark xmltest:not-wf-sa-071 (not-wf)] took 0.017 sec
    [junit] 	Caused an ERROR
    [junit] null
    [junit] java.lang.StackOverflowError
    [junit] 	at org.bluezoo.gonzalez.DTDParser.getGeneralEntity(DTDParser.java:2749)
    [junit] 	at org.bluezoo.gonzalez.EntityStack.expandGeneralEntity(EntityStack.java:153)
    [junit] 	at org.bluezoo.gonzalez.EntityStack.expandEntityValue(EntityStack.java:319)
    [junit] 	at org.bluezoo.gonzalez.EntityStack.expandGeneralEntity(EntityStack.java:221)
    [junit] 	at org.bluezoo.gonzalez.EntityStack.expandEntityValue(EntityStack.java:319)
    [junit] 	at org.bluezoo.gonzalez.EntityStack.expandGeneralEntity(EntityStack.java:221)
    [junit] 	at org.bluezoo.gonzalez.EntityStack.expandEntityValue(EntityStack.java:319)
    [junit] 	at org.bluezoo.gonzalez.EntityStack.expandGeneralEntity(EntityStack.java:221)
    [junit] 	at org.bluezoo.gonzalez.EntityStack.expandEntityValue(EntityStack.java:319)
    [junit] 	at org.bluezoo.gonzalez.EntityStack.expandGeneralEntity(EntityStack.java:221)
    [junit] 	at org.bluezoo.gonzalez.EntityStack.expandEntityValue(EntityStack.java:319)
    [junit] 	at org.bluezoo.gonzalez.EntityStack.expandGeneralEntity(EntityStack.java:221)
    [junit] 	at org.bluezoo.gonzalez.EntityStack.expandEntityValue(EntityStack.java:319)
    [junit] 	at org.bluezoo.gonzalez.EntityStack.expandGeneralEntity(EntityStack.java:221)
    [junit] 	at org.bluezoo.gonzalez.EntityStack.expandEntityValue(EntityStack.java:319)
    [junit] 	at org.bluezoo.gonzalez.EntityStack.expandGeneralEntity(EntityStack.java:221)
    [junit] 	at org.bluezoo.gonzalez.EntityStack.expandEntityValue(EntityStack.java:319)
    [junit] 	at org.bluezoo.gonzalez.EntityStack.expandGeneralEntity(EntityStack.java:221)
    [junit] 	at org.bluezoo.gonzalez.EntityStack.expandEntityValue(EntityStack.java:319)
    [junit] 	at org.bluezoo.gonzalez.EntityStack.expandGeneralEntity(EntityStack.java:221)
    [junit] 	at org.bluezoo.gonzalez.EntityStack.expandEntityValue(EntityStack.java:319)
    [junit] 	at org.bluezoo.gonzalez.EntityStack.expandGeneralEntity(EntityStack.java:221)
    [junit] 	at org.bluezoo.gonzalez.EntityStack.expandEntityValue(EntityStack.java:319)
    [junit] 	at org.bluezoo.gonzalez.EntityStack.expandGeneralEntity(EntityStack.java:221)
    [junit] 	at org.bluezoo.gonzalez.EntityStack.expandEntityValue(EntityStack.java:319)
    [junit] 	at org.bluezoo.gonzalez.EntityStack.expandGeneralEntity(EntityStack.java:221)
    [junit] 	at org.bluezoo.gonzalez.EntityStack.expandEntityValue(EntityStack.java:319)
    [junit] 	at org.bluezoo.gonzalez.EntityStack.expandGeneralEntity(EntityStack.java:221)
    [junit] 	at org.bluezoo.gonzalez.EntityStack.expandEntityValue(EntityStack.java:319)
    [junit] 	at org.bluezoo.gonzalez.EntityStack.expandGeneralEntity(EntityStack.java:221)
    [junit] 	at org.bluezoo.gonzalez.EntityStack.expandEntityValue(EntityStack.java:319)
    [junit] 	at org.bluezoo.gonzalez.EntityStack.expandGeneralEntity(EntityStack.java:221)
    [junit] 	at org.bluezoo.gonzalez.EntityStack.expandEntityValue(EntityStack.java:319)
    [junit] 	at org.bluezoo.gonzalez.EntityStack.expandGeneralEntity(EntityStack.java:221)
    [junit] 	at org.bluezoo.gonzalez.EntityStack.expandEntityValue(EntityStack.java:319)
    [junit] 	at org.bluezoo.gonzalez.EntityStack.expandGeneralEntity(EntityStack.java:221)
    [junit] 	at org.bluezoo.gonzalez.EntityStack.expandEntityValue(EntityStack.java:319)
    [junit] 	at org.bluezoo.gonzalez.EntityStack.expandGeneralEntity(EntityStack.java:221)
    [junit] 	at org.bluezoo.gonzalez.EntityStack.expandEntityValue(EntityStack.java:319)
    [junit] 	at org.bluezoo.gonzalez.EntityStack.expandGeneralEntity(EntityStack.java:221)
    [junit] 	at org.bluezoo.gonzalez.EntityStack.expandEntityValue(EntityStack.java:319)
    [junit] 	at org.bluezoo.gonzalez.EntityStack.expandGeneralEntity(EntityStack.java:221)
    [junit] 	at org.bluezoo.gonzalez.EntityStack.expandEntityValue(EntityStack.java:319)
    [junit] 	at org.bluezoo.gonzalez.EntityStack.expandGeneralEntity(EntityStack.java:221)
    [junit] 	at org.bluezoo.gonzalez.EntityStack.expandEntityValue(EntityStack.java:319)
    [junit] 	at org.bluezoo.gonzalez.EntityStack.expandGeneralEntity(EntityStack.java:221)
    [junit] 	at org.bluezoo.gonzalez.EntityStack.expandEntityValue(EntityStack.java:319)
    [junit] 	at org.bluezoo.gonzalez.EntityStack.expandGeneralEntity(EntityStack.java:221)
    [junit] 	at org.bluezoo.gonzalez.EntityStack.expandEntityValue(EntityStack.java:319)
    [junit] 	at org.bluezoo.gonzalez.EntityStack.expandGeneralEntity(EntityStack.java:221)
    [junit] 	at org.bluezoo.gonzalez.EntityStack.expandEntityValue(EntityStack.java:319)
    [junit] 	at org.bluezoo.gonzalez.EntityStack.expandGeneralEntity(EntityStack.java:221)
    [junit] 	at org.bluezoo.gonzalez.EntityStack.expandEntityValue(EntityStack.java:319)
    [junit] 	at org.bluezoo.gonzalez.EntityStack.expandGeneralEntity(EntityStack.java:221)
    [junit] 	at org.bluezoo.gonzalez.EntityStack.expandEntityValue(EntityStack.java:319)
    [junit] 	at org.bluezoo.gonzalez.EntityStack.expandGeneralEntity(EntityStack.java:221)
    [junit] 	at org.bluezoo.gonzalez.EntityStack.expandEntityValue(EntityStack.java:319)
    [junit] 	at org.bluezoo.gonzalez.EntityStack.expandGeneralEntity(EntityStack.java:221)
    [junit] 	at org.bluezoo.gonzalez.EntityStack.expandEntityValue(EntityStack.java:319)
    [junit] 	at org.bluezoo.gonzalez.EntityStack.expandGeneralEntity(EntityStack.java:221)
    [junit] 	at org.bluezoo.gonzalez.EntityStack.expandEntityValue(EntityStack.java:319)
    [junit] 	at org.bluezoo.gonzalez.EntityStack.expandGeneralEntity(EntityStack.java:221)
    [junit] 	at org.bluezoo.gonzalez.EntityStack.expandEntityValue(EntityStack.java:319)
    [junit] 	at org.bluezoo.gonzalez.EntityStack.expandGeneralEntity(EntityStack.java:221)
    [junit] 	at org.bluezoo.gonzalez.EntityStack.expandEntityValue(EntityStack.java:319)
    [junit] 	at org.bluezoo.gonzalez.EntityStack.expandGeneralEntity(EntityStack.java:221)
    [junit] 	at org.bluezoo.gonzalez.EntityStack.expandEntityValue(EntityStack.java:319)
    [junit] 	at org.bluezoo.gonzalez.EntityStack.expandGeneralEntity(EntityStack.java:221)
    [junit] 	at org.bluezoo.gonzalez.EntityStack.expandEntityValue(EntityStack.java:319)
    [junit] 	at org.bluezoo.gonzalez.EntityStack.expandGeneralEntity(EntityStack.java:221)
    [junit] 	at org.bluezoo.gonzalez.EntityStack.expandEntityValue(EntityStack.java:319)
    [junit] 	at org.bluezoo.gonzalez.EntityStack.expandGeneralEntity(EntityStack.java:221)
    [junit] 	at org.bluezoo.gonzalez.EntityStack.expandEntityValue(EntityStack.java:319)
    [junit] 	at org.bluezoo.gonzalez.EntityStack.expandGeneralEntity(EntityStack.java:221)
    [junit] 	at org.bluezoo.gonzalez.EntityStack.expandEntityValue(EntityStack.java:319)
    [junit] 	at org.bluezoo.gonzalez.EntityStack.expandGeneralEntity(EntityStack.java:221)
    [junit] 	at org.bluezoo.gonzalez.EntityStack.expandEntityValue(EntityStack.java:319)
    [junit] 	at org.bluezoo.gonzalez.EntityStack.expandGeneralEntity(EntityStack.java:221)
    [junit] 	at org.bluezoo.gonzalez.EntityStack.expandEntityValue(EntityStack.java:319)
    [junit] 	at org.bluezoo.gonzalez.EntityStack.expandGeneralEntity(EntityStack.java:221)
    [junit] 	at org.bluezoo.gonzalez.EntityStack.expandEntityValue(EntityStack.java:319)
    [junit] 	at org.bluezoo.gonzalez.EntityStack.expandGeneralEntity(EntityStack.java:221)
    [junit] 	at org.bluezoo.gonzalez.EntityStack.expandEntityValue(EntityStack.java:319)
    [junit] 	at org.bluezoo.gonzalez.EntityStack.expandGeneralEntity(EntityStack.java:221)
    [junit] 	at org.bluezoo.gonzalez.EntityStack.expandEntityValue(EntityStack.java:319)
    [junit] 	at org.bluezoo.gonzalez.EntityStack.expandGeneralEntity(EntityStack.java:221)
    [junit] 	at org.bluezoo.gonzalez.EntityStack.expandEntityValue(EntityStack.java:319)
    [junit] 	at org.bluezoo.gonzalez.EntityStack.expandGeneralEntity(EntityStack.java:221)
    [junit] 	at org.bluezoo.gonzalez.EntityStack.expandEntityValue(EntityStack.java:319)
    [junit] 	at org.bluezoo.gonzalez.EntityStack.expandGeneralEntity(EntityStack.java:221)
    [junit] 	at org.bluezoo.gonzalez.EntityStack.expandEntityValue(EntityStack.java:319)
    [junit] 	at org.bluezoo.gonzalez.EntityStack.expandGeneralEntity(EntityStack.java:221)
    [junit] 	at org.bluezoo.gonzalez.EntityStack.expandEntityValue(EntityStack.java:319)
    [junit] 	at org.bluezoo.gonzalez.EntityStack.expandGeneralEntity(EntityStack.java:221)
    [junit] 	at org.bluezoo.gonzalez.EntityStack.expandEntityValue(EntityStack.java:319)
    [junit] 	at org.bluezoo.gonzalez.EntityStack.expandGeneralEntity(EntityStack.java:221)
    [junit] 	at org.bluezoo.gonzalez.EntityStack.expandEntityValue(EntityStack.java:319)
    [junit] 	at org.bluezoo.gonzalez.EntityStack.expandGeneralEntity(EntityStack.java:221)
    [junit] 	at org.bluezoo.gonzalez.EntityStack.expandEntityValue(EntityStack.java:319)
    [junit] 	at org.bluezoo.gonzalez.EntityStack.expandGeneralEntity(EntityStack.java:221)
    [junit] 	at org.bluezoo.gonzalez.EntityStack.expandEntityValue(EntityStack.java:319)
    [junit] 	at org.bluezoo.gonzalez.EntityStack.expandGeneralEntity(EntityStack.java:221)
    [junit] 	at org.bluezoo.gonzalez.EntityStack.expandEntityValue(EntityStack.java:319)
    [junit] 	at org.bluezoo.gonzalez.EntityStack.expandGeneralEntity(EntityStack.java:221)
    [junit] 	at org.bluezoo.gonzalez.EntityStack.expandEntityValue(EntityStack.java:319)
    [junit] 	at org.bluezoo.gonzalez.EntityStack.expandGeneralEntity(EntityStack.java:221)
    [junit] 	at org.bluezoo.gonzalez.EntityStack.expandEntityValue(EntityStack.java:319)
    [junit] 	at org.bluezoo.gonzalez.EntityStack.expandGeneralEntity(EntityStack.java:221)
    [junit] 	at org.bluezoo.gonzalez.EntityStack.expandEntityValue(EntityStack.java:319)
    [junit] 	at org.bluezoo.gonzalez.EntityStack.expandGeneralEntity(EntityStack.java:221)
    [junit] 	at org.bluezoo.gonzalez.EntityStack.expandEntityValue(EntityStack.java:319)
    [junit] 	at org.bluezoo.gonzalez.EntityStack.expandGeneralEntity(EntityStack.java:221)
    [junit] 	at org.bluezoo.gonzalez.EntityStack.expandEntityValue(EntityStack.java:319)
    [junit] 	at org.bluezoo.gonzalez.EntityStack.expandGeneralEntity(EntityStack.java:221)
    [junit] 	at org.bluezoo.gonzalez.EntityStack.expandEntityValue(EntityStack.java:319)
    [junit] 	at org.bluezoo.gonzalez.EntityStack.expandGeneralEntity(EntityStack.java:221)
    [junit] 	at org.bluezoo.gonzalez.EntityStack.expandEntityValue(EntityStack.java:319)
    [junit] 	at org.bluezoo.gonzalez.EntityStack.expandGeneralEntity(EntityStack.java:221)
    [junit] 	at org.bluezoo.gonzalez.EntityStack.expandEntityValue(EntityStack.java:319)
    [junit] 	at org.bluezoo.gonzalez.EntityStack.expandGeneralEntity(EntityStack.java:221)
    [junit] 	at org.bluezoo.gonzalez.EntityStack.expandEntityValue(EntityStack.java:319)
    [junit] 	at org.bluezoo.gonzalez.EntityStack.expandGeneralEntity(EntityStack.java:221)
    [junit] 	at org.bluezoo.gonzalez.EntityStack.expandEntityValue(EntityStack.java:319)
    [junit] 	at org.bluezoo.gonzalez.EntityStack.expandGeneralEntity(EntityStack.java:221)
    [junit] 	at org.bluezoo.gonzalez.EntityStack.expandEntityValue(EntityStack.java:319)
    [junit] 	at org.bluezoo.gonzalez.EntityStack.expandGeneralEntity(EntityStack.java:221)
    [junit] 	at org.bluezoo.gonzalez.EntityStack.expandEntityValue(EntityStack.java:319)
    [junit] 	at org.bluezoo.gonzalez.EntityStack.expandGeneralEntity(EntityStack.java:221)
    [junit] 	at org.bluezoo.gonzalez.EntityStack.expandEntityValue(EntityStack.java:319)
    [junit] 	at org.bluezoo.gonzalez.EntityStack.expandGeneralEntity(EntityStack.java:221)
    [junit] 	at org.bluezoo.gonzalez.EntityStack.expandEntityValue(EntityStack.java:319)
    [junit] 	at org.bluezoo.gonzalez.EntityStack.expandGeneralEntity(EntityStack.java:221)
    [junit] 	at org.bluezoo.gonzalez.EntityStack.expandEntityValue(EntityStack.java:319)
    [junit] 	at org.bluezoo.gonzalez.EntityStack.expandGeneralEntity(EntityStack.java:221)
    [junit] 	at org.bluezoo.gonzalez.EntityStack.expandEntityValue(EntityStack.java:319)
    [junit] 	at org.bluezoo.gonzalez.EntityStack.expandGeneralEntity(EntityStack.java:221)
    [junit] 	at org.bluezoo.gonzalez.EntityStack.expandEntityValue(EntityStack.java:319)
    [junit] 	at org.bluezoo.gonzalez.EntityStack.expandGeneralEntity(EntityStack.java:221)
    [junit] 	at org.bluezoo.gonzalez.EntityStack.expandEntityValue(EntityStack.java:319)
    [junit] 	at org.bluezoo.gonzalez.EntityStack.expandGeneralEntity(EntityStack.java:221)
    [junit] 	at org.bluezoo.gonzalez.EntityStack.expandEntityValue(EntityStack.java:319)
    [junit] 	at org.bluezoo.gonzalez.EntityStack.expandGeneralEntity(EntityStack.java:221)
    [junit] 	at org.bluezoo.gonzalez.EntityStack.expandEntityValue(EntityStack.java:319)
    [junit] 	at org.bluezoo.gonzalez.EntityStack.expandGeneralEntity(EntityStack.java:221)
    [junit] 	at org.bluezoo.gonzalez.EntityStack.expandEntityValue(EntityStack.java:319)
    [junit] 	at org.bluezoo.gonzalez.EntityStack.expandGeneralEntity(EntityStack.java:221)
    [junit] 	at org.bluezoo.gonzalez.EntityStack.expandEntityValue(EntityStack.java:319)
    [junit] 	at org.bluezoo.gonzalez.EntityStack.expandGeneralEntity(EntityStack.java:221)
    [junit] 	at org.bluezoo.gonzalez.EntityStack.expandEntityValue(EntityStack.java:319)
    [junit] 	at org.bluezoo.gonzalez.EntityStack.expandGeneralEntity(EntityStack.java:221)
    [junit] 	at org.bluezoo.gonzalez.EntityStack.expandEntityValue(EntityStack.java:319)
    [junit] 	at org.bluezoo.gonzalez.EntityStack.expandGeneralEntity(EntityStack.java:221)
    [junit] 	at org.bluezoo.gonzalez.EntityStack.expandEntityValue(EntityStack.java:319)
    [junit] 	at org.bluezoo.gonzalez.EntityStack.expandGeneralEntity(EntityStack.java:221)
    [junit] 	at org.bluezoo.gonzalez.EntityStack.expandEntityValue(EntityStack.java:319)
    [junit] 	at org.bluezoo.gonzalez.EntityStack.expandGeneralEntity(EntityStack.java:221)
    [junit] 	at org.bluezoo.gonzalez.EntityStack.expandEntityValue(EntityStack.java:319)
    [junit] 	at org.bluezoo.gonzalez.EntityStack.expandGeneralEntity(EntityStack.java:221)
    [junit] 	at org.bluezoo.gonzalez.EntityStack.expandEntityValue(EntityStack.java:319)
    [junit] 	at org.bluezoo.gonzalez.EntityStack.expandGeneralEntity(EntityStack.java:221)
    [junit] 	at org.bluezoo.gonzalez.EntityStack.expandEntityValue(EntityStack.java:319)
    [junit] 	at org.bluezoo.gonzalez.EntityStack.expandGeneralEntity(EntityStack.java:221)
    [junit] 	at org.bluezoo.gonzalez.EntityStack.expandEntityValue(EntityStack.java:319)
    [junit] 	at org.bluezoo.gonzalez.EntityStack.expandGeneralEntity(EntityStack.java:221)
    [junit] 	at org.bluezoo.gonzalez.EntityStack.expandEntityValue(EntityStack.java:319)
    [junit] 	at org.bluezoo.gonzalez.EntityStack.expandGeneralEntity(EntityStack.java:221)
    [junit] 	at org.bluezoo.gonzalez.EntityStack.expandEntityValue(EntityStack.java:319)
    [junit] 	at org.bluezoo.gonzalez.EntityStack.expandGeneralEntity(EntityStack.java:221)
    [junit] 	at org.bluezoo.gonzalez.EntityStack.expandEntityValue(EntityStack.java:319)
    [junit] 	at org.bluezoo.gonzalez.EntityStack.expandGeneralEntity(EntityStack.java:221)
    [junit] 	at org.bluezoo.gonzalez.EntityStack.expandEntityValue(EntityStack.java:319)
    [junit] 	at org.bluezoo.gonzalez.EntityStack.expandGeneralEntity(EntityStack.java:221)
    [junit] 	at org.bluezoo.gonzalez.EntityStack.expandEntityValue(EntityStack.java:319)
    [junit] 	at org.bluezoo.gonzalez.EntityStack.expandGeneralEntity(EntityStack.java:221)
    [junit] 	at org.bluezoo.gonzalez.EntityStack.expandEntityValue(EntityStack.java:319)
    [junit] 	at org.bluezoo.gonzalez.EntityStack.expandGeneralEntity(EntityStack.java:221)
    [junit] 	at org.bluezoo.gonzalez.EntityStack.expandEntityValue(EntityStack.java:319)
    [junit] 	at org.bluezoo.gonzalez.EntityStack.expandGeneralEntity(EntityStack.java:221)
    [junit] 	at org.bluezoo.gonzalez.EntityStack.expandEntityValue(EntityStack.java:319)
    [junit] 	at org.bluezoo.gonzalez.EntityStack.expandGeneralEntity(EntityStack.java:221)
    [junit] 	at org.bluezoo.gonzalez.EntityStack.expandEntityValue(EntityStack.java:319)
    [junit] 	at org.bluezoo.gonzalez.EntityStack.expandGeneralEntity(EntityStack.java:221)
    [junit] 	at org.bluezoo.gonzalez.EntityStack.expandEntityValue(EntityStack.java:319)
    [junit] 	at org.bluezoo.gonzalez.EntityStack.expandGeneralEntity(EntityStack.java:221)
    [junit] 	at org.bluezoo.gonzalez.EntityStack.expandEntityValue(EntityStack.java:319)
    [junit] 	at org.bluezoo.gonzalez.EntityStack.expandGeneralEntity(EntityStack.java:221)
    [junit] 	at org.bluezoo.gonzalez.EntityStack.expandEntityValue(EntityStack.java:319)
    [junit] 	at org.bluezoo.gonzalez.EntityStack.expandGeneralEntity(EntityStack.java:221)
    [junit] 	at org.bluezoo.gonzalez.EntityStack.expandEntityValue(EntityStack.java:319)
    [junit] 	at org.bluezoo.gonzalez.EntityStack.expandGeneralEntity(EntityStack.java:221)
    [junit] 	at org.bluezoo.gonzalez.EntityStack.expandEntityValue(EntityStack.java:319)
    [junit] 	at org.bluezoo.gonzalez.EntityStack.expandGeneralEntity(EntityStack.java:221)
    [junit] 	at org.bluezoo.gonzalez.EntityStack.expandEntityValue(EntityStack.java:319)
    [junit] 	at org.bluezoo.gonzalez.EntityStack.expandGeneralEntity(EntityStack.java:221)
    [junit] 	at org.bluezoo.gonzalez.EntityStack.expandEntityValue(EntityStack.java:319)
    [junit] 	at org.bluezoo.gonzalez.EntityStack.expandGeneralEntity(EntityStack.java:221)
    [junit] 	at org.bluezoo.gonzalez.EntityStack.expandEntityValue(EntityStack.java:319)
    [junit] 	at org.bluezoo.gonzalez.EntityStack.expandGeneralEntity(EntityStack.java:221)
    [junit] 	at org.bluezoo.gonzalez.EntityStack.expandEntityValue(EntityStack.java:319)
    [junit] 	at org.bluezoo.gonzalez.EntityStack.expandGeneralEntity(EntityStack.java:221)
    [junit] 	at org.bluezoo.gonzalez.EntityStack.expandEntityValue(EntityStack.java:319)
    [junit] 	at org.bluezoo.gonzalez.EntityStack.expandGeneralEntity(EntityStack.java:221)
    [junit] 	at org.bluezoo.gonzalez.EntityStack.expandEntityValue(EntityStack.java:319)
    [junit] 	at org.bluezoo.gonzalez.EntityStack.expandGeneralEntity(EntityStack.java:221)
    [junit] 	at org.bluezoo.gonzalez.EntityStack.expandEntityValue(EntityStack.java:319)
    [junit] 	at org.bluezoo.gonzalez.EntityStack.expandGeneralEntity(EntityStack.java:221)
    [junit] 	at org.bluezoo.gonzalez.EntityStack.expandEntityValue(EntityStack.java:319)
    [junit] 	at org.bluezoo.gonzalez.EntityStack.expandGeneralEntity(EntityStack.java:221)
    [junit] 	at org.bluezoo.gonzalez.EntityStack.expandEntityValue(EntityStack.java:319)
    [junit] 	at org.bluezoo.gonzalez.EntityStack.expandGeneralEntity(EntityStack.java:221)
    [junit] 	at org.bluezoo.gonzalez.EntityStack.expandEntityValue(EntityStack.java:319)
    [junit] 	at org.bluezoo.gonzalez.EntityStack.expandGeneralEntity(EntityStack.java:221)
    [junit] 	at org.bluezoo.gonzalez.EntityStack.expandEntityValue(EntityStack.java:319)
    [junit] 	at org.bluezoo.gonzalez.EntityStack.expandGeneralEntity(EntityStack.java:221)
    [junit] 	at org.bluezoo.gonzalez.EntityStack.expandEntityValue(EntityStack.java:319)
    [junit] 	at org.bluezoo.gonzalez.EntityStack.expandGeneralEntity(EntityStack.java:221)
    [junit] 	at org.bluezoo.gonzalez.EntityStack.expandEntityValue(EntityStack.java:319)
    [junit] 	at org.bluezoo.gonzalez.EntityStack.expandGeneralEntity(EntityStack.java:221)
    [junit] 	at org.bluezoo.gonzalez.EntityStack.expandEntityValue(EntityStack.java:319)
    [junit] 	at org.bluezoo.gonzalez.EntityStack.expandGeneralEntity(EntityStack.java:221)
    [junit] 	at org.bluezoo.gonzalez.EntityStack.expandEntityValue(EntityStack.java:319)
    [junit] 	at org.bluezoo.gonzalez.EntityStack.expandGeneralEntity(EntityStack.java:221)
    [junit] 	at org.bluezoo.gonzalez.EntityStack.expandEntityValue(EntityStack.java:319)
    [junit] 	at org.bluezoo.gonzalez.EntityStack.expandGeneralEntity(EntityStack.java:221)
    [junit] 	at org.bluezoo.gonzalez.EntityStack.expandEntityValue(EntityStack.java:319)
    [junit] 	at org.bluezoo.gonzalez.EntityStack.expandGeneralEntity(EntityStack.java:221)
    [junit] 	at org.bluezoo.gonzalez.EntityStack.expandEntityValue(EntityStack.java:319)
    [junit] 	at org.bluezoo.gonzalez.EntityStack.expandGeneralEntity(EntityStack.java:221)
    [junit] 	at org.bluezoo.gonzalez.EntityStack.expandEntityValue(EntityStack.java:319)
    [junit] 	at org.bluezoo.gonzalez.EntityStack.expandGeneralEntity(EntityStack.java:221)
    [junit] 	at org.bluezoo.gonzalez.EntityStack.expandEntityValue(EntityStack.java:319)
    [junit] 	at org.bluezoo.gonzalez.EntityStack.expandGeneralEntity(EntityStack.java:221)
    [junit] 	at org.bluezoo.gonzalez.EntityStack.expandEntityValue(EntityStack.java:319)
    [junit] 	at org.bluezoo.gonzalez.EntityStack.expandGeneralEntity(EntityStack.java:221)
    [junit] 	at org.bluezoo.gonzalez.EntityStack.expandEntityValue(EntityStack.java:319)
    [junit] 	at org.bluezoo.gonzalez.EntityStack.expandGeneralEntity(EntityStack.java:221)
    [junit] 	at org.bluezoo.gonzalez.EntityStack.expandEntityValue(EntityStack.java:319)
    [junit] 	at org.bluezoo.gonzalez.EntityStack.expandGeneralEntity(EntityStack.java:221)
    [junit] 	at org.bluezoo.gonzalez.EntityStack.expandEntityValue(EntityStack.java:319)
    [junit] 	at org.bluezoo.gonzalez.EntityStack.expandGeneralEntity(EntityStack.java:221)
    [junit] 	at org.bluezoo.gonzalez.EntityStack.expandEntityValue(EntityStack.java:319)
    [junit] 	at org.bluezoo.gonzalez.EntityStack.expandGeneralEntity(EntityStack.java:221)
    [junit] 	at org.bluezoo.gonzalez.EntityStack.expandEntityValue(EntityStack.java:319)
    [junit] 	at org.bluezoo.gonzalez.EntityStack.expandGeneralEntity(EntityStack.java:221)
    [junit] 	at org.bluezoo.gonzalez.EntityStack.expandEntityValue(EntityStack.java:319)
    [junit] 	at org.bluezoo.gonzalez.EntityStack.expandGeneralEntity(EntityStack.java:221)
    [junit] 	at org.bluezoo.gonzalez.EntityStack.expandEntityValue(EntityStack.java:319)
    [junit] 	at org.bluezoo.gonzalez.EntityStack.expandGeneralEntity(EntityStack.java:221)
    [junit] 	at org.bluezoo.gonzalez.EntityStack.expandEntityValue(EntityStack.java:319)
    [junit] 	at org.bluezoo.gonzalez.EntityStack.expandGeneralEntity(EntityStack.java:221)
    [junit] 	at org.bluezoo.gonzalez.EntityStack.expandEntityValue(EntityStack.java:319)
    [junit] 	at org.bluezoo.gonzalez.EntityStack.expandGeneralEntity(EntityStack.java:221)
    [junit] 	at org.bluezoo.gonzalez.EntityStack.expandEntityValue(EntityStack.java:319)
    [junit] 	at org.bluezoo.gonzalez.EntityStack.expandGeneralEntity(EntityStack.java:221)
    [junit] 	at org.bluezoo.gonzalez.EntityStack.expandEntityValue(EntityStack.java:319)
    [junit] 	at org.bluezoo.gonzalez.EntityStack.expandGeneralEntity(EntityStack.java:221)
    [junit] 	at org.bluezoo.gonzalez.EntityStack.expandEntityValue(EntityStack.java:319)
    [junit] 	at org.bluezoo.gonzalez.EntityStack.expandGeneralEntity(EntityStack.java:221)
    [junit] 	at org.bluezoo.gonzalez.EntityStack.expandEntityValue(EntityStack.java:319)
    [junit] 	at org.bluezoo.gonzalez.EntityStack.expandGeneralEntity(EntityStack.java:221)
    [junit] 	at org.bluezoo.gonzalez.EntityStack.expandEntityValue(EntityStack.java:319)
    [junit] 	at org.bluezoo.gonzalez.EntityStack.expandGeneralEntity(EntityStack.java:221)
    [junit] 	at org.bluezoo.gonzalez.EntityStack.expandEntityValue(EntityStack.java:319)
    [junit] 	at org.bluezoo.gonzalez.EntityStack.expandGeneralEntity(EntityStack.java:221)
    [junit] 	at org.bluezoo.gonzalez.EntityStack.expandEntityValue(EntityStack.java:319)
    [junit] 	at org.bluezoo.gonzalez.EntityStack.expandGeneralEntity(EntityStack.java:221)
    [junit] 	at org.bluezoo.gonzalez.EntityStack.expandEntityValue(EntityStack.java:319)
    [junit] 	at org.bluezoo.gonzalez.EntityStack.expandGeneralEntity(EntityStack.java:221)
    [junit] 	at org.bluezoo.gonzalez.EntityStack.expandEntityValue(EntityStack.java:319)
    [junit] 	at org.bluezoo.gonzalez.EntityStack.expandGeneralEntity(EntityStack.java:221)
    [junit] 	at org.bluezoo.gonzalez.EntityStack.expandEntityValue(EntityStack.java:319)
    [junit] 	at org.bluezoo.gonzalez.EntityStack.expandGeneralEntity(EntityStack.java:221)
    [junit] 	at org.bluezoo.gonzalez.EntityStack.expandEntityValue(EntityStack.java:319)
    [junit] 	at org.bluezoo.gonzalez.EntityStack.expandGeneralEntity(EntityStack.java:221)
    [junit] 	at org.bluezoo.gonzalez.EntityStack.expandEntityValue(EntityStack.java:319)
    [junit] 	at org.bluezoo.gonzalez.EntityStack.expandGeneralEntity(EntityStack.java:221)
    [junit] 	at org.bluezoo.gonzalez.EntityStack.expandEntityValue(EntityStack.java:319)
    [junit] 	at org.bluezoo.gonzalez.EntityStack.expandGeneralEntity(EntityStack.java:221)
    [junit] 	at org.bluezoo.gonzalez.EntityStack.expandEntityValue(EntityStack.java:319)
    [junit] 	at org.bluezoo.gonzalez.EntityStack.expandGeneralEntity(EntityStack.java:221)
    [junit] 	at org.bluezoo.gonzalez.EntityStack.expandEntityValue(EntityStack.java:319)
    [junit] 	at org.bluezoo.gonzalez.EntityStack.expandGeneralEntity(EntityStack.java:221)
    [junit] 	at org.bluezoo.gonzalez.EntityStack.expandEntityValue(EntityStack.java:319)
    [junit] 	at org.bluezoo.gonzalez.EntityStack.expandGeneralEntity(EntityStack.java:221)
    [junit] 	at org.bluezoo.gonzalez.EntityStack.expandEntityValue(EntityStack.java:319)
    [junit] 	at org.bluezoo.gonzalez.EntityStack.expandGeneralEntity(EntityStack.java:221)
    [junit] 	at org.bluezoo.gonzalez.EntityStack.expandEntityValue(EntityStack.java:319)
    [junit] 	at org.bluezoo.gonzalez.EntityStack.expandGeneralEntity(EntityStack.java:221)
    [junit] 	at org.bluezoo.gonzalez.EntityStack.expandEntityValue(EntityStack.java:319)
    [junit] 	at org.bluezoo.gonzalez.EntityStack.expandGeneralEntity(EntityStack.java:221)
    [junit] 	at org.bluezoo.gonzalez.EntityStack.expandEntityValue(EntityStack.java:319)
    [junit] 	at org.bluezoo.gonzalez.EntityStack.expandGeneralEntity(EntityStack.java:221)
    [junit] 	at org.bluezoo.gonzalez.EntityStack.expandEntityValue(EntityStack.java:319)
    [junit] 	at org.bluezoo.gonzalez.EntityStack.expandGeneralEntity(EntityStack.java:221)
    [junit] 	at org.bluezoo.gonzalez.EntityStack.expandEntityValue(EntityStack.java:319)
    [junit] 	at org.bluezoo.gonzalez.EntityStack.expandGeneralEntity(EntityStack.java:221)
    [junit] 	at org.bluezoo.gonzalez.EntityStack.expandEntityValue(EntityStack.java:319)
    [junit] 	at org.bluezoo.gonzalez.EntityStack.expandGeneralEntity(EntityStack.java:221)
    [junit] 	at org.bluezoo.gonzalez.EntityStack.expandEntityValue(EntityStack.java:319)
    [junit] 	at org.bluezoo.gonzalez.EntityStack.expandGeneralEntity(EntityStack.java:221)
    [junit] 	at org.bluezoo.gonzalez.EntityStack.expandEntityValue(EntityStack.java:319)
    [junit] 	at org.bluezoo.gonzalez.EntityStack.expandGeneralEntity(EntityStack.java:221)
    [junit] 	at org.bluezoo.gonzalez.EntityStack.expandEntityValue(EntityStack.java:319)
    [junit] 	at org.bluezoo.gonzalez.EntityStack.expandGeneralEntity(EntityStack.java:221)
    [junit] 	at org.bluezoo.gonzalez.EntityStack.expandEntityValue(EntityStack.java:319)
    [junit] 	at org.bluezoo.gonzalez.EntityStack.expandGeneralEntity(EntityStack.java:221)
    [junit] 	at org.bluezoo.gonzalez.EntityStack.expandEntityValue(EntityStack.java:319)
    [junit] 	at org.bluezoo.gonzalez.EntityStack.expandGeneralEntity(EntityStack.java:221)
    [junit] 	at org.bluezoo.gonzalez.EntityStack.expandEntityValue(EntityStack.java:319)
    [junit] 	at org.bluezoo.gonzalez.EntityStack.expandGeneralEntity(EntityStack.java:221)
    [junit] 	at org.bluezoo.gonzalez.EntityStack.expandEntityValue(EntityStack.java:319)
    [junit] 	at org.bluezoo.gonzalez.EntityStack.expandGeneralEntity(EntityStack.java:221)
    [junit] 	at org.bluezoo.gonzalez.EntityStack.expandEntityValue(EntityStack.java:319)
    [junit] 	at org.bluezoo.gonzalez.EntityStack.expandGeneralEntity(EntityStack.java:221)
    [junit] 	at org.bluezoo.gonzalez.EntityStack.expandEntityValue(EntityStack.java:319)
    [junit] 	at org.bluezoo.gonzalez.EntityStack.expandGeneralEntity(EntityStack.java:221)
    [junit] 	at org.bluezoo.gonzalez.EntityStack.expandEntityValue(EntityStack.java:319)
    [junit] 	at org.bluezoo.gonzalez.EntityStack.expandGeneralEntity(EntityStack.java:221)
    [junit] 	at org.bluezoo.gonzalez.EntityStack.expandEntityValue(EntityStack.java:319)
    [junit] 	at org.bluezoo.gonzalez.EntityStack.expandGeneralEntity(EntityStack.java:221)
    [junit] 	at org.bluezoo.gonzalez.EntityStack.expandEntityValue(EntityStack.java:319)
    [junit] 	at org.bluezoo.gonzalez.EntityStack.expandGeneralEntity(EntityStack.java:221)
    [junit] 	at org.bluezoo.gonzalez.EntityStack.expandEntityValue(EntityStack.java:319)
    [junit] 	at org.bluezoo.gonzalez.EntityStack.expandGeneralEntity(EntityStack.java:221)
    [junit] 	at org.bluezoo.gonzalez.EntityStack.expandEntityValue(EntityStack.java:319)
    [junit] 	at org.bluezoo.gonzalez.EntityStack.expandGeneralEntity(EntityStack.java:221)
    [junit] 	at org.bluezoo.gonzalez.EntityStack.expandEntityValue(EntityStack.java:319)
    [junit] 	at org.bluezoo.gonzalez.EntityStack.expandGeneralEntity(EntityStack.java:221)
    [junit] 	at org.bluezoo.gonzalez.EntityStack.expandEntityValue(EntityStack.java:319)
    [junit] 	at org.bluezoo.gonzalez.EntityStack.expandGeneralEntity(EntityStack.java:221)
    [junit] 	at org.bluezoo.gonzalez.EntityStack.expandEntityValue(EntityStack.java:319)
    [junit] 	at org.bluezoo.gonzalez.EntityStack.expandGeneralEntity(EntityStack.java:221)
    [junit] 	at org.bluezoo.gonzalez.EntityStack.expandEntityValue(EntityStack.java:319)
    [junit] 	at org.bluezoo.gonzalez.EntityStack.expandGeneralEntity(EntityStack.java:221)
    [junit] 	at org.bluezoo.gonzalez.EntityStack.expandEntityValue(EntityStack.java:319)
    [junit] 	at org.bluezoo.gonzalez.EntityStack.expandGeneralEntity(EntityStack.java:221)
    [junit] 	at org.bluezoo.gonzalez.EntityStack.expandEntityValue(EntityStack.java:319)
    [junit] 	at org.bluezoo.gonzalez.EntityStack.expandGeneralEntity(EntityStack.java:221)
    [junit] 	at org.bluezoo.gonzalez.EntityStack.expandEntityValue(EntityStack.java:319)
    [junit] 	at org.bluezoo.gonzalez.EntityStack.expandGeneralEntity(EntityStack.java:221)
    [junit] 	at org.bluezoo.gonzalez.EntityStack.expandEntityValue(EntityStack.java:319)
    [junit] 	at org.bluezoo.gonzalez.EntityStack.expandGeneralEntity(EntityStack.java:221)
    [junit] 	at org.bluezoo.gonzalez.EntityStack.expandEntityValue(EntityStack.java:319)
    [junit] 	at org.bluezoo.gonzalez.EntityStack.expandGeneralEntity(EntityStack.java:221)
    [junit] 	at org.bluezoo.gonzalez.EntityStack.expandEntityValue(EntityStack.java:319)
    [junit] 	at org.bluezoo.gonzalez.EntityStack.expandGeneralEntity(EntityStack.java:221)
    [junit] 	at org.bluezoo.gonzalez.EntityStack.expandEntityValue(EntityStack.java:319)
    [junit] 	at org.bluezoo.gonzalez.EntityStack.expandGeneralEntity(EntityStack.java:221)
    [junit] 	at org.bluezoo.gonzalez.EntityStack.expandEntityValue(EntityStack.java:319)
    [junit] 	at org.bluezoo.gonzalez.EntityStack.expandGeneralEntity(EntityStack.java:221)
    [junit] 	at org.bluezoo.gonzalez.EntityStack.expandEntityValue(EntityStack.java:319)
    [junit] 	at org.bluezoo.gonzalez.EntityStack.expandGeneralEntity(EntityStack.java:221)
    [junit] 	at org.bluezoo.gonzalez.EntityStack.expandEntityValue(EntityStack.java:319)
    [junit] 	at org.bluezoo.gonzalez.EntityStack.expandGeneralEntity(EntityStack.java:221)
    [junit] 	at org.bluezoo.gonzalez.EntityStack.expandEntityValue(EntityStack.java:319)
    [junit] 	at org.bluezoo.gonzalez.EntityStack.expandGeneralEntity(EntityStack.java:221)
    [junit] 	at org.bluezoo.gonzalez.EntityStack.expandEntityValue(EntityStack.java:319)
    [junit] 	at org.bluezoo.gonzalez.EntityStack.expandGeneralEntity(EntityStack.java:221)
    [junit] 	at org.bluezoo.gonzalez.EntityStack.expandEntityValue(EntityStack.java:319)
    [junit] 	at org.bluezoo.gonzalez.EntityStack.expandGeneralEntity(EntityStack.java:221)
    [junit] 	at org.bluezoo.gonzalez.EntityStack.expandEntityValue(EntityStack.java:319)
    [junit] 	at org.bluezoo.gonzalez.EntityStack.expandGeneralEntity(EntityStack.java:221)
    [junit] 	at org.bluezoo.gonzalez.EntityStack.expandEntityValue(EntityStack.java:319)
    [junit] 	at org.bluezoo.gonzalez.EntityStack.expandGeneralEntity(EntityStack.java:221)
    [junit] 	at org.bluezoo.gonzalez.EntityStack.expandEntityValue(EntityStack.java:319)
    [junit] 	at org.bluezoo.gonzalez.EntityStack.expandGeneralEntity(EntityStack.java:221)
    [junit] 	at org.bluezoo.gonzalez.EntityStack.expandEntityValue(EntityStack.java:319)
    [junit] 	at org.bluezoo.gonzalez.EntityStack.expandGeneralEntity(EntityStack.java:221)
    [junit] 	at org.bluezoo.gonzalez.EntityStack.expandEntityValue(EntityStack.java:319)
    [junit] 	at org.bluezoo.gonzalez.EntityStack.expandGeneralEntity(EntityStack.java:221)
    [junit] 	at org.bluezoo.gonzalez.EntityStack.expandEntityValue(EntityStack.java:319)
    [junit] 	at org.bluezoo.gonzalez.EntityStack.expandGeneralEntity(EntityStack.java:221)
    [junit] 	at org.bluezoo.gonzalez.EntityStack.expandEntityValue(EntityStack.java:319)
    [junit] 	at org.bluezoo.gonzalez.EntityStack.expandGeneralEntity(EntityStack.java:221)
    [junit] 	at org.bluezoo.gonzalez.EntityStack.expandEntityValue(EntityStack.java:319)
    [junit] 	at org.bluezoo.gonzalez.EntityStack.expandGeneralEntity(EntityStack.java:221)
    [junit] 	at org.bluezoo.gonzalez.EntityStack.expandEntityValue(EntityStack.java:319)
    [junit] 	at org.bluezoo.gonzalez.EntityStack.expandGeneralEntity(EntityStack.java:221)
    [junit] 	at org.bluezoo.gonzalez.EntityStack.expandEntityValue(EntityStack.java:319)
    [junit] 	at org.bluezoo.gonzalez.EntityStack.expandGeneralEntity(EntityStack.java:221)
    [junit] 	at org.bluezoo.gonzalez.EntityStack.expandEntityValue(EntityStack.java:319)
    [junit] 	at org.bluezoo.gonzalez.EntityStack.expandGeneralEntity(EntityStack.java:221)
    [junit] 	at org.bluezoo.gonzalez.EntityStack.expandEntityValue(EntityStack.java:319)
    [junit] 	at org.bluezoo.gonzalez.EntityStack.expandGeneralEntity(EntityStack.java:221)
    [junit] 	at org.bluezoo.gonzalez.EntityStack.expandEntityValue(EntityStack.java:319)
    [junit] 	at org.bluezoo.gonzalez.EntityStack.expandGeneralEntity(EntityStack.java:221)
    [junit] 	at org.bluezoo.gonzalez.EntityStack.expandEntityValue(EntityStack.java:319)
    [junit] 	at org.bluezoo.gonzalez.EntityStack.expandGeneralEntity(EntityStack.java:221)
    [junit] 	at org.bluezoo.gonzalez.EntityStack.expandEntityValue(EntityStack.java:319)
    [junit] 	at org.bluezoo.gonzalez.EntityStack.expandGeneralEntity(EntityStack.java:221)
    [junit] 	at org.bluezoo.gonzalez.EntityStack.expandEntityValue(EntityStack.java:319)
    [junit] 	at org.bluezoo.gonzalez.EntityStack.expandGeneralEntity(EntityStack.java:221)
    [junit] 	at org.bluezoo.gonzalez.EntityStack.expandEntityValue(EntityStack.java:319)
    [junit] 	at org.bluezoo.gonzalez.EntityStack.expandGeneralEntity(EntityStack.java:221)
    [junit] 	at org.bluezoo.gonzalez.EntityStack.expandEntityValue(EntityStack.java:319)
    [junit] 	at org.bluezoo.gonzalez.EntityStack.expandGeneralEntity(EntityStack.java:221)
    [junit] 	at org.bluezoo.gonzalez.EntityStack.expandEntityValue(EntityStack.java:319)
    [junit] 	at org.bluezoo.gonzalez.EntityStack.expandGeneralEntity(EntityStack.java:221)
    [junit] 	at org.bluezoo.gonzalez.EntityStack.expandEntityValue(EntityStack.java:319)
    [junit] 	at org.bluezoo.gonzalez.EntityStack.expandGeneralEntity(EntityStack.java:221)
    [junit] 	at org.bluezoo.gonzalez.EntityStack.expandEntityValue(EntityStack.java:319)
    [junit] 	at org.bluezoo.gonzalez.EntityStack.expandGeneralEntity(EntityStack.java:221)
    [junit] 	at org.bluezoo.gonzalez.EntityStack.expandEntityValue(EntityStack.java:319)
    [junit] 	at org.bluezoo.gonzalez.EntityStack.expandGeneralEntity(EntityStack.java:221)
    [junit] 	at org.bluezoo.gonzalez.EntityStack.expandEntityValue(EntityStack.java:319)
    [junit] 	at org.bluezoo.gonzalez.EntityStack.expandGeneralEntity(EntityStack.java:221)
    [junit] 	at org.bluezoo.gonzalez.EntityStack.expandEntityValue(EntityStack.java:319)
    [junit] 	at org.bluezoo.gonzalez.EntityStack.expandGeneralEntity(EntityStack.java:221)
    [junit] 	at org.bluezoo.gonzalez.EntityStack.expandEntityValue(EntityStack.java:319)
    [junit] 	at org.bluezoo.gonzalez.EntityStack.expandGeneralEntity(EntityStack.java:221)
    [junit] 	at org.bluezoo.gonzalez.EntityStack.expandEntityValue(EntityStack.java:319)
    [junit] 	at org.bluezoo.gonzalez.EntityStack.expandGeneralEntity(EntityStack.java:221)
    [junit] 	at org.bluezoo.gonzalez.EntityStack.expandEntityValue(EntityStack.java:319)
    [junit] 	at org.bluezoo.gonzalez.EntityStack.expandGeneralEntity(EntityStack.java:221)
    [junit] 	at org.bluezoo.gonzalez.EntityStack.expandEntityValue(EntityStack.java:319)
    [junit] 	at org.bluezoo.gonzalez.EntityStack.expandGeneralEntity(EntityStack.java:221)
    [junit] 	at org.bluezoo.gonzalez.EntityStack.expandEntityValue(EntityStack.java:319)
    [junit] 	at org.bluezoo.gonzalez.EntityStack.expandGeneralEntity(EntityStack.java:221)
    [junit] 	at org.bluezoo.gonzalez.EntityStack.expandEntityValue(EntityStack.java:319)
    [junit] 	at org.bluezoo.gonzalez.EntityStack.expandGeneralEntity(EntityStack.java:221)
    [junit] 	at org.bluezoo.gonzalez.EntityStack.expandEntityValue(EntityStack.java:319)
    [junit] 	at org.bluezoo.gonzalez.EntityStack.expandGeneralEntity(EntityStack.java:221)
    [junit] 	at org.bluezoo.gonzalez.EntityStack.expandEntityValue(EntityStack.java:319)
    [junit] 	at org.bluezoo.gonzalez.EntityStack.expandGeneralEntity(EntityStack.java:221)
    [junit] 	at org.bluezoo.gonzalez.EntityStack.expandEntityValue(EntityStack.java:319)
    [junit] 	at org.bluezoo.gonzalez.EntityStack.expandGeneralEntity(EntityStack.java:221)
    [junit] 	at org.bluezoo.gonzalez.EntityStack.expandEntityValue(EntityStack.java:319)
    [junit] 	at org.bluezoo.gonzalez.EntityStack.expandGeneralEntity(EntityStack.java:221)
    [junit] 	at org.bluezoo.gonzalez.EntityStack.expandEntityValue(EntityStack.java:319)
    [junit] 	at org.bluezoo.gonzalez.EntityStack.expandGeneralEntity(EntityStack.java:221)
    [junit] 	at org.bluezoo.gonzalez.EntityStack.expandEntityValue(EntityStack.java:319)
    [junit] 	at org.bluezoo.gonzalez.EntityStack.expandGeneralEntity(EntityStack.java:221)
    [junit] 	at org.bluezoo.gonzalez.EntityStack.expandEntityValue(EntityStack.java:319)
    [junit] 	at org.bluezoo.gonzalez.EntityStack.expandGeneralEntity(EntityStack.java:221)
    [junit] 	at org.bluezoo.gonzalez.EntityStack.expandEntityValue(EntityStack.java:319)
    [junit] 	at org.bluezoo.gonzalez.EntityStack.expandGeneralEntity(EntityStack.java:221)
    [junit] 	at org.bluezoo.gonzalez.EntityStack.expandEntityValue(EntityStack.java:319)
    [junit] 	at org.bluezoo.gonzalez.EntityStack.expandGeneralEntity(EntityStack.java:221)
    [junit] 	at org.bluezoo.gonzalez.EntityStack.expandEntityValue(EntityStack.java:319)
    [junit] 	at org.bluezoo.gonzalez.EntityStack.expandGeneralEntity(EntityStack.java:221)
    [junit] 	at org.bluezoo.gonzalez.EntityStack.expandEntityValue(EntityStack.java:319)
    [junit] 	at org.bluezoo.gonzalez.EntityStack.expandGeneralEntity(EntityStack.java:221)
    [junit] 	at org.bluezoo.gonzalez.EntityStack.expandEntityValue(EntityStack.java:319)
    [junit] 	at org.bluezoo.gonzalez.EntityStack.expandGeneralEntity(EntityStack.java:221)
    [junit] 	at org.bluezoo.gonzalez.EntityStack.expandEntityValue(EntityStack.java:319)
    [junit] 	at org.bluezoo.gonzalez.EntityStack.expandGeneralEntity(EntityStack.java:221)
    [junit] 	at org.bluezoo.gonzalez.EntityStack.expandEntityValue(EntityStack.java:319)
    [junit] 	at org.bluezoo.gonzalez.EntityStack.expandGeneralEntity(EntityStack.java:221)
    [junit] 	at org.bluezoo.gonzalez.EntityStack.expandEntityValue(EntityStack.java:319)
    [junit] 	at org.bluezoo.gonzalez.EntityStack.expandGeneralEntity(EntityStack.java:221)
    [junit] 	at org.bluezoo.gonzalez.EntityStack.expandEntityValue(EntityStack.java:319)
    [junit] 	at org.bluezoo.gonzalez.EntityStack.expandGeneralEntity(EntityStack.java:221)
    [junit] 	at org.bluezoo.gonzalez.EntityStack.expandEntityValue(EntityStack.java:319)
    [junit] 	at org.bluezoo.gonzalez.EntityStack.expandGeneralEntity(EntityStack.java:221)
    [junit] 	at org.bluezoo.gonzalez.EntityStack.expandEntityValue(EntityStack.java:319)
    [junit] 	at org.bluezoo.gonzalez.EntityStack.expandGeneralEntity(EntityStack.java:221)
    [junit] 	at org.bluezoo.gonzalez.EntityStack.expandEntityValue(EntityStack.java:319)
    [junit] 	at org.bluezoo.gonzalez.EntityStack.expandGeneralEntity(EntityStack.java:221)
    [junit] 	at org.bluezoo.gonzalez.EntityStack.expandEntityValue(EntityStack.java:319)
    [junit] 	at org.bluezoo.gonzalez.EntityStack.expandGeneralEntity(EntityStack.java:221)
    [junit] 	at org.bluezoo.gonzalez.EntityStack.expandEntityValue(EntityStack.java:319)
    [junit] 	at org.bluezoo.gonzalez.EntityStack.expandGeneralEntity(EntityStack.java:221)
    [junit] 	at org.bluezoo.gonzalez.EntityStack.expandEntityValue(EntityStack.java:319)
    [junit] 	at org.bluezoo.gonzalez.EntityStack.expandGeneralEntity(EntityStack.java:221)
    [junit] 	at org.bluezoo.gonzalez.EntityStack.expandEntityValue(EntityStack.java:319)
    [junit] 	at org.bluezoo.gonzalez.EntityStack.expandGeneralEntity(EntityStack.java:221)
    [junit] 	at org.bluezoo.gonzalez.EntityStack.expandEntityValue(EntityStack.java:319)
    [junit] 	at org.bluezoo.gonzalez.EntityStack.expandGeneralEntity(EntityStack.java:221)
    [junit] 	at org.bluezoo.gonzalez.EntityStack.expandEntityValue(EntityStack.java:319)
    [junit] 	at org.bluezoo.gonzalez.EntityStack.expandGeneralEntity(EntityStack.java:221)
    [junit] 	at org.bluezoo.gonzalez.EntityStack.expandEntityValue(EntityStack.java:319)
    [junit] 	at org.bluezoo.gonzalez.EntityStack.expandGeneralEntity(EntityStack.java:221)
    [junit] 	at org.bluezoo.gonzalez.EntityStack.expandEntityValue(EntityStack.java:319)
    [junit] 	at org.bluezoo.gonzalez.EntityStack.expandGeneralEntity(EntityStack.java:221)
    [junit] 	at org.bluezoo.gonzalez.EntityStack.expandEntityValue(EntityStack.java:319)
    [junit] 	at org.bluezoo.gonzalez.EntityStack.expandGeneralEntity(EntityStack.java:221)
    [junit] 	at org.bluezoo.gonzalez.EntityStack.expandEntityValue(EntityStack.java:319)
    [junit] 	at org.bluezoo.gonzalez.EntityStack.expandGeneralEntity(EntityStack.java:221)
    [junit] 	at org.bluezoo.gonzalez.EntityStack.expandEntityValue(EntityStack.java:319)
    [junit] 	at org.bluezoo.gonzalez.EntityStack.expandGeneralEntity(EntityStack.java:221)
    [junit] 	at org.bluezoo.gonzalez.EntityStack.expandEntityValue(EntityStack.java:319)
    [junit] 	at org.bluezoo.gonzalez.EntityStack.expandGeneralEntity(EntityStack.java:221)
    [junit] 	at org.bluezoo.gonzalez.EntityStack.expandEntityValue(EntityStack.java:319)
    [junit] 	at org.bluezoo.gonzalez.EntityStack.expandGeneralEntity(EntityStack.java:221)
    [junit] 	at org.bluezoo.gonzalez.EntityStack.expandEntityValue(EntityStack.java:319)
    [junit] 	at org.bluezoo.gonzalez.EntityStack.expandGeneralEntity(EntityStack.java:221)
    [junit] 	at org.bluezoo.gonzalez.EntityStack.expandEntityValue(EntityStack.java:319)
    [junit] 	at org.bluezoo.gonzalez.EntityStack.expandGeneralEntity(EntityStack.java:221)
    [junit] 	at org.bluezoo.gonzalez.EntityStack.expandEntityValue(EntityStack.java:319)
    [junit] 	at org.bluezoo.gonzalez.EntityStack.expandGeneralEntity(EntityStack.java:221)
    [junit] 	at org.bluezoo.gonzalez.EntityStack.expandEntityValue(EntityStack.java:319)
    [junit] 	at org.bluezoo.gonzalez.EntityStack.expandGeneralEntity(EntityStack.java:221)
    [junit] 	at org.bluezoo.gonzalez.EntityStack.expandEntityValue(EntityStack.java:319)
    [junit] 	at org.bluezoo.gonzalez.EntityStack.expandGeneralEntity(EntityStack.java:221)
    [junit] 	at org.bluezoo.gonzalez.EntityStack.expandEntityValue(EntityStack.java:319)
    [junit] 	at org.bluezoo.gonzalez.EntityStack.expandGeneralEntity(EntityStack.java:221)
    [junit] 	at org.bluezoo.gonzalez.EntityStack.expandEntityValue(EntityStack.java:319)
    [junit] 	at org.bluezoo.gonzalez.EntityStack.expandGeneralEntity(EntityStack.java:221)
    [junit] 	at org.bluezoo.gonzalez.EntityStack.expandEntityValue(EntityStack.java:319)
    [junit] 	at org.bluezoo.gonzalez.EntityStack.expandGeneralEntity(EntityStack.java:221)
    [junit] 	at org.bluezoo.gonzalez.EntityStack.expandEntityValue(EntityStack.java:319)
    [junit] 	at org.bluezoo.gonzalez.EntityStack.expandGeneralEntity(EntityStack.java:221)
    [junit] 	at org.bluezoo.gonzalez.EntityStack.expandEntityValue(EntityStack.java:319)
    [junit] 	at org.bluezoo.gonzalez.EntityStack.expandGeneralEntity(EntityStack.java:221)
    [junit] 	at org.bluezoo.gonzalez.EntityStack.expandEntityValue(EntityStack.java:319)
    [junit] 	at org.bluezoo.gonzalez.EntityStack.expandGeneralEntity(EntityStack.java:221)
    [junit] 	at org.bluezoo.gonzalez.EntityStack.expandEntityValue(EntityStack.java:319)
    [junit] 	at org.bluezoo.gonzalez.EntityStack.expandGeneralEntity(EntityStack.java:221)
    [junit] 	at org.bluezoo.gonzalez.EntityStack.expandEntityValue(EntityStack.java:319)
    [junit] 	at org.bluezoo.gonzalez.EntityStack.expandGeneralEntity(EntityStack.java:221)
    [junit] 	at org.bluezoo.gonzalez.EntityStack.expandEntityValue(EntityStack.java:319)
    [junit] 	at org.bluezoo.gonzalez.EntityStack.expandGeneralEntity(EntityStack.java:221)
    [junit] 	at org.bluezoo.gonzalez.EntityStack.expandEntityValue(EntityStack.java:319)
    [junit] 	at org.bluezoo.gonzalez.EntityStack.expandGeneralEntity(EntityStack.java:221)
    [junit] 	at org.bluezoo.gonzalez.EntityStack.expandEntityValue(EntityStack.java:319)
    [junit] 	at org.bluezoo.gonzalez.EntityStack.expandGeneralEntity(EntityStack.java:221)
    [junit] 	at org.bluezoo.gonzalez.EntityStack.expandEntityValue(EntityStack.java:319)
    [junit] 	at org.bluezoo.gonzalez.EntityStack.expandGeneralEntity(EntityStack.java:221)
    [junit] 	at org.bluezoo.gonzalez.EntityStack.expandEntityValue(EntityStack.java:319)
    [junit] 	at org.bluezoo.gonzalez.EntityStack.expandGeneralEntity(EntityStack.java:221)
    [junit] 	at org.bluezoo.gonzalez.EntityStack.expandEntityValue(EntityStack.java:319)
    [junit] 	at org.bluezoo.gonzalez.EntityStack.expandGeneralEntity(EntityStack.java:221)
    [junit] 	at org.bluezoo.gonzalez.EntityStack.expandEntityValue(EntityStack.java:319)
    [junit] 	at org.bluezoo.gonzalez.EntityStack.expandGeneralEntity(EntityStack.java:221)
    [junit] 	at org.bluezoo.gonzalez.EntityStack.expandEntityValue(EntityStack.java:319)
    [junit] 	at org.bluezoo.gonzalez.EntityStack.expandGeneralEntity(EntityStack.java:221)
    [junit] 	at org.bluezoo.gonzalez.EntityStack.expandEntityValue(EntityStack.java:319)
    [junit] 	at org.bluezoo.gonzalez.EntityStack.expandGeneralEntity(EntityStack.java:221)
    [junit] 	at org.bluezoo.gonzalez.EntityStack.expandEntityValue(EntityStack.java:319)
    [junit] 	at org.bluezoo.gonzalez.EntityStack.expandGeneralEntity(EntityStack.java:221)
    [junit] 	at org.bluezoo.gonzalez.EntityStack.expandEntityValue(EntityStack.java:319)
    [junit] 	at org.bluezoo.gonzalez.EntityStack.expandGeneralEntity(EntityStack.java:221)
    [junit] 	at org.bluezoo.gonzalez.EntityStack.expandEntityValue(EntityStack.java:319)
    [junit] 	at org.bluezoo.gonzalez.EntityStack.expandGeneralEntity(EntityStack.java:221)
    [junit] 	at org.bluezoo.gonzalez.EntityStack.expandEntityValue(EntityStack.java:319)
    [junit] 	at org.bluezoo.gonzalez.EntityStack.expandGeneralEntity(EntityStack.java:221)
    [junit] 	at org.bluezoo.gonzalez.EntityStack.expandEntityValue(EntityStack.java:319)
    [junit] 	at org.bluezoo.gonzalez.EntityStack.expandGeneralEntity(EntityStack.java:221)
    [junit] 	at org.bluezoo.gonzalez.EntityStack.expandEntityValue(EntityStack.java:319)
    [junit] 	at org.bluezoo.gonzalez.EntityStack.expandGeneralEntity(EntityStack.java:221)
    [junit] 	at org.bluezoo.gonzalez.EntityStack.expandEntityValue(EntityStack.java:319)
    [junit] 	at org.bluezoo.gonzalez.EntityStack.expandGeneralEntity(EntityStack.java:221)
    [junit] 	at org.bluezoo.gonzalez.EntityStack.expandEntityValue(EntityStack.java:319)
    [junit] 	at org.bluezoo.gonzalez.EntityStack.expandGeneralEntity(EntityStack.java:221)
    [junit] 	at org.bluezoo.gonzalez.EntityStack.expandEntityValue(EntityStack.java:319)
    [junit] 	at org.bluezoo.gonzalez.EntityStack.expandGeneralEntity(EntityStack.java:221)
    [junit] 	at org.bluezoo.gonzalez.EntityStack.expandEntityValue(EntityStack.java:319)
    [junit] 	at org.bluezoo.gonzalez.EntityStack.expandGeneralEntity(EntityStack.java:221)
    [junit] 	at org.bluezoo.gonzalez.EntityStack.expandEntityValue(EntityStack.java:319)
    [junit] 	at org.bluezoo.gonzalez.EntityStack.expandGeneralEntity(EntityStack.java:221)
    [junit] 	at org.bluezoo.gonzalez.EntityStack.expandEntityValue(EntityStack.java:319)
    [junit] 	at org.bluezoo.gonzalez.EntityStack.expandGeneralEntity(EntityStack.java:221)
    [junit] 	at org.bluezoo.gonzalez.EntityStack.expandEntityValue(EntityStack.java:319)
    [junit] 	at org.bluezoo.gonzalez.EntityStack.expandGeneralEntity(EntityStack.java:221)
    [junit] 	at org.bluezoo.gonzalez.EntityStack.expandEntityValue(EntityStack.java:319)
    [junit] 	at org.bluezoo.gonzalez.EntityStack.expandGeneralEntity(EntityStack.java:221)
    [junit] 	at org.bluezoo.gonzalez.EntityStack.expandEntityValue(EntityStack.java:319)
    [junit] 	at org.bluezoo.gonzalez.EntityStack.expandGeneralEntity(EntityStack.java:221)
    [junit] 	at org.bluezoo.gonzalez.EntityStack.expandEntityValue(EntityStack.java:319)
    [junit] 	at org.bluezoo.gonzalez.EntityStack.expandGeneralEntity(EntityStack.java:221)
    [junit] 	at org.bluezoo.gonzalez.EntityStack.expandEntityValue(EntityStack.java:319)
    [junit] 	at org.bluezoo.gonzalez.EntityStack.expandGeneralEntity(EntityStack.java:221)
    [junit] 	at org.bluezoo.gonzalez.EntityStack.expandEntityValue(EntityStack.java:319)
    [junit] 	at org.bluezoo.gonzalez.EntityStack.expandGeneralEntity(EntityStack.java:221)
    [junit] 	at org.bluezoo.gonzalez.EntityStack.expandEntityValue(EntityStack.java:319)
    [junit] 	at org.bluezoo.gonzalez.EntityStack.expandGeneralEntity(EntityStack.java:221)
    [junit] 	at org.bluezoo.gonzalez.EntityStack.expandEntityValue(EntityStack.java:319)
    [junit] 	at org.bluezoo.gonzalez.EntityStack.expandGeneralEntity(EntityStack.java:221)
    [junit] 	at org.bluezoo.gonzalez.EntityStack.expandEntityValue(EntityStack.java:319)
    [junit] 	at org.bluezoo.gonzalez.EntityStack.expandGeneralEntity(EntityStack.java:221)
    [junit] 	at org.bluezoo.gonzalez.EntityStack.expandEntityValue(EntityStack.java:319)
    [junit] 	at org.bluezoo.gonzalez.EntityStack.expandGeneralEntity(EntityStack.java:221)
    [junit] 	at org.bluezoo.gonzalez.EntityStack.expandEntityValue(EntityStack.java:319)
    [junit] 	at org.bluezoo.gonzalez.EntityStack.expandGeneralEntity(EntityStack.java:221)
    [junit] 	at org.bluezoo.gonzalez.EntityStack.expandEntityValue(EntityStack.java:319)
    [junit] 	at org.bluezoo.gonzalez.EntityStack.expandGeneralEntity(EntityStack.java:221)
    [junit] 	at org.bluezoo.gonzalez.EntityStack.expandEntityValue(EntityStack.java:319)
    [junit] 	at org.bluezoo.gonzalez.EntityStack.expandGeneralEntity(EntityStack.java:221)
    [junit] 	at org.bluezoo.gonzalez.EntityStack.expandEntityValue(EntityStack.java:319)
    [junit] 	at org.bluezoo.gonzalez.EntityStack.expandGeneralEntity(EntityStack.java:221)
    [junit] 	at org.bluezoo.gonzalez.EntityStack.expandEntityValue(EntityStack.java:319)
    [junit] 	at org.bluezoo.gonzalez.EntityStack.expandGeneralEntity(EntityStack.java:221)
    [junit] 	at org.bluezoo.gonzalez.EntityStack.expandEntityValue(EntityStack.java:319)
    [junit] 	at org.bluezoo.gonzalez.EntityStack.expandGeneralEntity(EntityStack.java:221)
    [junit] 	at org.bluezoo.gonzalez.EntityStack.expandEntityValue(EntityStack.java:319)
    [junit] 	at org.bluezoo.gonzalez.EntityStack.expandGeneralEntity(EntityStack.java:221)
    [junit] 	at org.bluezoo.gonzalez.EntityStack.expandEntityValue(EntityStack.java:319)
    [junit] 	at org.bluezoo.gonzalez.EntityStack.expandGeneralEntity(EntityStack.java:221)
    [junit] 	at org.bluezoo.gonzalez.EntityStack.expandEntityValue(EntityStack.java:319)
    [junit] 	at org.bluezoo.gonzalez.EntityStack.expandGeneralEntity(EntityStack.java:221)
    [junit] 	at org.bluezoo.gonzalez.EntityStack.expandEntityValue(EntityStack.java:319)
    [junit] 	at org.bluezoo.gonzalez.EntityStack.expandGeneralEntity(EntityStack.java:221)
    [junit] 	at org.bluezoo.gonzalez.EntityStack.expandEntityValue(EntityStack.java:319)
    [junit] 	at org.bluezoo.gonzalez.EntityStack.expandGeneralEntity(EntityStack.java:221)
    [junit] 	at org.bluezoo.gonzalez.EntityStack.expandEntityValue(EntityStack.java:319)
    [junit] 	at org.bluezoo.gonzalez.EntityStack.expandGeneralEntity(EntityStack.java:221)
    [junit] 	at org.bluezoo.gonzalez.EntityStack.expandEntityValue(EntityStack.java:319)
    [junit] 	at org.bluezoo.gonzalez.EntityStack.expandGeneralEntity(EntityStack.java:221)
    [junit] 	at org.bluezoo.gonzalez.EntityStack.expandEntityValue(EntityStack.java:319)
    [junit] 	at org.bluezoo.gonzalez.EntityStack.expandGeneralEntity(EntityStack.java:221)
    [junit] 	at org.bluezoo.gonzalez.EntityStack.expandEntityValue(EntityStack.java:319)
    [junit] 	at org.bluezoo.gonzalez.EntityStack.expandGeneralEntity(EntityStack.java:221)
    [junit] 	at org.bluezoo.gonzalez.EntityStack.expandEntityValue(EntityStack.java:319)
    [junit] 	at org.bluezoo.gonzalez.EntityStack.expandGeneralEntity(EntityStack.java:221)
    [junit] 	at org.bluezoo.gonzalez.EntityStack.expandEntityValue(EntityStack.java:319)
    [junit] 	at org.bluezoo.gonzalez.EntityStack.expandGeneralEntity(EntityStack.java:221)
    [junit] 	at org.bluezoo.gonzalez.EntityStack.expandEntityValue(EntityStack.java:319)
    [junit] 	at org.bluezoo.gonzalez.EntityStack.expandGeneralEntity(EntityStack.java:221)
    [junit] 	at org.bluezoo.gonzalez.EntityStack.expandEntityValue(EntityStack.java:319)
    [junit] 	at org.bluezoo.gonzalez.EntityStack.expandGeneralEntity(EntityStack.java:221)
    [junit] 	at org.bluezoo.gonzalez.EntityStack.expandEntityValue(EntityStack.java:319)
    [junit] 	at org.bluezoo.gonzalez.EntityStack.expandGeneralEntity(EntityStack.java:221)
    [junit] 	at org.bluezoo.gonzalez.EntityStack.expandEntityValue(EntityStack.java:319)
    [junit] 	at org.bluezoo.gonzalez.EntityStack.expandGeneralEntity(EntityStack.java:221)
    [junit] 	at org.bluezoo.gonzalez.EntityStack.expandEntityValue(EntityStack.java:319)
    [junit] 	at org.bluezoo.gonzalez.EntityStack.expandGeneralEntity(EntityStack.java:221)
    [junit] 	at org.bluezoo.gonzalez.EntityStack.expandEntityValue(EntityStack.java:319)
    [junit] 	at org.bluezoo.gonzalez.EntityStack.expandGeneralEntity(EntityStack.java:221)
    [junit] 	at org.bluezoo.gonzalez.EntityStack.expandEntityValue(EntityStack.java:319)
    [junit] 	at org.bluezoo.gonzalez.EntityStack.expandGeneralEntity(EntityStack.java:221)
    [junit] 	at org.bluezoo.gonzalez.EntityStack.expandEntityValue(EntityStack.java:319)
    [junit] 	at org.bluezoo.gonzalez.EntityStack.expandGeneralEntity(EntityStack.java:221)
    [junit] 	at org.bluezoo.gonzalez.EntityStack.expandEntityValue(EntityStack.java:319)
    [junit] 	at org.bluezoo.gonzalez.EntityStack.expandGeneralEntity(EntityStack.java:221)
    [junit] 	at org.bluezoo.gonzalez.EntityStack.expandEntityValue(EntityStack.java:319)
    [junit] 	at org.bluezoo.gonzalez.EntityStack.expandGeneralEntity(EntityStack.java:221)
    [junit] 	at org.bluezoo.gonzalez.EntityStack.expandEntityValue(EntityStack.java:319)
    [junit] 	at org.bluezoo.gonzalez.EntityStack.expandGeneralEntity(EntityStack.java:221)
    [junit] 	at org.bluezoo.gonzalez.EntityStack.expandEntityValue(EntityStack.java:319)
    [junit] 	at org.bluezoo.gonzalez.EntityStack.expandGeneralEntity(EntityStack.java:221)
    [junit] 	at org.bluezoo.gonzalez.EntityStack.expandEntityValue(EntityStack.java:319)
    [junit] 	at org.bluezoo.gonzalez.EntityStack.expandGeneralEntity(EntityStack.java:221)
    [junit] 	at org.bluezoo.gonzalez.EntityStack.expandEntityValue(EntityStack.java:319)
    [junit] 	at org.bluezoo.gonzalez.EntityStack.expandGeneralEntity(EntityStack.java:221)
    [junit] 	at org.bluezoo.gonzalez.EntityStack.expandEntityValue(EntityStack.java:319)
    [junit] 	at org.bluezoo.gonzalez.EntityStack.expandGeneralEntity(EntityStack.java:221)
    [junit] 	at org.bluezoo.gonzalez.EntityStack.expandEntityValue(EntityStack.java:319)
    [junit] 	at org.bluezoo.gonzalez.EntityStack.expandGeneralEntity(EntityStack.java:221)
    [junit] 	at org.bluezoo.gonzalez.EntityStack.expandEntityValue(EntityStack.java:319)
    [junit] 	at org.bluezoo.gonzalez.EntityStack.expandGeneralEntity(EntityStack.java:221)
    [junit] 	at org.bluezoo.gonzalez.EntityStack.expandEntityValue(EntityStack.java:319)
    [junit] 	at org.bluezoo.gonzalez.EntityStack.expandGeneralEntity(EntityStack.java:221)
    [junit] 	at org.bluezoo.gonzalez.EntityStack.expandEntityValue(EntityStack.java:319)
    [junit] 	at org.bluezoo.gonzalez.EntityStack.expandGeneralEntity(EntityStack.java:221)
    [junit] 	at org.bluezoo.gonzalez.EntityStack.expandEntityValue(EntityStack.java:319)
    [junit] 	at org.bluezoo.gonzalez.EntityStack.expandGeneralEntity(EntityStack.java:221)
    [junit] 	at org.bluezoo.gonzalez.EntityStack.expandEntityValue(EntityStack.java:319)
    [junit] 	at org.bluezoo.gonzalez.EntityStack.expandGeneralEntity(EntityStack.java:221)
    [junit] 	at org.bluezoo.gonzalez.EntityStack.expandEntityValue(EntityStack.java:319)
    [junit] 	at org.bluezoo.gonzalez.EntityStack.expandGeneralEntity(EntityStack.java:221)
    [junit] 	at org.bluezoo.gonzalez.EntityStack.expandEntityValue(EntityStack.java:319)
    [junit] 	at org.bluezoo.gonzalez.EntityStack.expandGeneralEntity(EntityStack.java:221)
    [junit] 	at org.bluezoo.gonzalez.EntityStack.expandEntityValue(EntityStack.java:319)
    [junit] 	at org.bluezoo.gonzalez.EntityStack.expandGeneralEntity(EntityStack.java:221)
    [junit] 	at org.bluezoo.gonzalez.EntityStack.expandEntityValue(EntityStack.java:319)
    [junit] 	at org.bluezoo.gonzalez.EntityStack.expandGeneralEntity(EntityStack.java:221)
    [junit] 	at org.bluezoo.gonzalez.EntityStack.expandEntityValue(EntityStack.java:319)
    [junit] 	at org.bluezoo.gonzalez.EntityStack.expandGeneralEntity(EntityStack.java:221)
    [junit] 	at org.bluezoo.gonzalez.EntityStack.expandEntityValue(EntityStack.java:319)
    [junit] 	at org.bluezoo.gonzalez.EntityStack.expandGeneralEntity(EntityStack.java:221)
    [junit] 	at org.bluezoo.gonzalez.EntityStack.expandEntityValue(EntityStack.java:319)
    [junit] 	at org.bluezoo.gonzalez.EntityStack.expandGeneralEntity(EntityStack.java:221)
    [junit] 	at org.bluezoo.gonzalez.EntityStack.expandEntityValue(EntityStack.java:319)
    [junit] 	at org.bluezoo.gonzalez.EntityStack.expandGeneralEntity(EntityStack.java:221)
    [junit] 	at org.bluezoo.gonzalez.EntityStack.expandEntityValue(EntityStack.java:319)
    [junit] 	at org.bluezoo.gonzalez.EntityStack.expandGeneralEntity(EntityStack.java:221)
    [junit] 	at org.bluezoo.gonzalez.EntityStack.expandEntityValue(EntityStack.java:319)
    [junit] 	at org.bluezoo.gonzalez.EntityStack.expandGeneralEntity(EntityStack.java:221)
    [junit] 	at org.bluezoo.gonzalez.EntityStack.expandEntityValue(EntityStack.java:319)
    [junit] 	at org.bluezoo.gonzalez.EntityStack.expandGeneralEntity(EntityStack.java:221)
    [junit] 	at org.bluezoo.gonzalez.EntityStack.expandEntityValue(EntityStack.java:319)
    [junit] 	at org.bluezoo.gonzalez.EntityStack.expandGeneralEntity(EntityStack.java:221)
    [junit] 	at org.bluezoo.gonzalez.EntityStack.expandEntityValue(EntityStack.java:319)
    [junit] 	at org.bluezoo.gonzalez.EntityStack.expandGeneralEntity(EntityStack.java:221)
    [junit] 	at org.bluezoo.gonzalez.EntityStack.expandEntityValue(EntityStack.java:319)
    [junit] 	at org.bluezoo.gonzalez.EntityStack.expandGeneralEntity(EntityStack.java:221)
    [junit] 	at org.bluezoo.gonzalez.EntityStack.expandEntityValue(EntityStack.java:319)
    [junit] 	at org.bluezoo.gonzalez.EntityStack.expandGeneralEntity(EntityStack.java:221)
    [junit] 	at org.bluezoo.gonzalez.EntityStack.expandEntityValue(EntityStack.java:319)
    [junit] 	at org.bluezoo.gonzalez.EntityStack.expandGeneralEntity(EntityStack.java:221)
    [junit] 	at org.bluezoo.gonzalez.EntityStack.expandEntityValue(EntityStack.java:319)
    [junit] 	at org.bluezoo.gonzalez.EntityStack.expandGeneralEntity(EntityStack.java:221)
    [junit] 	at org.bluezoo.gonzalez.EntityStack.expandEntityValue(EntityStack.java:319)
    [junit] 	at org.bluezoo.gonzalez.EntityStack.expandGeneralEntity(EntityStack.java:221)
    [junit] 	at org.bluezoo.gonzalez.EntityStack.expandEntityValue(EntityStack.java:319)
    [junit] 	at org.bluezoo.gonzalez.EntityStack.expandGeneralEntity(EntityStack.java:221)
    [junit] 	at org.bluezoo.gonzalez.EntityStack.expandEntityValue(EntityStack.java:319)
    [junit] 	at org.bluezoo.gonzalez.EntityStack.expandGeneralEntity(EntityStack.java:221)
    [junit] 	at org.bluezoo.gonzalez.EntityStack.expandEntityValue(EntityStack.java:319)
    [junit] 	at org.bluezoo.gonzalez.EntityStack.expandGeneralEntity(EntityStack.java:221)
    [junit] 	at org.bluezoo.gonzalez.EntityStack.expandEntityValue(EntityStack.java:319)
    [junit] 	at org.bluezoo.gonzalez.EntityStack.expandGeneralEntity(EntityStack.java:221)
    [junit] 	at org.bluezoo.gonzalez.EntityStack.expandEntityValue(EntityStack.java:319)
    [junit] 	at org.bluezoo.gonzalez.EntityStack.expandGeneralEntity(EntityStack.java:221)
    [junit] 	at org.bluezoo.gonzalez.EntityStack.expandEntityValue(EntityStack.java:319)
    [junit] 	at org.bluezoo.gonzalez.EntityStack.expandGeneralEntity(EntityStack.java:221)
    [junit] 	at org.bluezoo.gonzalez.EntityStack.expandEntityValue(EntityStack.java:319)
    [junit] 	at org.bluezoo.gonzalez.EntityStack.expandGeneralEntity(EntityStack.java:221)
    [junit] 	at org.bluezoo.gonzalez.EntityStack.expandEntityValue(EntityStack.java:319)
    [junit] 	at org.bluezoo.gonzalez.EntityStack.expandGeneralEntity(EntityStack.java:221)
    [junit] 	at org.bluezoo.gonzalez.EntityStack.expandEntityValue(EntityStack.java:319)
    [junit] 	at org.bluezoo.gonzalez.EntityStack.expandGeneralEntity(EntityStack.java:221)
    [junit] 	at org.bluezoo.gonzalez.EntityStack.expandEntityValue(EntityStack.java:319)
    [junit] 	at org.bluezoo.gonzalez.EntityStack.expandGeneralEntity(EntityStack.java:221)
    [junit] 	at org.bluezoo.gonzalez.EntityStack.expandEntityValue(EntityStack.java:319)
    [junit] 	at org.bluezoo.gonzalez.EntityStack.expandGeneralEntity(EntityStack.java:221)
    [junit] 	at org.bluezoo.gonzalez.EntityStack.expandEntityValue(EntityStack.java:319)
    [junit] 	at org.bluezoo.gonzalez.EntityStack.expandGeneralEntity(EntityStack.java:221)
    [junit] 	at org.bluezoo.gonzalez.EntityStack.expandEntityValue(EntityStack.java:319)
    [junit] 	at org.bluezoo.gonzalez.EntityStack.expandGeneralEntity(EntityStack.java:221)
    [junit] 	at org.bluezoo.gonzalez.EntityStack.expandEntityValue(EntityStack.java:319)
    [junit] 	at org.bluezoo.gonzalez.EntityStack.expandGeneralEntity(EntityStack.java:221)
    [junit] 	at org.bluezoo.gonzalez.EntityStack.expandEntityValue(EntityStack.java:319)
    [junit] 	at org.bluezoo.gonzalez.EntityStack.expandGeneralEntity(EntityStack.java:221)
    [junit] 	at org.bluezoo.gonzalez.EntityStack.expandEntityValue(EntityStack.java:319)
    [junit] 	at org.bluezoo.gonzalez.EntityStack.expandGeneralEntity(EntityStack.java:221)
    [junit] 	at org.bluezoo.gonzalez.EntityStack.expandEntityValue(EntityStack.java:319)
    [junit] 	at org.bluezoo.gonzalez.EntityStack.expandGeneralEntity(EntityStack.java:221)
    [junit] 	at org.bluezoo.gonzalez.EntityStack.expandEntityValue(EntityStack.java:319)
    [junit] 	at org.bluezoo.gonzalez.EntityStack.expandGeneralEntity(EntityStack.java:221)
    [junit] 	at org.bluezoo.gonzalez.EntityStack.expandEntityValue(EntityStack.java:319)
    [junit] 	at org.bluezoo.gonzalez.EntityStack.expandGeneralEntity(EntityStack.java:221)
    [junit] 	at org.bluezoo.gonzalez.EntityStack.expandEntityValue(EntityStack.java:319)
    [junit] 	at org.bluezoo.gonzalez.EntityStack.expandGeneralEntity(EntityStack.java:221)
    [junit] 	at org.bluezoo.gonzalez.EntityStack.expandEntityValue(EntityStack.java:319)
    [junit] 	at org.bluezoo.gonzalez.EntityStack.expandGeneralEntity(EntityStack.java:221)
    [junit] 	at org.bluezoo.gonzalez.EntityStack.expandEntityValue(EntityStack.java:319)
    [junit] 	at org.bluezoo.gonzalez.EntityStack.expandGeneralEntity(EntityStack.java:221)
    [junit] 	at org.bluezoo.gonzalez.EntityStack.expandEntityValue(EntityStack.java:319)
    [junit] 	at org.bluezoo.gonzalez.EntityStack.expandGeneralEntity(EntityStack.java:221)
    [junit] 	at org.bluezoo.gonzalez.EntityStack.expandEntityValue(EntityStack.java:319)
    [junit] 	at org.bluezoo.gonzalez.EntityStack.expandGeneralEntity(EntityStack.java:221)
    [junit] 	at org.bluezoo.gonzalez.EntityStack.expandEntityValue(EntityStack.java:319)
    [junit] 	at org.bluezoo.gonzalez.EntityStack.expandGeneralEntity(EntityStack.java:221)
    [junit] 	at org.bluezoo.gonzalez.EntityStack.expandEntityValue(EntityStack.java:319)
    [junit] 	at org.bluezoo.gonzalez.EntityStack.expandGeneralEntity(EntityStack.java:221)
    [junit] 	at org.bluezoo.gonzalez.EntityStack.expandEntityValue(EntityStack.java:319)
    [junit] 	at org.bluezoo.gonzalez.EntityStack.expandGeneralEntity(EntityStack.java:221)
    [junit] 	at org.bluezoo.gonzalez.EntityStack.expandEntityValue(EntityStack.java:319)
    [junit] 	at org.bluezoo.gonzalez.EntityStack.expandGeneralEntity(EntityStack.java:221)
    [junit] 	at org.bluezoo.gonzalez.EntityStack.expandEntityValue(EntityStack.java:319)
    [junit] 	at org.bluezoo.gonzalez.EntityStack.expandGeneralEntity(EntityStack.java:221)
    [junit] 	at org.bluezoo.gonzalez.EntityStack.expandEntityValue(EntityStack.java:319)
    [junit] 	at org.bluezoo.gonzalez.EntityStack.expandGeneralEntity(EntityStack.java:221)
    [junit] 	at org.bluezoo.gonzalez.EntityStack.expandEntityValue(EntityStack.java:319)
    [junit] 	at org.bluezoo.gonzalez.EntityStack.expandGeneralEntity(EntityStack.java:221)
    [junit] 	at org.bluezoo.gonzalez.EntityStack.expandEntityValue(EntityStack.java:319)
    [junit] 	at org.bluezoo.gonzalez.EntityStack.expandGeneralEntity(EntityStack.java:221)
    [junit] 	at org.bluezoo.gonzalez.EntityStack.expandEntityValue(EntityStack.java:319)
    [junit] 	at org.bluezoo.gonzalez.EntityStack.expandGeneralEntity(EntityStack.java:221)
    [junit] 	at org.bluezoo.gonzalez.EntityStack.expandEntityValue(EntityStack.java:319)
    [junit] 	at org.bluezoo.gonzalez.EntityStack.expandGeneralEntity(EntityStack.java:221)
    [junit] 	at org.bluezoo.gonzalez.EntityStack.expandEntityValue(EntityStack.java:319)
    [junit] 	at org.bluezoo.gonzalez.EntityStack.expandGeneralEntity(EntityStack.java:221)
    [junit] 	at org.bluezoo.gonzalez.EntityStack.expandEntityValue(EntityStack.java:319)
    [junit] 	at org.bluezoo.gonzalez.EntityStack.expandGeneralEntity(EntityStack.java:221)
    [junit] 	at org.bluezoo.gonzalez.EntityStack.expandEntityValue(EntityStack.java:319)
    [junit] 	at org.bluezoo.gonzalez.EntityStack.expandGeneralEntity(EntityStack.java:221)
    [junit] 	at org.bluezoo.gonzalez.EntityStack.expandEntityValue(EntityStack.java:319)
    [junit] 	at org.bluezoo.gonzalez.EntityStack.expandGeneralEntity(EntityStack.java:221)
    [junit] 	at org.bluezoo.gonzalez.EntityStack.expandEntityValue(EntityStack.java:319)
    [junit] 	at org.bluezoo.gonzalez.EntityStack.expandGeneralEntity(EntityStack.java:221)
    [junit] 	at org.bluezoo.gonzalez.EntityStack.expandEntityValue(EntityStack.java:319)
    [junit] 	at org.bluezoo.gonzalez.EntityStack.expandGeneralEntity(EntityStack.java:221)
    [junit] 	at org.bluezoo.gonzalez.EntityStack.expandEntityValue(EntityStack.java:319)
    [junit] 	at org.bluezoo.gonzalez.EntityStack.expandGeneralEntity(EntityStack.java:221)
    [junit] 	at org.bluezoo.gonzalez.EntityStack.expandEntityValue(EntityStack.java:319)
    [junit] 	at org.bluezoo.gonzalez.EntityStack.expandGeneralEntity(EntityStack.java:221)
    [junit] 	at org.bluezoo.gonzalez.EntityStack.expandEntityValue(EntityStack.java:319)
    [junit] 	at org.bluezoo.gonzalez.EntityStack.expandGeneralEntity(EntityStack.java:221)
    [junit] 	at org.bluezoo.gonzalez.EntityStack.expandEntityValue(EntityStack.java:319)
    [junit] 	at org.bluezoo.gonzalez.EntityStack.expandGeneralEntity(EntityStack.java:221)
    [junit] 	at org.bluezoo.gonzalez.EntityStack.expandEntityValue(EntityStack.java:319)
    [junit] 	at org.bluezoo.gonzalez.EntityStack.expandGeneralEntity(EntityStack.java:221)
    [junit] 	at org.bluezoo.gonzalez.EntityStack.expandEntityValue(EntityStack.java:319)
    [junit] 	at org.bluezoo.gonzalez.EntityStack.expandGeneralEntity(EntityStack.java:221)
    [junit] 	at org.bluezoo.gonzalez.EntityStack.expandEntityValue(EntityStack.java:319)
    [junit] 	at org.bluezoo.gonzalez.EntityStack.expandGeneralEntity(EntityStack.java:221)
    [junit] 	at org.bluezoo.gonzalez.EntityStack.expandEntityValue(EntityStack.java:319)
    [junit] 	at org.bluezoo.gonzalez.EntityStack.expandGeneralEntity(EntityStack.java:221)
    [junit] 	at org.bluezoo.gonzalez.EntityStack.expandEntityValue(EntityStack.java:319)
    [junit] 	at org.bluezoo.gonzalez.EntityStack.expandGeneralEntity(EntityStack.java:221)
    [junit] 	at org.bluezoo.gonzalez.EntityStack.expandEntityValue(EntityStack.java:319)
    [junit] 	at org.bluezoo.gonzalez.EntityStack.expandGeneralEntity(EntityStack.java:221)
    [junit] 	at org.bluezoo.gonzalez.EntityStack.expandEntityValue(EntityStack.java:319)
    [junit] 	at org.bluezoo.gonzalez.EntityStack.expandGeneralEntity(EntityStack.java:221)
    [junit] 	at org.bluezoo.gonzalez.EntityStack.expandEntityValue(EntityStack.java:319)
    [junit] 	at org.bluezoo.gonzalez.EntityStack.expandGeneralEntity(EntityStack.java:221)
    [junit] 	at org.bluezoo.gonzalez.EntityStack.expandEntityValue(EntityStack.java:319)
    [junit] 	at org.bluezoo.gonzalez.EntityStack.expandGeneralEntity(EntityStack.java:221)
    [junit] 	at org.bluezoo.gonzalez.EntityStack.expandEntityValue(EntityStack.java:319)
    [junit] 	at org.bluezoo.gonzalez.EntityStack.expandGeneralEntity(EntityStack.java:221)
    [junit] 	at org.bluezoo.gonzalez.EntityStack.expandEntityValue(EntityStack.java:319)
    [junit] 	at org.bluezoo.gonzalez.EntityStack.expandGeneralEntity(EntityStack.java:221)
    [junit] 	at org.bluezoo.gonzalez.EntityStack.expandEntityValue(EntityStack.java:319)
    [junit] 	at org.bluezoo.gonzalez.EntityStack.expandGeneralEntity(EntityStack.java:221)
    [junit] 	at org.bluezoo.gonzalez.EntityStack.expandEntityValue(EntityStack.java:319)
    [junit] 	at org.bluezoo.gonzalez.EntityStack.expandGeneralEntity(EntityStack.java:221)
    [junit] 	at org.bluezoo.gonzalez.EntityStack.expandEntityValue(EntityStack.java:319)
    [junit] 	at org.bluezoo.gonzalez.EntityStack.expandGeneralEntity(EntityStack.java:221)
    [junit] 	at org.bluezoo.gonzalez.EntityStack.expandEntityValue(EntityStack.java:319)
    [junit] 	at org.bluezoo.gonzalez.EntityStack.expandGeneralEntity(EntityStack.java:221)
    [junit] 	at org.bluezoo.gonzalez.EntityStack.expandEntityValue(EntityStack.java:319)
    [junit] 	at org.bluezoo.gonzalez.EntityStack.expandGeneralEntity(EntityStack.java:221)
    [junit] 	at org.bluezoo.gonzalez.EntityStack.expandEntityValue(EntityStack.java:319)
    [junit] 	at org.bluezoo.gonzalez.EntityStack.expandGeneralEntity(EntityStack.java:221)
    [junit] 	at org.bluezoo.gonzalez.EntityStack.expandEntityValue(EntityStack.java:319)
    [junit] 	at org.bluezoo.gonzalez.EntityStack.expandGeneralEntity(EntityStack.java:221)
    [junit] 	at org.bluezoo.gonzalez.EntityStack.expandEntityValue(EntityStack.java:319)
    [junit] 	at org.bluezoo.gonzalez.EntityStack.expandGeneralEntity(EntityStack.java:221)
    [junit] 	at org.bluezoo.gonzalez.EntityStack.expandEntityValue(EntityStack.java:319)
    [junit] 	at org.bluezoo.gonzalez.EntityStack.expandGeneralEntity(EntityStack.java:221)
    [junit] 	at org.bluezoo.gonzalez.EntityStack.expandEntityValue(EntityStack.java:319)
    [junit] 	at org.bluezoo.gonzalez.EntityStack.expandGeneralEntity(EntityStack.java:221)
    [junit] 	at org.bluezoo.gonzalez.EntityStack.expandEntityValue(EntityStack.java:319)
    [junit] 	at org.bluezoo.gonzalez.EntityStack.expandGeneralEntity(EntityStack.java:221)
    [junit] 	at org.bluezoo.gonzalez.EntityStack.expandEntityValue(EntityStack.java:319)
    [junit] 	at org.bluezoo.gonzalez.EntityStack.expandGeneralEntity(EntityStack.java:221)
    [junit] 	at org.bluezoo.gonzalez.EntityStack.expandEntityValue(EntityStack.java:319)
    [junit] 	at org.bluezoo.gonzalez.EntityStack.expandGeneralEntity(EntityStack.java:221)
    [junit] 	at org.bluezoo.gonzalez.EntityStack.expandEntityValue(EntityStack.java:319)
    [junit] 	at org.bluezoo.gonzalez.EntityStack.expandGeneralEntity(EntityStack.java:221)
    [junit] 	at org.bluezoo.gonzalez.EntityStack.expandEntityValue(EntityStack.java:319)
    [junit] 	at org.bluezoo.gonzalez.EntityStack.expandGeneralEntity(EntityStack.java:221)
    [junit] 	at org.bluezoo.gonzalez.EntityStack.expandEntityValue(EntityStack.java:319)
    [junit] 	at org.bluezoo.gonzalez.EntityStack.expandGeneralEntity(EntityStack.java:221)
    [junit] 	at org.bluezoo.gonzalez.EntityStack.expandEntityValue(EntityStack.java:319)
    [junit] 	at org.bluezoo.gonzalez.EntityStack.expandGeneralEntity(EntityStack.java:221)
    [junit] 	at org.bluezoo.gonzalez.EntityStack.expandEntityValue(EntityStack.java:319)
    [junit] 	at org.bluezoo.gonzalez.EntityStack.expandGeneralEntity(EntityStack.java:221)
    [junit] 	at org.bluezoo.gonzalez.EntityStack.expandEntityValue(EntityStack.java:319)
    [junit] 	at org.bluezoo.gonzalez.EntityStack.expandGeneralEntity(EntityStack.java:221)
    [junit] 	at org.bluezoo.gonzalez.EntityStack.expandEntityValue(EntityStack.java:319)
    [junit] 	at org.bluezoo.gonzalez.EntityStack.expandGeneralEntity(EntityStack.java:221)
    [junit] 	at org.bluezoo.gonzalez.EntityStack.expandEntityValue(EntityStack.java:319)
    [junit] 	at org.bluezoo.gonzalez.EntityStack.expandGeneralEntity(EntityStack.java:221)
    [junit] 	at org.bluezoo.gonzalez.EntityStack.expandEntityValue(EntityStack.java:319)
    [junit] 	at org.bluezoo.gonzalez.EntityStack.expandGeneralEntity(EntityStack.java:221)
    [junit] 	at org.bluezoo.gonzalez.EntityStack.expandEntityValue(EntityStack.java:319)
    [junit] 	at org.bluezoo.gonzalez.EntityStack.expandGeneralEntity(EntityStack.java:221)
    [junit] 	at org.bluezoo.gonzalez.EntityStack.expandEntityValue(EntityStack.java:319)
    [junit] 	at org.bluezoo.gonzalez.EntityStack.expandGeneralEntity(EntityStack.java:221)
    [junit] 	at org.bluezoo.gonzalez.EntityStack.expandEntityValue(EntityStack.java:319)
    [junit] 	at org.bluezoo.gonzalez.EntityStack.expandGeneralEntity(EntityStack.java:221)
    [junit] 	at org.bluezoo.gonzalez.EntityStack.expandEntityValue(EntityStack.java:319)
    [junit] 	at org.bluezoo.gonzalez.EntityStack.expandGeneralEntity(EntityStack.java:221)
    [junit] 	at org.bluezoo.gonzalez.EntityStack.expandEntityValue(EntityStack.java:319)
    [junit] 	at org.bluezoo.gonzalez.EntityStack.expandGeneralEntity(EntityStack.java:221)
    [junit] 	at org.bluezoo.gonzalez.EntityStack.expandEntityValue(EntityStack.java:319)
    [junit] 	at org.bluezoo.gonzalez.EntityStack.expandGeneralEntity(EntityStack.java:221)
    [junit] 	at org.bluezoo.gonzalez.EntityStack.expandEntityValue(EntityStack.java:319)
    [junit] 	at org.bluezoo.gonzalez.EntityStack.expandGeneralEntity(EntityStack.java:221)
    [junit] 	at org.bluezoo.gonzalez.EntityStack.expandEntityValue(EntityStack.java:319)
    [junit] 	at org.bluezoo.gonzalez.EntityStack.expandGeneralEntity(EntityStack.java:221)
    [junit] 	at org.bluezoo.gonzalez.EntityStack.expandEntityValue(EntityStack.java:319)
    [junit] 	at org.bluezoo.gonzalez.EntityStack.expandGeneralEntity(EntityStack.java:221)
    [junit] 	at org.bluezoo.gonzalez.EntityStack.expandEntityValue(EntityStack.java:319)
    [junit] 	at org.bluezoo.gonzalez.EntityStack.expandGeneralEntity(EntityStack.java:221)
    [junit] 	at org.bluezoo.gonzalez.EntityStack.expandEntityValue(EntityStack.java:319)
    [junit] 	at org.bluezoo.gonzalez.EntityStack.expandGeneralEntity(EntityStack.java:221)
    [junit] 	at org.bluezoo.gonzalez.EntityStack.expandEntityValue(EntityStack.java:319)
    [junit] 	at org.bluezoo.gonzalez.EntityStack.expandGeneralEntity(EntityStack.java:221)
    [junit] 	at org.bluezoo.gonzalez.EntityStack.expandEntityValue(EntityStack.java:319)
    [junit] 	at org.bluezoo.gonzalez.EntityStack.expandGeneralEntity(EntityStack.java:221)
    [junit] 	at org.bluezoo.gonzalez.EntityStack.expandEntityValue(EntityStack.java:319)
    [junit] 	at org.bluezoo.gonzalez.EntityStack.expandGeneralEntity(EntityStack.java:221)
    [junit] 	at org.bluezoo.gonzalez.EntityStack.expandEntityValue(EntityStack.java:319)
    [junit] 	at org.bluezoo.gonzalez.EntityStack.expandGeneralEntity(EntityStack.java:221)
    [junit] 	at org.bluezoo.gonzalez.EntityStack.expandEntityValue(EntityStack.java:319)
    [junit] 	at org.bluezoo.gonzalez.EntityStack.expandGeneralEntity(EntityStack.java:221)
    [junit] 	at org.bluezoo.gonzalez.EntityStack.expandEntityValue(EntityStack.java:319)
    [junit] 	at org.bluezoo.gonzalez.EntityStack.expandGeneralEntity(EntityStack.java:221)
    [junit] 	at org.bluezoo.gonzalez.EntityStack.expandEntityValue(EntityStack.java:319)
    [junit] 	at org.bluezoo.gonzalez.EntityStack.expandGeneralEntity(EntityStack.java:221)
    [junit] 	at org.bluezoo.gonzalez.EntityStack.expandEntityValue(EntityStack.java:319)
    [junit] 	at org.bluezoo.gonzalez.EntityStack.expandGeneralEntity(EntityStack.java:221)
    [junit] 	at org.bluezoo.gonzalez.EntityStack.expandEntityValue(EntityStack.java:319)
    [junit] 	at org.bluezoo.gonzalez.EntityStack.expandGeneralEntity(EntityStack.java:221)
    [junit] 	at org.bluezoo.gonzalez.EntityStack.expandEntityValue(EntityStack.java:319)
    [junit] 	at org.bluezoo.gonzalez.EntityStack.expandGeneralEntity(EntityStack.java:221)
    [junit] 	at org.bluezoo.gonzalez.EntityStack.expandEntityValue(EntityStack.java:319)
    [junit] 	at org.bluezoo.gonzalez.EntityStack.expandGeneralEntity(EntityStack.java:221)
    [junit] 	at org.bluezoo.gonzalez.EntityStack.expandEntityValue(EntityStack.java:319)
    [junit] 	at org.bluezoo.gonzalez.EntityStack.expandGeneralEntity(EntityStack.java:221)
    [junit] 	at org.bluezoo.gonzalez.EntityStack.expandEntityValue(EntityStack.java:319)
    [junit] 	at org.bluezoo.gonzalez.EntityStack.expandGeneralEntity(EntityStack.java:221)
    [junit] 	at org.bluezoo.gonzalez.EntityStack.expandEntityValue(EntityStack.java:319)
    [junit] 	at org.bluezoo.gonzalez.EntityStack.expandGeneralEntity(EntityStack.java:221)
    [junit] 	at org.bluezoo.gonzalez.EntityStack.expandEntityValue(EntityStack.java:319)
    [junit] 	at org.bluezoo.gonzalez.EntityStack.expandGeneralEntity(EntityStack.java:221)
    [junit] 	at org.bluezoo.gonzalez.EntityStack.expandEntityValue(EntityStack.java:319)
    [junit] 	at org.bluezoo.gonzalez.EntityStack.expandGeneralEntity(EntityStack.java:221)
    [junit] 	at org.bluezoo.gonzalez.EntityStack.expandEntityValue(EntityStack.java:319)
    [junit] 	at org.bluezoo.gonzalez.EntityStack.expandGeneralEntity(EntityStack.java:221)
    [junit] 	at org.bluezoo.gonzalez.EntityStack.expandEntityValue(EntityStack.java:319)
    [junit] 	at org.bluezoo.gonzalez.EntityStack.expandGeneralEntity(EntityStack.java:221)
    [junit] 	at org.bluezoo.gonzalez.EntityStack.expandEntityValue(EntityStack.java:319)
    [junit] 	at org.bluezoo.gonzalez.EntityStack.expandGeneralEntity(EntityStack.java:221)
    [junit] 	at org.bluezoo.gonzalez.EntityStack.expandEntityValue(EntityStack.java:319)
    [junit] 	at org.bluezoo.gonzalez.EntityStack.expandGeneralEntity(EntityStack.java:221)
    [junit] 	at org.bluezoo.gonzalez.EntityStack.expandEntityValue(EntityStack.java:319)
    [junit] 	at org.bluezoo.gonzalez.EntityStack.expandGeneralEntity(EntityStack.java:221)
    [junit] 	at org.bluezoo.gonzalez.EntityStack.expandEntityValue(EntityStack.java:319)
    [junit] 	at org.bluezoo.gonzalez.EntityStack.expandGeneralEntity(EntityStack.java:221)
    [junit] 	at org.bluezoo.gonzalez.EntityStack.expandEntityValue(EntityStack.java:319)
    [junit] 	at org.bluezoo.gonzalez.EntityStack.expandGeneralEntity(EntityStack.java:221)
    [junit] 	at org.bluezoo.gonzalez.EntityStack.expandEntityValue(EntityStack.java:319)
    [junit] 	at org.bluezoo.gonzalez.EntityStack.expandGeneralEntity(EntityStack.java:221)
    [junit] 	at org.bluezoo.gonzalez.EntityStack.expandEntityValue(EntityStack.java:319)
    [junit] 	at org.bluezoo.gonzalez.EntityStack.expandGeneralEntity(EntityStack.java:221)
    [junit] 	at org.bluezoo.gonzalez.EntityStack.expandEntityValue(EntityStack.java:319)
    [junit] 	at org.bluezoo.gonzalez.EntityStack.expandGeneralEntity(EntityStack.java:221)
    [junit] 	at org.bluezoo.gonzalez.EntityStack.expandEntityValue(EntityStack.java:319)
    [junit] 	at org.bluezoo.gonzalez.EntityStack.expandGeneralEntity(EntityStack.java:221)
    [junit] 	at org.bluezoo.gonzalez.EntityStack.expandEntityValue(EntityStack.java:319)
    [junit] 	at org.bluezoo.gonzalez.EntityStack.expandGeneralEntity(EntityStack.java:221)
    [junit] 	at org.bluezoo.gonzalez.EntityStack.expandEntityValue(EntityStack.java:319)
    [junit] 	at org.bluezoo.gonzalez.EntityStack.expandGeneralEntity(EntityStack.java:221)
    [junit] 	at org.bluezoo.gonzalez.EntityStack.expandEntityValue(EntityStack.java:319)
    [junit] 	at org.bluezoo.gonzalez.EntityStack.expandGeneralEntity(EntityStack.java:221)
    [junit] 	at org.bluezoo.gonzalez.EntityStack.expandEntityValue(EntityStack.java:319)
    [junit] 	at org.bluezoo.gonzalez.EntityStack.expandGeneralEntity(EntityStack.java:221)
    [junit] 	at org.bluezoo.gonzalez.EntityStack.expandEntityValue(EntityStack.java:319)
    [junit] 	at org.bluezoo.gonzalez.EntityStack.expandGeneralEntity(EntityStack.java:221)
    [junit] 	at org.bluezoo.gonzalez.EntityStack.expandEntityValue(EntityStack.java:319)
    [junit] 	at org.bluezoo.gonzalez.EntityStack.expandGeneralEntity(EntityStack.java:221)
    [junit] 	at org.bluezoo.gonzalez.EntityStack.expandEntityValue(EntityStack.java:319)
    [junit] 	at org.bluezoo.gonzalez.EntityStack.expandGeneralEntity(EntityStack.java:221)
    [junit] 	at org.bluezoo.gonzalez.EntityStack.expandEntityValue(EntityStack.java:319)
    [junit] 	at org.bluezoo.gonzalez.EntityStack.expandGeneralEntity(EntityStack.java:221)
    [junit] 	at org.bluezoo.gonzalez.EntityStack.expandEntityValue(EntityStack.java:319)
    [junit] 	at org.bluezoo.gonzalez.EntityStack.expandGeneralEntity(EntityStack.java:221)
    [junit] 	at org.bluezoo.gonzalez.EntityStack.expandEntityValue(EntityStack.java:319)
    [junit] 	at org.bluezoo.gonzalez.EntityStack.expandGeneralEntity(EntityStack.java:221)
    [junit] 	at org.bluezoo.gonzalez.EntityStack.expandEntityValue(EntityStack.java:319)
    [junit] 	at org.bluezoo.gonzalez.EntityStack.expandGeneralEntity(EntityStack.java:221)
    [junit] 	at org.bluezoo.gonzalez.EntityStack.expandEntityValue(EntityStack.java:319)
    [junit] 	at org.bluezoo.gonzalez.EntityStack.expandGeneralEntity(EntityStack.java:221)
    [junit] 	at org.bluezoo.gonzalez.EntityStack.expandEntityValue(EntityStack.java:319)
    [junit] 	at org.bluezoo.gonzalez.EntityStack.expandGeneralEntity(EntityStack.java:221)
    [junit] 	at org.bluezoo.gonzalez.EntityStack.expandEntityValue(EntityStack.java:319)
    [junit] 	at org.bluezoo.gonzalez.EntityStack.expandGeneralEntity(EntityStack.java:221)
    [junit] 	at org.bluezoo.gonzalez.EntityStack.expandEntityValue(EntityStack.java:319)
    [junit] 	at org.bluezoo.gonzalez.EntityStack.expandGeneralEntity(EntityStack.java:221)
    [junit] 	at org.bluezoo.gonzalez.EntityStack.expandEntityValue(EntityStack.java:319)
    [junit] 	at org.bluezoo.gonzalez.EntityStack.expandGeneralEntity(EntityStack.java:221)
    [junit] 	at org.bluezoo.gonzalez.EntityStack.expandEntityValue(EntityStack.java:319)
    [junit] 	at org.bluezoo.gonzalez.EntityStack.expandGeneralEntity(EntityStack.java:221)
    [junit] 	at org.bluezoo.gonzalez.EntityStack.expandEntityValue(EntityStack.java:319)
    [junit] 	at org.bluezoo.gonzalez.EntityStack.expandGeneralEntity(EntityStack.java:221)
    [junit] 	at org.bluezoo.gonzalez.EntityStack.expandEntityValue(EntityStack.java:319)
    [junit] 	at org.bluezoo.gonzalez.EntityStack.expandGeneralEntity(EntityStack.java:221)
    [junit] 	at org.bluezoo.gonzalez.EntityStack.expandEntityValue(EntityStack.java:319)
    [junit] 	at org.bluezoo.gonzalez.EntityStack.expandGeneralEntity(EntityStack.java:221)
    [junit] 	at org.bluezoo.gonzalez.EntityStack.expandEntityValue(EntityStack.java:319)
    [junit] 	at org.bluezoo.gonzalez.EntityStack.expandGeneralEntity(EntityStack.java:221)
    [junit] 	at org.bluezoo.gonzalez.EntityStack.expandEntityValue(EntityStack.java:319)
    [junit] 	at org.bluezoo.gonzalez.EntityStack.expandGeneralEntity(EntityStack.java:221)
    [junit] 	at org.bluezoo.gonzalez.EntityStack.expandEntityValue(EntityStack.java:319)
    [junit] 	at org.bluezoo.gonzalez.EntityStack.expandGeneralEntity(EntityStack.java:221)
    [junit] 	at org.bluezoo.gonzalez.EntityStack.expandEntityValue(EntityStack.java:319)
    [junit] 	at org.bluezoo.gonzalez.EntityStack.expandGeneralEntity(EntityStack.java:221)
    [junit] 	at org.bluezoo.gonzalez.EntityStack.expandEntityValue(EntityStack.java:319)
    [junit] 	at org.bluezoo.gonzalez.EntityStack.expandGeneralEntity(EntityStack.java:221)
    [junit] 	at org.bluezoo.gonzalez.EntityStack.expandEntityValue(EntityStack.java:319)
    [junit] 	at org.bluezoo.gonzalez.EntityStack.expandGeneralEntity(EntityStack.java:221)
    [junit] 	at org.bluezoo.gonzalez.EntityStack.expandEntityValue(EntityStack.java:319)
    [junit] 	at org.bluezoo.gonzalez.EntityStack.expandGeneralEntity(EntityStack.java:221)
    [junit] 	at org.bluezoo.gonzalez.EntityStack.expandEntityValue(EntityStack.java:319)
    [junit] 	at org.bluezoo.gonzalez.EntityStack.expandGeneralEntity(EntityStack.java:221)
    [junit] 	at org.bluezoo.gonzalez.EntityStack.expandEntityValue(EntityStack.java:319)
    [junit] 	at org.bluezoo.gonzalez.EntityStack.expandGeneralEntity(EntityStack.java:221)
    [junit] 	at org.bluezoo.gonzalez.EntityStack.expandEntityValue(EntityStack.java:319)
    [junit] 	at org.bluezoo.gonzalez.EntityStack.expandGeneralEntity(EntityStack.java:221)
    [junit] 	at org.bluezoo.gonzalez.EntityStack.expandEntityValue(EntityStack.java:319)
    [junit] 	at org.bluezoo.gonzalez.EntityStack.expandGeneralEntity(EntityStack.java:221)
    [junit] 	at org.bluezoo.gonzalez.EntityStack.expandEntityValue(EntityStack.java:319)
    [junit] 	at org.bluezoo.gonzalez.EntityStack.expandGeneralEntity(EntityStack.java:221)
    [junit] 	at org.bluezoo.gonzalez.EntityStack.expandEntityValue(EntityStack.java:319)
    [junit] 	at org.bluezoo.gonzalez.EntityStack.expandGeneralEntity(EntityStack.java:221)
    [junit] 	at org.bluezoo.gonzalez.EntityStack.expandEntityValue(EntityStack.java:319)
    [junit] 	at org.bluezoo.gonzalez.EntityStack.expandGeneralEntity(EntityStack.java:221)
    [junit] 	at org.bluezoo.gonzalez.EntityStack.expandEntityValue(EntityStack.java:319)
    [junit] 	at org.bluezoo.gonzalez.EntityStack.expandGeneralEntity(EntityStack.java:221)
    [junit] 	at org.bluezoo.gonzalez.EntityStack.expandEntityValue(EntityStack.java:319)
    [junit] 	at org.bluezoo.gonzalez.EntityStack.expandGeneralEntity(EntityStack.java:221)
    [junit] 	at org.bluezoo.gonzalez.EntityStack.expandEntityValue(EntityStack.java:319)
    [junit] 	at org.bluezoo.gonzalez.EntityStack.expandGeneralEntity(EntityStack.java:221)
    [junit] 	at org.bluezoo.gonzalez.EntityStack.expandEntityValue(EntityStack.java:319)
    [junit] 	at org.bluezoo.gonzalez.EntityStack.expandGeneralEntity(EntityStack.java:221)
    [junit] 	at org.bluezoo.gonzalez.EntityStack.expandEntityValue(EntityStack.java:319)
    [junit] 	at org.bluezoo.gonzalez.EntityStack.expandGeneralEntity(EntityStack.java:221)
    [junit] 	at org.bluezoo.gonzalez.EntityStack.expandEntityValue(EntityStack.java:319)
    [junit] 	at org.bluezoo.gonzalez.EntityStack.expandGeneralEntity(EntityStack.java:221)
    [junit] 	at org.bluezoo.gonzalez.EntityStack.expandEntityValue(EntityStack.java:319)
    [junit] 	at org.bluezoo.gonzalez.EntityStack.expandGeneralEntity(EntityStack.java:221)
    [junit] 	at org.bluezoo.gonzalez.EntityStack.expandEntityValue(EntityStack.java:319)
    [junit] 	at org.bluezoo.gonzalez.EntityStack.expandGeneralEntity(EntityStack.java:221)
    [junit] 	at org.bluezoo.gonzalez.EntityStack.expandEntityValue(EntityStack.java:319)
    [junit] 	at org.bluezoo.gonzalez.EntityStack.expandGeneralEntity(EntityStack.java:221)
    [junit] 	at org.bluezoo.gonzalez.EntityStack.expandEntityValue(EntityStack.java:319)
    [junit] 	at org.bluezoo.gonzalez.EntityStack.expandGeneralEntity(EntityStack.java:221)
    [junit] 	at org.bluezoo.gonzalez.EntityStack.expandEntityValue(EntityStack.java:319)
    [junit] 	at org.bluezoo.gonzalez.EntityStack.expandGeneralEntity(EntityStack.java:221)
    [junit] 	at org.bluezoo.gonzalez.EntityStack.expandEntityValue(EntityStack.java:319)
    [junit] 	at org.bluezoo.gonzalez.EntityStack.expandGeneralEntity(EntityStack.java:221)
    [junit] 	at org.bluezoo.gonzalez.EntityStack.expandEntityValue(EntityStack.java:319)
    [junit] 	at org.bluezoo.gonzalez.EntityStack.expandGeneralEntity(EntityStack.java:221)
    [junit] 	at org.bluezoo.gonzalez.EntityStack.expandEntityValue(EntityStack.java:319)
    [junit] 	at org.bluezoo.gonzalez.EntityStack.expandGeneralEntity(EntityStack.java:221)
    [junit] 	at org.bluezoo.gonzalez.EntityStack.expandEntityValue(EntityStack.java:319)
    [junit] 	at org.bluezoo.gonzalez.EntityStack.expandGeneralEntity(EntityStack.java:221)
    [junit] 	at org.bluezoo.gonzalez.EntityStack.expandEntityValue(EntityStack.java:319)
    [junit] 	at org.bluezoo.gonzalez.EntityStack.expandGeneralEntity(EntityStack.java:221)
    [junit] 	at org.bluezoo.gonzalez.EntityStack.expandEntityValue(EntityStack.java:319)
    [junit] 	at org.bluezoo.gonzalez.EntityStack.expandGeneralEntity(EntityStack.java:221)
    [junit] 	at org.bluezoo.gonzalez.EntityStack.expandEntityValue(EntityStack.java:319)
    [junit] 	at org.bluezoo.gonzalez.EntityStack.expandGeneralEntity(EntityStack.java:221)
    [junit] 	at org.bluezoo.gonzalez.EntityStack.expandEntityValue(EntityStack.java:319)
    [junit] 	at org.bluezoo.gonzalez.EntityStack.expandGeneralEntity(EntityStack.java:221)
    [junit] 	at org.bluezoo.gonzalez.EntityStack.expandEntityValue(EntityStack.java:319)
    [junit] 	at org.bluezoo.gonzalez.EntityStack.expandGeneralEntity(EntityStack.java:221)
    [junit] 	at org.bluezoo.gonzalez.EntityStack.expandEntityValue(EntityStack.java:319)
    [junit] 	at org.bluezoo.gonzalez.EntityStack.expandGeneralEntity(EntityStack.java:221)
    [junit] 
    [junit] Testcase: runTest[James Clark xmltest:not-wf-sa-072 (not-wf)] took 0.005 sec
    [junit] 	FAILED
    [junit] [James Clark xmltest:not-wf-sa-072] NullPointerException: null: Undefined ENTITY foo.
    [junit] junit.framework.AssertionFailedError: [James Clark xmltest:not-wf-sa-072] NullPointerException: null: Undefined ENTITY foo.
    [junit] 	at org.bluezoo.gonzalez.XMLConformanceTest.runTest(XMLConformanceTest.java:415)
    [junit] 	at jdk.internal.reflect.GeneratedMethodAccessor1.invoke(Unknown Source)
    [junit] 	at java.base/jdk.internal.reflect.DelegatingMethodAccessorImpl.invoke(DelegatingMethodAccessorImpl.java:43)
    [junit] 
    [junit] Testcase: runTest[James Clark xmltest:not-wf-sa-073 (not-wf)] took 0.006 sec
    [junit] Testcase: runTest[James Clark xmltest:not-wf-sa-074 (not-wf)] took 0.002 sec
    [junit] Testcase: runTest[James Clark xmltest:not-wf-sa-075 (not-wf)] took 0.004 sec
    [junit] 	Caused an ERROR
    [junit] null
    [junit] java.lang.StackOverflowError
    [junit] 	at org.bluezoo.gonzalez.EntityStack.expandEntityValue(EntityStack.java:305)
    [junit] 	at org.bluezoo.gonzalez.EntityStack.expandGeneralEntity(EntityStack.java:221)
    [junit] 	at org.bluezoo.gonzalez.EntityStack.expandEntityValue(EntityStack.java:319)
    [junit] 	at org.bluezoo.gonzalez.EntityStack.expandGeneralEntity(EntityStack.java:221)
    [junit] 	at org.bluezoo.gonzalez.EntityStack.expandEntityValue(EntityStack.java:319)
    [junit] 	at org.bluezoo.gonzalez.EntityStack.expandGeneralEntity(EntityStack.java:221)
    [junit] 	at org.bluezoo.gonzalez.EntityStack.expandEntityValue(EntityStack.java:319)
    [junit] 	at org.bluezoo.gonzalez.EntityStack.expandGeneralEntity(EntityStack.java:221)
    [junit] 	at org.bluezoo.gonzalez.EntityStack.expandEntityValue(EntityStack.java:319)
    [junit] 	at org.bluezoo.gonzalez.EntityStack.expandGeneralEntity(EntityStack.java:221)
    [junit] 	at org.bluezoo.gonzalez.EntityStack.expandEntityValue(EntityStack.java:319)
    [junit] 	at org.bluezoo.gonzalez.EntityStack.expandGeneralEntity(EntityStack.java:221)
    [junit] 	at org.bluezoo.gonzalez.EntityStack.expandEntityValue(EntityStack.java:319)
    [junit] 	at org.bluezoo.gonzalez.EntityStack.expandGeneralEntity(EntityStack.java:221)
    [junit] 	at org.bluezoo.gonzalez.EntityStack.expandEntityValue(EntityStack.java:319)
    [junit] 	at org.bluezoo.gonzalez.EntityStack.expandGeneralEntity(EntityStack.java:221)
    [junit] 	at org.bluezoo.gonzalez.EntityStack.expandEntityValue(EntityStack.java:319)
    [junit] 	at org.bluezoo.gonzalez.EntityStack.expandGeneralEntity(EntityStack.java:221)
    [junit] 	at org.bluezoo.gonzalez.EntityStack.expandEntityValue(EntityStack.java:319)
    [junit] 	at org.bluezoo.gonzalez.EntityStack.expandGeneralEntity(EntityStack.java:221)
    [junit] 	at org.bluezoo.gonzalez.EntityStack.expandEntityValue(EntityStack.java:319)
    [junit] 	at org.bluezoo.gonzalez.EntityStack.expandGeneralEntity(EntityStack.java:221)
    [junit] 	at org.bluezoo.gonzalez.EntityStack.expandEntityValue(EntityStack.java:319)
    [junit] 	at org.bluezoo.gonzalez.EntityStack.expandGeneralEntity(EntityStack.java:221)
    [junit] 	at org.bluezoo.gonzalez.EntityStack.expandEntityValue(EntityStack.java:319)
    [junit] 	at org.bluezoo.gonzalez.EntityStack.expandGeneralEntity(EntityStack.java:221)
    [junit] 	at org.bluezoo.gonzalez.EntityStack.expandEntityValue(EntityStack.java:319)
    [junit] 	at org.bluezoo.gonzalez.EntityStack.expandGeneralEntity(EntityStack.java:221)
    [junit] 	at org.bluezoo.gonzalez.EntityStack.expandEntityValue(EntityStack.java:319)
    [junit] 	at org.bluezoo.gonzalez.EntityStack.expandGeneralEntity(EntityStack.java:221)
    [junit] 	at org.bluezoo.gonzalez.EntityStack.expandEntityValue(EntityStack.java:319)
    [junit] 	at org.bluezoo.gonzalez.EntityStack.expandGeneralEntity(EntityStack.java:221)
    [junit] 	at org.bluezoo.gonzalez.EntityStack.expandEntityValue(EntityStack.java:319)
    [junit] 	at org.bluezoo.gonzalez.EntityStack.expandGeneralEntity(EntityStack.java:221)
    [junit] 	at org.bluezoo.gonzalez.EntityStack.expandEntityValue(EntityStack.java:319)
    [junit] 	at org.bluezoo.gonzalez.EntityStack.expandGeneralEntity(EntityStack.java:221)
    [junit] 	at org.bluezoo.gonzalez.EntityStack.expandEntityValue(EntityStack.java:319)
    [junit] 	at org.bluezoo.gonzalez.EntityStack.expandGeneralEntity(EntityStack.java:221)
    [junit] 	at org.bluezoo.gonzalez.EntityStack.expandEntityValue(EntityStack.java:319)
    [junit] 	at org.bluezoo.gonzalez.EntityStack.expandGeneralEntity(EntityStack.java:221)
    [junit] 	at org.bluezoo.gonzalez.EntityStack.expandEntityValue(EntityStack.java:319)
    [junit] 	at org.bluezoo.gonzalez.EntityStack.expandGeneralEntity(EntityStack.java:221)
    [junit] 	at org.bluezoo.gonzalez.EntityStack.expandEntityValue(EntityStack.java:319)
    [junit] 	at org.bluezoo.gonzalez.EntityStack.expandGeneralEntity(EntityStack.java:221)
    [junit] 	at org.bluezoo.gonzalez.EntityStack.expandEntityValue(EntityStack.java:319)
    [junit] 	at org.bluezoo.gonzalez.EntityStack.expandGeneralEntity(EntityStack.java:221)
    [junit] 	at org.bluezoo.gonzalez.EntityStack.expandEntityValue(EntityStack.java:319)
    [junit] 	at org.bluezoo.gonzalez.EntityStack.expandGeneralEntity(EntityStack.java:221)
    [junit] 	at org.bluezoo.gonzalez.EntityStack.expandEntityValue(EntityStack.java:319)
    [junit] 	at org.bluezoo.gonzalez.EntityStack.expandGeneralEntity(EntityStack.java:221)
    [junit] 	at org.bluezoo.gonzalez.EntityStack.expandEntityValue(EntityStack.java:319)
    [junit] 	at org.bluezoo.gonzalez.EntityStack.expandGeneralEntity(EntityStack.java:221)
    [junit] 	at org.bluezoo.gonzalez.EntityStack.expandEntityValue(EntityStack.java:319)
    [junit] 	at org.bluezoo.gonzalez.EntityStack.expandGeneralEntity(EntityStack.java:221)
    [junit] 	at org.bluezoo.gonzalez.EntityStack.expandEntityValue(EntityStack.java:319)
    [junit] 	at org.bluezoo.gonzalez.EntityStack.expandGeneralEntity(EntityStack.java:221)
    [junit] 	at org.bluezoo.gonzalez.EntityStack.expandEntityValue(EntityStack.java:319)
    [junit] 	at org.bluezoo.gonzalez.EntityStack.expandGeneralEntity(EntityStack.java:221)
    [junit] 	at org.bluezoo.gonzalez.EntityStack.expandEntityValue(EntityStack.java:319)
    [junit] 	at org.bluezoo.gonzalez.EntityStack.expandGeneralEntity(EntityStack.java:221)
    [junit] 	at org.bluezoo.gonzalez.EntityStack.expandEntityValue(EntityStack.java:319)
    [junit] 	at org.bluezoo.gonzalez.EntityStack.expandGeneralEntity(EntityStack.java:221)
    [junit] 	at org.bluezoo.gonzalez.EntityStack.expandEntityValue(EntityStack.java:319)
    [junit] 	at org.bluezoo.gonzalez.EntityStack.expandGeneralEntity(EntityStack.java:221)
    [junit] 	at org.bluezoo.gonzalez.EntityStack.expandEntityValue(EntityStack.java:319)
    [junit] 	at org.bluezoo.gonzalez.EntityStack.expandGeneralEntity(EntityStack.java:221)
    [junit] 	at org.bluezoo.gonzalez.EntityStack.expandEntityValue(EntityStack.java:319)
    [junit] 	at org.bluezoo.gonzalez.EntityStack.expandGeneralEntity(EntityStack.java:221)
    [junit] 	at org.bluezoo.gonzalez.EntityStack.expandEntityValue(EntityStack.java:319)
    [junit] 	at org.bluezoo.gonzalez.EntityStack.expandGeneralEntity(EntityStack.java:221)
    [junit] 	at org.bluezoo.gonzalez.EntityStack.expandEntityValue(EntityStack.java:319)
    [junit] 	at org.bluezoo.gonzalez.EntityStack.expandGeneralEntity(EntityStack.java:221)
    [junit] 	at org.bluezoo.gonzalez.EntityStack.expandEntityValue(EntityStack.java:319)
    [junit] 	at org.bluezoo.gonzalez.EntityStack.expandGeneralEntity(EntityStack.java:221)
    [junit] 	at org.bluezoo.gonzalez.EntityStack.expandEntityValue(EntityStack.java:319)
    [junit] 	at org.bluezoo.gonzalez.EntityStack.expandGeneralEntity(EntityStack.java:221)
    [junit] 	at org.bluezoo.gonzalez.EntityStack.expandEntityValue(EntityStack.java:319)
    [junit] 	at org.bluezoo.gonzalez.EntityStack.expandGeneralEntity(EntityStack.java:221)
    [junit] 	at org.bluezoo.gonzalez.EntityStack.expandEntityValue(EntityStack.java:319)
    [junit] 	at org.bluezoo.gonzalez.EntityStack.expandGeneralEntity(EntityStack.java:221)
    [junit] 	at org.bluezoo.gonzalez.EntityStack.expandEntityValue(EntityStack.java:319)
    [junit] 	at org.bluezoo.gonzalez.EntityStack.expandGeneralEntity(EntityStack.java:221)
    [junit] 	at org.bluezoo.gonzalez.EntityStack.expandEntityValue(EntityStack.java:319)
    [junit] 	at org.bluezoo.gonzalez.EntityStack.expandGeneralEntity(EntityStack.java:221)
    [junit] 	at org.bluezoo.gonzalez.EntityStack.expandEntityValue(EntityStack.java:319)
    [junit] 	at org.bluezoo.gonzalez.EntityStack.expandGeneralEntity(EntityStack.java:221)
    [junit] 	at org.bluezoo.gonzalez.EntityStack.expandEntityValue(EntityStack.java:319)
    [junit] 	at org.bluezoo.gonzalez.EntityStack.expandGeneralEntity(EntityStack.java:221)
    [junit] 	at org.bluezoo.gonzalez.EntityStack.expandEntityValue(EntityStack.java:319)
    [junit] 	at org.bluezoo.gonzalez.EntityStack.expandGeneralEntity(EntityStack.java:221)
    [junit] 	at org.bluezoo.gonzalez.EntityStack.expandEntityValue(EntityStack.java:319)
    [junit] 	at org.bluezoo.gonzalez.EntityStack.expandGeneralEntity(EntityStack.java:221)
    [junit] 	at org.bluezoo.gonzalez.EntityStack.expandEntityValue(EntityStack.java:319)
    [junit] 	at org.bluezoo.gonzalez.EntityStack.expandGeneralEntity(EntityStack.java:221)
    [junit] 	at org.bluezoo.gonzalez.EntityStack.expandEntityValue(EntityStack.java:319)
    [junit] 	at org.bluezoo.gonzalez.EntityStack.expandGeneralEntity(EntityStack.java:221)
    [junit] 	at org.bluezoo.gonzalez.EntityStack.expandEntityValue(EntityStack.java:319)
    [junit] 	at org.bluezoo.gonzalez.EntityStack.expandGeneralEntity(EntityStack.java:221)
    [junit] 	at org.bluezoo.gonzalez.EntityStack.expandEntityValue(EntityStack.java:319)
    [junit] 	at org.bluezoo.gonzalez.EntityStack.expandGeneralEntity(EntityStack.java:221)
    [junit] 	at org.bluezoo.gonzalez.EntityStack.expandEntityValue(EntityStack.java:319)
    [junit] 	at org.bluezoo.gonzalez.EntityStack.expandGeneralEntity(EntityStack.java:221)
    [junit] 	at org.bluezoo.gonzalez.EntityStack.expandEntityValue(EntityStack.java:319)
    [junit] 	at org.bluezoo.gonzalez.EntityStack.expandGeneralEntity(EntityStack.java:221)
    [junit] 	at org.bluezoo.gonzalez.EntityStack.expandEntityValue(EntityStack.java:319)
    [junit] 	at org.bluezoo.gonzalez.EntityStack.expandGeneralEntity(EntityStack.java:221)
    [junit] 	at org.bluezoo.gonzalez.EntityStack.expandEntityValue(EntityStack.java:319)
    [junit] 	at org.bluezoo.gonzalez.EntityStack.expandGeneralEntity(EntityStack.java:221)
    [junit] 	at org.bluezoo.gonzalez.EntityStack.expandEntityValue(EntityStack.java:319)
    [junit] 	at org.bluezoo.gonzalez.EntityStack.expandGeneralEntity(EntityStack.java:221)
    [junit] 	at org.bluezoo.gonzalez.EntityStack.expandEntityValue(EntityStack.java:319)
    [junit] 	at org.bluezoo.gonzalez.EntityStack.expandGeneralEntity(EntityStack.java:221)
    [junit] 	at org.bluezoo.gonzalez.EntityStack.expandEntityValue(EntityStack.java:319)
    [junit] 	at org.bluezoo.gonzalez.EntityStack.expandGeneralEntity(EntityStack.java:221)
    [junit] 	at org.bluezoo.gonzalez.EntityStack.expandEntityValue(EntityStack.java:319)
    [junit] 	at org.bluezoo.gonzalez.EntityStack.expandGeneralEntity(EntityStack.java:221)
    [junit] 	at org.bluezoo.gonzalez.EntityStack.expandEntityValue(EntityStack.java:319)
    [junit] 	at org.bluezoo.gonzalez.EntityStack.expandGeneralEntity(EntityStack.java:221)
    [junit] 	at org.bluezoo.gonzalez.EntityStack.expandEntityValue(EntityStack.java:319)
    [junit] 	at org.bluezoo.gonzalez.EntityStack.expandGeneralEntity(EntityStack.java:221)
    [junit] 	at org.bluezoo.gonzalez.EntityStack.expandEntityValue(EntityStack.java:319)
    [junit] 	at org.bluezoo.gonzalez.EntityStack.expandGeneralEntity(EntityStack.java:221)
    [junit] 	at org.bluezoo.gonzalez.EntityStack.expandEntityValue(EntityStack.java:319)
    [junit] 	at org.bluezoo.gonzalez.EntityStack.expandGeneralEntity(EntityStack.java:221)
    [junit] 	at org.bluezoo.gonzalez.EntityStack.expandEntityValue(EntityStack.java:319)
    [junit] 	at org.bluezoo.gonzalez.EntityStack.expandGeneralEntity(EntityStack.java:221)
    [junit] 	at org.bluezoo.gonzalez.EntityStack.expandEntityValue(EntityStack.java:319)
    [junit] 	at org.bluezoo.gonzalez.EntityStack.expandGeneralEntity(EntityStack.java:221)
    [junit] 	at org.bluezoo.gonzalez.EntityStack.expandEntityValue(EntityStack.java:319)
    [junit] 	at org.bluezoo.gonzalez.EntityStack.expandGeneralEntity(EntityStack.java:221)
    [junit] 	at org.bluezoo.gonzalez.EntityStack.expandEntityValue(EntityStack.java:319)
    [junit] 	at org.bluezoo.gonzalez.EntityStack.expandGeneralEntity(EntityStack.java:221)
    [junit] 	at org.bluezoo.gonzalez.EntityStack.expandEntityValue(EntityStack.java:319)
    [junit] 	at org.bluezoo.gonzalez.EntityStack.expandGeneralEntity(EntityStack.java:221)
    [junit] 	at org.bluezoo.gonzalez.EntityStack.expandEntityValue(EntityStack.java:319)
    [junit] 	at org.bluezoo.gonzalez.EntityStack.expandGeneralEntity(EntityStack.java:221)
    [junit] 	at org.bluezoo.gonzalez.EntityStack.expandEntityValue(EntityStack.java:319)
    [junit] 	at org.bluezoo.gonzalez.EntityStack.expandGeneralEntity(EntityStack.java:221)
    [junit] 	at org.bluezoo.gonzalez.EntityStack.expandEntityValue(EntityStack.java:319)
    [junit] 	at org.bluezoo.gonzalez.EntityStack.expandGeneralEntity(EntityStack.java:221)
    [junit] 	at org.bluezoo.gonzalez.EntityStack.expandEntityValue(EntityStack.java:319)
    [junit] 	at org.bluezoo.gonzalez.EntityStack.expandGeneralEntity(EntityStack.java:221)
    [junit] 	at org.bluezoo.gonzalez.EntityStack.expandEntityValue(EntityStack.java:319)
    [junit] 	at org.bluezoo.gonzalez.EntityStack.expandGeneralEntity(EntityStack.java:221)
    [junit] 	at org.bluezoo.gonzalez.EntityStack.expandEntityValue(EntityStack.java:319)
    [junit] 	at org.bluezoo.gonzalez.EntityStack.expandGeneralEntity(EntityStack.java:221)
    [junit] 	at org.bluezoo.gonzalez.EntityStack.expandEntityValue(EntityStack.java:319)
    [junit] 	at org.bluezoo.gonzalez.EntityStack.expandGeneralEntity(EntityStack.java:221)
    [junit] 	at org.bluezoo.gonzalez.EntityStack.expandEntityValue(EntityStack.java:319)
    [junit] 	at org.bluezoo.gonzalez.EntityStack.expandGeneralEntity(EntityStack.java:221)
    [junit] 	at org.bluezoo.gonzalez.EntityStack.expandEntityValue(EntityStack.java:319)
    [junit] 	at org.bluezoo.gonzalez.EntityStack.expandGeneralEntity(EntityStack.java:221)
    [junit] 	at org.bluezoo.gonzalez.EntityStack.expandEntityValue(EntityStack.java:319)
    [junit] 	at org.bluezoo.gonzalez.EntityStack.expandGeneralEntity(EntityStack.java:221)
    [junit] 	at org.bluezoo.gonzalez.EntityStack.expandEntityValue(EntityStack.java:319)
    [junit] 	at org.bluezoo.gonzalez.EntityStack.expandGeneralEntity(EntityStack.java:221)
    [junit] 	at org.bluezoo.gonzalez.EntityStack.expandEntityValue(EntityStack.java:319)
    [junit] 	at org.bluezoo.gonzalez.EntityStack.expandGeneralEntity(EntityStack.java:221)
    [junit] 	at org.bluezoo.gonzalez.EntityStack.expandEntityValue(EntityStack.java:319)
    [junit] 	at org.bluezoo.gonzalez.EntityStack.expandGeneralEntity(EntityStack.java:221)
    [junit] 	at org.bluezoo.gonzalez.EntityStack.expandEntityValue(EntityStack.java:319)
    [junit] 	at org.bluezoo.gonzalez.EntityStack.expandGeneralEntity(EntityStack.java:221)
    [junit] 	at org.bluezoo.gonzalez.EntityStack.expandEntityValue(EntityStack.java:319)
    [junit] 	at org.bluezoo.gonzalez.EntityStack.expandGeneralEntity(EntityStack.java:221)
    [junit] 	at org.bluezoo.gonzalez.EntityStack.expandEntityValue(EntityStack.java:319)
    [junit] 	at org.bluezoo.gonzalez.EntityStack.expandGeneralEntity(EntityStack.java:221)
    [junit] 	at org.bluezoo.gonzalez.EntityStack.expandEntityValue(EntityStack.java:319)
    [junit] 	at org.bluezoo.gonzalez.EntityStack.expandGeneralEntity(EntityStack.java:221)
    [junit] 	at org.bluezoo.gonzalez.EntityStack.expandEntityValue(EntityStack.java:319)
    [junit] 	at org.bluezoo.gonzalez.EntityStack.expandGeneralEntity(EntityStack.java:221)
    [junit] 	at org.bluezoo.gonzalez.EntityStack.expandEntityValue(EntityStack.java:319)
    [junit] 	at org.bluezoo.gonzalez.EntityStack.expandGeneralEntity(EntityStack.java:221)
    [junit] 	at org.bluezoo.gonzalez.EntityStack.expandEntityValue(EntityStack.java:319)
    [junit] 	at org.bluezoo.gonzalez.EntityStack.expandGeneralEntity(EntityStack.java:221)
    [junit] 	at org.bluezoo.gonzalez.EntityStack.expandEntityValue(EntityStack.java:319)
    [junit] 	at org.bluezoo.gonzalez.EntityStack.expandGeneralEntity(EntityStack.java:221)
    [junit] 	at org.bluezoo.gonzalez.EntityStack.expandEntityValue(EntityStack.java:319)
    [junit] 	at org.bluezoo.gonzalez.EntityStack.expandGeneralEntity(EntityStack.java:221)
    [junit] 	at org.bluezoo.gonzalez.EntityStack.expandEntityValue(EntityStack.java:319)
    [junit] 	at org.bluezoo.gonzalez.EntityStack.expandGeneralEntity(EntityStack.java:221)
    [junit] 	at org.bluezoo.gonzalez.EntityStack.expandEntityValue(EntityStack.java:319)
    [junit] 	at org.bluezoo.gonzalez.EntityStack.expandGeneralEntity(EntityStack.java:221)
    [junit] 	at org.bluezoo.gonzalez.EntityStack.expandEntityValue(EntityStack.java:319)
    [junit] 	at org.bluezoo.gonzalez.EntityStack.expandGeneralEntity(EntityStack.java:221)
    [junit] 	at org.bluezoo.gonzalez.EntityStack.expandEntityValue(EntityStack.java:319)
    [junit] 	at org.bluezoo.gonzalez.EntityStack.expandGeneralEntity(EntityStack.java:221)
    [junit] 	at org.bluezoo.gonzalez.EntityStack.expandEntityValue(EntityStack.java:319)
    [junit] 	at org.bluezoo.gonzalez.EntityStack.expandGeneralEntity(EntityStack.java:221)
    [junit] 	at org.bluezoo.gonzalez.EntityStack.expandEntityValue(EntityStack.java:319)
    [junit] 	at org.bluezoo.gonzalez.EntityStack.expandGeneralEntity(EntityStack.java:221)
    [junit] 	at org.bluezoo.gonzalez.EntityStack.expandEntityValue(EntityStack.java:319)
    [junit] 	at org.bluezoo.gonzalez.EntityStack.expandGeneralEntity(EntityStack.java:221)
    [junit] 	at org.bluezoo.gonzalez.EntityStack.expandEntityValue(EntityStack.java:319)
    [junit] 	at org.bluezoo.gonzalez.EntityStack.expandGeneralEntity(EntityStack.java:221)
    [junit] 	at org.bluezoo.gonzalez.EntityStack.expandEntityValue(EntityStack.java:319)
    [junit] 	at org.bluezoo.gonzalez.EntityStack.expandGeneralEntity(EntityStack.java:221)
    [junit] 	at org.bluezoo.gonzalez.EntityStack.expandEntityValue(EntityStack.java:319)
    [junit] 	at org.bluezoo.gonzalez.EntityStack.expandGeneralEntity(EntityStack.java:221)
    [junit] 	at org.bluezoo.gonzalez.EntityStack.expandEntityValue(EntityStack.java:319)
    [junit] 	at org.bluezoo.gonzalez.EntityStack.expandGeneralEntity(EntityStack.java:221)
    [junit] 	at org.bluezoo.gonzalez.EntityStack.expandEntityValue(EntityStack.java:319)
    [junit] 	at org.bluezoo.gonzalez.EntityStack.expandGeneralEntity(EntityStack.java:221)
    [junit] 	at org.bluezoo.gonzalez.EntityStack.expandEntityValue(EntityStack.java:319)
    [junit] 	at org.bluezoo.gonzalez.EntityStack.expandGeneralEntity(EntityStack.java:221)
    [junit] 	at org.bluezoo.gonzalez.EntityStack.expandEntityValue(EntityStack.java:319)
    [junit] 	at org.bluezoo.gonzalez.EntityStack.expandGeneralEntity(EntityStack.java:221)
    [junit] 	at org.bluezoo.gonzalez.EntityStack.expandEntityValue(EntityStack.java:319)
    [junit] 	at org.bluezoo.gonzalez.EntityStack.expandGeneralEntity(EntityStack.java:221)
    [junit] 	at org.bluezoo.gonzalez.EntityStack.expandEntityValue(EntityStack.java:319)
    [junit] 	at org.bluezoo.gonzalez.EntityStack.expandGeneralEntity(EntityStack.java:221)
    [junit] 	at org.bluezoo.gonzalez.EntityStack.expandEntityValue(EntityStack.java:319)
    [junit] 	at org.bluezoo.gonzalez.EntityStack.expandGeneralEntity(EntityStack.java:221)
    [junit] 	at org.bluezoo.gonzalez.EntityStack.expandEntityValue(EntityStack.java:319)
    [junit] 	at org.bluezoo.gonzalez.EntityStack.expandGeneralEntity(EntityStack.java:221)
    [junit] 	at org.bluezoo.gonzalez.EntityStack.expandEntityValue(EntityStack.java:319)
    [junit] 	at org.bluezoo.gonzalez.EntityStack.expandGeneralEntity(EntityStack.java:221)
    [junit] 	at org.bluezoo.gonzalez.EntityStack.expandEntityValue(EntityStack.java:319)
    [junit] 	at org.bluezoo.gonzalez.EntityStack.expandGeneralEntity(EntityStack.java:221)
    [junit] 	at org.bluezoo.gonzalez.EntityStack.expandEntityValue(EntityStack.java:319)
    [junit] 	at org.bluezoo.gonzalez.EntityStack.expandGeneralEntity(EntityStack.java:221)
    [junit] 	at org.bluezoo.gonzalez.EntityStack.expandEntityValue(EntityStack.java:319)
    [junit] 	at org.bluezoo.gonzalez.EntityStack.expandGeneralEntity(EntityStack.java:221)
    [junit] 	at org.bluezoo.gonzalez.EntityStack.expandEntityValue(EntityStack.java:319)
    [junit] 	at org.bluezoo.gonzalez.EntityStack.expandGeneralEntity(EntityStack.java:221)
    [junit] 	at org.bluezoo.gonzalez.EntityStack.expandEntityValue(EntityStack.java:319)
    [junit] 	at org.bluezoo.gonzalez.EntityStack.expandGeneralEntity(EntityStack.java:221)
    [junit] 	at org.bluezoo.gonzalez.EntityStack.expandEntityValue(EntityStack.java:319)
    [junit] 	at org.bluezoo.gonzalez.EntityStack.expandGeneralEntity(EntityStack.java:221)
    [junit] 	at org.bluezoo.gonzalez.EntityStack.expandEntityValue(EntityStack.java:319)
    [junit] 	at org.bluezoo.gonzalez.EntityStack.expandGeneralEntity(EntityStack.java:221)
    [junit] 	at org.bluezoo.gonzalez.EntityStack.expandEntityValue(EntityStack.java:319)
    [junit] 	at org.bluezoo.gonzalez.EntityStack.expandGeneralEntity(EntityStack.java:221)
    [junit] 	at org.bluezoo.gonzalez.EntityStack.expandEntityValue(EntityStack.java:319)
    [junit] 	at org.bluezoo.gonzalez.EntityStack.expandGeneralEntity(EntityStack.java:221)
    [junit] 	at org.bluezoo.gonzalez.EntityStack.expandEntityValue(EntityStack.java:319)
    [junit] 	at org.bluezoo.gonzalez.EntityStack.expandGeneralEntity(EntityStack.java:221)
    [junit] 	at org.bluezoo.gonzalez.EntityStack.expandEntityValue(EntityStack.java:319)
    [junit] 	at org.bluezoo.gonzalez.EntityStack.expandGeneralEntity(EntityStack.java:221)
    [junit] 	at org.bluezoo.gonzalez.EntityStack.expandEntityValue(EntityStack.java:319)
    [junit] 	at org.bluezoo.gonzalez.EntityStack.expandGeneralEntity(EntityStack.java:221)
    [junit] 	at org.bluezoo.gonzalez.EntityStack.expandEntityValue(EntityStack.java:319)
    [junit] 	at org.bluezoo.gonzalez.EntityStack.expandGeneralEntity(EntityStack.java:221)
    [junit] 	at org.bluezoo.gonzalez.EntityStack.expandEntityValue(EntityStack.java:319)
    [junit] 	at org.bluezoo.gonzalez.EntityStack.expandGeneralEntity(EntityStack.java:221)
    [junit] 	at org.bluezoo.gonzalez.EntityStack.expandEntityValue(EntityStack.java:319)
    [junit] 	at org.bluezoo.gonzalez.EntityStack.expandGeneralEntity(EntityStack.java:221)
    [junit] 	at org.bluezoo.gonzalez.EntityStack.expandEntityValue(EntityStack.java:319)
    [junit] 	at org.bluezoo.gonzalez.EntityStack.expandGeneralEntity(EntityStack.java:221)
    [junit] 	at org.bluezoo.gonzalez.EntityStack.expandEntityValue(EntityStack.java:319)
    [junit] 	at org.bluezoo.gonzalez.EntityStack.expandGeneralEntity(EntityStack.java:221)
    [junit] 	at org.bluezoo.gonzalez.EntityStack.expandEntityValue(EntityStack.java:319)
    [junit] 	at org.bluezoo.gonzalez.EntityStack.expandGeneralEntity(EntityStack.java:221)
    [junit] 	at org.bluezoo.gonzalez.EntityStack.expandEntityValue(EntityStack.java:319)
    [junit] 	at org.bluezoo.gonzalez.EntityStack.expandGeneralEntity(EntityStack.java:221)
    [junit] 	at org.bluezoo.gonzalez.EntityStack.expandEntityValue(EntityStack.java:319)
    [junit] 	at org.bluezoo.gonzalez.EntityStack.expandGeneralEntity(EntityStack.java:221)
    [junit] 	at org.bluezoo.gonzalez.EntityStack.expandEntityValue(EntityStack.java:319)
    [junit] 	at org.bluezoo.gonzalez.EntityStack.expandGeneralEntity(EntityStack.java:221)
    [junit] 	at org.bluezoo.gonzalez.EntityStack.expandEntityValue(EntityStack.java:319)
    [junit] 	at org.bluezoo.gonzalez.EntityStack.expandGeneralEntity(EntityStack.java:221)
    [junit] 	at org.bluezoo.gonzalez.EntityStack.expandEntityValue(EntityStack.java:319)
    [junit] 	at org.bluezoo.gonzalez.EntityStack.expandGeneralEntity(EntityStack.java:221)
    [junit] 	at org.bluezoo.gonzalez.EntityStack.expandEntityValue(EntityStack.java:319)
    [junit] 	at org.bluezoo.gonzalez.EntityStack.expandGeneralEntity(EntityStack.java:221)
    [junit] 	at org.bluezoo.gonzalez.EntityStack.expandEntityValue(EntityStack.java:319)
    [junit] 	at org.bluezoo.gonzalez.EntityStack.expandGeneralEntity(EntityStack.java:221)
    [junit] 	at org.bluezoo.gonzalez.EntityStack.expandEntityValue(EntityStack.java:319)
    [junit] 	at org.bluezoo.gonzalez.EntityStack.expandGeneralEntity(EntityStack.java:221)
    [junit] 	at org.bluezoo.gonzalez.EntityStack.expandEntityValue(EntityStack.java:319)
    [junit] 	at org.bluezoo.gonzalez.EntityStack.expandGeneralEntity(EntityStack.java:221)
    [junit] 	at org.bluezoo.gonzalez.EntityStack.expandEntityValue(EntityStack.java:319)
    [junit] 	at org.bluezoo.gonzalez.EntityStack.expandGeneralEntity(EntityStack.java:221)
    [junit] 	at org.bluezoo.gonzalez.EntityStack.expandEntityValue(EntityStack.java:319)
    [junit] 	at org.bluezoo.gonzalez.EntityStack.expandGeneralEntity(EntityStack.java:221)
    [junit] 	at org.bluezoo.gonzalez.EntityStack.expandEntityValue(EntityStack.java:319)
    [junit] 	at org.bluezoo.gonzalez.EntityStack.expandGeneralEntity(EntityStack.java:221)
    [junit] 	at org.bluezoo.gonzalez.EntityStack.expandEntityValue(EntityStack.java:319)
    [junit] 	at org.bluezoo.gonzalez.EntityStack.expandGeneralEntity(EntityStack.java:221)
    [junit] 	at org.bluezoo.gonzalez.EntityStack.expandEntityValue(EntityStack.java:319)
    [junit] 	at org.bluezoo.gonzalez.EntityStack.expandGeneralEntity(EntityStack.java:221)
    [junit] 	at org.bluezoo.gonzalez.EntityStack.expandEntityValue(EntityStack.java:319)
    [junit] 	at org.bluezoo.gonzalez.EntityStack.expandGeneralEntity(EntityStack.java:221)
    [junit] 	at org.bluezoo.gonzalez.EntityStack.expandEntityValue(EntityStack.java:319)
    [junit] 	at org.bluezoo.gonzalez.EntityStack.expandGeneralEntity(EntityStack.java:221)
    [junit] 	at org.bluezoo.gonzalez.EntityStack.expandEntityValue(EntityStack.java:319)
    [junit] 	at org.bluezoo.gonzalez.EntityStack.expandGeneralEntity(EntityStack.java:221)
    [junit] 	at org.bluezoo.gonzalez.EntityStack.expandEntityValue(EntityStack.java:319)
    [junit] 	at org.bluezoo.gonzalez.EntityStack.expandGeneralEntity(EntityStack.java:221)
    [junit] 	at org.bluezoo.gonzalez.EntityStack.expandEntityValue(EntityStack.java:319)
    [junit] 	at org.bluezoo.gonzalez.EntityStack.expandGeneralEntity(EntityStack.java:221)
    [junit] 	at org.bluezoo.gonzalez.EntityStack.expandEntityValue(EntityStack.java:319)
    [junit] 	at org.bluezoo.gonzalez.EntityStack.expandGeneralEntity(EntityStack.java:221)
    [junit] 	at org.bluezoo.gonzalez.EntityStack.expandEntityValue(EntityStack.java:319)
    [junit] 	at org.bluezoo.gonzalez.EntityStack.expandGeneralEntity(EntityStack.java:221)
    [junit] 	at org.bluezoo.gonzalez.EntityStack.expandEntityValue(EntityStack.java:319)
    [junit] 	at org.bluezoo.gonzalez.EntityStack.expandGeneralEntity(EntityStack.java:221)
    [junit] 	at org.bluezoo.gonzalez.EntityStack.expandEntityValue(EntityStack.java:319)
    [junit] 	at org.bluezoo.gonzalez.EntityStack.expandGeneralEntity(EntityStack.java:221)
    [junit] 	at org.bluezoo.gonzalez.EntityStack.expandEntityValue(EntityStack.java:319)
    [junit] 	at org.bluezoo.gonzalez.EntityStack.expandGeneralEntity(EntityStack.java:221)
    [junit] 	at org.bluezoo.gonzalez.EntityStack.expandEntityValue(EntityStack.java:319)
    [junit] 	at org.bluezoo.gonzalez.EntityStack.expandGeneralEntity(EntityStack.java:221)
    [junit] 	at org.bluezoo.gonzalez.EntityStack.expandEntityValue(EntityStack.java:319)
    [junit] 	at org.bluezoo.gonzalez.EntityStack.expandGeneralEntity(EntityStack.java:221)
    [junit] 	at org.bluezoo.gonzalez.EntityStack.expandEntityValue(EntityStack.java:319)
    [junit] 	at org.bluezoo.gonzalez.EntityStack.expandGeneralEntity(EntityStack.java:221)
    [junit] 	at org.bluezoo.gonzalez.EntityStack.expandEntityValue(EntityStack.java:319)
    [junit] 	at org.bluezoo.gonzalez.EntityStack.expandGeneralEntity(EntityStack.java:221)
    [junit] 	at org.bluezoo.gonzalez.EntityStack.expandEntityValue(EntityStack.java:319)
    [junit] 	at org.bluezoo.gonzalez.EntityStack.expandGeneralEntity(EntityStack.java:221)
    [junit] 	at org.bluezoo.gonzalez.EntityStack.expandEntityValue(EntityStack.java:319)
    [junit] 	at org.bluezoo.gonzalez.EntityStack.expandGeneralEntity(EntityStack.java:221)
    [junit] 	at org.bluezoo.gonzalez.EntityStack.expandEntityValue(EntityStack.java:319)
    [junit] 	at org.bluezoo.gonzalez.EntityStack.expandGeneralEntity(EntityStack.java:221)
    [junit] 	at org.bluezoo.gonzalez.EntityStack.expandEntityValue(EntityStack.java:319)
    [junit] 	at org.bluezoo.gonzalez.EntityStack.expandGeneralEntity(EntityStack.java:221)
    [junit] 	at org.bluezoo.gonzalez.EntityStack.expandEntityValue(EntityStack.java:319)
    [junit] 	at org.bluezoo.gonzalez.EntityStack.expandGeneralEntity(EntityStack.java:221)
    [junit] 	at org.bluezoo.gonzalez.EntityStack.expandEntityValue(EntityStack.java:319)
    [junit] 	at org.bluezoo.gonzalez.EntityStack.expandGeneralEntity(EntityStack.java:221)
    [junit] 	at org.bluezoo.gonzalez.EntityStack.expandEntityValue(EntityStack.java:319)
    [junit] 	at org.bluezoo.gonzalez.EntityStack.expandGeneralEntity(EntityStack.java:221)
    [junit] 	at org.bluezoo.gonzalez.EntityStack.expandEntityValue(EntityStack.java:319)
    [junit] 	at org.bluezoo.gonzalez.EntityStack.expandGeneralEntity(EntityStack.java:221)
    [junit] 	at org.bluezoo.gonzalez.EntityStack.expandEntityValue(EntityStack.java:319)
    [junit] 	at org.bluezoo.gonzalez.EntityStack.expandGeneralEntity(EntityStack.java:221)
    [junit] 	at org.bluezoo.gonzalez.EntityStack.expandEntityValue(EntityStack.java:319)
    [junit] 	at org.bluezoo.gonzalez.EntityStack.expandGeneralEntity(EntityStack.java:221)
    [junit] 	at org.bluezoo.gonzalez.EntityStack.expandEntityValue(EntityStack.java:319)
    [junit] 	at org.bluezoo.gonzalez.EntityStack.expandGeneralEntity(EntityStack.java:221)
    [junit] 	at org.bluezoo.gonzalez.EntityStack.expandEntityValue(EntityStack.java:319)
    [junit] 	at org.bluezoo.gonzalez.EntityStack.expandGeneralEntity(EntityStack.java:221)
    [junit] 	at org.bluezoo.gonzalez.EntityStack.expandEntityValue(EntityStack.java:319)
    [junit] 	at org.bluezoo.gonzalez.EntityStack.expandGeneralEntity(EntityStack.java:221)
    [junit] 	at org.bluezoo.gonzalez.EntityStack.expandEntityValue(EntityStack.java:319)
    [junit] 	at org.bluezoo.gonzalez.EntityStack.expandGeneralEntity(EntityStack.java:221)
    [junit] 	at org.bluezoo.gonzalez.EntityStack.expandEntityValue(EntityStack.java:319)
    [junit] 	at org.bluezoo.gonzalez.EntityStack.expandGeneralEntity(EntityStack.java:221)
    [junit] 	at org.bluezoo.gonzalez.EntityStack.expandEntityValue(EntityStack.java:319)
    [junit] 	at org.bluezoo.gonzalez.EntityStack.expandGeneralEntity(EntityStack.java:221)
    [junit] 	at org.bluezoo.gonzalez.EntityStack.expandEntityValue(EntityStack.java:319)
    [junit] 	at org.bluezoo.gonzalez.EntityStack.expandGeneralEntity(EntityStack.java:221)
    [junit] 	at org.bluezoo.gonzalez.EntityStack.expandEntityValue(EntityStack.java:319)
    [junit] 	at org.bluezoo.gonzalez.EntityStack.expandGeneralEntity(EntityStack.java:221)
    [junit] 	at org.bluezoo.gonzalez.EntityStack.expandEntityValue(EntityStack.java:319)
    [junit] 	at org.bluezoo.gonzalez.EntityStack.expandGeneralEntity(EntityStack.java:221)
    [junit] 	at org.bluezoo.gonzalez.EntityStack.expandEntityValue(EntityStack.java:319)
    [junit] 	at org.bluezoo.gonzalez.EntityStack.expandGeneralEntity(EntityStack.java:221)
    [junit] 	at org.bluezoo.gonzalez.EntityStack.expandEntityValue(EntityStack.java:319)
    [junit] 	at org.bluezoo.gonzalez.EntityStack.expandGeneralEntity(EntityStack.java:221)
    [junit] 	at org.bluezoo.gonzalez.EntityStack.expandEntityValue(EntityStack.java:319)
    [junit] 	at org.bluezoo.gonzalez.EntityStack.expandGeneralEntity(EntityStack.java:221)
    [junit] 	at org.bluezoo.gonzalez.EntityStack.expandEntityValue(EntityStack.java:319)
    [junit] 	at org.bluezoo.gonzalez.EntityStack.expandGeneralEntity(EntityStack.java:221)
    [junit] 	at org.bluezoo.gonzalez.EntityStack.expandEntityValue(EntityStack.java:319)
    [junit] 	at org.bluezoo.gonzalez.EntityStack.expandGeneralEntity(EntityStack.java:221)
    [junit] 	at org.bluezoo.gonzalez.EntityStack.expandEntityValue(EntityStack.java:319)
    [junit] 	at org.bluezoo.gonzalez.EntityStack.expandGeneralEntity(EntityStack.java:221)
    [junit] 	at org.bluezoo.gonzalez.EntityStack.expandEntityValue(EntityStack.java:319)
    [junit] 	at org.bluezoo.gonzalez.EntityStack.expandGeneralEntity(EntityStack.java:221)
    [junit] 	at org.bluezoo.gonzalez.EntityStack.expandEntityValue(EntityStack.java:319)
    [junit] 	at org.bluezoo.gonzalez.EntityStack.expandGeneralEntity(EntityStack.java:221)
    [junit] 	at org.bluezoo.gonzalez.EntityStack.expandEntityValue(EntityStack.java:319)
    [junit] 	at org.bluezoo.gonzalez.EntityStack.expandGeneralEntity(EntityStack.java:221)
    [junit] 	at org.bluezoo.gonzalez.EntityStack.expandEntityValue(EntityStack.java:319)
    [junit] 	at org.bluezoo.gonzalez.EntityStack.expandGeneralEntity(EntityStack.java:221)
    [junit] 	at org.bluezoo.gonzalez.EntityStack.expandEntityValue(EntityStack.java:319)
    [junit] 	at org.bluezoo.gonzalez.EntityStack.expandGeneralEntity(EntityStack.java:221)
    [junit] 	at org.bluezoo.gonzalez.EntityStack.expandEntityValue(EntityStack.java:319)
    [junit] 	at org.bluezoo.gonzalez.EntityStack.expandGeneralEntity(EntityStack.java:221)
    [junit] 	at org.bluezoo.gonzalez.EntityStack.expandEntityValue(EntityStack.java:319)
    [junit] 	at org.bluezoo.gonzalez.EntityStack.expandGeneralEntity(EntityStack.java:221)
    [junit] 	at org.bluezoo.gonzalez.EntityStack.expandEntityValue(EntityStack.java:319)
    [junit] 	at org.bluezoo.gonzalez.EntityStack.expandGeneralEntity(EntityStack.java:221)
    [junit] 	at org.bluezoo.gonzalez.EntityStack.expandEntityValue(EntityStack.java:319)
    [junit] 	at org.bluezoo.gonzalez.EntityStack.expandGeneralEntity(EntityStack.java:221)
    [junit] 	at org.bluezoo.gonzalez.EntityStack.expandEntityValue(EntityStack.java:319)
    [junit] 	at org.bluezoo.gonzalez.EntityStack.expandGeneralEntity(EntityStack.java:221)
    [junit] 	at org.bluezoo.gonzalez.EntityStack.expandEntityValue(EntityStack.java:319)
    [junit] 	at org.bluezoo.gonzalez.EntityStack.expandGeneralEntity(EntityStack.java:221)
    [junit] 	at org.bluezoo.gonzalez.EntityStack.expandEntityValue(EntityStack.java:319)
    [junit] 	at org.bluezoo.gonzalez.EntityStack.expandGeneralEntity(EntityStack.java:221)
    [junit] 	at org.bluezoo.gonzalez.EntityStack.expandEntityValue(EntityStack.java:319)
    [junit] 	at org.bluezoo.gonzalez.EntityStack.expandGeneralEntity(EntityStack.java:221)
    [junit] 	at org.bluezoo.gonzalez.EntityStack.expandEntityValue(EntityStack.java:319)
    [junit] 	at org.bluezoo.gonzalez.EntityStack.expandGeneralEntity(EntityStack.java:221)
    [junit] 	at org.bluezoo.gonzalez.EntityStack.expandEntityValue(EntityStack.java:319)
    [junit] 	at org.bluezoo.gonzalez.EntityStack.expandGeneralEntity(EntityStack.java:221)
    [junit] 	at org.bluezoo.gonzalez.EntityStack.expandEntityValue(EntityStack.java:319)
    [junit] 	at org.bluezoo.gonzalez.EntityStack.expandGeneralEntity(EntityStack.java:221)
    [junit] 	at org.bluezoo.gonzalez.EntityStack.expandEntityValue(EntityStack.java:319)
    [junit] 	at org.bluezoo.gonzalez.EntityStack.expandGeneralEntity(EntityStack.java:221)
    [junit] 	at org.bluezoo.gonzalez.EntityStack.expandEntityValue(EntityStack.java:319)
    [junit] 	at org.bluezoo.gonzalez.EntityStack.expandGeneralEntity(EntityStack.java:221)
    [junit] 	at org.bluezoo.gonzalez.EntityStack.expandEntityValue(EntityStack.java:319)
    [junit] 	at org.bluezoo.gonzalez.EntityStack.expandGeneralEntity(EntityStack.java:221)
    [junit] 	at org.bluezoo.gonzalez.EntityStack.expandEntityValue(EntityStack.java:319)
    [junit] 	at org.bluezoo.gonzalez.EntityStack.expandGeneralEntity(EntityStack.java:221)
    [junit] 	at org.bluezoo.gonzalez.EntityStack.expandEntityValue(EntityStack.java:319)
    [junit] 	at org.bluezoo.gonzalez.EntityStack.expandGeneralEntity(EntityStack.java:221)
    [junit] 	at org.bluezoo.gonzalez.EntityStack.expandEntityValue(EntityStack.java:319)
    [junit] 	at org.bluezoo.gonzalez.EntityStack.expandGeneralEntity(EntityStack.java:221)
    [junit] 	at org.bluezoo.gonzalez.EntityStack.expandEntityValue(EntityStack.java:319)
    [junit] 	at org.bluezoo.gonzalez.EntityStack.expandGeneralEntity(EntityStack.java:221)
    [junit] 	at org.bluezoo.gonzalez.EntityStack.expandEntityValue(EntityStack.java:319)
    [junit] 	at org.bluezoo.gonzalez.EntityStack.expandGeneralEntity(EntityStack.java:221)
    [junit] 	at org.bluezoo.gonzalez.EntityStack.expandEntityValue(EntityStack.java:319)
    [junit] 	at org.bluezoo.gonzalez.EntityStack.expandGeneralEntity(EntityStack.java:221)
    [junit] 	at org.bluezoo.gonzalez.EntityStack.expandEntityValue(EntityStack.java:319)
    [junit] 	at org.bluezoo.gonzalez.EntityStack.expandGeneralEntity(EntityStack.java:221)
    [junit] 	at org.bluezoo.gonzalez.EntityStack.expandEntityValue(EntityStack.java:319)
    [junit] 	at org.bluezoo.gonzalez.EntityStack.expandGeneralEntity(EntityStack.java:221)
    [junit] 	at org.bluezoo.gonzalez.EntityStack.expandEntityValue(EntityStack.java:319)
    [junit] 	at org.bluezoo.gonzalez.EntityStack.expandGeneralEntity(EntityStack.java:221)
    [junit] 	at org.bluezoo.gonzalez.EntityStack.expandEntityValue(EntityStack.java:319)
    [junit] 	at org.bluezoo.gonzalez.EntityStack.expandGeneralEntity(EntityStack.java:221)
    [junit] 	at org.bluezoo.gonzalez.EntityStack.expandEntityValue(EntityStack.java:319)
    [junit] 	at org.bluezoo.gonzalez.EntityStack.expandGeneralEntity(EntityStack.java:221)
    [junit] 	at org.bluezoo.gonzalez.EntityStack.expandEntityValue(EntityStack.java:319)
    [junit] 	at org.bluezoo.gonzalez.EntityStack.expandGeneralEntity(EntityStack.java:221)
    [junit] 	at org.bluezoo.gonzalez.EntityStack.expandEntityValue(EntityStack.java:319)
    [junit] 	at org.bluezoo.gonzalez.EntityStack.expandGeneralEntity(EntityStack.java:221)
    [junit] 	at org.bluezoo.gonzalez.EntityStack.expandEntityValue(EntityStack.java:319)
    [junit] 	at org.bluezoo.gonzalez.EntityStack.expandGeneralEntity(EntityStack.java:221)
    [junit] 	at org.bluezoo.gonzalez.EntityStack.expandEntityValue(EntityStack.java:319)
    [junit] 	at org.bluezoo.gonzalez.EntityStack.expandGeneralEntity(EntityStack.java:221)
    [junit] 	at org.bluezoo.gonzalez.EntityStack.expandEntityValue(EntityStack.java:319)
    [junit] 	at org.bluezoo.gonzalez.EntityStack.expandGeneralEntity(EntityStack.java:221)
    [junit] 	at org.bluezoo.gonzalez.EntityStack.expandEntityValue(EntityStack.java:319)
    [junit] 	at org.bluezoo.gonzalez.EntityStack.expandGeneralEntity(EntityStack.java:221)
    [junit] 	at org.bluezoo.gonzalez.EntityStack.expandEntityValue(EntityStack.java:319)
    [junit] 	at org.bluezoo.gonzalez.EntityStack.expandGeneralEntity(EntityStack.java:221)
    [junit] 	at org.bluezoo.gonzalez.EntityStack.expandEntityValue(EntityStack.java:319)
    [junit] 	at org.bluezoo.gonzalez.EntityStack.expandGeneralEntity(EntityStack.java:221)
    [junit] 	at org.bluezoo.gonzalez.EntityStack.expandEntityValue(EntityStack.java:319)
    [junit] 	at org.bluezoo.gonzalez.EntityStack.expandGeneralEntity(EntityStack.java:221)
    [junit] 	at org.bluezoo.gonzalez.EntityStack.expandEntityValue(EntityStack.java:319)
    [junit] 	at org.bluezoo.gonzalez.EntityStack.expandGeneralEntity(EntityStack.java:221)
    [junit] 	at org.bluezoo.gonzalez.EntityStack.expandEntityValue(EntityStack.java:319)
    [junit] 	at org.bluezoo.gonzalez.EntityStack.expandGeneralEntity(EntityStack.java:221)
    [junit] 	at org.bluezoo.gonzalez.EntityStack.expandEntityValue(EntityStack.java:319)
    [junit] 	at org.bluezoo.gonzalez.EntityStack.expandGeneralEntity(EntityStack.java:221)
    [junit] 	at org.bluezoo.gonzalez.EntityStack.expandEntityValue(EntityStack.java:319)
    [junit] 	at org.bluezoo.gonzalez.EntityStack.expandGeneralEntity(EntityStack.java:221)
    [junit] 	at org.bluezoo.gonzalez.EntityStack.expandEntityValue(EntityStack.java:319)
    [junit] 	at org.bluezoo.gonzalez.EntityStack.expandGeneralEntity(EntityStack.java:221)
    [junit] 	at org.bluezoo.gonzalez.EntityStack.expandEntityValue(EntityStack.java:319)
    [junit] 	at org.bluezoo.gonzalez.EntityStack.expandGeneralEntity(EntityStack.java:221)
    [junit] 	at org.bluezoo.gonzalez.EntityStack.expandEntityValue(EntityStack.java:319)
    [junit] 	at org.bluezoo.gonzalez.EntityStack.expandGeneralEntity(EntityStack.java:221)
    [junit] 	at org.bluezoo.gonzalez.EntityStack.expandEntityValue(EntityStack.java:319)
    [junit] 	at org.bluezoo.gonzalez.EntityStack.expandGeneralEntity(EntityStack.java:221)
    [junit] 	at org.bluezoo.gonzalez.EntityStack.expandEntityValue(EntityStack.java:319)
    [junit] 	at org.bluezoo.gonzalez.EntityStack.expandGeneralEntity(EntityStack.java:221)
    [junit] 	at org.bluezoo.gonzalez.EntityStack.expandEntityValue(EntityStack.java:319)
    [junit] 	at org.bluezoo.gonzalez.EntityStack.expandGeneralEntity(EntityStack.java:221)
    [junit] 	at org.bluezoo.gonzalez.EntityStack.expandEntityValue(EntityStack.java:319)
    [junit] 	at org.bluezoo.gonzalez.EntityStack.expandGeneralEntity(EntityStack.java:221)
    [junit] 	at org.bluezoo.gonzalez.EntityStack.expandEntityValue(EntityStack.java:319)
    [junit] 	at org.bluezoo.gonzalez.EntityStack.expandGeneralEntity(EntityStack.java:221)
    [junit] 	at org.bluezoo.gonzalez.EntityStack.expandEntityValue(EntityStack.java:319)
    [junit] 	at org.bluezoo.gonzalez.EntityStack.expandGeneralEntity(EntityStack.java:221)
    [junit] 	at org.bluezoo.gonzalez.EntityStack.expandEntityValue(EntityStack.java:319)
    [junit] 	at org.bluezoo.gonzalez.EntityStack.expandGeneralEntity(EntityStack.java:221)
    [junit] 	at org.bluezoo.gonzalez.EntityStack.expandEntityValue(EntityStack.java:319)
    [junit] 	at org.bluezoo.gonzalez.EntityStack.expandGeneralEntity(EntityStack.java:221)
    [junit] 	at org.bluezoo.gonzalez.EntityStack.expandEntityValue(EntityStack.java:319)
    [junit] 	at org.bluezoo.gonzalez.EntityStack.expandGeneralEntity(EntityStack.java:221)
    [junit] 	at org.bluezoo.gonzalez.EntityStack.expandEntityValue(EntityStack.java:319)
    [junit] 	at org.bluezoo.gonzalez.EntityStack.expandGeneralEntity(EntityStack.java:221)
    [junit] 	at org.bluezoo.gonzalez.EntityStack.expandEntityValue(EntityStack.java:319)
    [junit] 	at org.bluezoo.gonzalez.EntityStack.expandGeneralEntity(EntityStack.java:221)
    [junit] 	at org.bluezoo.gonzalez.EntityStack.expandEntityValue(EntityStack.java:319)
    [junit] 	at org.bluezoo.gonzalez.EntityStack.expandGeneralEntity(EntityStack.java:221)
    [junit] 	at org.bluezoo.gonzalez.EntityStack.expandEntityValue(EntityStack.java:319)
    [junit] 	at org.bluezoo.gonzalez.EntityStack.expandGeneralEntity(EntityStack.java:221)
    [junit] 	at org.bluezoo.gonzalez.EntityStack.expandEntityValue(EntityStack.java:319)
    [junit] 	at org.bluezoo.gonzalez.EntityStack.expandGeneralEntity(EntityStack.java:221)
    [junit] 	at org.bluezoo.gonzalez.EntityStack.expandEntityValue(EntityStack.java:319)
    [junit] 	at org.bluezoo.gonzalez.EntityStack.expandGeneralEntity(EntityStack.java:221)
    [junit] 	at org.bluezoo.gonzalez.EntityStack.expandEntityValue(EntityStack.java:319)
    [junit] 	at org.bluezoo.gonzalez.EntityStack.expandGeneralEntity(EntityStack.java:221)
    [junit] 	at org.bluezoo.gonzalez.EntityStack.expandEntityValue(EntityStack.java:319)
    [junit] 	at org.bluezoo.gonzalez.EntityStack.expandGeneralEntity(EntityStack.java:221)
    [junit] 	at org.bluezoo.gonzalez.EntityStack.expandEntityValue(EntityStack.java:319)
    [junit] 	at org.bluezoo.gonzalez.EntityStack.expandGeneralEntity(EntityStack.java:221)
    [junit] 	at org.bluezoo.gonzalez.EntityStack.expandEntityValue(EntityStack.java:319)
    [junit] 	at org.bluezoo.gonzalez.EntityStack.expandGeneralEntity(EntityStack.java:221)
    [junit] 	at org.bluezoo.gonzalez.EntityStack.expandEntityValue(EntityStack.java:319)
    [junit] 	at org.bluezoo.gonzalez.EntityStack.expandGeneralEntity(EntityStack.java:221)
    [junit] 	at org.bluezoo.gonzalez.EntityStack.expandEntityValue(EntityStack.java:319)
    [junit] 	at org.bluezoo.gonzalez.EntityStack.expandGeneralEntity(EntityStack.java:221)
    [junit] 	at org.bluezoo.gonzalez.EntityStack.expandEntityValue(EntityStack.java:319)
    [junit] 	at org.bluezoo.gonzalez.EntityStack.expandGeneralEntity(EntityStack.java:221)
    [junit] 	at org.bluezoo.gonzalez.EntityStack.expandEntityValue(EntityStack.java:319)
    [junit] 	at org.bluezoo.gonzalez.EntityStack.expandGeneralEntity(EntityStack.java:221)
    [junit] 	at org.bluezoo.gonzalez.EntityStack.expandEntityValue(EntityStack.java:319)
    [junit] 	at org.bluezoo.gonzalez.EntityStack.expandGeneralEntity(EntityStack.java:221)
    [junit] 	at org.bluezoo.gonzalez.EntityStack.expandEntityValue(EntityStack.java:319)
    [junit] 	at org.bluezoo.gonzalez.EntityStack.expandGeneralEntity(EntityStack.java:221)
    [junit] 	at org.bluezoo.gonzalez.EntityStack.expandEntityValue(EntityStack.java:319)
    [junit] 	at org.bluezoo.gonzalez.EntityStack.expandGeneralEntity(EntityStack.java:221)
    [junit] 	at org.bluezoo.gonzalez.EntityStack.expandEntityValue(EntityStack.java:319)
    [junit] 	at org.bluezoo.gonzalez.EntityStack.expandGeneralEntity(EntityStack.java:221)
    [junit] 	at org.bluezoo.gonzalez.EntityStack.expandEntityValue(EntityStack.java:319)
    [junit] 	at org.bluezoo.gonzalez.EntityStack.expandGeneralEntity(EntityStack.java:221)
    [junit] 	at org.bluezoo.gonzalez.EntityStack.expandEntityValue(EntityStack.java:319)
    [junit] 	at org.bluezoo.gonzalez.EntityStack.expandGeneralEntity(EntityStack.java:221)
    [junit] 	at org.bluezoo.gonzalez.EntityStack.expandEntityValue(EntityStack.java:319)
    [junit] 	at org.bluezoo.gonzalez.EntityStack.expandGeneralEntity(EntityStack.java:221)
    [junit] 	at org.bluezoo.gonzalez.EntityStack.expandEntityValue(EntityStack.java:319)
    [junit] 	at org.bluezoo.gonzalez.EntityStack.expandGeneralEntity(EntityStack.java:221)
    [junit] 	at org.bluezoo.gonzalez.EntityStack.expandEntityValue(EntityStack.java:319)
    [junit] 	at org.bluezoo.gonzalez.EntityStack.expandGeneralEntity(EntityStack.java:221)
    [junit] 	at org.bluezoo.gonzalez.EntityStack.expandEntityValue(EntityStack.java:319)
    [junit] 	at org.bluezoo.gonzalez.EntityStack.expandGeneralEntity(EntityStack.java:221)
    [junit] 	at org.bluezoo.gonzalez.EntityStack.expandEntityValue(EntityStack.java:319)
    [junit] 	at org.bluezoo.gonzalez.EntityStack.expandGeneralEntity(EntityStack.java:221)
    [junit] 	at org.bluezoo.gonzalez.EntityStack.expandEntityValue(EntityStack.java:319)
    [junit] 	at org.bluezoo.gonzalez.EntityStack.expandGeneralEntity(EntityStack.java:221)
    [junit] 	at org.bluezoo.gonzalez.EntityStack.expandEntityValue(EntityStack.java:319)
    [junit] 	at org.bluezoo.gonzalez.EntityStack.expandGeneralEntity(EntityStack.java:221)
    [junit] 	at org.bluezoo.gonzalez.EntityStack.expandEntityValue(EntityStack.java:319)
    [junit] 	at org.bluezoo.gonzalez.EntityStack.expandGeneralEntity(EntityStack.java:221)
    [junit] 	at org.bluezoo.gonzalez.EntityStack.expandEntityValue(EntityStack.java:319)
    [junit] 	at org.bluezoo.gonzalez.EntityStack.expandGeneralEntity(EntityStack.java:221)
    [junit] 	at org.bluezoo.gonzalez.EntityStack.expandEntityValue(EntityStack.java:319)
    [junit] 	at org.bluezoo.gonzalez.EntityStack.expandGeneralEntity(EntityStack.java:221)
    [junit] 	at org.bluezoo.gonzalez.EntityStack.expandEntityValue(EntityStack.java:319)
    [junit] 	at org.bluezoo.gonzalez.EntityStack.expandGeneralEntity(EntityStack.java:221)
    [junit] 	at org.bluezoo.gonzalez.EntityStack.expandEntityValue(EntityStack.java:319)
    [junit] 	at org.bluezoo.gonzalez.EntityStack.expandGeneralEntity(EntityStack.java:221)
    [junit] 	at org.bluezoo.gonzalez.EntityStack.expandEntityValue(EntityStack.java:319)
    [junit] 	at org.bluezoo.gonzalez.EntityStack.expandGeneralEntity(EntityStack.java:221)
    [junit] 	at org.bluezoo.gonzalez.EntityStack.expandEntityValue(EntityStack.java:319)
    [junit] 	at org.bluezoo.gonzalez.EntityStack.expandGeneralEntity(EntityStack.java:221)
    [junit] 	at org.bluezoo.gonzalez.EntityStack.expandEntityValue(EntityStack.java:319)
    [junit] 	at org.bluezoo.gonzalez.EntityStack.expandGeneralEntity(EntityStack.java:221)
    [junit] 	at org.bluezoo.gonzalez.EntityStack.expandEntityValue(EntityStack.java:319)
    [junit] 	at org.bluezoo.gonzalez.EntityStack.expandGeneralEntity(EntityStack.java:221)
    [junit] 	at org.bluezoo.gonzalez.EntityStack.expandEntityValue(EntityStack.java:319)
    [junit] 	at org.bluezoo.gonzalez.EntityStack.expandGeneralEntity(EntityStack.java:221)
    [junit] 	at org.bluezoo.gonzalez.EntityStack.expandEntityValue(EntityStack.java:319)
    [junit] 	at org.bluezoo.gonzalez.EntityStack.expandGeneralEntity(EntityStack.java:221)
    [junit] 	at org.bluezoo.gonzalez.EntityStack.expandEntityValue(EntityStack.java:319)
    [junit] 	at org.bluezoo.gonzalez.EntityStack.expandGeneralEntity(EntityStack.java:221)
    [junit] 	at org.bluezoo.gonzalez.EntityStack.expandEntityValue(EntityStack.java:319)
    [junit] 	at org.bluezoo.gonzalez.EntityStack.expandGeneralEntity(EntityStack.java:221)
    [junit] 	at org.bluezoo.gonzalez.EntityStack.expandEntityValue(EntityStack.java:319)
    [junit] 	at org.bluezoo.gonzalez.EntityStack.expandGeneralEntity(EntityStack.java:221)
    [junit] 	at org.bluezoo.gonzalez.EntityStack.expandEntityValue(EntityStack.java:319)
    [junit] 	at org.bluezoo.gonzalez.EntityStack.expandGeneralEntity(EntityStack.java:221)
    [junit] 	at org.bluezoo.gonzalez.EntityStack.expandEntityValue(EntityStack.java:319)
    [junit] 	at org.bluezoo.gonzalez.EntityStack.expandGeneralEntity(EntityStack.java:221)
    [junit] 	at org.bluezoo.gonzalez.EntityStack.expandEntityValue(EntityStack.java:319)
    [junit] 	at org.bluezoo.gonzalez.EntityStack.expandGeneralEntity(EntityStack.java:221)
    [junit] 	at org.bluezoo.gonzalez.EntityStack.expandEntityValue(EntityStack.java:319)
    [junit] 	at org.bluezoo.gonzalez.EntityStack.expandGeneralEntity(EntityStack.java:221)
    [junit] 	at org.bluezoo.gonzalez.EntityStack.expandEntityValue(EntityStack.java:319)
    [junit] 	at org.bluezoo.gonzalez.EntityStack.expandGeneralEntity(EntityStack.java:221)
    [junit] 	at org.bluezoo.gonzalez.EntityStack.expandEntityValue(EntityStack.java:319)
    [junit] 	at org.bluezoo.gonzalez.EntityStack.expandGeneralEntity(EntityStack.java:221)
    [junit] 	at org.bluezoo.gonzalez.EntityStack.expandEntityValue(EntityStack.java:319)
    [junit] 	at org.bluezoo.gonzalez.EntityStack.expandGeneralEntity(EntityStack.java:221)
    [junit] 	at org.bluezoo.gonzalez.EntityStack.expandEntityValue(EntityStack.java:319)
    [junit] 	at org.bluezoo.gonzalez.EntityStack.expandGeneralEntity(EntityStack.java:221)
    [junit] 	at org.bluezoo.gonzalez.EntityStack.expandEntityValue(EntityStack.java:319)
    [junit] 	at org.bluezoo.gonzalez.EntityStack.expandGeneralEntity(EntityStack.java:221)
    [junit] 	at org.bluezoo.gonzalez.EntityStack.expandEntityValue(EntityStack.java:319)
    [junit] 	at org.bluezoo.gonzalez.EntityStack.expandGeneralEntity(EntityStack.java:221)
    [junit] 	at org.bluezoo.gonzalez.EntityStack.expandEntityValue(EntityStack.java:319)
    [junit] 	at org.bluezoo.gonzalez.EntityStack.expandGeneralEntity(EntityStack.java:221)
    [junit] 	at org.bluezoo.gonzalez.EntityStack.expandEntityValue(EntityStack.java:319)
    [junit] 	at org.bluezoo.gonzalez.EntityStack.expandGeneralEntity(EntityStack.java:221)
    [junit] 	at org.bluezoo.gonzalez.EntityStack.expandEntityValue(EntityStack.java:319)
    [junit] 	at org.bluezoo.gonzalez.EntityStack.expandGeneralEntity(EntityStack.java:221)
    [junit] 	at org.bluezoo.gonzalez.EntityStack.expandEntityValue(EntityStack.java:319)
    [junit] 	at org.bluezoo.gonzalez.EntityStack.expandGeneralEntity(EntityStack.java:221)
    [junit] 	at org.bluezoo.gonzalez.EntityStack.expandEntityValue(EntityStack.java:319)
    [junit] 	at org.bluezoo.gonzalez.EntityStack.expandGeneralEntity(EntityStack.java:221)
    [junit] 	at org.bluezoo.gonzalez.EntityStack.expandEntityValue(EntityStack.java:319)
    [junit] 	at org.bluezoo.gonzalez.EntityStack.expandGeneralEntity(EntityStack.java:221)
    [junit] 	at org.bluezoo.gonzalez.EntityStack.expandEntityValue(EntityStack.java:319)
    [junit] 	at org.bluezoo.gonzalez.EntityStack.expandGeneralEntity(EntityStack.java:221)
    [junit] 	at org.bluezoo.gonzalez.EntityStack.expandEntityValue(EntityStack.java:319)
    [junit] 	at org.bluezoo.gonzalez.EntityStack.expandGeneralEntity(EntityStack.java:221)
    [junit] 	at org.bluezoo.gonzalez.EntityStack.expandEntityValue(EntityStack.java:319)
    [junit] 	at org.bluezoo.gonzalez.EntityStack.expandGeneralEntity(EntityStack.java:221)
    [junit] 	at org.bluezoo.gonzalez.EntityStack.expandEntityValue(EntityStack.java:319)
    [junit] 	at org.bluezoo.gonzalez.EntityStack.expandGeneralEntity(EntityStack.java:221)
    [junit] 	at org.bluezoo.gonzalez.EntityStack.expandEntityValue(EntityStack.java:319)
    [junit] 	at org.bluezoo.gonzalez.EntityStack.expandGeneralEntity(EntityStack.java:221)
    [junit] 	at org.bluezoo.gonzalez.EntityStack.expandEntityValue(EntityStack.java:319)
    [junit] 	at org.bluezoo.gonzalez.EntityStack.expandGeneralEntity(EntityStack.java:221)
    [junit] 	at org.bluezoo.gonzalez.EntityStack.expandEntityValue(EntityStack.java:319)
    [junit] 	at org.bluezoo.gonzalez.EntityStack.expandGeneralEntity(EntityStack.java:221)
    [junit] 	at org.bluezoo.gonzalez.EntityStack.expandEntityValue(EntityStack.java:319)
    [junit] 	at org.bluezoo.gonzalez.EntityStack.expandGeneralEntity(EntityStack.java:221)
    [junit] 	at org.bluezoo.gonzalez.EntityStack.expandEntityValue(EntityStack.java:319)
    [junit] 	at org.bluezoo.gonzalez.EntityStack.expandGeneralEntity(EntityStack.java:221)
    [junit] 	at org.bluezoo.gonzalez.EntityStack.expandEntityValue(EntityStack.java:319)
    [junit] 	at org.bluezoo.gonzalez.EntityStack.expandGeneralEntity(EntityStack.java:221)
    [junit] 	at org.bluezoo.gonzalez.EntityStack.expandEntityValue(EntityStack.java:319)
    [junit] 	at org.bluezoo.gonzalez.EntityStack.expandGeneralEntity(EntityStack.java:221)
    [junit] 	at org.bluezoo.gonzalez.EntityStack.expandEntityValue(EntityStack.java:319)
    [junit] 	at org.bluezoo.gonzalez.EntityStack.expandGeneralEntity(EntityStack.java:221)
    [junit] 	at org.bluezoo.gonzalez.EntityStack.expandEntityValue(EntityStack.java:319)
    [junit] 	at org.bluezoo.gonzalez.EntityStack.expandGeneralEntity(EntityStack.java:221)
    [junit] 	at org.bluezoo.gonzalez.EntityStack.expandEntityValue(EntityStack.java:319)
    [junit] 	at org.bluezoo.gonzalez.EntityStack.expandGeneralEntity(EntityStack.java:221)
    [junit] 	at org.bluezoo.gonzalez.EntityStack.expandEntityValue(EntityStack.java:319)
    [junit] 	at org.bluezoo.gonzalez.EntityStack.expandGeneralEntity(EntityStack.java:221)
    [junit] 	at org.bluezoo.gonzalez.EntityStack.expandEntityValue(EntityStack.java:319)
    [junit] 	at org.bluezoo.gonzalez.EntityStack.expandGeneralEntity(EntityStack.java:221)
    [junit] 	at org.bluezoo.gonzalez.EntityStack.expandEntityValue(EntityStack.java:319)
    [junit] 	at org.bluezoo.gonzalez.EntityStack.expandGeneralEntity(EntityStack.java:221)
    [junit] 	at org.bluezoo.gonzalez.EntityStack.expandEntityValue(EntityStack.java:319)
    [junit] 	at org.bluezoo.gonzalez.EntityStack.expandGeneralEntity(EntityStack.java:221)
    [junit] 	at org.bluezoo.gonzalez.EntityStack.expandEntityValue(EntityStack.java:319)
    [junit] 	at org.bluezoo.gonzalez.EntityStack.expandGeneralEntity(EntityStack.java:221)
    [junit] 	at org.bluezoo.gonzalez.EntityStack.expandEntityValue(EntityStack.java:319)
    [junit] 	at org.bluezoo.gonzalez.EntityStack.expandGeneralEntity(EntityStack.java:221)
    [junit] 	at org.bluezoo.gonzalez.EntityStack.expandEntityValue(EntityStack.java:319)
    [junit] 	at org.bluezoo.gonzalez.EntityStack.expandGeneralEntity(EntityStack.java:221)
    [junit] 	at org.bluezoo.gonzalez.EntityStack.expandEntityValue(EntityStack.java:319)
    [junit] 	at org.bluezoo.gonzalez.EntityStack.expandGeneralEntity(EntityStack.java:221)
    [junit] 	at org.bluezoo.gonzalez.EntityStack.expandEntityValue(EntityStack.java:319)
    [junit] 	at org.bluezoo.gonzalez.EntityStack.expandGeneralEntity(EntityStack.java:221)
    [junit] 	at org.bluezoo.gonzalez.EntityStack.expandEntityValue(EntityStack.java:319)
    [junit] 	at org.bluezoo.gonzalez.EntityStack.expandGeneralEntity(EntityStack.java:221)
    [junit] 	at org.bluezoo.gonzalez.EntityStack.expandEntityValue(EntityStack.java:319)
    [junit] 	at org.bluezoo.gonzalez.EntityStack.expandGeneralEntity(EntityStack.java:221)
    [junit] 	at org.bluezoo.gonzalez.EntityStack.expandEntityValue(EntityStack.java:319)
    [junit] 	at org.bluezoo.gonzalez.EntityStack.expandGeneralEntity(EntityStack.java:221)
    [junit] 	at org.bluezoo.gonzalez.EntityStack.expandEntityValue(EntityStack.java:319)
    [junit] 	at org.bluezoo.gonzalez.EntityStack.expandGeneralEntity(EntityStack.java:221)
    [junit] 	at org.bluezoo.gonzalez.EntityStack.expandEntityValue(EntityStack.java:319)
    [junit] 	at org.bluezoo.gonzalez.EntityStack.expandGeneralEntity(EntityStack.java:221)
    [junit] 	at org.bluezoo.gonzalez.EntityStack.expandEntityValue(EntityStack.java:319)
    [junit] 	at org.bluezoo.gonzalez.EntityStack.expandGeneralEntity(EntityStack.java:221)
    [junit] 	at org.bluezoo.gonzalez.EntityStack.expandEntityValue(EntityStack.java:319)
    [junit] 	at org.bluezoo.gonzalez.EntityStack.expandGeneralEntity(EntityStack.java:221)
    [junit] 	at org.bluezoo.gonzalez.EntityStack.expandEntityValue(EntityStack.java:319)
    [junit] 	at org.bluezoo.gonzalez.EntityStack.expandGeneralEntity(EntityStack.java:221)
    [junit] 	at org.bluezoo.gonzalez.EntityStack.expandEntityValue(EntityStack.java:319)
    [junit] 	at org.bluezoo.gonzalez.EntityStack.expandGeneralEntity(EntityStack.java:221)
    [junit] 	at org.bluezoo.gonzalez.EntityStack.expandEntityValue(EntityStack.java:319)
    [junit] 	at org.bluezoo.gonzalez.EntityStack.expandGeneralEntity(EntityStack.java:221)
    [junit] 	at org.bluezoo.gonzalez.EntityStack.expandEntityValue(EntityStack.java:319)
    [junit] 	at org.bluezoo.gonzalez.EntityStack.expandGeneralEntity(EntityStack.java:221)
    [junit] 	at org.bluezoo.gonzalez.EntityStack.expandEntityValue(EntityStack.java:319)
    [junit] 	at org.bluezoo.gonzalez.EntityStack.expandGeneralEntity(EntityStack.java:221)
    [junit] 	at org.bluezoo.gonzalez.EntityStack.expandEntityValue(EntityStack.java:319)
    [junit] 	at org.bluezoo.gonzalez.EntityStack.expandGeneralEntity(EntityStack.java:221)
    [junit] 	at org.bluezoo.gonzalez.EntityStack.expandEntityValue(EntityStack.java:319)
    [junit] 	at org.bluezoo.gonzalez.EntityStack.expandGeneralEntity(EntityStack.java:221)
    [junit] 	at org.bluezoo.gonzalez.EntityStack.expandEntityValue(EntityStack.java:319)
    [junit] 	at org.bluezoo.gonzalez.EntityStack.expandGeneralEntity(EntityStack.java:221)
    [junit] 	at org.bluezoo.gonzalez.EntityStack.expandEntityValue(EntityStack.java:319)
    [junit] 	at org.bluezoo.gonzalez.EntityStack.expandGeneralEntity(EntityStack.java:221)
    [junit] 	at org.bluezoo.gonzalez.EntityStack.expandEntityValue(EntityStack.java:319)
    [junit] 	at org.bluezoo.gonzalez.EntityStack.expandGeneralEntity(EntityStack.java:221)
    [junit] 	at org.bluezoo.gonzalez.EntityStack.expandEntityValue(EntityStack.java:319)
    [junit] 	at org.bluezoo.gonzalez.EntityStack.expandGeneralEntity(EntityStack.java:221)
    [junit] 	at org.bluezoo.gonzalez.EntityStack.expandEntityValue(EntityStack.java:319)
    [junit] 	at org.bluezoo.gonzalez.EntityStack.expandGeneralEntity(EntityStack.java:221)
    [junit] 	at org.bluezoo.gonzalez.EntityStack.expandEntityValue(EntityStack.java:319)
    [junit] 	at org.bluezoo.gonzalez.EntityStack.expandGeneralEntity(EntityStack.java:221)
    [junit] 	at org.bluezoo.gonzalez.EntityStack.expandEntityValue(EntityStack.java:319)
    [junit] 	at org.bluezoo.gonzalez.EntityStack.expandGeneralEntity(EntityStack.java:221)
    [junit] 	at org.bluezoo.gonzalez.EntityStack.expandEntityValue(EntityStack.java:319)
    [junit] 	at org.bluezoo.gonzalez.EntityStack.expandGeneralEntity(EntityStack.java:221)
    [junit] 	at org.bluezoo.gonzalez.EntityStack.expandEntityValue(EntityStack.java:319)
    [junit] 	at org.bluezoo.gonzalez.EntityStack.expandGeneralEntity(EntityStack.java:221)
    [junit] 	at org.bluezoo.gonzalez.EntityStack.expandEntityValue(EntityStack.java:319)
    [junit] 	at org.bluezoo.gonzalez.EntityStack.expandGeneralEntity(EntityStack.java:221)
    [junit] 	at org.bluezoo.gonzalez.EntityStack.expandEntityValue(EntityStack.java:319)
    [junit] 	at org.bluezoo.gonzalez.EntityStack.expandGeneralEntity(EntityStack.java:221)
    [junit] 	at org.bluezoo.gonzalez.EntityStack.expandEntityValue(EntityStack.java:319)
    [junit] 	at org.bluezoo.gonzalez.EntityStack.expandGeneralEntity(EntityStack.java:221)
    [junit] 	at org.bluezoo.gonzalez.EntityStack.expandEntityValue(EntityStack.java:319)
    [junit] 	at org.bluezoo.gonzalez.EntityStack.expandGeneralEntity(EntityStack.java:221)
    [junit] 	at org.bluezoo.gonzalez.EntityStack.expandEntityValue(EntityStack.java:319)
    [junit] 	at org.bluezoo.gonzalez.EntityStack.expandGeneralEntity(EntityStack.java:221)
    [junit] 	at org.bluezoo.gonzalez.EntityStack.expandEntityValue(EntityStack.java:319)
    [junit] 	at org.bluezoo.gonzalez.EntityStack.expandGeneralEntity(EntityStack.java:221)
    [junit] 	at org.bluezoo.gonzalez.EntityStack.expandEntityValue(EntityStack.java:319)
    [junit] 	at org.bluezoo.gonzalez.EntityStack.expandGeneralEntity(EntityStack.java:221)
    [junit] 	at org.bluezoo.gonzalez.EntityStack.expandEntityValue(EntityStack.java:319)
    [junit] 	at org.bluezoo.gonzalez.EntityStack.expandGeneralEntity(EntityStack.java:221)
    [junit] 	at org.bluezoo.gonzalez.EntityStack.expandEntityValue(EntityStack.java:319)
    [junit] 	at org.bluezoo.gonzalez.EntityStack.expandGeneralEntity(EntityStack.java:221)
    [junit] 	at org.bluezoo.gonzalez.EntityStack.expandEntityValue(EntityStack.java:319)
    [junit] 	at org.bluezoo.gonzalez.EntityStack.expandGeneralEntity(EntityStack.java:221)
    [junit] 	at org.bluezoo.gonzalez.EntityStack.expandEntityValue(EntityStack.java:319)
    [junit] 	at org.bluezoo.gonzalez.EntityStack.expandGeneralEntity(EntityStack.java:221)
    [junit] 	at org.bluezoo.gonzalez.EntityStack.expandEntityValue(EntityStack.java:319)
    [junit] 	at org.bluezoo.gonzalez.EntityStack.expandGeneralEntity(EntityStack.java:221)
    [junit] 	at org.bluezoo.gonzalez.EntityStack.expandEntityValue(EntityStack.java:319)
    [junit] 	at org.bluezoo.gonzalez.EntityStack.expandGeneralEntity(EntityStack.java:221)
    [junit] 	at org.bluezoo.gonzalez.EntityStack.expandEntityValue(EntityStack.java:319)
    [junit] 	at org.bluezoo.gonzalez.EntityStack.expandGeneralEntity(EntityStack.java:221)
    [junit] 	at org.bluezoo.gonzalez.EntityStack.expandEntityValue(EntityStack.java:319)
    [junit] 	at org.bluezoo.gonzalez.EntityStack.expandGeneralEntity(EntityStack.java:221)
    [junit] 	at org.bluezoo.gonzalez.EntityStack.expandEntityValue(EntityStack.java:319)
    [junit] 	at org.bluezoo.gonzalez.EntityStack.expandGeneralEntity(EntityStack.java:221)
    [junit] 	at org.bluezoo.gonzalez.EntityStack.expandEntityValue(EntityStack.java:319)
    [junit] 	at org.bluezoo.gonzalez.EntityStack.expandGeneralEntity(EntityStack.java:221)
    [junit] 	at org.bluezoo.gonzalez.EntityStack.expandEntityValue(EntityStack.java:319)
    [junit] 	at org.bluezoo.gonzalez.EntityStack.expandGeneralEntity(EntityStack.java:221)
    [junit] 	at org.bluezoo.gonzalez.EntityStack.expandEntityValue(EntityStack.java:319)
    [junit] 	at org.bluezoo.gonzalez.EntityStack.expandGeneralEntity(EntityStack.java:221)
    [junit] 	at org.bluezoo.gonzalez.EntityStack.expandEntityValue(EntityStack.java:319)
    [junit] 	at org.bluezoo.gonzalez.EntityStack.expandGeneralEntity(EntityStack.java:221)
    [junit] 	at org.bluezoo.gonzalez.EntityStack.expandEntityValue(EntityStack.java:319)
    [junit] 	at org.bluezoo.gonzalez.EntityStack.expandGeneralEntity(EntityStack.java:221)
    [junit] 	at org.bluezoo.gonzalez.EntityStack.expandEntityValue(EntityStack.java:319)
    [junit] 	at org.bluezoo.gonzalez.EntityStack.expandGeneralEntity(EntityStack.java:221)
    [junit] 	at org.bluezoo.gonzalez.EntityStack.expandEntityValue(EntityStack.java:319)
    [junit] 	at org.bluezoo.gonzalez.EntityStack.expandGeneralEntity(EntityStack.java:221)
    [junit] 	at org.bluezoo.gonzalez.EntityStack.expandEntityValue(EntityStack.java:319)
    [junit] 	at org.bluezoo.gonzalez.EntityStack.expandGeneralEntity(EntityStack.java:221)
    [junit] 	at org.bluezoo.gonzalez.EntityStack.expandEntityValue(EntityStack.java:319)
    [junit] 	at org.bluezoo.gonzalez.EntityStack.expandGeneralEntity(EntityStack.java:221)
    [junit] 	at org.bluezoo.gonzalez.EntityStack.expandEntityValue(EntityStack.java:319)
    [junit] 	at org.bluezoo.gonzalez.EntityStack.expandGeneralEntity(EntityStack.java:221)
    [junit] 	at org.bluezoo.gonzalez.EntityStack.expandEntityValue(EntityStack.java:319)
    [junit] 	at org.bluezoo.gonzalez.EntityStack.expandGeneralEntity(EntityStack.java:221)
    [junit] 	at org.bluezoo.gonzalez.EntityStack.expandEntityValue(EntityStack.java:319)
    [junit] 	at org.bluezoo.gonzalez.EntityStack.expandGeneralEntity(EntityStack.java:221)
    [junit] 	at org.bluezoo.gonzalez.EntityStack.expandEntityValue(EntityStack.java:319)
    [junit] 	at org.bluezoo.gonzalez.EntityStack.expandGeneralEntity(EntityStack.java:221)
    [junit] 	at org.bluezoo.gonzalez.EntityStack.expandEntityValue(EntityStack.java:319)
    [junit] 	at org.bluezoo.gonzalez.EntityStack.expandGeneralEntity(EntityStack.java:221)
    [junit] 	at org.bluezoo.gonzalez.EntityStack.expandEntityValue(EntityStack.java:319)
    [junit] 	at org.bluezoo.gonzalez.EntityStack.expandGeneralEntity(EntityStack.java:221)
    [junit] 	at org.bluezoo.gonzalez.EntityStack.expandEntityValue(EntityStack.java:319)
    [junit] 	at org.bluezoo.gonzalez.EntityStack.expandGeneralEntity(EntityStack.java:221)
    [junit] 	at org.bluezoo.gonzalez.EntityStack.expandEntityValue(EntityStack.java:319)
    [junit] 	at org.bluezoo.gonzalez.EntityStack.expandGeneralEntity(EntityStack.java:221)
    [junit] 	at org.bluezoo.gonzalez.EntityStack.expandEntityValue(EntityStack.java:319)
    [junit] 	at org.bluezoo.gonzalez.EntityStack.expandGeneralEntity(EntityStack.java:221)
    [junit] 	at org.bluezoo.gonzalez.EntityStack.expandEntityValue(EntityStack.java:319)
    [junit] 	at org.bluezoo.gonzalez.EntityStack.expandGeneralEntity(EntityStack.java:221)
    [junit] 	at org.bluezoo.gonzalez.EntityStack.expandEntityValue(EntityStack.java:319)
    [junit] 	at org.bluezoo.gonzalez.EntityStack.expandGeneralEntity(EntityStack.java:221)
    [junit] 	at org.bluezoo.gonzalez.EntityStack.expandEntityValue(EntityStack.java:319)
    [junit] 	at org.bluezoo.gonzalez.EntityStack.expandGeneralEntity(EntityStack.java:221)
    [junit] 	at org.bluezoo.gonzalez.EntityStack.expandEntityValue(EntityStack.java:319)
    [junit] 	at org.bluezoo.gonzalez.EntityStack.expandGeneralEntity(EntityStack.java:221)
    [junit] 	at org.bluezoo.gonzalez.EntityStack.expandEntityValue(EntityStack.java:319)
    [junit] 	at org.bluezoo.gonzalez.EntityStack.expandGeneralEntity(EntityStack.java:221)
    [junit] 	at org.bluezoo.gonzalez.EntityStack.expandEntityValue(EntityStack.java:319)
    [junit] 	at org.bluezoo.gonzalez.EntityStack.expandGeneralEntity(EntityStack.java:221)
    [junit] 	at org.bluezoo.gonzalez.EntityStack.expandEntityValue(EntityStack.java:319)
    [junit] 	at org.bluezoo.gonzalez.EntityStack.expandGeneralEntity(EntityStack.java:221)
    [junit] 	at org.bluezoo.gonzalez.EntityStack.expandEntityValue(EntityStack.java:319)
    [junit] 	at org.bluezoo.gonzalez.EntityStack.expandGeneralEntity(EntityStack.java:221)
    [junit] 	at org.bluezoo.gonzalez.EntityStack.expandEntityValue(EntityStack.java:319)
    [junit] 	at org.bluezoo.gonzalez.EntityStack.expandGeneralEntity(EntityStack.java:221)
    [junit] 	at org.bluezoo.gonzalez.EntityStack.expandEntityValue(EntityStack.java:319)
    [junit] 	at org.bluezoo.gonzalez.EntityStack.expandGeneralEntity(EntityStack.java:221)
    [junit] 	at org.bluezoo.gonzalez.EntityStack.expandEntityValue(EntityStack.java:319)
    [junit] 	at org.bluezoo.gonzalez.EntityStack.expandGeneralEntity(EntityStack.java:221)
    [junit] 	at org.bluezoo.gonzalez.EntityStack.expandEntityValue(EntityStack.java:319)
    [junit] 	at org.bluezoo.gonzalez.EntityStack.expandGeneralEntity(EntityStack.java:221)
    [junit] 	at org.bluezoo.gonzalez.EntityStack.expandEntityValue(EntityStack.java:319)
    [junit] 	at org.bluezoo.gonzalez.EntityStack.expandGeneralEntity(EntityStack.java:221)
    [junit] 	at org.bluezoo.gonzalez.EntityStack.expandEntityValue(EntityStack.java:319)
    [junit] 	at org.bluezoo.gonzalez.EntityStack.expandGeneralEntity(EntityStack.java:221)
    [junit] 	at org.bluezoo.gonzalez.EntityStack.expandEntityValue(EntityStack.java:319)
    [junit] 	at org.bluezoo.gonzalez.EntityStack.expandGeneralEntity(EntityStack.java:221)
    [junit] 	at org.bluezoo.gonzalez.EntityStack.expandEntityValue(EntityStack.java:319)
    [junit] 	at org.bluezoo.gonzalez.EntityStack.expandGeneralEntity(EntityStack.java:221)
    [junit] 	at org.bluezoo.gonzalez.EntityStack.expandEntityValue(EntityStack.java:319)
    [junit] 	at org.bluezoo.gonzalez.EntityStack.expandGeneralEntity(EntityStack.java:221)
    [junit] 	at org.bluezoo.gonzalez.EntityStack.expandEntityValue(EntityStack.java:319)
    [junit] 	at org.bluezoo.gonzalez.EntityStack.expandGeneralEntity(EntityStack.java:221)
    [junit] 	at org.bluezoo.gonzalez.EntityStack.expandEntityValue(EntityStack.java:319)
    [junit] 	at org.bluezoo.gonzalez.EntityStack.expandGeneralEntity(EntityStack.java:221)
    [junit] 	at org.bluezoo.gonzalez.EntityStack.expandEntityValue(EntityStack.java:319)
    [junit] 	at org.bluezoo.gonzalez.EntityStack.expandGeneralEntity(EntityStack.java:221)
    [junit] 	at org.bluezoo.gonzalez.EntityStack.expandEntityValue(EntityStack.java:319)
    [junit] 	at org.bluezoo.gonzalez.EntityStack.expandGeneralEntity(EntityStack.java:221)
    [junit] 	at org.bluezoo.gonzalez.EntityStack.expandEntityValue(EntityStack.java:319)
    [junit] 	at org.bluezoo.gonzalez.EntityStack.expandGeneralEntity(EntityStack.java:221)
    [junit] 	at org.bluezoo.gonzalez.EntityStack.expandEntityValue(EntityStack.java:319)
    [junit] 	at org.bluezoo.gonzalez.EntityStack.expandGeneralEntity(EntityStack.java:221)
    [junit] 	at org.bluezoo.gonzalez.EntityStack.expandEntityValue(EntityStack.java:319)
    [junit] 	at org.bluezoo.gonzalez.EntityStack.expandGeneralEntity(EntityStack.java:221)
    [junit] 	at org.bluezoo.gonzalez.EntityStack.expandEntityValue(EntityStack.java:319)
    [junit] 	at org.bluezoo.gonzalez.EntityStack.expandGeneralEntity(EntityStack.java:221)
    [junit] 	at org.bluezoo.gonzalez.EntityStack.expandEntityValue(EntityStack.java:319)
    [junit] 	at org.bluezoo.gonzalez.EntityStack.expandGeneralEntity(EntityStack.java:221)
    [junit] 	at org.bluezoo.gonzalez.EntityStack.expandEntityValue(EntityStack.java:319)
    [junit] 	at org.bluezoo.gonzalez.EntityStack.expandGeneralEntity(EntityStack.java:221)
    [junit] 	at org.bluezoo.gonzalez.EntityStack.expandEntityValue(EntityStack.java:319)
    [junit] 	at org.bluezoo.gonzalez.EntityStack.expandGeneralEntity(EntityStack.java:221)
    [junit] 	at org.bluezoo.gonzalez.EntityStack.expandEntityValue(EntityStack.java:319)
    [junit] 	at org.bluezoo.gonzalez.EntityStack.expandGeneralEntity(EntityStack.java:221)
    [junit] 	at org.bluezoo.gonzalez.EntityStack.expandEntityValue(EntityStack.java:319)
    [junit] 	at org.bluezoo.gonzalez.EntityStack.expandGeneralEntity(EntityStack.java:221)
    [junit] 	at org.bluezoo.gonzalez.EntityStack.expandEntityValue(EntityStack.java:319)
    [junit] 	at org.bluezoo.gonzalez.EntityStack.expandGeneralEntity(EntityStack.java:221)
    [junit] 	at org.bluezoo.gonzalez.EntityStack.expandEntityValue(EntityStack.java:319)
    [junit] 	at org.bluezoo.gonzalez.EntityStack.expandGeneralEntity(EntityStack.java:221)
    [junit] 	at org.bluezoo.gonzalez.EntityStack.expandEntityValue(EntityStack.java:319)
    [junit] 	at org.bluezoo.gonzalez.EntityStack.expandGeneralEntity(EntityStack.java:221)
    [junit] 	at org.bluezoo.gonzalez.EntityStack.expandEntityValue(EntityStack.java:319)
    [junit] 	at org.bluezoo.gonzalez.EntityStack.expandGeneralEntity(EntityStack.java:221)
    [junit] 	at org.bluezoo.gonzalez.EntityStack.expandEntityValue(EntityStack.java:319)
    [junit] 	at org.bluezoo.gonzalez.EntityStack.expandGeneralEntity(EntityStack.java:221)
    [junit] 	at org.bluezoo.gonzalez.EntityStack.expandEntityValue(EntityStack.java:319)
    [junit] 	at org.bluezoo.gonzalez.EntityStack.expandGeneralEntity(EntityStack.java:221)
    [junit] 	at org.bluezoo.gonzalez.EntityStack.expandEntityValue(EntityStack.java:319)
    [junit] 	at org.bluezoo.gonzalez.EntityStack.expandGeneralEntity(EntityStack.java:221)
    [junit] 	at org.bluezoo.gonzalez.EntityStack.expandEntityValue(EntityStack.java:319)
    [junit] 	at org.bluezoo.gonzalez.EntityStack.expandGeneralEntity(EntityStack.java:221)
    [junit] 	at org.bluezoo.gonzalez.EntityStack.expandEntityValue(EntityStack.java:319)
    [junit] 	at org.bluezoo.gonzalez.EntityStack.expandGeneralEntity(EntityStack.java:221)
    [junit] 	at org.bluezoo.gonzalez.EntityStack.expandEntityValue(EntityStack.java:319)
    [junit] 	at org.bluezoo.gonzalez.EntityStack.expandGeneralEntity(EntityStack.java:221)
    [junit] 	at org.bluezoo.gonzalez.EntityStack.expandEntityValue(EntityStack.java:319)
    [junit] 	at org.bluezoo.gonzalez.EntityStack.expandGeneralEntity(EntityStack.java:221)
    [junit] 	at org.bluezoo.gonzalez.EntityStack.expandEntityValue(EntityStack.java:319)
    [junit] 	at org.bluezoo.gonzalez.EntityStack.expandGeneralEntity(EntityStack.java:221)
    [junit] 	at org.bluezoo.gonzalez.EntityStack.expandEntityValue(EntityStack.java:319)
    [junit] 	at org.bluezoo.gonzalez.EntityStack.expandGeneralEntity(EntityStack.java:221)
    [junit] 	at org.bluezoo.gonzalez.EntityStack.expandEntityValue(EntityStack.java:319)
    [junit] 	at org.bluezoo.gonzalez.EntityStack.expandGeneralEntity(EntityStack.java:221)
    [junit] 	at org.bluezoo.gonzalez.EntityStack.expandEntityValue(EntityStack.java:319)
    [junit] 	at org.bluezoo.gonzalez.EntityStack.expandGeneralEntity(EntityStack.java:221)
    [junit] 	at org.bluezoo.gonzalez.EntityStack.expandEntityValue(EntityStack.java:319)
    [junit] 	at org.bluezoo.gonzalez.EntityStack.expandGeneralEntity(EntityStack.java:221)
    [junit] 	at org.bluezoo.gonzalez.EntityStack.expandEntityValue(EntityStack.java:319)
    [junit] 	at org.bluezoo.gonzalez.EntityStack.expandGeneralEntity(EntityStack.java:221)
    [junit] 	at org.bluezoo.gonzalez.EntityStack.expandEntityValue(EntityStack.java:319)
    [junit] 	at org.bluezoo.gonzalez.EntityStack.expandGeneralEntity(EntityStack.java:221)
    [junit] 	at org.bluezoo.gonzalez.EntityStack.expandEntityValue(EntityStack.java:319)
    [junit] 	at org.bluezoo.gonzalez.EntityStack.expandGeneralEntity(EntityStack.java:221)
    [junit] 	at org.bluezoo.gonzalez.EntityStack.expandEntityValue(EntityStack.java:319)
    [junit] 	at org.bluezoo.gonzalez.EntityStack.expandGeneralEntity(EntityStack.java:221)
    [junit] 	at org.bluezoo.gonzalez.EntityStack.expandEntityValue(EntityStack.java:319)
    [junit] 	at org.bluezoo.gonzalez.EntityStack.expandGeneralEntity(EntityStack.java:221)
    [junit] 	at org.bluezoo.gonzalez.EntityStack.expandEntityValue(EntityStack.java:319)
    [junit] 	at org.bluezoo.gonzalez.EntityStack.expandGeneralEntity(EntityStack.java:221)
    [junit] 	at org.bluezoo.gonzalez.EntityStack.expandEntityValue(EntityStack.java:319)
    [junit] 	at org.bluezoo.gonzalez.EntityStack.expandGeneralEntity(EntityStack.java:221)
    [junit] 	at org.bluezoo.gonzalez.EntityStack.expandEntityValue(EntityStack.java:319)
    [junit] 	at org.bluezoo.gonzalez.EntityStack.expandGeneralEntity(EntityStack.java:221)
    [junit] 	at org.bluezoo.gonzalez.EntityStack.expandEntityValue(EntityStack.java:319)
    [junit] 	at org.bluezoo.gonzalez.EntityStack.expandGeneralEntity(EntityStack.java:221)
    [junit] 	at org.bluezoo.gonzalez.EntityStack.expandEntityValue(EntityStack.java:319)
    [junit] 	at org.bluezoo.gonzalez.EntityStack.expandGeneralEntity(EntityStack.java:221)
    [junit] 	at org.bluezoo.gonzalez.EntityStack.expandEntityValue(EntityStack.java:319)
    [junit] 	at org.bluezoo.gonzalez.EntityStack.expandGeneralEntity(EntityStack.java:221)
    [junit] 	at org.bluezoo.gonzalez.EntityStack.expandEntityValue(EntityStack.java:319)
    [junit] 	at org.bluezoo.gonzalez.EntityStack.expandGeneralEntity(EntityStack.java:221)
    [junit] 	at org.bluezoo.gonzalez.EntityStack.expandEntityValue(EntityStack.java:319)
    [junit] 	at org.bluezoo.gonzalez.EntityStack.expandGeneralEntity(EntityStack.java:221)
    [junit] 	at org.bluezoo.gonzalez.EntityStack.expandEntityValue(EntityStack.java:319)
    [junit] 	at org.bluezoo.gonzalez.EntityStack.expandGeneralEntity(EntityStack.java:221)
    [junit] 	at org.bluezoo.gonzalez.EntityStack.expandEntityValue(EntityStack.java:319)
    [junit] 	at org.bluezoo.gonzalez.EntityStack.expandGeneralEntity(EntityStack.java:221)
    [junit] 	at org.bluezoo.gonzalez.EntityStack.expandEntityValue(EntityStack.java:319)
    [junit] 	at org.bluezoo.gonzalez.EntityStack.expandGeneralEntity(EntityStack.java:221)
    [junit] 	at org.bluezoo.gonzalez.EntityStack.expandEntityValue(EntityStack.java:319)
    [junit] 	at org.bluezoo.gonzalez.EntityStack.expandGeneralEntity(EntityStack.java:221)
    [junit] 	at org.bluezoo.gonzalez.EntityStack.expandEntityValue(EntityStack.java:319)
    [junit] 	at org.bluezoo.gonzalez.EntityStack.expandGeneralEntity(EntityStack.java:221)
    [junit] 	at org.bluezoo.gonzalez.EntityStack.expandEntityValue(EntityStack.java:319)
    [junit] 	at org.bluezoo.gonzalez.EntityStack.expandGeneralEntity(EntityStack.java:221)
    [junit] 	at org.bluezoo.gonzalez.EntityStack.expandEntityValue(EntityStack.java:319)
    [junit] 	at org.bluezoo.gonzalez.EntityStack.expandGeneralEntity(EntityStack.java:221)
    [junit] 	at org.bluezoo.gonzalez.EntityStack.expandEntityValue(EntityStack.java:319)
    [junit] 	at org.bluezoo.gonzalez.EntityStack.expandGeneralEntity(EntityStack.java:221)
    [junit] 	at org.bluezoo.gonzalez.EntityStack.expandEntityValue(EntityStack.java:319)
    [junit] 	at org.bluezoo.gonzalez.EntityStack.expandGeneralEntity(EntityStack.java:221)
    [junit] 	at org.bluezoo.gonzalez.EntityStack.expandEntityValue(EntityStack.java:319)
    [junit] 	at org.bluezoo.gonzalez.EntityStack.expandGeneralEntity(EntityStack.java:221)
    [junit] 	at org.bluezoo.gonzalez.EntityStack.expandEntityValue(EntityStack.java:319)
    [junit] 	at org.bluezoo.gonzalez.EntityStack.expandGeneralEntity(EntityStack.java:221)
    [junit] 	at org.bluezoo.gonzalez.EntityStack.expandEntityValue(EntityStack.java:319)
    [junit] 	at org.bluezoo.gonzalez.EntityStack.expandGeneralEntity(EntityStack.java:221)
    [junit] 	at org.bluezoo.gonzalez.EntityStack.expandEntityValue(EntityStack.java:319)
    [junit] 	at org.bluezoo.gonzalez.EntityStack.expandGeneralEntity(EntityStack.java:221)
    [junit] 	at org.bluezoo.gonzalez.EntityStack.expandEntityValue(EntityStack.java:319)
    [junit] 	at org.bluezoo.gonzalez.EntityStack.expandGeneralEntity(EntityStack.java:221)
    [junit] 	at org.bluezoo.gonzalez.EntityStack.expandEntityValue(EntityStack.java:319)
    [junit] 	at org.bluezoo.gonzalez.EntityStack.expandGeneralEntity(EntityStack.java:221)
    [junit] 	at org.bluezoo.gonzalez.EntityStack.expandEntityValue(EntityStack.java:319)
    [junit] 	at org.bluezoo.gonzalez.EntityStack.expandGeneralEntity(EntityStack.java:221)
    [junit] 	at org.bluezoo.gonzalez.EntityStack.expandEntityValue(EntityStack.java:319)
    [junit] 	at org.bluezoo.gonzalez.EntityStack.expandGeneralEntity(EntityStack.java:221)
    [junit] 	at org.bluezoo.gonzalez.EntityStack.expandEntityValue(EntityStack.java:319)
    [junit] 	at org.bluezoo.gonzalez.EntityStack.expandGeneralEntity(EntityStack.java:221)
    [junit] 	at org.bluezoo.gonzalez.EntityStack.expandEntityValue(EntityStack.java:319)
    [junit] 	at org.bluezoo.gonzalez.EntityStack.expandGeneralEntity(EntityStack.java:221)
    [junit] 	at org.bluezoo.gonzalez.EntityStack.expandEntityValue(EntityStack.java:319)
    [junit] 	at org.bluezoo.gonzalez.EntityStack.expandGeneralEntity(EntityStack.java:221)
    [junit] 	at org.bluezoo.gonzalez.EntityStack.expandEntityValue(EntityStack.java:319)
    [junit] 	at org.bluezoo.gonzalez.EntityStack.expandGeneralEntity(EntityStack.java:221)
    [junit] 	at org.bluezoo.gonzalez.EntityStack.expandEntityValue(EntityStack.java:319)
    [junit] 	at org.bluezoo.gonzalez.EntityStack.expandGeneralEntity(EntityStack.java:221)
    [junit] 	at org.bluezoo.gonzalez.EntityStack.expandEntityValue(EntityStack.java:319)
    [junit] 	at org.bluezoo.gonzalez.EntityStack.expandGeneralEntity(EntityStack.java:221)
    [junit] 	at org.bluezoo.gonzalez.EntityStack.expandEntityValue(EntityStack.java:319)
    [junit] 	at org.bluezoo.gonzalez.EntityStack.expandGeneralEntity(EntityStack.java:221)
    [junit] 	at org.bluezoo.gonzalez.EntityStack.expandEntityValue(EntityStack.java:319)
    [junit] 	at org.bluezoo.gonzalez.EntityStack.expandGeneralEntity(EntityStack.java:221)
    [junit] 	at org.bluezoo.gonzalez.EntityStack.expandEntityValue(EntityStack.java:319)
    [junit] 	at org.bluezoo.gonzalez.EntityStack.expandGeneralEntity(EntityStack.java:221)
    [junit] 	at org.bluezoo.gonzalez.EntityStack.expandEntityValue(EntityStack.java:319)
    [junit] 	at org.bluezoo.gonzalez.EntityStack.expandGeneralEntity(EntityStack.java:221)
    [junit] 	at org.bluezoo.gonzalez.EntityStack.expandEntityValue(EntityStack.java:319)
    [junit] 	at org.bluezoo.gonzalez.EntityStack.expandGeneralEntity(EntityStack.java:221)
    [junit] 	at org.bluezoo.gonzalez.EntityStack.expandEntityValue(EntityStack.java:319)
    [junit] 	at org.bluezoo.gonzalez.EntityStack.expandGeneralEntity(EntityStack.java:221)
    [junit] 	at org.bluezoo.gonzalez.EntityStack.expandEntityValue(EntityStack.java:319)
    [junit] 	at org.bluezoo.gonzalez.EntityStack.expandGeneralEntity(EntityStack.java:221)
    [junit] 	at org.bluezoo.gonzalez.EntityStack.expandEntityValue(EntityStack.java:319)
    [junit] 	at org.bluezoo.gonzalez.EntityStack.expandGeneralEntity(EntityStack.java:221)
    [junit] 	at org.bluezoo.gonzalez.EntityStack.expandEntityValue(EntityStack.java:319)
    [junit] 	at org.bluezoo.gonzalez.EntityStack.expandGeneralEntity(EntityStack.java:221)
    [junit] 	at org.bluezoo.gonzalez.EntityStack.expandEntityValue(EntityStack.java:319)
    [junit] 	at org.bluezoo.gonzalez.EntityStack.expandGeneralEntity(EntityStack.java:221)
    [junit] 	at org.bluezoo.gonzalez.EntityStack.expandEntityValue(EntityStack.java:319)
    [junit] 	at org.bluezoo.gonzalez.EntityStack.expandGeneralEntity(EntityStack.java:221)
    [junit] 	at org.bluezoo.gonzalez.EntityStack.expandEntityValue(EntityStack.java:319)
    [junit] 	at org.bluezoo.gonzalez.EntityStack.expandGeneralEntity(EntityStack.java:221)
    [junit] 	at org.bluezoo.gonzalez.EntityStack.expandEntityValue(EntityStack.java:319)
    [junit] 	at org.bluezoo.gonzalez.EntityStack.expandGeneralEntity(EntityStack.java:221)
    [junit] 	at org.bluezoo.gonzalez.EntityStack.expandEntityValue(EntityStack.java:319)
    [junit] 	at org.bluezoo.gonzalez.EntityStack.expandGeneralEntity(EntityStack.java:221)
    [junit] 	at org.bluezoo.gonzalez.EntityStack.expandEntityValue(EntityStack.java:319)
    [junit] 	at org.bluezoo.gonzalez.EntityStack.expandGeneralEntity(EntityStack.java:221)
    [junit] 	at org.bluezoo.gonzalez.EntityStack.expandEntityValue(EntityStack.java:319)
    [junit] 	at org.bluezoo.gonzalez.EntityStack.expandGeneralEntity(EntityStack.java:221)
    [junit] 	at org.bluezoo.gonzalez.EntityStack.expandEntityValue(EntityStack.java:319)
    [junit] 	at org.bluezoo.gonzalez.EntityStack.expandGeneralEntity(EntityStack.java:221)
    [junit] 	at org.bluezoo.gonzalez.EntityStack.expandEntityValue(EntityStack.java:319)
    [junit] 	at org.bluezoo.gonzalez.EntityStack.expandGeneralEntity(EntityStack.java:221)
    [junit] 	at org.bluezoo.gonzalez.EntityStack.expandEntityValue(EntityStack.java:319)
    [junit] 	at org.bluezoo.gonzalez.EntityStack.expandGeneralEntity(EntityStack.java:221)
    [junit] 	at org.bluezoo.gonzalez.EntityStack.expandEntityValue(EntityStack.java:319)
    [junit] 	at org.bluezoo.gonzalez.EntityStack.expandGeneralEntity(EntityStack.java:221)
    [junit] 	at org.bluezoo.gonzalez.EntityStack.expandEntityValue(EntityStack.java:319)
    [junit] 	at org.bluezoo.gonzalez.EntityStack.expandGeneralEntity(EntityStack.java:221)
    [junit] 	at org.bluezoo.gonzalez.EntityStack.expandEntityValue(EntityStack.java:319)
    [junit] 	at org.bluezoo.gonzalez.EntityStack.expandGeneralEntity(EntityStack.java:221)
    [junit] 	at org.bluezoo.gonzalez.EntityStack.expandEntityValue(EntityStack.java:319)
    [junit] 	at org.bluezoo.gonzalez.EntityStack.expandGeneralEntity(EntityStack.java:221)
    [junit] 	at org.bluezoo.gonzalez.EntityStack.expandEntityValue(EntityStack.java:319)
    [junit] 	at org.bluezoo.gonzalez.EntityStack.expandGeneralEntity(EntityStack.java:221)
    [junit] 	at org.bluezoo.gonzalez.EntityStack.expandEntityValue(EntityStack.java:319)
    [junit] 	at org.bluezoo.gonzalez.EntityStack.expandGeneralEntity(EntityStack.java:221)
    [junit] 	at org.bluezoo.gonzalez.EntityStack.expandEntityValue(EntityStack.java:319)
    [junit] 	at org.bluezoo.gonzalez.EntityStack.expandGeneralEntity(EntityStack.java:221)
    [junit] 	at org.bluezoo.gonzalez.EntityStack.expandEntityValue(EntityStack.java:319)
    [junit] 	at org.bluezoo.gonzalez.EntityStack.expandGeneralEntity(EntityStack.java:221)
    [junit] 	at org.bluezoo.gonzalez.EntityStack.expandEntityValue(EntityStack.java:319)
    [junit] 	at org.bluezoo.gonzalez.EntityStack.expandGeneralEntity(EntityStack.java:221)
    [junit] 	at org.bluezoo.gonzalez.EntityStack.expandEntityValue(EntityStack.java:319)
    [junit] 	at org.bluezoo.gonzalez.EntityStack.expandGeneralEntity(EntityStack.java:221)
    [junit] 	at org.bluezoo.gonzalez.EntityStack.expandEntityValue(EntityStack.java:319)
    [junit] 	at org.bluezoo.gonzalez.EntityStack.expandGeneralEntity(EntityStack.java:221)
    [junit] 	at org.bluezoo.gonzalez.EntityStack.expandEntityValue(EntityStack.java:319)
    [junit] 	at org.bluezoo.gonzalez.EntityStack.expandGeneralEntity(EntityStack.java:221)
    [junit] 	at org.bluezoo.gonzalez.EntityStack.expandEntityValue(EntityStack.java:319)
    [junit] 	at org.bluezoo.gonzalez.EntityStack.expandGeneralEntity(EntityStack.java:221)
    [junit] 	at org.bluezoo.gonzalez.EntityStack.expandEntityValue(EntityStack.java:319)
    [junit] 	at org.bluezoo.gonzalez.EntityStack.expandGeneralEntity(EntityStack.java:221)
    [junit] 	at org.bluezoo.gonzalez.EntityStack.expandEntityValue(EntityStack.java:319)
    [junit] 	at org.bluezoo.gonzalez.EntityStack.expandGeneralEntity(EntityStack.java:221)
    [junit] 	at org.bluezoo.gonzalez.EntityStack.expandEntityValue(EntityStack.java:319)
    [junit] 	at org.bluezoo.gonzalez.EntityStack.expandGeneralEntity(EntityStack.java:221)
    [junit] 	at org.bluezoo.gonzalez.EntityStack.expandEntityValue(EntityStack.java:319)
    [junit] 	at org.bluezoo.gonzalez.EntityStack.expandGeneralEntity(EntityStack.java:221)
    [junit] 	at org.bluezoo.gonzalez.EntityStack.expandEntityValue(EntityStack.java:319)
    [junit] 	at org.bluezoo.gonzalez.EntityStack.expandGeneralEntity(EntityStack.java:221)
    [junit] 	at org.bluezoo.gonzalez.EntityStack.expandEntityValue(EntityStack.java:319)
    [junit] 	at org.bluezoo.gonzalez.EntityStack.expandGeneralEntity(EntityStack.java:221)
    [junit] 	at org.bluezoo.gonzalez.EntityStack.expandEntityValue(EntityStack.java:319)
    [junit] 	at org.bluezoo.gonzalez.EntityStack.expandGeneralEntity(EntityStack.java:221)
    [junit] 	at org.bluezoo.gonzalez.EntityStack.expandEntityValue(EntityStack.java:319)
    [junit] 	at org.bluezoo.gonzalez.EntityStack.expandGeneralEntity(EntityStack.java:221)
    [junit] 	at org.bluezoo.gonzalez.EntityStack.expandEntityValue(EntityStack.java:319)
    [junit] 	at org.bluezoo.gonzalez.EntityStack.expandGeneralEntity(EntityStack.java:221)
    [junit] 	at org.bluezoo.gonzalez.EntityStack.expandEntityValue(EntityStack.java:319)
    [junit] 	at org.bluezoo.gonzalez.EntityStack.expandGeneralEntity(EntityStack.java:221)
    [junit] 	at org.bluezoo.gonzalez.EntityStack.expandEntityValue(EntityStack.java:319)
    [junit] 	at org.bluezoo.gonzalez.EntityStack.expandGeneralEntity(EntityStack.java:221)
    [junit] 	at org.bluezoo.gonzalez.EntityStack.expandEntityValue(EntityStack.java:319)
    [junit] 	at org.bluezoo.gonzalez.EntityStack.expandGeneralEntity(EntityStack.java:221)
    [junit] 	at org.bluezoo.gonzalez.EntityStack.expandEntityValue(EntityStack.java:319)
    [junit] 	at org.bluezoo.gonzalez.EntityStack.expandGeneralEntity(EntityStack.java:221)
    [junit] 	at org.bluezoo.gonzalez.EntityStack.expandEntityValue(EntityStack.java:319)
    [junit] 	at org.bluezoo.gonzalez.EntityStack.expandGeneralEntity(EntityStack.java:221)
    [junit] 	at org.bluezoo.gonzalez.EntityStack.expandEntityValue(EntityStack.java:319)
    [junit] 	at org.bluezoo.gonzalez.EntityStack.expandGeneralEntity(EntityStack.java:221)
    [junit] 	at org.bluezoo.gonzalez.EntityStack.expandEntityValue(EntityStack.java:319)
    [junit] 	at org.bluezoo.gonzalez.EntityStack.expandGeneralEntity(EntityStack.java:221)
    [junit] 	at org.bluezoo.gonzalez.EntityStack.expandEntityValue(EntityStack.java:319)
    [junit] 	at org.bluezoo.gonzalez.EntityStack.expandGeneralEntity(EntityStack.java:221)
    [junit] 	at org.bluezoo.gonzalez.EntityStack.expandEntityValue(EntityStack.java:319)
    [junit] 	at org.bluezoo.gonzalez.EntityStack.expandGeneralEntity(EntityStack.java:221)
    [junit] 	at org.bluezoo.gonzalez.EntityStack.expandEntityValue(EntityStack.java:319)
    [junit] 	at org.bluezoo.gonzalez.EntityStack.expandGeneralEntity(EntityStack.java:221)
    [junit] 	at org.bluezoo.gonzalez.EntityStack.expandEntityValue(EntityStack.java:319)
    [junit] 	at org.bluezoo.gonzalez.EntityStack.expandGeneralEntity(EntityStack.java:221)
    [junit] 	at org.bluezoo.gonzalez.EntityStack.expandEntityValue(EntityStack.java:319)
    [junit] 	at org.bluezoo.gonzalez.EntityStack.expandGeneralEntity(EntityStack.java:221)
    [junit] 	at org.bluezoo.gonzalez.EntityStack.expandEntityValue(EntityStack.java:319)
    [junit] 	at org.bluezoo.gonzalez.EntityStack.expandGeneralEntity(EntityStack.java:221)
    [junit] 	at org.bluezoo.gonzalez.EntityStack.expandEntityValue(EntityStack.java:319)
    [junit] 	at org.bluezoo.gonzalez.EntityStack.expandGeneralEntity(EntityStack.java:221)
    [junit] 	at org.bluezoo.gonzalez.EntityStack.expandEntityValue(EntityStack.java:319)
    [junit] 	at org.bluezoo.gonzalez.EntityStack.expandGeneralEntity(EntityStack.java:221)
    [junit] 	at org.bluezoo.gonzalez.EntityStack.expandEntityValue(EntityStack.java:319)
    [junit] 	at org.bluezoo.gonzalez.EntityStack.expandGeneralEntity(EntityStack.java:221)
    [junit] 	at org.bluezoo.gonzalez.EntityStack.expandEntityValue(EntityStack.java:319)
    [junit] 	at org.bluezoo.gonzalez.EntityStack.expandGeneralEntity(EntityStack.java:221)
    [junit] 	at org.bluezoo.gonzalez.EntityStack.expandEntityValue(EntityStack.java:319)
    [junit] 	at org.bluezoo.gonzalez.EntityStack.expandGeneralEntity(EntityStack.java:221)
    [junit] 
    [junit] Testcase: runTest[James Clark xmltest:not-wf-sa-076 (not-wf)] took 0.003 sec
    [junit] 	FAILED
    [junit] [James Clark xmltest:not-wf-sa-076] NullPointerException: null: Undefined ENTITY foo.
    [junit] junit.framework.AssertionFailedError: [James Clark xmltest:not-wf-sa-076] NullPointerException: null: Undefined ENTITY foo.
    [junit] 	at org.bluezoo.gonzalez.XMLConformanceTest.runTest(XMLConformanceTest.java:415)
    [junit] 	at jdk.internal.reflect.GeneratedMethodAccessor1.invoke(Unknown Source)
    [junit] 	at java.base/jdk.internal.reflect.DelegatingMethodAccessorImpl.invoke(DelegatingMethodAccessorImpl.java:43)
    [junit] 
    [junit] Testcase: runTest[James Clark xmltest:not-wf-sa-077 (not-wf)] took 0 sec
    [junit] Testcase: runTest[James Clark xmltest:not-wf-sa-078 (not-wf)] took 0.001 sec
    [junit] Testcase: runTest[James Clark xmltest:not-wf-sa-079 (not-wf)] took 0.004 sec
    [junit] 	Caused an ERROR
    [junit] null
    [junit] java.lang.StackOverflowError
    [junit] 	at org.bluezoo.gonzalez.DTDParser.getGeneralEntity(DTDParser.java:2749)
    [junit] 	at org.bluezoo.gonzalez.EntityStack.expandGeneralEntity(EntityStack.java:153)
    [junit] 	at org.bluezoo.gonzalez.EntityStack.expandEntityValue(EntityStack.java:319)
    [junit] 	at org.bluezoo.gonzalez.EntityStack.expandGeneralEntity(EntityStack.java:221)
    [junit] 	at org.bluezoo.gonzalez.EntityStack.expandEntityValue(EntityStack.java:319)
    [junit] 	at org.bluezoo.gonzalez.EntityStack.expandGeneralEntity(EntityStack.java:221)
    [junit] 	at org.bluezoo.gonzalez.EntityStack.expandEntityValue(EntityStack.java:319)
    [junit] 	at org.bluezoo.gonzalez.EntityStack.expandGeneralEntity(EntityStack.java:221)
    [junit] 	at org.bluezoo.gonzalez.EntityStack.expandEntityValue(EntityStack.java:319)
    [junit] 	at org.bluezoo.gonzalez.EntityStack.expandGeneralEntity(EntityStack.java:221)
    [junit] 	at org.bluezoo.gonzalez.EntityStack.expandEntityValue(EntityStack.java:319)
    [junit] 	at org.bluezoo.gonzalez.EntityStack.expandGeneralEntity(EntityStack.java:221)
    [junit] 	at org.bluezoo.gonzalez.EntityStack.expandEntityValue(EntityStack.java:319)
    [junit] 	at org.bluezoo.gonzalez.EntityStack.expandGeneralEntity(EntityStack.java:221)
    [junit] 	at org.bluezoo.gonzalez.EntityStack.expandEntityValue(EntityStack.java:319)
    [junit] 	at org.bluezoo.gonzalez.EntityStack.expandGeneralEntity(EntityStack.java:221)
    [junit] 	at org.bluezoo.gonzalez.EntityStack.expandEntityValue(EntityStack.java:319)
    [junit] 	at org.bluezoo.gonzalez.EntityStack.expandGeneralEntity(EntityStack.java:221)
    [junit] 	at org.bluezoo.gonzalez.EntityStack.expandEntityValue(EntityStack.java:319)
    [junit] 	at org.bluezoo.gonzalez.EntityStack.expandGeneralEntity(EntityStack.java:221)
    [junit] 	at org.bluezoo.gonzalez.EntityStack.expandEntityValue(EntityStack.java:319)
    [junit] 	at org.bluezoo.gonzalez.EntityStack.expandGeneralEntity(EntityStack.java:221)
    [junit] 	at org.bluezoo.gonzalez.EntityStack.expandEntityValue(EntityStack.java:319)
    [junit] 	at org.bluezoo.gonzalez.EntityStack.expandGeneralEntity(EntityStack.java:221)
    [junit] 	at org.bluezoo.gonzalez.EntityStack.expandEntityValue(EntityStack.java:319)
    [junit] 	at org.bluezoo.gonzalez.EntityStack.expandGeneralEntity(EntityStack.java:221)
    [junit] 	at org.bluezoo.gonzalez.EntityStack.expandEntityValue(EntityStack.java:319)
    [junit] 	at org.bluezoo.gonzalez.EntityStack.expandGeneralEntity(EntityStack.java:221)
    [junit] 	at org.bluezoo.gonzalez.EntityStack.expandEntityValue(EntityStack.java:319)
    [junit] 	at org.bluezoo.gonzalez.EntityStack.expandGeneralEntity(EntityStack.java:221)
    [junit] 	at org.bluezoo.gonzalez.EntityStack.expandEntityValue(EntityStack.java:319)
    [junit] 	at org.bluezoo.gonzalez.EntityStack.expandGeneralEntity(EntityStack.java:221)
    [junit] 	at org.bluezoo.gonzalez.EntityStack.expandEntityValue(EntityStack.java:319)
    [junit] 	at org.bluezoo.gonzalez.EntityStack.expandGeneralEntity(EntityStack.java:221)
    [junit] 	at org.bluezoo.gonzalez.EntityStack.expandEntityValue(EntityStack.java:319)
    [junit] 	at org.bluezoo.gonzalez.EntityStack.expandGeneralEntity(EntityStack.java:221)
    [junit] 	at org.bluezoo.gonzalez.EntityStack.expandEntityValue(EntityStack.java:319)
    [junit] 	at org.bluezoo.gonzalez.EntityStack.expandGeneralEntity(EntityStack.java:221)
    [junit] 	at org.bluezoo.gonzalez.EntityStack.expandEntityValue(EntityStack.java:319)
    [junit] 	at org.bluezoo.gonzalez.EntityStack.expandGeneralEntity(EntityStack.java:221)
    [junit] 	at org.bluezoo.gonzalez.EntityStack.expandEntityValue(EntityStack.java:319)
    [junit] 	at org.bluezoo.gonzalez.EntityStack.expandGeneralEntity(EntityStack.java:221)
    [junit] 	at org.bluezoo.gonzalez.EntityStack.expandEntityValue(EntityStack.java:319)
    [junit] 	at org.bluezoo.gonzalez.EntityStack.expandGeneralEntity(EntityStack.java:221)
    [junit] 	at org.bluezoo.gonzalez.EntityStack.expandEntityValue(EntityStack.java:319)
    [junit] 	at org.bluezoo.gonzalez.EntityStack.expandGeneralEntity(EntityStack.java:221)
    [junit] 	at org.bluezoo.gonzalez.EntityStack.expandEntityValue(EntityStack.java:319)
    [junit] 	at org.bluezoo.gonzalez.EntityStack.expandGeneralEntity(EntityStack.java:221)
    [junit] 	at org.bluezoo.gonzalez.EntityStack.expandEntityValue(EntityStack.java:319)
    [junit] 	at org.bluezoo.gonzalez.EntityStack.expandGeneralEntity(EntityStack.java:221)
    [junit] 	at org.bluezoo.gonzalez.EntityStack.expandEntityValue(EntityStack.java:319)
    [junit] 	at org.bluezoo.gonzalez.EntityStack.expandGeneralEntity(EntityStack.java:221)
    [junit] 	at org.bluezoo.gonzalez.EntityStack.expandEntityValue(EntityStack.java:319)
    [junit] 	at org.bluezoo.gonzalez.EntityStack.expandGeneralEntity(EntityStack.java:221)
    [junit] 	at org.bluezoo.gonzalez.EntityStack.expandEntityValue(EntityStack.java:319)
    [junit] 	at org.bluezoo.gonzalez.EntityStack.expandGeneralEntity(EntityStack.java:221)
    [junit] 	at org.bluezoo.gonzalez.EntityStack.expandEntityValue(EntityStack.java:319)
    [junit] 	at org.bluezoo.gonzalez.EntityStack.expandGeneralEntity(EntityStack.java:221)
    [junit] 	at org.bluezoo.gonzalez.EntityStack.expandEntityValue(EntityStack.java:319)
    [junit] 	at org.bluezoo.gonzalez.EntityStack.expandGeneralEntity(EntityStack.java:221)
    [junit] 	at org.bluezoo.gonzalez.EntityStack.expandEntityValue(EntityStack.java:319)
    [junit] 	at org.bluezoo.gonzalez.EntityStack.expandGeneralEntity(EntityStack.java:221)
    [junit] 	at org.bluezoo.gonzalez.EntityStack.expandEntityValue(EntityStack.java:319)
    [junit] 	at org.bluezoo.gonzalez.EntityStack.expandGeneralEntity(EntityStack.java:221)
    [junit] 	at org.bluezoo.gonzalez.EntityStack.expandEntityValue(EntityStack.java:319)
    [junit] 	at org.bluezoo.gonzalez.EntityStack.expandGeneralEntity(EntityStack.java:221)
    [junit] 	at org.bluezoo.gonzalez.EntityStack.expandEntityValue(EntityStack.java:319)
    [junit] 	at org.bluezoo.gonzalez.EntityStack.expandGeneralEntity(EntityStack.java:221)
    [junit] 	at org.bluezoo.gonzalez.EntityStack.expandEntityValue(EntityStack.java:319)
    [junit] 	at org.bluezoo.gonzalez.EntityStack.expandGeneralEntity(EntityStack.java:221)
    [junit] 	at org.bluezoo.gonzalez.EntityStack.expandEntityValue(EntityStack.java:319)
    [junit] 	at org.bluezoo.gonzalez.EntityStack.expandGeneralEntity(EntityStack.java:221)
    [junit] 	at org.bluezoo.gonzalez.EntityStack.expandEntityValue(EntityStack.java:319)
    [junit] 	at org.bluezoo.gonzalez.EntityStack.expandGeneralEntity(EntityStack.java:221)
    [junit] 	at org.bluezoo.gonzalez.EntityStack.expandEntityValue(EntityStack.java:319)
    [junit] 	at org.bluezoo.gonzalez.EntityStack.expandGeneralEntity(EntityStack.java:221)
    [junit] 	at org.bluezoo.gonzalez.EntityStack.expandEntityValue(EntityStack.java:319)
    [junit] 	at org.bluezoo.gonzalez.EntityStack.expandGeneralEntity(EntityStack.java:221)
    [junit] 	at org.bluezoo.gonzalez.EntityStack.expandEntityValue(EntityStack.java:319)
    [junit] 	at org.bluezoo.gonzalez.EntityStack.expandGeneralEntity(EntityStack.java:221)
    [junit] 	at org.bluezoo.gonzalez.EntityStack.expandEntityValue(EntityStack.java:319)
    [junit] 	at org.bluezoo.gonzalez.EntityStack.expandGeneralEntity(EntityStack.java:221)
    [junit] 	at org.bluezoo.gonzalez.EntityStack.expandEntityValue(EntityStack.java:319)
    [junit] 	at org.bluezoo.gonzalez.EntityStack.expandGeneralEntity(EntityStack.java:221)
    [junit] 	at org.bluezoo.gonzalez.EntityStack.expandEntityValue(EntityStack.java:319)
    [junit] 	at org.bluezoo.gonzalez.EntityStack.expandGeneralEntity(EntityStack.java:221)
    [junit] 	at org.bluezoo.gonzalez.EntityStack.expandEntityValue(EntityStack.java:319)
    [junit] 	at org.bluezoo.gonzalez.EntityStack.expandGeneralEntity(EntityStack.java:221)
    [junit] 	at org.bluezoo.gonzalez.EntityStack.expandEntityValue(EntityStack.java:319)
    [junit] 	at org.bluezoo.gonzalez.EntityStack.expandGeneralEntity(EntityStack.java:221)
    [junit] 	at org.bluezoo.gonzalez.EntityStack.expandEntityValue(EntityStack.java:319)
    [junit] 	at org.bluezoo.gonzalez.EntityStack.expandGeneralEntity(EntityStack.java:221)
    [junit] 	at org.bluezoo.gonzalez.EntityStack.expandEntityValue(EntityStack.java:319)
    [junit] 	at org.bluezoo.gonzalez.EntityStack.expandGeneralEntity(EntityStack.java:221)
    [junit] 	at org.bluezoo.gonzalez.EntityStack.expandEntityValue(EntityStack.java:319)
    [junit] 	at org.bluezoo.gonzalez.EntityStack.expandGeneralEntity(EntityStack.java:221)
    [junit] 	at org.bluezoo.gonzalez.EntityStack.expandEntityValue(EntityStack.java:319)
    [junit] 	at org.bluezoo.gonzalez.EntityStack.expandGeneralEntity(EntityStack.java:221)
    [junit] 	at org.bluezoo.gonzalez.EntityStack.expandEntityValue(EntityStack.java:319)
    [junit] 	at org.bluezoo.gonzalez.EntityStack.expandGeneralEntity(EntityStack.java:221)
    [junit] 	at org.bluezoo.gonzalez.EntityStack.expandEntityValue(EntityStack.java:319)
    [junit] 	at org.bluezoo.gonzalez.EntityStack.expandGeneralEntity(EntityStack.java:221)
    [junit] 	at org.bluezoo.gonzalez.EntityStack.expandEntityValue(EntityStack.java:319)
    [junit] 	at org.bluezoo.gonzalez.EntityStack.expandGeneralEntity(EntityStack.java:221)
    [junit] 	at org.bluezoo.gonzalez.EntityStack.expandEntityValue(EntityStack.java:319)
    [junit] 	at org.bluezoo.gonzalez.EntityStack.expandGeneralEntity(EntityStack.java:221)
    [junit] 	at org.bluezoo.gonzalez.EntityStack.expandEntityValue(EntityStack.java:319)
    [junit] 	at org.bluezoo.gonzalez.EntityStack.expandGeneralEntity(EntityStack.java:221)
    [junit] 	at org.bluezoo.gonzalez.EntityStack.expandEntityValue(EntityStack.java:319)
    [junit] 	at org.bluezoo.gonzalez.EntityStack.expandGeneralEntity(EntityStack.java:221)
    [junit] 	at org.bluezoo.gonzalez.EntityStack.expandEntityValue(EntityStack.java:319)
    [junit] 	at org.bluezoo.gonzalez.EntityStack.expandGeneralEntity(EntityStack.java:221)
    [junit] 	at org.bluezoo.gonzalez.EntityStack.expandEntityValue(EntityStack.java:319)
    [junit] 	at org.bluezoo.gonzalez.EntityStack.expandGeneralEntity(EntityStack.java:221)
    [junit] 	at org.bluezoo.gonzalez.EntityStack.expandEntityValue(EntityStack.java:319)
    [junit] 	at org.bluezoo.gonzalez.EntityStack.expandGeneralEntity(EntityStack.java:221)
    [junit] 	at org.bluezoo.gonzalez.EntityStack.expandEntityValue(EntityStack.java:319)
    [junit] 	at org.bluezoo.gonzalez.EntityStack.expandGeneralEntity(EntityStack.java:221)
    [junit] 	at org.bluezoo.gonzalez.EntityStack.expandEntityValue(EntityStack.java:319)
    [junit] 	at org.bluezoo.gonzalez.EntityStack.expandGeneralEntity(EntityStack.java:221)
    [junit] 	at org.bluezoo.gonzalez.EntityStack.expandEntityValue(EntityStack.java:319)
    [junit] 	at org.bluezoo.gonzalez.EntityStack.expandGeneralEntity(EntityStack.java:221)
    [junit] 	at org.bluezoo.gonzalez.EntityStack.expandEntityValue(EntityStack.java:319)
    [junit] 	at org.bluezoo.gonzalez.EntityStack.expandGeneralEntity(EntityStack.java:221)
    [junit] 	at org.bluezoo.gonzalez.EntityStack.expandEntityValue(EntityStack.java:319)
    [junit] 	at org.bluezoo.gonzalez.EntityStack.expandGeneralEntity(EntityStack.java:221)
    [junit] 	at org.bluezoo.gonzalez.EntityStack.expandEntityValue(EntityStack.java:319)
    [junit] 	at org.bluezoo.gonzalez.EntityStack.expandGeneralEntity(EntityStack.java:221)
    [junit] 	at org.bluezoo.gonzalez.EntityStack.expandEntityValue(EntityStack.java:319)
    [junit] 	at org.bluezoo.gonzalez.EntityStack.expandGeneralEntity(EntityStack.java:221)
    [junit] 	at org.bluezoo.gonzalez.EntityStack.expandEntityValue(EntityStack.java:319)
    [junit] 	at org.bluezoo.gonzalez.EntityStack.expandGeneralEntity(EntityStack.java:221)
    [junit] 	at org.bluezoo.gonzalez.EntityStack.expandEntityValue(EntityStack.java:319)
    [junit] 	at org.bluezoo.gonzalez.EntityStack.expandGeneralEntity(EntityStack.java:221)
    [junit] 	at org.bluezoo.gonzalez.EntityStack.expandEntityValue(EntityStack.java:319)
    [junit] 	at org.bluezoo.gonzalez.EntityStack.expandGeneralEntity(EntityStack.java:221)
    [junit] 	at org.bluezoo.gonzalez.EntityStack.expandEntityValue(EntityStack.java:319)
    [junit] 	at org.bluezoo.gonzalez.EntityStack.expandGeneralEntity(EntityStack.java:221)
    [junit] 	at org.bluezoo.gonzalez.EntityStack.expandEntityValue(EntityStack.java:319)
    [junit] 	at org.bluezoo.gonzalez.EntityStack.expandGeneralEntity(EntityStack.java:221)
    [junit] 	at org.bluezoo.gonzalez.EntityStack.expandEntityValue(EntityStack.java:319)
    [junit] 	at org.bluezoo.gonzalez.EntityStack.expandGeneralEntity(EntityStack.java:221)
    [junit] 	at org.bluezoo.gonzalez.EntityStack.expandEntityValue(EntityStack.java:319)
    [junit] 	at org.bluezoo.gonzalez.EntityStack.expandGeneralEntity(EntityStack.java:221)
    [junit] 	at org.bluezoo.gonzalez.EntityStack.expandEntityValue(EntityStack.java:319)
    [junit] 	at org.bluezoo.gonzalez.EntityStack.expandGeneralEntity(EntityStack.java:221)
    [junit] 	at org.bluezoo.gonzalez.EntityStack.expandEntityValue(EntityStack.java:319)
    [junit] 	at org.bluezoo.gonzalez.EntityStack.expandGeneralEntity(EntityStack.java:221)
    [junit] 	at org.bluezoo.gonzalez.EntityStack.expandEntityValue(EntityStack.java:319)
    [junit] 	at org.bluezoo.gonzalez.EntityStack.expandGeneralEntity(EntityStack.java:221)
    [junit] 	at org.bluezoo.gonzalez.EntityStack.expandEntityValue(EntityStack.java:319)
    [junit] 	at org.bluezoo.gonzalez.EntityStack.expandGeneralEntity(EntityStack.java:221)
    [junit] 	at org.bluezoo.gonzalez.EntityStack.expandEntityValue(EntityStack.java:319)
    [junit] 	at org.bluezoo.gonzalez.EntityStack.expandGeneralEntity(EntityStack.java:221)
    [junit] 	at org.bluezoo.gonzalez.EntityStack.expandEntityValue(EntityStack.java:319)
    [junit] 	at org.bluezoo.gonzalez.EntityStack.expandGeneralEntity(EntityStack.java:221)
    [junit] 	at org.bluezoo.gonzalez.EntityStack.expandEntityValue(EntityStack.java:319)
    [junit] 	at org.bluezoo.gonzalez.EntityStack.expandGeneralEntity(EntityStack.java:221)
    [junit] 	at org.bluezoo.gonzalez.EntityStack.expandEntityValue(EntityStack.java:319)
    [junit] 	at org.bluezoo.gonzalez.EntityStack.expandGeneralEntity(EntityStack.java:221)
    [junit] 	at org.bluezoo.gonzalez.EntityStack.expandEntityValue(EntityStack.java:319)
    [junit] 	at org.bluezoo.gonzalez.EntityStack.expandGeneralEntity(EntityStack.java:221)
    [junit] 	at org.bluezoo.gonzalez.EntityStack.expandEntityValue(EntityStack.java:319)
    [junit] 	at org.bluezoo.gonzalez.EntityStack.expandGeneralEntity(EntityStack.java:221)
    [junit] 	at org.bluezoo.gonzalez.EntityStack.expandEntityValue(EntityStack.java:319)
    [junit] 	at org.bluezoo.gonzalez.EntityStack.expandGeneralEntity(EntityStack.java:221)
    [junit] 	at org.bluezoo.gonzalez.EntityStack.expandEntityValue(EntityStack.java:319)
    [junit] 	at org.bluezoo.gonzalez.EntityStack.expandGeneralEntity(EntityStack.java:221)
    [junit] 	at org.bluezoo.gonzalez.EntityStack.expandEntityValue(EntityStack.java:319)
    [junit] 	at org.bluezoo.gonzalez.EntityStack.expandGeneralEntity(EntityStack.java:221)
    [junit] 	at org.bluezoo.gonzalez.EntityStack.expandEntityValue(EntityStack.java:319)
    [junit] 	at org.bluezoo.gonzalez.EntityStack.expandGeneralEntity(EntityStack.java:221)
    [junit] 	at org.bluezoo.gonzalez.EntityStack.expandEntityValue(EntityStack.java:319)
    [junit] 	at org.bluezoo.gonzalez.EntityStack.expandGeneralEntity(EntityStack.java:221)
    [junit] 	at org.bluezoo.gonzalez.EntityStack.expandEntityValue(EntityStack.java:319)
    [junit] 	at org.bluezoo.gonzalez.EntityStack.expandGeneralEntity(EntityStack.java:221)
    [junit] 	at org.bluezoo.gonzalez.EntityStack.expandEntityValue(EntityStack.java:319)
    [junit] 	at org.bluezoo.gonzalez.EntityStack.expandGeneralEntity(EntityStack.java:221)
    [junit] 	at org.bluezoo.gonzalez.EntityStack.expandEntityValue(EntityStack.java:319)
    [junit] 	at org.bluezoo.gonzalez.EntityStack.expandGeneralEntity(EntityStack.java:221)
    [junit] 	at org.bluezoo.gonzalez.EntityStack.expandEntityValue(EntityStack.java:319)
    [junit] 	at org.bluezoo.gonzalez.EntityStack.expandGeneralEntity(EntityStack.java:221)
    [junit] 	at org.bluezoo.gonzalez.EntityStack.expandEntityValue(EntityStack.java:319)
    [junit] 	at org.bluezoo.gonzalez.EntityStack.expandGeneralEntity(EntityStack.java:221)
    [junit] 	at org.bluezoo.gonzalez.EntityStack.expandEntityValue(EntityStack.java:319)
    [junit] 	at org.bluezoo.gonzalez.EntityStack.expandGeneralEntity(EntityStack.java:221)
    [junit] 	at org.bluezoo.gonzalez.EntityStack.expandEntityValue(EntityStack.java:319)
    [junit] 	at org.bluezoo.gonzalez.EntityStack.expandGeneralEntity(EntityStack.java:221)
    [junit] 	at org.bluezoo.gonzalez.EntityStack.expandEntityValue(EntityStack.java:319)
    [junit] 	at org.bluezoo.gonzalez.EntityStack.expandGeneralEntity(EntityStack.java:221)
    [junit] 	at org.bluezoo.gonzalez.EntityStack.expandEntityValue(EntityStack.java:319)
    [junit] 	at org.bluezoo.gonzalez.EntityStack.expandGeneralEntity(EntityStack.java:221)
    [junit] 	at org.bluezoo.gonzalez.EntityStack.expandEntityValue(EntityStack.java:319)
    [junit] 	at org.bluezoo.gonzalez.EntityStack.expandGeneralEntity(EntityStack.java:221)
    [junit] 	at org.bluezoo.gonzalez.EntityStack.expandEntityValue(EntityStack.java:319)
    [junit] 	at org.bluezoo.gonzalez.EntityStack.expandGeneralEntity(EntityStack.java:221)
    [junit] 	at org.bluezoo.gonzalez.EntityStack.expandEntityValue(EntityStack.java:319)
    [junit] 	at org.bluezoo.gonzalez.EntityStack.expandGeneralEntity(EntityStack.java:221)
    [junit] 	at org.bluezoo.gonzalez.EntityStack.expandEntityValue(EntityStack.java:319)
    [junit] 	at org.bluezoo.gonzalez.EntityStack.expandGeneralEntity(EntityStack.java:221)
    [junit] 	at org.bluezoo.gonzalez.EntityStack.expandEntityValue(EntityStack.java:319)
    [junit] 	at org.bluezoo.gonzalez.EntityStack.expandGeneralEntity(EntityStack.java:221)
    [junit] 	at org.bluezoo.gonzalez.EntityStack.expandEntityValue(EntityStack.java:319)
    [junit] 	at org.bluezoo.gonzalez.EntityStack.expandGeneralEntity(EntityStack.java:221)
    [junit] 	at org.bluezoo.gonzalez.EntityStack.expandEntityValue(EntityStack.java:319)
    [junit] 	at org.bluezoo.gonzalez.EntityStack.expandGeneralEntity(EntityStack.java:221)
    [junit] 	at org.bluezoo.gonzalez.EntityStack.expandEntityValue(EntityStack.java:319)
    [junit] 	at org.bluezoo.gonzalez.EntityStack.expandGeneralEntity(EntityStack.java:221)
    [junit] 	at org.bluezoo.gonzalez.EntityStack.expandEntityValue(EntityStack.java:319)
    [junit] 	at org.bluezoo.gonzalez.EntityStack.expandGeneralEntity(EntityStack.java:221)
    [junit] 	at org.bluezoo.gonzalez.EntityStack.expandEntityValue(EntityStack.java:319)
    [junit] 	at org.bluezoo.gonzalez.EntityStack.expandGeneralEntity(EntityStack.java:221)
    [junit] 	at org.bluezoo.gonzalez.EntityStack.expandEntityValue(EntityStack.java:319)
    [junit] 	at org.bluezoo.gonzalez.EntityStack.expandGeneralEntity(EntityStack.java:221)
    [junit] 	at org.bluezoo.gonzalez.EntityStack.expandEntityValue(EntityStack.java:319)
    [junit] 	at org.bluezoo.gonzalez.EntityStack.expandGeneralEntity(EntityStack.java:221)
    [junit] 	at org.bluezoo.gonzalez.EntityStack.expandEntityValue(EntityStack.java:319)
    [junit] 	at org.bluezoo.gonzalez.EntityStack.expandGeneralEntity(EntityStack.java:221)
    [junit] 	at org.bluezoo.gonzalez.EntityStack.expandEntityValue(EntityStack.java:319)
    [junit] 	at org.bluezoo.gonzalez.EntityStack.expandGeneralEntity(EntityStack.java:221)
    [junit] 	at org.bluezoo.gonzalez.EntityStack.expandEntityValue(EntityStack.java:319)
    [junit] 	at org.bluezoo.gonzalez.EntityStack.expandGeneralEntity(EntityStack.java:221)
    [junit] 	at org.bluezoo.gonzalez.EntityStack.expandEntityValue(EntityStack.java:319)
    [junit] 	at org.bluezoo.gonzalez.EntityStack.expandGeneralEntity(EntityStack.java:221)
    [junit] 	at org.bluezoo.gonzalez.EntityStack.expandEntityValue(EntityStack.java:319)
    [junit] 	at org.bluezoo.gonzalez.EntityStack.expandGeneralEntity(EntityStack.java:221)
    [junit] 	at org.bluezoo.gonzalez.EntityStack.expandEntityValue(EntityStack.java:319)
    [junit] 	at org.bluezoo.gonzalez.EntityStack.expandGeneralEntity(EntityStack.java:221)
    [junit] 	at org.bluezoo.gonzalez.EntityStack.expandEntityValue(EntityStack.java:319)
    [junit] 	at org.bluezoo.gonzalez.EntityStack.expandGeneralEntity(EntityStack.java:221)
    [junit] 	at org.bluezoo.gonzalez.EntityStack.expandEntityValue(EntityStack.java:319)
    [junit] 	at org.bluezoo.gonzalez.EntityStack.expandGeneralEntity(EntityStack.java:221)
    [junit] 	at org.bluezoo.gonzalez.EntityStack.expandEntityValue(EntityStack.java:319)
    [junit] 	at org.bluezoo.gonzalez.EntityStack.expandGeneralEntity(EntityStack.java:221)
    [junit] 	at org.bluezoo.gonzalez.EntityStack.expandEntityValue(EntityStack.java:319)
    [junit] 	at org.bluezoo.gonzalez.EntityStack.expandGeneralEntity(EntityStack.java:221)
    [junit] 	at org.bluezoo.gonzalez.EntityStack.expandEntityValue(EntityStack.java:319)
    [junit] 	at org.bluezoo.gonzalez.EntityStack.expandGeneralEntity(EntityStack.java:221)
    [junit] 	at org.bluezoo.gonzalez.EntityStack.expandEntityValue(EntityStack.java:319)
    [junit] 	at org.bluezoo.gonzalez.EntityStack.expandGeneralEntity(EntityStack.java:221)
    [junit] 	at org.bluezoo.gonzalez.EntityStack.expandEntityValue(EntityStack.java:319)
    [junit] 	at org.bluezoo.gonzalez.EntityStack.expandGeneralEntity(EntityStack.java:221)
    [junit] 	at org.bluezoo.gonzalez.EntityStack.expandEntityValue(EntityStack.java:319)
    [junit] 	at org.bluezoo.gonzalez.EntityStack.expandGeneralEntity(EntityStack.java:221)
    [junit] 	at org.bluezoo.gonzalez.EntityStack.expandEntityValue(EntityStack.java:319)
    [junit] 	at org.bluezoo.gonzalez.EntityStack.expandGeneralEntity(EntityStack.java:221)
    [junit] 	at org.bluezoo.gonzalez.EntityStack.expandEntityValue(EntityStack.java:319)
    [junit] 	at org.bluezoo.gonzalez.EntityStack.expandGeneralEntity(EntityStack.java:221)
    [junit] 	at org.bluezoo.gonzalez.EntityStack.expandEntityValue(EntityStack.java:319)
    [junit] 	at org.bluezoo.gonzalez.EntityStack.expandGeneralEntity(EntityStack.java:221)
    [junit] 	at org.bluezoo.gonzalez.EntityStack.expandEntityValue(EntityStack.java:319)
    [junit] 	at org.bluezoo.gonzalez.EntityStack.expandGeneralEntity(EntityStack.java:221)
    [junit] 	at org.bluezoo.gonzalez.EntityStack.expandEntityValue(EntityStack.java:319)
    [junit] 	at org.bluezoo.gonzalez.EntityStack.expandGeneralEntity(EntityStack.java:221)
    [junit] 	at org.bluezoo.gonzalez.EntityStack.expandEntityValue(EntityStack.java:319)
    [junit] 	at org.bluezoo.gonzalez.EntityStack.expandGeneralEntity(EntityStack.java:221)
    [junit] 	at org.bluezoo.gonzalez.EntityStack.expandEntityValue(EntityStack.java:319)
    [junit] 	at org.bluezoo.gonzalez.EntityStack.expandGeneralEntity(EntityStack.java:221)
    [junit] 	at org.bluezoo.gonzalez.EntityStack.expandEntityValue(EntityStack.java:319)
    [junit] 	at org.bluezoo.gonzalez.EntityStack.expandGeneralEntity(EntityStack.java:221)
    [junit] 	at org.bluezoo.gonzalez.EntityStack.expandEntityValue(EntityStack.java:319)
    [junit] 	at org.bluezoo.gonzalez.EntityStack.expandGeneralEntity(EntityStack.java:221)
    [junit] 	at org.bluezoo.gonzalez.EntityStack.expandEntityValue(EntityStack.java:319)
    [junit] 	at org.bluezoo.gonzalez.EntityStack.expandGeneralEntity(EntityStack.java:221)
    [junit] 	at org.bluezoo.gonzalez.EntityStack.expandEntityValue(EntityStack.java:319)
    [junit] 	at org.bluezoo.gonzalez.EntityStack.expandGeneralEntity(EntityStack.java:221)
    [junit] 	at org.bluezoo.gonzalez.EntityStack.expandEntityValue(EntityStack.java:319)
    [junit] 	at org.bluezoo.gonzalez.EntityStack.expandGeneralEntity(EntityStack.java:221)
    [junit] 	at org.bluezoo.gonzalez.EntityStack.expandEntityValue(EntityStack.java:319)
    [junit] 	at org.bluezoo.gonzalez.EntityStack.expandGeneralEntity(EntityStack.java:221)
    [junit] 	at org.bluezoo.gonzalez.EntityStack.expandEntityValue(EntityStack.java:319)
    [junit] 	at org.bluezoo.gonzalez.EntityStack.expandGeneralEntity(EntityStack.java:221)
    [junit] 	at org.bluezoo.gonzalez.EntityStack.expandEntityValue(EntityStack.java:319)
    [junit] 	at org.bluezoo.gonzalez.EntityStack.expandGeneralEntity(EntityStack.java:221)
    [junit] 	at org.bluezoo.gonzalez.EntityStack.expandEntityValue(EntityStack.java:319)
    [junit] 	at org.bluezoo.gonzalez.EntityStack.expandGeneralEntity(EntityStack.java:221)
    [junit] 	at org.bluezoo.gonzalez.EntityStack.expandEntityValue(EntityStack.java:319)
    [junit] 	at org.bluezoo.gonzalez.EntityStack.expandGeneralEntity(EntityStack.java:221)
    [junit] 	at org.bluezoo.gonzalez.EntityStack.expandEntityValue(EntityStack.java:319)
    [junit] 	at org.bluezoo.gonzalez.EntityStack.expandGeneralEntity(EntityStack.java:221)
    [junit] 	at org.bluezoo.gonzalez.EntityStack.expandEntityValue(EntityStack.java:319)
    [junit] 	at org.bluezoo.gonzalez.EntityStack.expandGeneralEntity(EntityStack.java:221)
    [junit] 	at org.bluezoo.gonzalez.EntityStack.expandEntityValue(EntityStack.java:319)
    [junit] 	at org.bluezoo.gonzalez.EntityStack.expandGeneralEntity(EntityStack.java:221)
    [junit] 	at org.bluezoo.gonzalez.EntityStack.expandEntityValue(EntityStack.java:319)
    [junit] 	at org.bluezoo.gonzalez.EntityStack.expandGeneralEntity(EntityStack.java:221)
    [junit] 	at org.bluezoo.gonzalez.EntityStack.expandEntityValue(EntityStack.java:319)
    [junit] 	at org.bluezoo.gonzalez.EntityStack.expandGeneralEntity(EntityStack.java:221)
    [junit] 	at org.bluezoo.gonzalez.EntityStack.expandEntityValue(EntityStack.java:319)
    [junit] 	at org.bluezoo.gonzalez.EntityStack.expandGeneralEntity(EntityStack.java:221)
    [junit] 	at org.bluezoo.gonzalez.EntityStack.expandEntityValue(EntityStack.java:319)
    [junit] 	at org.bluezoo.gonzalez.EntityStack.expandGeneralEntity(EntityStack.java:221)
    [junit] 	at org.bluezoo.gonzalez.EntityStack.expandEntityValue(EntityStack.java:319)
    [junit] 	at org.bluezoo.gonzalez.EntityStack.expandGeneralEntity(EntityStack.java:221)
    [junit] 	at org.bluezoo.gonzalez.EntityStack.expandEntityValue(EntityStack.java:319)
    [junit] 	at org.bluezoo.gonzalez.EntityStack.expandGeneralEntity(EntityStack.java:221)
    [junit] 	at org.bluezoo.gonzalez.EntityStack.expandEntityValue(EntityStack.java:319)
    [junit] 	at org.bluezoo.gonzalez.EntityStack.expandGeneralEntity(EntityStack.java:221)
    [junit] 	at org.bluezoo.gonzalez.EntityStack.expandEntityValue(EntityStack.java:319)
    [junit] 	at org.bluezoo.gonzalez.EntityStack.expandGeneralEntity(EntityStack.java:221)
    [junit] 	at org.bluezoo.gonzalez.EntityStack.expandEntityValue(EntityStack.java:319)
    [junit] 	at org.bluezoo.gonzalez.EntityStack.expandGeneralEntity(EntityStack.java:221)
    [junit] 	at org.bluezoo.gonzalez.EntityStack.expandEntityValue(EntityStack.java:319)
    [junit] 	at org.bluezoo.gonzalez.EntityStack.expandGeneralEntity(EntityStack.java:221)
    [junit] 	at org.bluezoo.gonzalez.EntityStack.expandEntityValue(EntityStack.java:319)
    [junit] 	at org.bluezoo.gonzalez.EntityStack.expandGeneralEntity(EntityStack.java:221)
    [junit] 	at org.bluezoo.gonzalez.EntityStack.expandEntityValue(EntityStack.java:319)
    [junit] 	at org.bluezoo.gonzalez.EntityStack.expandGeneralEntity(EntityStack.java:221)
    [junit] 	at org.bluezoo.gonzalez.EntityStack.expandEntityValue(EntityStack.java:319)
    [junit] 	at org.bluezoo.gonzalez.EntityStack.expandGeneralEntity(EntityStack.java:221)
    [junit] 	at org.bluezoo.gonzalez.EntityStack.expandEntityValue(EntityStack.java:319)
    [junit] 	at org.bluezoo.gonzalez.EntityStack.expandGeneralEntity(EntityStack.java:221)
    [junit] 	at org.bluezoo.gonzalez.EntityStack.expandEntityValue(EntityStack.java:319)
    [junit] 	at org.bluezoo.gonzalez.EntityStack.expandGeneralEntity(EntityStack.java:221)
    [junit] 	at org.bluezoo.gonzalez.EntityStack.expandEntityValue(EntityStack.java:319)
    [junit] 	at org.bluezoo.gonzalez.EntityStack.expandGeneralEntity(EntityStack.java:221)
    [junit] 	at org.bluezoo.gonzalez.EntityStack.expandEntityValue(EntityStack.java:319)
    [junit] 	at org.bluezoo.gonzalez.EntityStack.expandGeneralEntity(EntityStack.java:221)
    [junit] 	at org.bluezoo.gonzalez.EntityStack.expandEntityValue(EntityStack.java:319)
    [junit] 	at org.bluezoo.gonzalez.EntityStack.expandGeneralEntity(EntityStack.java:221)
    [junit] 	at org.bluezoo.gonzalez.EntityStack.expandEntityValue(EntityStack.java:319)
    [junit] 	at org.bluezoo.gonzalez.EntityStack.expandGeneralEntity(EntityStack.java:221)
    [junit] 	at org.bluezoo.gonzalez.EntityStack.expandEntityValue(EntityStack.java:319)
    [junit] 	at org.bluezoo.gonzalez.EntityStack.expandGeneralEntity(EntityStack.java:221)
    [junit] 	at org.bluezoo.gonzalez.EntityStack.expandEntityValue(EntityStack.java:319)
    [junit] 	at org.bluezoo.gonzalez.EntityStack.expandGeneralEntity(EntityStack.java:221)
    [junit] 	at org.bluezoo.gonzalez.EntityStack.expandEntityValue(EntityStack.java:319)
    [junit] 	at org.bluezoo.gonzalez.EntityStack.expandGeneralEntity(EntityStack.java:221)
    [junit] 	at org.bluezoo.gonzalez.EntityStack.expandEntityValue(EntityStack.java:319)
    [junit] 	at org.bluezoo.gonzalez.EntityStack.expandGeneralEntity(EntityStack.java:221)
    [junit] 	at org.bluezoo.gonzalez.EntityStack.expandEntityValue(EntityStack.java:319)
    [junit] 	at org.bluezoo.gonzalez.EntityStack.expandGeneralEntity(EntityStack.java:221)
    [junit] 	at org.bluezoo.gonzalez.EntityStack.expandEntityValue(EntityStack.java:319)
    [junit] 	at org.bluezoo.gonzalez.EntityStack.expandGeneralEntity(EntityStack.java:221)
    [junit] 	at org.bluezoo.gonzalez.EntityStack.expandEntityValue(EntityStack.java:319)
    [junit] 	at org.bluezoo.gonzalez.EntityStack.expandGeneralEntity(EntityStack.java:221)
    [junit] 	at org.bluezoo.gonzalez.EntityStack.expandEntityValue(EntityStack.java:319)
    [junit] 	at org.bluezoo.gonzalez.EntityStack.expandGeneralEntity(EntityStack.java:221)
    [junit] 	at org.bluezoo.gonzalez.EntityStack.expandEntityValue(EntityStack.java:319)
    [junit] 	at org.bluezoo.gonzalez.EntityStack.expandGeneralEntity(EntityStack.java:221)
    [junit] 	at org.bluezoo.gonzalez.EntityStack.expandEntityValue(EntityStack.java:319)
    [junit] 	at org.bluezoo.gonzalez.EntityStack.expandGeneralEntity(EntityStack.java:221)
    [junit] 	at org.bluezoo.gonzalez.EntityStack.expandEntityValue(EntityStack.java:319)
    [junit] 	at org.bluezoo.gonzalez.EntityStack.expandGeneralEntity(EntityStack.java:221)
    [junit] 	at org.bluezoo.gonzalez.EntityStack.expandEntityValue(EntityStack.java:319)
    [junit] 	at org.bluezoo.gonzalez.EntityStack.expandGeneralEntity(EntityStack.java:221)
    [junit] 	at org.bluezoo.gonzalez.EntityStack.expandEntityValue(EntityStack.java:319)
    [junit] 	at org.bluezoo.gonzalez.EntityStack.expandGeneralEntity(EntityStack.java:221)
    [junit] 	at org.bluezoo.gonzalez.EntityStack.expandEntityValue(EntityStack.java:319)
    [junit] 	at org.bluezoo.gonzalez.EntityStack.expandGeneralEntity(EntityStack.java:221)
    [junit] 	at org.bluezoo.gonzalez.EntityStack.expandEntityValue(EntityStack.java:319)
    [junit] 	at org.bluezoo.gonzalez.EntityStack.expandGeneralEntity(EntityStack.java:221)
    [junit] 	at org.bluezoo.gonzalez.EntityStack.expandEntityValue(EntityStack.java:319)
    [junit] 	at org.bluezoo.gonzalez.EntityStack.expandGeneralEntity(EntityStack.java:221)
    [junit] 	at org.bluezoo.gonzalez.EntityStack.expandEntityValue(EntityStack.java:319)
    [junit] 	at org.bluezoo.gonzalez.EntityStack.expandGeneralEntity(EntityStack.java:221)
    [junit] 	at org.bluezoo.gonzalez.EntityStack.expandEntityValue(EntityStack.java:319)
    [junit] 	at org.bluezoo.gonzalez.EntityStack.expandGeneralEntity(EntityStack.java:221)
    [junit] 	at org.bluezoo.gonzalez.EntityStack.expandEntityValue(EntityStack.java:319)
    [junit] 	at org.bluezoo.gonzalez.EntityStack.expandGeneralEntity(EntityStack.java:221)
    [junit] 	at org.bluezoo.gonzalez.EntityStack.expandEntityValue(EntityStack.java:319)
    [junit] 	at org.bluezoo.gonzalez.EntityStack.expandGeneralEntity(EntityStack.java:221)
    [junit] 	at org.bluezoo.gonzalez.EntityStack.expandEntityValue(EntityStack.java:319)
    [junit] 	at org.bluezoo.gonzalez.EntityStack.expandGeneralEntity(EntityStack.java:221)
    [junit] 	at org.bluezoo.gonzalez.EntityStack.expandEntityValue(EntityStack.java:319)
    [junit] 	at org.bluezoo.gonzalez.EntityStack.expandGeneralEntity(EntityStack.java:221)
    [junit] 	at org.bluezoo.gonzalez.EntityStack.expandEntityValue(EntityStack.java:319)
    [junit] 	at org.bluezoo.gonzalez.EntityStack.expandGeneralEntity(EntityStack.java:221)
    [junit] 	at org.bluezoo.gonzalez.EntityStack.expandEntityValue(EntityStack.java:319)
    [junit] 	at org.bluezoo.gonzalez.EntityStack.expandGeneralEntity(EntityStack.java:221)
    [junit] 	at org.bluezoo.gonzalez.EntityStack.expandEntityValue(EntityStack.java:319)
    [junit] 	at org.bluezoo.gonzalez.EntityStack.expandGeneralEntity(EntityStack.java:221)
    [junit] 	at org.bluezoo.gonzalez.EntityStack.expandEntityValue(EntityStack.java:319)
    [junit] 	at org.bluezoo.gonzalez.EntityStack.expandGeneralEntity(EntityStack.java:221)
    [junit] 	at org.bluezoo.gonzalez.EntityStack.expandEntityValue(EntityStack.java:319)
    [junit] 	at org.bluezoo.gonzalez.EntityStack.expandGeneralEntity(EntityStack.java:221)
    [junit] 	at org.bluezoo.gonzalez.EntityStack.expandEntityValue(EntityStack.java:319)
    [junit] 	at org.bluezoo.gonzalez.EntityStack.expandGeneralEntity(EntityStack.java:221)
    [junit] 	at org.bluezoo.gonzalez.EntityStack.expandEntityValue(EntityStack.java:319)
    [junit] 	at org.bluezoo.gonzalez.EntityStack.expandGeneralEntity(EntityStack.java:221)
    [junit] 	at org.bluezoo.gonzalez.EntityStack.expandEntityValue(EntityStack.java:319)
    [junit] 	at org.bluezoo.gonzalez.EntityStack.expandGeneralEntity(EntityStack.java:221)
    [junit] 	at org.bluezoo.gonzalez.EntityStack.expandEntityValue(EntityStack.java:319)
    [junit] 	at org.bluezoo.gonzalez.EntityStack.expandGeneralEntity(EntityStack.java:221)
    [junit] 	at org.bluezoo.gonzalez.EntityStack.expandEntityValue(EntityStack.java:319)
    [junit] 	at org.bluezoo.gonzalez.EntityStack.expandGeneralEntity(EntityStack.java:221)
    [junit] 	at org.bluezoo.gonzalez.EntityStack.expandEntityValue(EntityStack.java:319)
    [junit] 	at org.bluezoo.gonzalez.EntityStack.expandGeneralEntity(EntityStack.java:221)
    [junit] 	at org.bluezoo.gonzalez.EntityStack.expandEntityValue(EntityStack.java:319)
    [junit] 	at org.bluezoo.gonzalez.EntityStack.expandGeneralEntity(EntityStack.java:221)
    [junit] 	at org.bluezoo.gonzalez.EntityStack.expandEntityValue(EntityStack.java:319)
    [junit] 	at org.bluezoo.gonzalez.EntityStack.expandGeneralEntity(EntityStack.java:221)
    [junit] 	at org.bluezoo.gonzalez.EntityStack.expandEntityValue(EntityStack.java:319)
    [junit] 	at org.bluezoo.gonzalez.EntityStack.expandGeneralEntity(EntityStack.java:221)
    [junit] 	at org.bluezoo.gonzalez.EntityStack.expandEntityValue(EntityStack.java:319)
    [junit] 	at org.bluezoo.gonzalez.EntityStack.expandGeneralEntity(EntityStack.java:221)
    [junit] 	at org.bluezoo.gonzalez.EntityStack.expandEntityValue(EntityStack.java:319)
    [junit] 	at org.bluezoo.gonzalez.EntityStack.expandGeneralEntity(EntityStack.java:221)
    [junit] 	at org.bluezoo.gonzalez.EntityStack.expandEntityValue(EntityStack.java:319)
    [junit] 	at org.bluezoo.gonzalez.EntityStack.expandGeneralEntity(EntityStack.java:221)
    [junit] 	at org.bluezoo.gonzalez.EntityStack.expandEntityValue(EntityStack.java:319)
    [junit] 	at org.bluezoo.gonzalez.EntityStack.expandGeneralEntity(EntityStack.java:221)
    [junit] 	at org.bluezoo.gonzalez.EntityStack.expandEntityValue(EntityStack.java:319)
    [junit] 	at org.bluezoo.gonzalez.EntityStack.expandGeneralEntity(EntityStack.java:221)
    [junit] 	at org.bluezoo.gonzalez.EntityStack.expandEntityValue(EntityStack.java:319)
    [junit] 	at org.bluezoo.gonzalez.EntityStack.expandGeneralEntity(EntityStack.java:221)
    [junit] 	at org.bluezoo.gonzalez.EntityStack.expandEntityValue(EntityStack.java:319)
    [junit] 	at org.bluezoo.gonzalez.EntityStack.expandGeneralEntity(EntityStack.java:221)
    [junit] 	at org.bluezoo.gonzalez.EntityStack.expandEntityValue(EntityStack.java:319)
    [junit] 	at org.bluezoo.gonzalez.EntityStack.expandGeneralEntity(EntityStack.java:221)
    [junit] 	at org.bluezoo.gonzalez.EntityStack.expandEntityValue(EntityStack.java:319)
    [junit] 	at org.bluezoo.gonzalez.EntityStack.expandGeneralEntity(EntityStack.java:221)
    [junit] 	at org.bluezoo.gonzalez.EntityStack.expandEntityValue(EntityStack.java:319)
    [junit] 	at org.bluezoo.gonzalez.EntityStack.expandGeneralEntity(EntityStack.java:221)
    [junit] 	at org.bluezoo.gonzalez.EntityStack.expandEntityValue(EntityStack.java:319)
    [junit] 	at org.bluezoo.gonzalez.EntityStack.expandGeneralEntity(EntityStack.java:221)
    [junit] 	at org.bluezoo.gonzalez.EntityStack.expandEntityValue(EntityStack.java:319)
    [junit] 	at org.bluezoo.gonzalez.EntityStack.expandGeneralEntity(EntityStack.java:221)
    [junit] 	at org.bluezoo.gonzalez.EntityStack.expandEntityValue(EntityStack.java:319)
    [junit] 	at org.bluezoo.gonzalez.EntityStack.expandGeneralEntity(EntityStack.java:221)
    [junit] 	at org.bluezoo.gonzalez.EntityStack.expandEntityValue(EntityStack.java:319)
    [junit] 	at org.bluezoo.gonzalez.EntityStack.expandGeneralEntity(EntityStack.java:221)
    [junit] 	at org.bluezoo.gonzalez.EntityStack.expandEntityValue(EntityStack.java:319)
    [junit] 	at org.bluezoo.gonzalez.EntityStack.expandGeneralEntity(EntityStack.java:221)
    [junit] 	at org.bluezoo.gonzalez.EntityStack.expandEntityValue(EntityStack.java:319)
    [junit] 	at org.bluezoo.gonzalez.EntityStack.expandGeneralEntity(EntityStack.java:221)
    [junit] 	at org.bluezoo.gonzalez.EntityStack.expandEntityValue(EntityStack.java:319)
    [junit] 	at org.bluezoo.gonzalez.EntityStack.expandGeneralEntity(EntityStack.java:221)
    [junit] 	at org.bluezoo.gonzalez.EntityStack.expandEntityValue(EntityStack.java:319)
    [junit] 	at org.bluezoo.gonzalez.EntityStack.expandGeneralEntity(EntityStack.java:221)
    [junit] 	at org.bluezoo.gonzalez.EntityStack.expandEntityValue(EntityStack.java:319)
    [junit] 	at org.bluezoo.gonzalez.EntityStack.expandGeneralEntity(EntityStack.java:221)
    [junit] 	at org.bluezoo.gonzalez.EntityStack.expandEntityValue(EntityStack.java:319)
    [junit] 	at org.bluezoo.gonzalez.EntityStack.expandGeneralEntity(EntityStack.java:221)
    [junit] 	at org.bluezoo.gonzalez.EntityStack.expandEntityValue(EntityStack.java:319)
    [junit] 	at org.bluezoo.gonzalez.EntityStack.expandGeneralEntity(EntityStack.java:221)
    [junit] 	at org.bluezoo.gonzalez.EntityStack.expandEntityValue(EntityStack.java:319)
    [junit] 	at org.bluezoo.gonzalez.EntityStack.expandGeneralEntity(EntityStack.java:221)
    [junit] 	at org.bluezoo.gonzalez.EntityStack.expandEntityValue(EntityStack.java:319)
    [junit] 	at org.bluezoo.gonzalez.EntityStack.expandGeneralEntity(EntityStack.java:221)
    [junit] 	at org.bluezoo.gonzalez.EntityStack.expandEntityValue(EntityStack.java:319)
    [junit] 	at org.bluezoo.gonzalez.EntityStack.expandGeneralEntity(EntityStack.java:221)
    [junit] 	at org.bluezoo.gonzalez.EntityStack.expandEntityValue(EntityStack.java:319)
    [junit] 	at org.bluezoo.gonzalez.EntityStack.expandGeneralEntity(EntityStack.java:221)
    [junit] 	at org.bluezoo.gonzalez.EntityStack.expandEntityValue(EntityStack.java:319)
    [junit] 	at org.bluezoo.gonzalez.EntityStack.expandGeneralEntity(EntityStack.java:221)
    [junit] 	at org.bluezoo.gonzalez.EntityStack.expandEntityValue(EntityStack.java:319)
    [junit] 	at org.bluezoo.gonzalez.EntityStack.expandGeneralEntity(EntityStack.java:221)
    [junit] 	at org.bluezoo.gonzalez.EntityStack.expandEntityValue(EntityStack.java:319)
    [junit] 	at org.bluezoo.gonzalez.EntityStack.expandGeneralEntity(EntityStack.java:221)
    [junit] 	at org.bluezoo.gonzalez.EntityStack.expandEntityValue(EntityStack.java:319)
    [junit] 	at org.bluezoo.gonzalez.EntityStack.expandGeneralEntity(EntityStack.java:221)
    [junit] 	at org.bluezoo.gonzalez.EntityStack.expandEntityValue(EntityStack.java:319)
    [junit] 	at org.bluezoo.gonzalez.EntityStack.expandGeneralEntity(EntityStack.java:221)
    [junit] 	at org.bluezoo.gonzalez.EntityStack.expandEntityValue(EntityStack.java:319)
    [junit] 	at org.bluezoo.gonzalez.EntityStack.expandGeneralEntity(EntityStack.java:221)
    [junit] 	at org.bluezoo.gonzalez.EntityStack.expandEntityValue(EntityStack.java:319)
    [junit] 	at org.bluezoo.gonzalez.EntityStack.expandGeneralEntity(EntityStack.java:221)
    [junit] 	at org.bluezoo.gonzalez.EntityStack.expandEntityValue(EntityStack.java:319)
    [junit] 	at org.bluezoo.gonzalez.EntityStack.expandGeneralEntity(EntityStack.java:221)
    [junit] 	at org.bluezoo.gonzalez.EntityStack.expandEntityValue(EntityStack.java:319)
    [junit] 	at org.bluezoo.gonzalez.EntityStack.expandGeneralEntity(EntityStack.java:221)
    [junit] 	at org.bluezoo.gonzalez.EntityStack.expandEntityValue(EntityStack.java:319)
    [junit] 	at org.bluezoo.gonzalez.EntityStack.expandGeneralEntity(EntityStack.java:221)
    [junit] 	at org.bluezoo.gonzalez.EntityStack.expandEntityValue(EntityStack.java:319)
    [junit] 	at org.bluezoo.gonzalez.EntityStack.expandGeneralEntity(EntityStack.java:221)
    [junit] 	at org.bluezoo.gonzalez.EntityStack.expandEntityValue(EntityStack.java:319)
    [junit] 	at org.bluezoo.gonzalez.EntityStack.expandGeneralEntity(EntityStack.java:221)
    [junit] 	at org.bluezoo.gonzalez.EntityStack.expandEntityValue(EntityStack.java:319)
    [junit] 	at org.bluezoo.gonzalez.EntityStack.expandGeneralEntity(EntityStack.java:221)
    [junit] 	at org.bluezoo.gonzalez.EntityStack.expandEntityValue(EntityStack.java:319)
    [junit] 	at org.bluezoo.gonzalez.EntityStack.expandGeneralEntity(EntityStack.java:221)
    [junit] 	at org.bluezoo.gonzalez.EntityStack.expandEntityValue(EntityStack.java:319)
    [junit] 	at org.bluezoo.gonzalez.EntityStack.expandGeneralEntity(EntityStack.java:221)
    [junit] 	at org.bluezoo.gonzalez.EntityStack.expandEntityValue(EntityStack.java:319)
    [junit] 	at org.bluezoo.gonzalez.EntityStack.expandGeneralEntity(EntityStack.java:221)
    [junit] 	at org.bluezoo.gonzalez.EntityStack.expandEntityValue(EntityStack.java:319)
    [junit] 	at org.bluezoo.gonzalez.EntityStack.expandGeneralEntity(EntityStack.java:221)
    [junit] 	at org.bluezoo.gonzalez.EntityStack.expandEntityValue(EntityStack.java:319)
    [junit] 	at org.bluezoo.gonzalez.EntityStack.expandGeneralEntity(EntityStack.java:221)
    [junit] 	at org.bluezoo.gonzalez.EntityStack.expandEntityValue(EntityStack.java:319)
    [junit] 	at org.bluezoo.gonzalez.EntityStack.expandGeneralEntity(EntityStack.java:221)
    [junit] 	at org.bluezoo.gonzalez.EntityStack.expandEntityValue(EntityStack.java:319)
    [junit] 	at org.bluezoo.gonzalez.EntityStack.expandGeneralEntity(EntityStack.java:221)
    [junit] 	at org.bluezoo.gonzalez.EntityStack.expandEntityValue(EntityStack.java:319)
    [junit] 	at org.bluezoo.gonzalez.EntityStack.expandGeneralEntity(EntityStack.java:221)
    [junit] 	at org.bluezoo.gonzalez.EntityStack.expandEntityValue(EntityStack.java:319)
    [junit] 	at org.bluezoo.gonzalez.EntityStack.expandGeneralEntity(EntityStack.java:221)
    [junit] 	at org.bluezoo.gonzalez.EntityStack.expandEntityValue(EntityStack.java:319)
    [junit] 	at org.bluezoo.gonzalez.EntityStack.expandGeneralEntity(EntityStack.java:221)
    [junit] 	at org.bluezoo.gonzalez.EntityStack.expandEntityValue(EntityStack.java:319)
    [junit] 	at org.bluezoo.gonzalez.EntityStack.expandGeneralEntity(EntityStack.java:221)
    [junit] 	at org.bluezoo.gonzalez.EntityStack.expandEntityValue(EntityStack.java:319)
    [junit] 	at org.bluezoo.gonzalez.EntityStack.expandGeneralEntity(EntityStack.java:221)
    [junit] 	at org.bluezoo.gonzalez.EntityStack.expandEntityValue(EntityStack.java:319)
    [junit] 	at org.bluezoo.gonzalez.EntityStack.expandGeneralEntity(EntityStack.java:221)
    [junit] 	at org.bluezoo.gonzalez.EntityStack.expandEntityValue(EntityStack.java:319)
    [junit] 	at org.bluezoo.gonzalez.EntityStack.expandGeneralEntity(EntityStack.java:221)
    [junit] 	at org.bluezoo.gonzalez.EntityStack.expandEntityValue(EntityStack.java:319)
    [junit] 	at org.bluezoo.gonzalez.EntityStack.expandGeneralEntity(EntityStack.java:221)
    [junit] 	at org.bluezoo.gonzalez.EntityStack.expandEntityValue(EntityStack.java:319)
    [junit] 	at org.bluezoo.gonzalez.EntityStack.expandGeneralEntity(EntityStack.java:221)
    [junit] 	at org.bluezoo.gonzalez.EntityStack.expandEntityValue(EntityStack.java:319)
    [junit] 	at org.bluezoo.gonzalez.EntityStack.expandGeneralEntity(EntityStack.java:221)
    [junit] 	at org.bluezoo.gonzalez.EntityStack.expandEntityValue(EntityStack.java:319)
    [junit] 	at org.bluezoo.gonzalez.EntityStack.expandGeneralEntity(EntityStack.java:221)
    [junit] 	at org.bluezoo.gonzalez.EntityStack.expandEntityValue(EntityStack.java:319)
    [junit] 	at org.bluezoo.gonzalez.EntityStack.expandGeneralEntity(EntityStack.java:221)
    [junit] 	at org.bluezoo.gonzalez.EntityStack.expandEntityValue(EntityStack.java:319)
    [junit] 	at org.bluezoo.gonzalez.EntityStack.expandGeneralEntity(EntityStack.java:221)
    [junit] 	at org.bluezoo.gonzalez.EntityStack.expandEntityValue(EntityStack.java:319)
    [junit] 	at org.bluezoo.gonzalez.EntityStack.expandGeneralEntity(EntityStack.java:221)
    [junit] 	at org.bluezoo.gonzalez.EntityStack.expandEntityValue(EntityStack.java:319)
    [junit] 	at org.bluezoo.gonzalez.EntityStack.expandGeneralEntity(EntityStack.java:221)
    [junit] 	at org.bluezoo.gonzalez.EntityStack.expandEntityValue(EntityStack.java:319)
    [junit] 	at org.bluezoo.gonzalez.EntityStack.expandGeneralEntity(EntityStack.java:221)
    [junit] 	at org.bluezoo.gonzalez.EntityStack.expandEntityValue(EntityStack.java:319)
    [junit] 	at org.bluezoo.gonzalez.EntityStack.expandGeneralEntity(EntityStack.java:221)
    [junit] 	at org.bluezoo.gonzalez.EntityStack.expandEntityValue(EntityStack.java:319)
    [junit] 	at org.bluezoo.gonzalez.EntityStack.expandGeneralEntity(EntityStack.java:221)
    [junit] 	at org.bluezoo.gonzalez.EntityStack.expandEntityValue(EntityStack.java:319)
    [junit] 	at org.bluezoo.gonzalez.EntityStack.expandGeneralEntity(EntityStack.java:221)
    [junit] 	at org.bluezoo.gonzalez.EntityStack.expandEntityValue(EntityStack.java:319)
    [junit] 	at org.bluezoo.gonzalez.EntityStack.expandGeneralEntity(EntityStack.java:221)
    [junit] 	at org.bluezoo.gonzalez.EntityStack.expandEntityValue(EntityStack.java:319)
    [junit] 	at org.bluezoo.gonzalez.EntityStack.expandGeneralEntity(EntityStack.java:221)
    [junit] 	at org.bluezoo.gonzalez.EntityStack.expandEntityValue(EntityStack.java:319)
    [junit] 	at org.bluezoo.gonzalez.EntityStack.expandGeneralEntity(EntityStack.java:221)
    [junit] 	at org.bluezoo.gonzalez.EntityStack.expandEntityValue(EntityStack.java:319)
    [junit] 	at org.bluezoo.gonzalez.EntityStack.expandGeneralEntity(EntityStack.java:221)
    [junit] 	at org.bluezoo.gonzalez.EntityStack.expandEntityValue(EntityStack.java:319)
    [junit] 	at org.bluezoo.gonzalez.EntityStack.expandGeneralEntity(EntityStack.java:221)
    [junit] 	at org.bluezoo.gonzalez.EntityStack.expandEntityValue(EntityStack.java:319)
    [junit] 	at org.bluezoo.gonzalez.EntityStack.expandGeneralEntity(EntityStack.java:221)
    [junit] 	at org.bluezoo.gonzalez.EntityStack.expandEntityValue(EntityStack.java:319)
    [junit] 	at org.bluezoo.gonzalez.EntityStack.expandGeneralEntity(EntityStack.java:221)
    [junit] 	at org.bluezoo.gonzalez.EntityStack.expandEntityValue(EntityStack.java:319)
    [junit] 	at org.bluezoo.gonzalez.EntityStack.expandGeneralEntity(EntityStack.java:221)
    [junit] 	at org.bluezoo.gonzalez.EntityStack.expandEntityValue(EntityStack.java:319)
    [junit] 	at org.bluezoo.gonzalez.EntityStack.expandGeneralEntity(EntityStack.java:221)
    [junit] 	at org.bluezoo.gonzalez.EntityStack.expandEntityValue(EntityStack.java:319)
    [junit] 	at org.bluezoo.gonzalez.EntityStack.expandGeneralEntity(EntityStack.java:221)
    [junit] 	at org.bluezoo.gonzalez.EntityStack.expandEntityValue(EntityStack.java:319)
    [junit] 	at org.bluezoo.gonzalez.EntityStack.expandGeneralEntity(EntityStack.java:221)
    [junit] 	at org.bluezoo.gonzalez.EntityStack.expandEntityValue(EntityStack.java:319)
    [junit] 	at org.bluezoo.gonzalez.EntityStack.expandGeneralEntity(EntityStack.java:221)
    [junit] 	at org.bluezoo.gonzalez.EntityStack.expandEntityValue(EntityStack.java:319)
    [junit] 	at org.bluezoo.gonzalez.EntityStack.expandGeneralEntity(EntityStack.java:221)
    [junit] 	at org.bluezoo.gonzalez.EntityStack.expandEntityValue(EntityStack.java:319)
    [junit] 	at org.bluezoo.gonzalez.EntityStack.expandGeneralEntity(EntityStack.java:221)
    [junit] 	at org.bluezoo.gonzalez.EntityStack.expandEntityValue(EntityStack.java:319)
    [junit] 	at org.bluezoo.gonzalez.EntityStack.expandGeneralEntity(EntityStack.java:221)
    [junit] 	at org.bluezoo.gonzalez.EntityStack.expandEntityValue(EntityStack.java:319)
    [junit] 	at org.bluezoo.gonzalez.EntityStack.expandGeneralEntity(EntityStack.java:221)
    [junit] 	at org.bluezoo.gonzalez.EntityStack.expandEntityValue(EntityStack.java:319)
    [junit] 	at org.bluezoo.gonzalez.EntityStack.expandGeneralEntity(EntityStack.java:221)
    [junit] 	at org.bluezoo.gonzalez.EntityStack.expandEntityValue(EntityStack.java:319)
    [junit] 	at org.bluezoo.gonzalez.EntityStack.expandGeneralEntity(EntityStack.java:221)
    [junit] 	at org.bluezoo.gonzalez.EntityStack.expandEntityValue(EntityStack.java:319)
    [junit] 	at org.bluezoo.gonzalez.EntityStack.expandGeneralEntity(EntityStack.java:221)
    [junit] 	at org.bluezoo.gonzalez.EntityStack.expandEntityValue(EntityStack.java:319)
    [junit] 	at org.bluezoo.gonzalez.EntityStack.expandGeneralEntity(EntityStack.java:221)
    [junit] 	at org.bluezoo.gonzalez.EntityStack.expandEntityValue(EntityStack.java:319)
    [junit] 	at org.bluezoo.gonzalez.EntityStack.expandGeneralEntity(EntityStack.java:221)
    [junit] 	at org.bluezoo.gonzalez.EntityStack.expandEntityValue(EntityStack.java:319)
    [junit] 	at org.bluezoo.gonzalez.EntityStack.expandGeneralEntity(EntityStack.java:221)
    [junit] 	at org.bluezoo.gonzalez.EntityStack.expandEntityValue(EntityStack.java:319)
    [junit] 	at org.bluezoo.gonzalez.EntityStack.expandGeneralEntity(EntityStack.java:221)
    [junit] 	at org.bluezoo.gonzalez.EntityStack.expandEntityValue(EntityStack.java:319)
    [junit] 	at org.bluezoo.gonzalez.EntityStack.expandGeneralEntity(EntityStack.java:221)
    [junit] 	at org.bluezoo.gonzalez.EntityStack.expandEntityValue(EntityStack.java:319)
    [junit] 	at org.bluezoo.gonzalez.EntityStack.expandGeneralEntity(EntityStack.java:221)
    [junit] 	at org.bluezoo.gonzalez.EntityStack.expandEntityValue(EntityStack.java:319)
    [junit] 	at org.bluezoo.gonzalez.EntityStack.expandGeneralEntity(EntityStack.java:221)
    [junit] 	at org.bluezoo.gonzalez.EntityStack.expandEntityValue(EntityStack.java:319)
    [junit] 	at org.bluezoo.gonzalez.EntityStack.expandGeneralEntity(EntityStack.java:221)
    [junit] 	at org.bluezoo.gonzalez.EntityStack.expandEntityValue(EntityStack.java:319)
    [junit] 	at org.bluezoo.gonzalez.EntityStack.expandGeneralEntity(EntityStack.java:221)
    [junit] 	at org.bluezoo.gonzalez.EntityStack.expandEntityValue(EntityStack.java:319)
    [junit] 	at org.bluezoo.gonzalez.EntityStack.expandGeneralEntity(EntityStack.java:221)
    [junit] 	at org.bluezoo.gonzalez.EntityStack.expandEntityValue(EntityStack.java:319)
    [junit] 	at org.bluezoo.gonzalez.EntityStack.expandGeneralEntity(EntityStack.java:221)
    [junit] 	at org.bluezoo.gonzalez.EntityStack.expandEntityValue(EntityStack.java:319)
    [junit] 	at org.bluezoo.gonzalez.EntityStack.expandGeneralEntity(EntityStack.java:221)
    [junit] 	at org.bluezoo.gonzalez.EntityStack.expandEntityValue(EntityStack.java:319)
    [junit] 	at org.bluezoo.gonzalez.EntityStack.expandGeneralEntity(EntityStack.java:221)
    [junit] 	at org.bluezoo.gonzalez.EntityStack.expandEntityValue(EntityStack.java:319)
    [junit] 	at org.bluezoo.gonzalez.EntityStack.expandGeneralEntity(EntityStack.java:221)
    [junit] 	at org.bluezoo.gonzalez.EntityStack.expandEntityValue(EntityStack.java:319)
    [junit] 	at org.bluezoo.gonzalez.EntityStack.expandGeneralEntity(EntityStack.java:221)
    [junit] 	at org.bluezoo.gonzalez.EntityStack.expandEntityValue(EntityStack.java:319)
    [junit] 	at org.bluezoo.gonzalez.EntityStack.expandGeneralEntity(EntityStack.java:221)
    [junit] 	at org.bluezoo.gonzalez.EntityStack.expandEntityValue(EntityStack.java:319)
    [junit] 	at org.bluezoo.gonzalez.EntityStack.expandGeneralEntity(EntityStack.java:221)
    [junit] 	at org.bluezoo.gonzalez.EntityStack.expandEntityValue(EntityStack.java:319)
    [junit] 	at org.bluezoo.gonzalez.EntityStack.expandGeneralEntity(EntityStack.java:221)
    [junit] 	at org.bluezoo.gonzalez.EntityStack.expandEntityValue(EntityStack.java:319)
    [junit] 	at org.bluezoo.gonzalez.EntityStack.expandGeneralEntity(EntityStack.java:221)
    [junit] 	at org.bluezoo.gonzalez.EntityStack.expandEntityValue(EntityStack.java:319)
    [junit] 	at org.bluezoo.gonzalez.EntityStack.expandGeneralEntity(EntityStack.java:221)
    [junit] 	at org.bluezoo.gonzalez.EntityStack.expandEntityValue(EntityStack.java:319)
    [junit] 	at org.bluezoo.gonzalez.EntityStack.expandGeneralEntity(EntityStack.java:221)
    [junit] 	at org.bluezoo.gonzalez.EntityStack.expandEntityValue(EntityStack.java:319)
    [junit] 	at org.bluezoo.gonzalez.EntityStack.expandGeneralEntity(EntityStack.java:221)
    [junit] 	at org.bluezoo.gonzalez.EntityStack.expandEntityValue(EntityStack.java:319)
    [junit] 	at org.bluezoo.gonzalez.EntityStack.expandGeneralEntity(EntityStack.java:221)
    [junit] 	at org.bluezoo.gonzalez.EntityStack.expandEntityValue(EntityStack.java:319)
    [junit] 	at org.bluezoo.gonzalez.EntityStack.expandGeneralEntity(EntityStack.java:221)
    [junit] 	at org.bluezoo.gonzalez.EntityStack.expandEntityValue(EntityStack.java:319)
    [junit] 	at org.bluezoo.gonzalez.EntityStack.expandGeneralEntity(EntityStack.java:221)
    [junit] 	at org.bluezoo.gonzalez.EntityStack.expandEntityValue(EntityStack.java:319)
    [junit] 	at org.bluezoo.gonzalez.EntityStack.expandGeneralEntity(EntityStack.java:221)
    [junit] 	at org.bluezoo.gonzalez.EntityStack.expandEntityValue(EntityStack.java:319)
    [junit] 	at org.bluezoo.gonzalez.EntityStack.expandGeneralEntity(EntityStack.java:221)
    [junit] 	at org.bluezoo.gonzalez.EntityStack.expandEntityValue(EntityStack.java:319)
    [junit] 	at org.bluezoo.gonzalez.EntityStack.expandGeneralEntity(EntityStack.java:221)
    [junit] 	at org.bluezoo.gonzalez.EntityStack.expandEntityValue(EntityStack.java:319)
    [junit] 	at org.bluezoo.gonzalez.EntityStack.expandGeneralEntity(EntityStack.java:221)
    [junit] 	at org.bluezoo.gonzalez.EntityStack.expandEntityValue(EntityStack.java:319)
    [junit] 	at org.bluezoo.gonzalez.EntityStack.expandGeneralEntity(EntityStack.java:221)
    [junit] 	at org.bluezoo.gonzalez.EntityStack.expandEntityValue(EntityStack.java:319)
    [junit] 	at org.bluezoo.gonzalez.EntityStack.expandGeneralEntity(EntityStack.java:221)
    [junit] 	at org.bluezoo.gonzalez.EntityStack.expandEntityValue(EntityStack.java:319)
    [junit] 	at org.bluezoo.gonzalez.EntityStack.expandGeneralEntity(EntityStack.java:221)
    [junit] 	at org.bluezoo.gonzalez.EntityStack.expandEntityValue(EntityStack.java:319)
    [junit] 	at org.bluezoo.gonzalez.EntityStack.expandGeneralEntity(EntityStack.java:221)
    [junit] 	at org.bluezoo.gonzalez.EntityStack.expandEntityValue(EntityStack.java:319)
    [junit] 	at org.bluezoo.gonzalez.EntityStack.expandGeneralEntity(EntityStack.java:221)
    [junit] 	at org.bluezoo.gonzalez.EntityStack.expandEntityValue(EntityStack.java:319)
    [junit] 	at org.bluezoo.gonzalez.EntityStack.expandGeneralEntity(EntityStack.java:221)
    [junit] 	at org.bluezoo.gonzalez.EntityStack.expandEntityValue(EntityStack.java:319)
    [junit] 	at org.bluezoo.gonzalez.EntityStack.expandGeneralEntity(EntityStack.java:221)
    [junit] 	at org.bluezoo.gonzalez.EntityStack.expandEntityValue(EntityStack.java:319)
    [junit] 	at org.bluezoo.gonzalez.EntityStack.expandGeneralEntity(EntityStack.java:221)
    [junit] 	at org.bluezoo.gonzalez.EntityStack.expandEntityValue(EntityStack.java:319)
    [junit] 	at org.bluezoo.gonzalez.EntityStack.expandGeneralEntity(EntityStack.java:221)
    [junit] 	at org.bluezoo.gonzalez.EntityStack.expandEntityValue(EntityStack.java:319)
    [junit] 	at org.bluezoo.gonzalez.EntityStack.expandGeneralEntity(EntityStack.java:221)
    [junit] 	at org.bluezoo.gonzalez.EntityStack.expandEntityValue(EntityStack.java:319)
    [junit] 	at org.bluezoo.gonzalez.EntityStack.expandGeneralEntity(EntityStack.java:221)
    [junit] 	at org.bluezoo.gonzalez.EntityStack.expandEntityValue(EntityStack.java:319)
    [junit] 	at org.bluezoo.gonzalez.EntityStack.expandGeneralEntity(EntityStack.java:221)
    [junit] 	at org.bluezoo.gonzalez.EntityStack.expandEntityValue(EntityStack.java:319)
    [junit] 	at org.bluezoo.gonzalez.EntityStack.expandGeneralEntity(EntityStack.java:221)
    [junit] 	at org.bluezoo.gonzalez.EntityStack.expandEntityValue(EntityStack.java:319)
    [junit] 	at org.bluezoo.gonzalez.EntityStack.expandGeneralEntity(EntityStack.java:221)
    [junit] 	at org.bluezoo.gonzalez.EntityStack.expandEntityValue(EntityStack.java:319)
    [junit] 	at org.bluezoo.gonzalez.EntityStack.expandGeneralEntity(EntityStack.java:221)
    [junit] 	at org.bluezoo.gonzalez.EntityStack.expandEntityValue(EntityStack.java:319)
    [junit] 	at org.bluezoo.gonzalez.EntityStack.expandGeneralEntity(EntityStack.java:221)
    [junit] 	at org.bluezoo.gonzalez.EntityStack.expandEntityValue(EntityStack.java:319)
    [junit] 	at org.bluezoo.gonzalez.EntityStack.expandGeneralEntity(EntityStack.java:221)
    [junit] 	at org.bluezoo.gonzalez.EntityStack.expandEntityValue(EntityStack.java:319)
    [junit] 	at org.bluezoo.gonzalez.EntityStack.expandGeneralEntity(EntityStack.java:221)
    [junit] 	at org.bluezoo.gonzalez.EntityStack.expandEntityValue(EntityStack.java:319)
    [junit] 	at org.bluezoo.gonzalez.EntityStack.expandGeneralEntity(EntityStack.java:221)
    [junit] 	at org.bluezoo.gonzalez.EntityStack.expandEntityValue(EntityStack.java:319)
    [junit] 	at org.bluezoo.gonzalez.EntityStack.expandGeneralEntity(EntityStack.java:221)
    [junit] 	at org.bluezoo.gonzalez.EntityStack.expandEntityValue(EntityStack.java:319)
    [junit] 	at org.bluezoo.gonzalez.EntityStack.expandGeneralEntity(EntityStack.java:221)
    [junit] 	at org.bluezoo.gonzalez.EntityStack.expandEntityValue(EntityStack.java:319)
    [junit] 	at org.bluezoo.gonzalez.EntityStack.expandGeneralEntity(EntityStack.java:221)
    [junit] 	at org.bluezoo.gonzalez.EntityStack.expandEntityValue(EntityStack.java:319)
    [junit] 	at org.bluezoo.gonzalez.EntityStack.expandGeneralEntity(EntityStack.java:221)
    [junit] 	at org.bluezoo.gonzalez.EntityStack.expandEntityValue(EntityStack.java:319)
    [junit] 	at org.bluezoo.gonzalez.EntityStack.expandGeneralEntity(EntityStack.java:221)
    [junit] 	at org.bluezoo.gonzalez.EntityStack.expandEntityValue(EntityStack.java:319)
    [junit] 	at org.bluezoo.gonzalez.EntityStack.expandGeneralEntity(EntityStack.java:221)
    [junit] 	at org.bluezoo.gonzalez.EntityStack.expandEntityValue(EntityStack.java:319)
    [junit] 	at org.bluezoo.gonzalez.EntityStack.expandGeneralEntity(EntityStack.java:221)
    [junit] 	at org.bluezoo.gonzalez.EntityStack.expandEntityValue(EntityStack.java:319)
    [junit] 	at org.bluezoo.gonzalez.EntityStack.expandGeneralEntity(EntityStack.java:221)
    [junit] 	at org.bluezoo.gonzalez.EntityStack.expandEntityValue(EntityStack.java:319)
    [junit] 	at org.bluezoo.gonzalez.EntityStack.expandGeneralEntity(EntityStack.java:221)
    [junit] 	at org.bluezoo.gonzalez.EntityStack.expandEntityValue(EntityStack.java:319)
    [junit] 	at org.bluezoo.gonzalez.EntityStack.expandGeneralEntity(EntityStack.java:221)
    [junit] 	at org.bluezoo.gonzalez.EntityStack.expandEntityValue(EntityStack.java:319)
    [junit] 	at org.bluezoo.gonzalez.EntityStack.expandGeneralEntity(EntityStack.java:221)
    [junit] 	at org.bluezoo.gonzalez.EntityStack.expandEntityValue(EntityStack.java:319)
    [junit] 	at org.bluezoo.gonzalez.EntityStack.expandGeneralEntity(EntityStack.java:221)
    [junit] 	at org.bluezoo.gonzalez.EntityStack.expandEntityValue(EntityStack.java:319)
    [junit] 	at org.bluezoo.gonzalez.EntityStack.expandGeneralEntity(EntityStack.java:221)
    [junit] 	at org.bluezoo.gonzalez.EntityStack.expandEntityValue(EntityStack.java:319)
    [junit] 	at org.bluezoo.gonzalez.EntityStack.expandGeneralEntity(EntityStack.java:221)
    [junit] 	at org.bluezoo.gonzalez.EntityStack.expandEntityValue(EntityStack.java:319)
    [junit] 	at org.bluezoo.gonzalez.EntityStack.expandGeneralEntity(EntityStack.java:221)
    [junit] 	at org.bluezoo.gonzalez.EntityStack.expandEntityValue(EntityStack.java:319)
    [junit] 	at org.bluezoo.gonzalez.EntityStack.expandGeneralEntity(EntityStack.java:221)
    [junit] 	at org.bluezoo.gonzalez.EntityStack.expandEntityValue(EntityStack.java:319)
    [junit] 	at org.bluezoo.gonzalez.EntityStack.expandGeneralEntity(EntityStack.java:221)
    [junit] 	at org.bluezoo.gonzalez.EntityStack.expandEntityValue(EntityStack.java:319)
    [junit] 	at org.bluezoo.gonzalez.EntityStack.expandGeneralEntity(EntityStack.java:221)
    [junit] 	at org.bluezoo.gonzalez.EntityStack.expandEntityValue(EntityStack.java:319)
    [junit] 	at org.bluezoo.gonzalez.EntityStack.expandGeneralEntity(EntityStack.java:221)
    [junit] 	at org.bluezoo.gonzalez.EntityStack.expandEntityValue(EntityStack.java:319)
    [junit] 	at org.bluezoo.gonzalez.EntityStack.expandGeneralEntity(EntityStack.java:221)
    [junit] 	at org.bluezoo.gonzalez.EntityStack.expandEntityValue(EntityStack.java:319)
    [junit] 	at org.bluezoo.gonzalez.EntityStack.expandGeneralEntity(EntityStack.java:221)
    [junit] 	at org.bluezoo.gonzalez.EntityStack.expandEntityValue(EntityStack.java:319)
    [junit] 	at org.bluezoo.gonzalez.EntityStack.expandGeneralEntity(EntityStack.java:221)
    [junit] 	at org.bluezoo.gonzalez.EntityStack.expandEntityValue(EntityStack.java:319)
    [junit] 	at org.bluezoo.gonzalez.EntityStack.expandGeneralEntity(EntityStack.java:221)
    [junit] 	at org.bluezoo.gonzalez.EntityStack.expandEntityValue(EntityStack.java:319)
    [junit] 	at org.bluezoo.gonzalez.EntityStack.expandGeneralEntity(EntityStack.java:221)
    [junit] 	at org.bluezoo.gonzalez.EntityStack.expandEntityValue(EntityStack.java:319)
    [junit] 	at org.bluezoo.gonzalez.EntityStack.expandGeneralEntity(EntityStack.java:221)
    [junit] 	at org.bluezoo.gonzalez.EntityStack.expandEntityValue(EntityStack.java:319)
    [junit] 	at org.bluezoo.gonzalez.EntityStack.expandGeneralEntity(EntityStack.java:221)
    [junit] 	at org.bluezoo.gonzalez.EntityStack.expandEntityValue(EntityStack.java:319)
    [junit] 	at org.bluezoo.gonzalez.EntityStack.expandGeneralEntity(EntityStack.java:221)
    [junit] 	at org.bluezoo.gonzalez.EntityStack.expandEntityValue(EntityStack.java:319)
    [junit] 	at org.bluezoo.gonzalez.EntityStack.expandGeneralEntity(EntityStack.java:221)
    [junit] 	at org.bluezoo.gonzalez.EntityStack.expandEntityValue(EntityStack.java:319)
    [junit] 	at org.bluezoo.gonzalez.EntityStack.expandGeneralEntity(EntityStack.java:221)
    [junit] 	at org.bluezoo.gonzalez.EntityStack.expandEntityValue(EntityStack.java:319)
    [junit] 	at org.bluezoo.gonzalez.EntityStack.expandGeneralEntity(EntityStack.java:221)
    [junit] 	at org.bluezoo.gonzalez.EntityStack.expandEntityValue(EntityStack.java:319)
    [junit] 	at org.bluezoo.gonzalez.EntityStack.expandGeneralEntity(EntityStack.java:221)
    [junit] 	at org.bluezoo.gonzalez.EntityStack.expandEntityValue(EntityStack.java:319)
    [junit] 	at org.bluezoo.gonzalez.EntityStack.expandGeneralEntity(EntityStack.java:221)
    [junit] 	at org.bluezoo.gonzalez.EntityStack.expandEntityValue(EntityStack.java:319)
    [junit] 	at org.bluezoo.gonzalez.EntityStack.expandGeneralEntity(EntityStack.java:221)
    [junit] 	at org.bluezoo.gonzalez.EntityStack.expandEntityValue(EntityStack.java:319)
    [junit] 	at org.bluezoo.gonzalez.EntityStack.expandGeneralEntity(EntityStack.java:221)
    [junit] 	at org.bluezoo.gonzalez.EntityStack.expandEntityValue(EntityStack.java:319)
    [junit] 	at org.bluezoo.gonzalez.EntityStack.expandGeneralEntity(EntityStack.java:221)
    [junit] 	at org.bluezoo.gonzalez.EntityStack.expandEntityValue(EntityStack.java:319)
    [junit] 	at org.bluezoo.gonzalez.EntityStack.expandGeneralEntity(EntityStack.java:221)
    [junit] 	at org.bluezoo.gonzalez.EntityStack.expandEntityValue(EntityStack.java:319)
    [junit] 	at org.bluezoo.gonzalez.EntityStack.expandGeneralEntity(EntityStack.java:221)
    [junit] 	at org.bluezoo.gonzalez.EntityStack.expandEntityValue(EntityStack.java:319)
    [junit] 	at org.bluezoo.gonzalez.EntityStack.expandGeneralEntity(EntityStack.java:221)
    [junit] 	at org.bluezoo.gonzalez.EntityStack.expandEntityValue(EntityStack.java:319)
    [junit] 	at org.bluezoo.gonzalez.EntityStack.expandGeneralEntity(EntityStack.java:221)
    [junit] 	at org.bluezoo.gonzalez.EntityStack.expandEntityValue(EntityStack.java:319)
    [junit] 	at org.bluezoo.gonzalez.EntityStack.expandGeneralEntity(EntityStack.java:221)
    [junit] 	at org.bluezoo.gonzalez.EntityStack.expandEntityValue(EntityStack.java:319)
    [junit] 	at org.bluezoo.gonzalez.EntityStack.expandGeneralEntity(EntityStack.java:221)
    [junit] 	at org.bluezoo.gonzalez.EntityStack.expandEntityValue(EntityStack.java:319)
    [junit] 	at org.bluezoo.gonzalez.EntityStack.expandGeneralEntity(EntityStack.java:221)
    [junit] 	at org.bluezoo.gonzalez.EntityStack.expandEntityValue(EntityStack.java:319)
    [junit] 	at org.bluezoo.gonzalez.EntityStack.expandGeneralEntity(EntityStack.java:221)
    [junit] 	at org.bluezoo.gonzalez.EntityStack.expandEntityValue(EntityStack.java:319)
    [junit] 	at org.bluezoo.gonzalez.EntityStack.expandGeneralEntity(EntityStack.java:221)
    [junit] 	at org.bluezoo.gonzalez.EntityStack.expandEntityValue(EntityStack.java:319)
    [junit] 	at org.bluezoo.gonzalez.EntityStack.expandGeneralEntity(EntityStack.java:221)
    [junit] 	at org.bluezoo.gonzalez.EntityStack.expandEntityValue(EntityStack.java:319)
    [junit] 	at org.bluezoo.gonzalez.EntityStack.expandGeneralEntity(EntityStack.java:221)
    [junit] 	at org.bluezoo.gonzalez.EntityStack.expandEntityValue(EntityStack.java:319)
    [junit] 	at org.bluezoo.gonzalez.EntityStack.expandGeneralEntity(EntityStack.java:221)
    [junit] 	at org.bluezoo.gonzalez.EntityStack.expandEntityValue(EntityStack.java:319)
    [junit] 	at org.bluezoo.gonzalez.EntityStack.expandGeneralEntity(EntityStack.java:221)
    [junit] 	at org.bluezoo.gonzalez.EntityStack.expandEntityValue(EntityStack.java:319)
    [junit] 	at org.bluezoo.gonzalez.EntityStack.expandGeneralEntity(EntityStack.java:221)
    [junit] 	at org.bluezoo.gonzalez.EntityStack.expandEntityValue(EntityStack.java:319)
    [junit] 	at org.bluezoo.gonzalez.EntityStack.expandGeneralEntity(EntityStack.java:221)
    [junit] 	at org.bluezoo.gonzalez.EntityStack.expandEntityValue(EntityStack.java:319)
    [junit] 	at org.bluezoo.gonzalez.EntityStack.expandGeneralEntity(EntityStack.java:221)
    [junit] 	at org.bluezoo.gonzalez.EntityStack.expandEntityValue(EntityStack.java:319)
    [junit] 	at org.bluezoo.gonzalez.EntityStack.expandGeneralEntity(EntityStack.java:221)
    [junit] 	at org.bluezoo.gonzalez.EntityStack.expandEntityValue(EntityStack.java:319)
    [junit] 	at org.bluezoo.gonzalez.EntityStack.expandGeneralEntity(EntityStack.java:221)
    [junit] 	at org.bluezoo.gonzalez.EntityStack.expandEntityValue(EntityStack.java:319)
    [junit] 	at org.bluezoo.gonzalez.EntityStack.expandGeneralEntity(EntityStack.java:221)
    [junit] 	at org.bluezoo.gonzalez.EntityStack.expandEntityValue(EntityStack.java:319)
    [junit] 	at org.bluezoo.gonzalez.EntityStack.expandGeneralEntity(EntityStack.java:221)
    [junit] 	at org.bluezoo.gonzalez.EntityStack.expandEntityValue(EntityStack.java:319)
    [junit] 	at org.bluezoo.gonzalez.EntityStack.expandGeneralEntity(EntityStack.java:221)
    [junit] 	at org.bluezoo.gonzalez.EntityStack.expandEntityValue(EntityStack.java:319)
    [junit] 	at org.bluezoo.gonzalez.EntityStack.expandGeneralEntity(EntityStack.java:221)
    [junit] 	at org.bluezoo.gonzalez.EntityStack.expandEntityValue(EntityStack.java:319)
    [junit] 	at org.bluezoo.gonzalez.EntityStack.expandGeneralEntity(EntityStack.java:221)
    [junit] 	at org.bluezoo.gonzalez.EntityStack.expandEntityValue(EntityStack.java:319)
    [junit] 	at org.bluezoo.gonzalez.EntityStack.expandGeneralEntity(EntityStack.java:221)
    [junit] 	at org.bluezoo.gonzalez.EntityStack.expandEntityValue(EntityStack.java:319)
    [junit] 	at org.bluezoo.gonzalez.EntityStack.expandGeneralEntity(EntityStack.java:221)
    [junit] 	at org.bluezoo.gonzalez.EntityStack.expandEntityValue(EntityStack.java:319)
    [junit] 	at org.bluezoo.gonzalez.EntityStack.expandGeneralEntity(EntityStack.java:221)
    [junit] 	at org.bluezoo.gonzalez.EntityStack.expandEntityValue(EntityStack.java:319)
    [junit] 	at org.bluezoo.gonzalez.EntityStack.expandGeneralEntity(EntityStack.java:221)
    [junit] 	at org.bluezoo.gonzalez.EntityStack.expandEntityValue(EntityStack.java:319)
    [junit] 	at org.bluezoo.gonzalez.EntityStack.expandGeneralEntity(EntityStack.java:221)
    [junit] 	at org.bluezoo.gonzalez.EntityStack.expandEntityValue(EntityStack.java:319)
    [junit] 	at org.bluezoo.gonzalez.EntityStack.expandGeneralEntity(EntityStack.java:221)
    [junit] 	at org.bluezoo.gonzalez.EntityStack.expandEntityValue(EntityStack.java:319)
    [junit] 	at org.bluezoo.gonzalez.EntityStack.expandGeneralEntity(EntityStack.java:221)
    [junit] 	at org.bluezoo.gonzalez.EntityStack.expandEntityValue(EntityStack.java:319)
    [junit] 	at org.bluezoo.gonzalez.EntityStack.expandGeneralEntity(EntityStack.java:221)
    [junit] 	at org.bluezoo.gonzalez.EntityStack.expandEntityValue(EntityStack.java:319)
    [junit] 	at org.bluezoo.gonzalez.EntityStack.expandGeneralEntity(EntityStack.java:221)
    [junit] 	at org.bluezoo.gonzalez.EntityStack.expandEntityValue(EntityStack.java:319)
    [junit] 	at org.bluezoo.gonzalez.EntityStack.expandGeneralEntity(EntityStack.java:221)
    [junit] 	at org.bluezoo.gonzalez.EntityStack.expandEntityValue(EntityStack.java:319)
    [junit] 	at org.bluezoo.gonzalez.EntityStack.expandGeneralEntity(EntityStack.java:221)
    [junit] 	at org.bluezoo.gonzalez.EntityStack.expandEntityValue(EntityStack.java:319)
    [junit] 	at org.bluezoo.gonzalez.EntityStack.expandGeneralEntity(EntityStack.java:221)
    [junit] 	at org.bluezoo.gonzalez.EntityStack.expandEntityValue(EntityStack.java:319)
    [junit] 	at org.bluezoo.gonzalez.EntityStack.expandGeneralEntity(EntityStack.java:221)
    [junit] 	at org.bluezoo.gonzalez.EntityStack.expandEntityValue(EntityStack.java:319)
    [junit] 	at org.bluezoo.gonzalez.EntityStack.expandGeneralEntity(EntityStack.java:221)
    [junit] 	at org.bluezoo.gonzalez.EntityStack.expandEntityValue(EntityStack.java:319)
    [junit] 	at org.bluezoo.gonzalez.EntityStack.expandGeneralEntity(EntityStack.java:221)
    [junit] 	at org.bluezoo.gonzalez.EntityStack.expandEntityValue(EntityStack.java:319)
    [junit] 	at org.bluezoo.gonzalez.EntityStack.expandGeneralEntity(EntityStack.java:221)
    [junit] 	at org.bluezoo.gonzalez.EntityStack.expandEntityValue(EntityStack.java:319)
    [junit] 	at org.bluezoo.gonzalez.EntityStack.expandGeneralEntity(EntityStack.java:221)
    [junit] 	at org.bluezoo.gonzalez.EntityStack.expandEntityValue(EntityStack.java:319)
    [junit] 	at org.bluezoo.gonzalez.EntityStack.expandGeneralEntity(EntityStack.java:221)
    [junit] 	at org.bluezoo.gonzalez.EntityStack.expandEntityValue(EntityStack.java:319)
    [junit] 	at org.bluezoo.gonzalez.EntityStack.expandGeneralEntity(EntityStack.java:221)
    [junit] 	at org.bluezoo.gonzalez.EntityStack.expandEntityValue(EntityStack.java:319)
    [junit] 	at org.bluezoo.gonzalez.EntityStack.expandGeneralEntity(EntityStack.java:221)
    [junit] 	at org.bluezoo.gonzalez.EntityStack.expandEntityValue(EntityStack.java:319)
    [junit] 	at org.bluezoo.gonzalez.EntityStack.expandGeneralEntity(EntityStack.java:221)
    [junit] 	at org.bluezoo.gonzalez.EntityStack.expandEntityValue(EntityStack.java:319)
    [junit] 	at org.bluezoo.gonzalez.EntityStack.expandGeneralEntity(EntityStack.java:221)
    [junit] 	at org.bluezoo.gonzalez.EntityStack.expandEntityValue(EntityStack.java:319)
    [junit] 	at org.bluezoo.gonzalez.EntityStack.expandGeneralEntity(EntityStack.java:221)
    [junit] 	at org.bluezoo.gonzalez.EntityStack.expandEntityValue(EntityStack.java:319)
    [junit] 	at org.bluezoo.gonzalez.EntityStack.expandGeneralEntity(EntityStack.java:221)
    [junit] 	at org.bluezoo.gonzalez.EntityStack.expandEntityValue(EntityStack.java:319)
    [junit] 	at org.bluezoo.gonzalez.EntityStack.expandGeneralEntity(EntityStack.java:221)
    [junit] 	at org.bluezoo.gonzalez.EntityStack.expandEntityValue(EntityStack.java:319)
    [junit] 	at org.bluezoo.gonzalez.EntityStack.expandGeneralEntity(EntityStack.java:221)
    [junit] 	at org.bluezoo.gonzalez.EntityStack.expandEntityValue(EntityStack.java:319)
    [junit] 	at org.bluezoo.gonzalez.EntityStack.expandGeneralEntity(EntityStack.java:221)
    [junit] 	at org.bluezoo.gonzalez.EntityStack.expandEntityValue(EntityStack.java:319)
    [junit] 	at org.bluezoo.gonzalez.EntityStack.expandGeneralEntity(EntityStack.java:221)
    [junit] 	at org.bluezoo.gonzalez.EntityStack.expandEntityValue(EntityStack.java:319)
    [junit] 	at org.bluezoo.gonzalez.EntityStack.expandGeneralEntity(EntityStack.java:221)
    [junit] 	at org.bluezoo.gonzalez.EntityStack.expandEntityValue(EntityStack.java:319)
    [junit] 	at org.bluezoo.gonzalez.EntityStack.expandGeneralEntity(EntityStack.java:221)
    [junit] 	at org.bluezoo.gonzalez.EntityStack.expandEntityValue(EntityStack.java:319)
    [junit] 	at org.bluezoo.gonzalez.EntityStack.expandGeneralEntity(EntityStack.java:221)
    [junit] 	at org.bluezoo.gonzalez.EntityStack.expandEntityValue(EntityStack.java:319)
    [junit] 	at org.bluezoo.gonzalez.EntityStack.expandGeneralEntity(EntityStack.java:221)
    [junit] 	at org.bluezoo.gonzalez.EntityStack.expandEntityValue(EntityStack.java:319)
    [junit] 	at org.bluezoo.gonzalez.EntityStack.expandGeneralEntity(EntityStack.java:221)
    [junit] 	at org.bluezoo.gonzalez.EntityStack.expandEntityValue(EntityStack.java:319)
    [junit] 	at org.bluezoo.gonzalez.EntityStack.expandGeneralEntity(EntityStack.java:221)
    [junit] 	at org.bluezoo.gonzalez.EntityStack.expandEntityValue(EntityStack.java:319)
    [junit] 	at org.bluezoo.gonzalez.EntityStack.expandGeneralEntity(EntityStack.java:221)
    [junit] 	at org.bluezoo.gonzalez.EntityStack.expandEntityValue(EntityStack.java:319)
    [junit] 	at org.bluezoo.gonzalez.EntityStack.expandGeneralEntity(EntityStack.java:221)
    [junit] 	at org.bluezoo.gonzalez.EntityStack.expandEntityValue(EntityStack.java:319)
    [junit] 	at org.bluezoo.gonzalez.EntityStack.expandGeneralEntity(EntityStack.java:221)
    [junit] 	at org.bluezoo.gonzalez.EntityStack.expandEntityValue(EntityStack.java:319)
    [junit] 	at org.bluezoo.gonzalez.EntityStack.expandGeneralEntity(EntityStack.java:221)
    [junit] 	at org.bluezoo.gonzalez.EntityStack.expandEntityValue(EntityStack.java:319)
    [junit] 	at org.bluezoo.gonzalez.EntityStack.expandGeneralEntity(EntityStack.java:221)
    [junit] 	at org.bluezoo.gonzalez.EntityStack.expandEntityValue(EntityStack.java:319)
    [junit] 	at org.bluezoo.gonzalez.EntityStack.expandGeneralEntity(EntityStack.java:221)
    [junit] 	at org.bluezoo.gonzalez.EntityStack.expandEntityValue(EntityStack.java:319)
    [junit] 	at org.bluezoo.gonzalez.EntityStack.expandGeneralEntity(EntityStack.java:221)
    [junit] 	at org.bluezoo.gonzalez.EntityStack.expandEntityValue(EntityStack.java:319)
    [junit] 	at org.bluezoo.gonzalez.EntityStack.expandGeneralEntity(EntityStack.java:221)
    [junit] 	at org.bluezoo.gonzalez.EntityStack.expandEntityValue(EntityStack.java:319)
    [junit] 	at org.bluezoo.gonzalez.EntityStack.expandGeneralEntity(EntityStack.java:221)
    [junit] 	at org.bluezoo.gonzalez.EntityStack.expandEntityValue(EntityStack.java:319)
    [junit] 	at org.bluezoo.gonzalez.EntityStack.expandGeneralEntity(EntityStack.java:221)
    [junit] 	at org.bluezoo.gonzalez.EntityStack.expandEntityValue(EntityStack.java:319)
    [junit] 	at org.bluezoo.gonzalez.EntityStack.expandGeneralEntity(EntityStack.java:221)
    [junit] 	at org.bluezoo.gonzalez.EntityStack.expandEntityValue(EntityStack.java:319)
    [junit] 	at org.bluezoo.gonzalez.EntityStack.expandGeneralEntity(EntityStack.java:221)
    [junit] 	at org.bluezoo.gonzalez.EntityStack.expandEntityValue(EntityStack.java:319)
    [junit] 	at org.bluezoo.gonzalez.EntityStack.expandGeneralEntity(EntityStack.java:221)
    [junit] 	at org.bluezoo.gonzalez.EntityStack.expandEntityValue(EntityStack.java:319)
    [junit] 	at org.bluezoo.gonzalez.EntityStack.expandGeneralEntity(EntityStack.java:221)
    [junit] 	at org.bluezoo.gonzalez.EntityStack.expandEntityValue(EntityStack.java:319)
    [junit] 	at org.bluezoo.gonzalez.EntityStack.expandGeneralEntity(EntityStack.java:221)
    [junit] 	at org.bluezoo.gonzalez.EntityStack.expandEntityValue(EntityStack.java:319)
    [junit] 	at org.bluezoo.gonzalez.EntityStack.expandGeneralEntity(EntityStack.java:221)
    [junit] 	at org.bluezoo.gonzalez.EntityStack.expandEntityValue(EntityStack.java:319)
    [junit] 	at org.bluezoo.gonzalez.EntityStack.expandGeneralEntity(EntityStack.java:221)
    [junit] 	at org.bluezoo.gonzalez.EntityStack.expandEntityValue(EntityStack.java:319)
    [junit] 	at org.bluezoo.gonzalez.EntityStack.expandGeneralEntity(EntityStack.java:221)
    [junit] 	at org.bluezoo.gonzalez.EntityStack.expandEntityValue(EntityStack.java:319)
    [junit] 	at org.bluezoo.gonzalez.EntityStack.expandGeneralEntity(EntityStack.java:221)
    [junit] 	at org.bluezoo.gonzalez.EntityStack.expandEntityValue(EntityStack.java:319)
    [junit] 	at org.bluezoo.gonzalez.EntityStack.expandGeneralEntity(EntityStack.java:221)
    [junit] 	at org.bluezoo.gonzalez.EntityStack.expandEntityValue(EntityStack.java:319)
    [junit] 	at org.bluezoo.gonzalez.EntityStack.expandGeneralEntity(EntityStack.java:221)
    [junit] 	at org.bluezoo.gonzalez.EntityStack.expandEntityValue(EntityStack.java:319)
    [junit] 	at org.bluezoo.gonzalez.EntityStack.expandGeneralEntity(EntityStack.java:221)
    [junit] 	at org.bluezoo.gonzalez.EntityStack.expandEntityValue(EntityStack.java:319)
    [junit] 	at org.bluezoo.gonzalez.EntityStack.expandGeneralEntity(EntityStack.java:221)
    [junit] 	at org.bluezoo.gonzalez.EntityStack.expandEntityValue(EntityStack.java:319)
    [junit] 	at org.bluezoo.gonzalez.EntityStack.expandGeneralEntity(EntityStack.java:221)
    [junit] 	at org.bluezoo.gonzalez.EntityStack.expandEntityValue(EntityStack.java:319)
    [junit] 	at org.bluezoo.gonzalez.EntityStack.expandGeneralEntity(EntityStack.java:221)
    [junit] 	at org.bluezoo.gonzalez.EntityStack.expandEntityValue(EntityStack.java:319)
    [junit] 	at org.bluezoo.gonzalez.EntityStack.expandGeneralEntity(EntityStack.java:221)
    [junit] 	at org.bluezoo.gonzalez.EntityStack.expandEntityValue(EntityStack.java:319)
    [junit] 	at org.bluezoo.gonzalez.EntityStack.expandGeneralEntity(EntityStack.java:221)
    [junit] 	at org.bluezoo.gonzalez.EntityStack.expandEntityValue(EntityStack.java:319)
    [junit] 	at org.bluezoo.gonzalez.EntityStack.expandGeneralEntity(EntityStack.java:221)
    [junit] 	at org.bluezoo.gonzalez.EntityStack.expandEntityValue(EntityStack.java:319)
    [junit] 	at org.bluezoo.gonzalez.EntityStack.expandGeneralEntity(EntityStack.java:221)
    [junit] 	at org.bluezoo.gonzalez.EntityStack.expandEntityValue(EntityStack.java:319)
    [junit] 	at org.bluezoo.gonzalez.EntityStack.expandGeneralEntity(EntityStack.java:221)
    [junit] 	at org.bluezoo.gonzalez.EntityStack.expandEntityValue(EntityStack.java:319)
    [junit] 	at org.bluezoo.gonzalez.EntityStack.expandGeneralEntity(EntityStack.java:221)
    [junit] 	at org.bluezoo.gonzalez.EntityStack.expandEntityValue(EntityStack.java:319)
    [junit] 	at org.bluezoo.gonzalez.EntityStack.expandGeneralEntity(EntityStack.java:221)
    [junit] 	at org.bluezoo.gonzalez.EntityStack.expandEntityValue(EntityStack.java:319)
    [junit] 	at org.bluezoo.gonzalez.EntityStack.expandGeneralEntity(EntityStack.java:221)
    [junit] 	at org.bluezoo.gonzalez.EntityStack.expandEntityValue(EntityStack.java:319)
    [junit] 	at org.bluezoo.gonzalez.EntityStack.expandGeneralEntity(EntityStack.java:221)
    [junit] 	at org.bluezoo.gonzalez.EntityStack.expandEntityValue(EntityStack.java:319)
    [junit] 	at org.bluezoo.gonzalez.EntityStack.expandGeneralEntity(EntityStack.java:221)
    [junit] 	at org.bluezoo.gonzalez.EntityStack.expandEntityValue(EntityStack.java:319)
    [junit] 	at org.bluezoo.gonzalez.EntityStack.expandGeneralEntity(EntityStack.java:221)
    [junit] 	at org.bluezoo.gonzalez.EntityStack.expandEntityValue(EntityStack.java:319)
    [junit] 	at org.bluezoo.gonzalez.EntityStack.expandGeneralEntity(EntityStack.java:221)
    [junit] 	at org.bluezoo.gonzalez.EntityStack.expandEntityValue(EntityStack.java:319)
    [junit] 	at org.bluezoo.gonzalez.EntityStack.expandGeneralEntity(EntityStack.java:221)
    [junit] 	at org.bluezoo.gonzalez.EntityStack.expandEntityValue(EntityStack.java:319)
    [junit] 	at org.bluezoo.gonzalez.EntityStack.expandGeneralEntity(EntityStack.java:221)
    [junit] 	at org.bluezoo.gonzalez.EntityStack.expandEntityValue(EntityStack.java:319)
    [junit] 	at org.bluezoo.gonzalez.EntityStack.expandGeneralEntity(EntityStack.java:221)
    [junit] 	at org.bluezoo.gonzalez.EntityStack.expandEntityValue(EntityStack.java:319)
    [junit] 	at org.bluezoo.gonzalez.EntityStack.expandGeneralEntity(EntityStack.java:221)
    [junit] 	at org.bluezoo.gonzalez.EntityStack.expandEntityValue(EntityStack.java:319)
    [junit] 	at org.bluezoo.gonzalez.EntityStack.expandGeneralEntity(EntityStack.java:221)
    [junit] 	at org.bluezoo.gonzalez.EntityStack.expandEntityValue(EntityStack.java:319)
    [junit] 	at org.bluezoo.gonzalez.EntityStack.expandGeneralEntity(EntityStack.java:221)
    [junit] 	at org.bluezoo.gonzalez.EntityStack.expandEntityValue(EntityStack.java:319)
    [junit] 	at org.bluezoo.gonzalez.EntityStack.expandGeneralEntity(EntityStack.java:221)
    [junit] 	at org.bluezoo.gonzalez.EntityStack.expandEntityValue(EntityStack.java:319)
    [junit] 	at org.bluezoo.gonzalez.EntityStack.expandGeneralEntity(EntityStack.java:221)
    [junit] 	at org.bluezoo.gonzalez.EntityStack.expandEntityValue(EntityStack.java:319)
    [junit] 	at org.bluezoo.gonzalez.EntityStack.expandGeneralEntity(EntityStack.java:221)
    [junit] 	at org.bluezoo.gonzalez.EntityStack.expandEntityValue(EntityStack.java:319)
    [junit] 	at org.bluezoo.gonzalez.EntityStack.expandGeneralEntity(EntityStack.java:221)
    [junit] 	at org.bluezoo.gonzalez.EntityStack.expandEntityValue(EntityStack.java:319)
    [junit] 	at org.bluezoo.gonzalez.EntityStack.expandGeneralEntity(EntityStack.java:221)
    [junit] 	at org.bluezoo.gonzalez.EntityStack.expandEntityValue(EntityStack.java:319)
    [junit] 	at org.bluezoo.gonzalez.EntityStack.expandGeneralEntity(EntityStack.java:221)
    [junit] 	at org.bluezoo.gonzalez.EntityStack.expandEntityValue(EntityStack.java:319)
    [junit] 	at org.bluezoo.gonzalez.EntityStack.expandGeneralEntity(EntityStack.java:221)
    [junit] 	at org.bluezoo.gonzalez.EntityStack.expandEntityValue(EntityStack.java:319)
    [junit] 	at org.bluezoo.gonzalez.EntityStack.expandGeneralEntity(EntityStack.java:221)
    [junit] 	at org.bluezoo.gonzalez.EntityStack.expandEntityValue(EntityStack.java:319)
    [junit] 	at org.bluezoo.gonzalez.EntityStack.expandGeneralEntity(EntityStack.java:221)
    [junit] 	at org.bluezoo.gonzalez.EntityStack.expandEntityValue(EntityStack.java:319)
    [junit] 	at org.bluezoo.gonzalez.EntityStack.expandGeneralEntity(EntityStack.java:221)
    [junit] 	at org.bluezoo.gonzalez.EntityStack.expandEntityValue(EntityStack.java:319)
    [junit] 	at org.bluezoo.gonzalez.EntityStack.expandGeneralEntity(EntityStack.java:221)
    [junit] 	at org.bluezoo.gonzalez.EntityStack.expandEntityValue(EntityStack.java:319)
    [junit] 	at org.bluezoo.gonzalez.EntityStack.expandGeneralEntity(EntityStack.java:221)
    [junit] 	at org.bluezoo.gonzalez.EntityStack.expandEntityValue(EntityStack.java:319)
    [junit] 	at org.bluezoo.gonzalez.EntityStack.expandGeneralEntity(EntityStack.java:221)
    [junit] 	at org.bluezoo.gonzalez.EntityStack.expandEntityValue(EntityStack.java:319)
    [junit] 	at org.bluezoo.gonzalez.EntityStack.expandGeneralEntity(EntityStack.java:221)
    [junit] 	at org.bluezoo.gonzalez.EntityStack.expandEntityValue(EntityStack.java:319)
    [junit] 	at org.bluezoo.gonzalez.EntityStack.expandGeneralEntity(EntityStack.java:221)
    [junit] 	at org.bluezoo.gonzalez.EntityStack.expandEntityValue(EntityStack.java:319)
    [junit] 	at org.bluezoo.gonzalez.EntityStack.expandGeneralEntity(EntityStack.java:221)
    [junit] 	at org.bluezoo.gonzalez.EntityStack.expandEntityValue(EntityStack.java:319)
    [junit] 	at org.bluezoo.gonzalez.EntityStack.expandGeneralEntity(EntityStack.java:221)
    [junit] 	at org.bluezoo.gonzalez.EntityStack.expandEntityValue(EntityStack.java:319)
    [junit] 	at org.bluezoo.gonzalez.EntityStack.expandGeneralEntity(EntityStack.java:221)
    [junit] 	at org.bluezoo.gonzalez.EntityStack.expandEntityValue(EntityStack.java:319)
    [junit] 	at org.bluezoo.gonzalez.EntityStack.expandGeneralEntity(EntityStack.java:221)
    [junit] 	at org.bluezoo.gonzalez.EntityStack.expandEntityValue(EntityStack.java:319)
    [junit] 	at org.bluezoo.gonzalez.EntityStack.expandGeneralEntity(EntityStack.java:221)
    [junit] 	at org.bluezoo.gonzalez.EntityStack.expandEntityValue(EntityStack.java:319)
    [junit] 	at org.bluezoo.gonzalez.EntityStack.expandGeneralEntity(EntityStack.java:221)
    [junit] 	at org.bluezoo.gonzalez.EntityStack.expandEntityValue(EntityStack.java:319)
    [junit] 	at org.bluezoo.gonzalez.EntityStack.expandGeneralEntity(EntityStack.java:221)
    [junit] 	at org.bluezoo.gonzalez.EntityStack.expandEntityValue(EntityStack.java:319)
    [junit] 	at org.bluezoo.gonzalez.EntityStack.expandGeneralEntity(EntityStack.java:221)
    [junit] 	at org.bluezoo.gonzalez.EntityStack.expandEntityValue(EntityStack.java:319)
    [junit] 	at org.bluezoo.gonzalez.EntityStack.expandGeneralEntity(EntityStack.java:221)
    [junit] 	at org.bluezoo.gonzalez.EntityStack.expandEntityValue(EntityStack.java:319)
    [junit] 	at org.bluezoo.gonzalez.EntityStack.expandGeneralEntity(EntityStack.java:221)
    [junit] 	at org.bluezoo.gonzalez.EntityStack.expandEntityValue(EntityStack.java:319)
    [junit] 	at org.bluezoo.gonzalez.EntityStack.expandGeneralEntity(EntityStack.java:221)
    [junit] 	at org.bluezoo.gonzalez.EntityStack.expandEntityValue(EntityStack.java:319)
    [junit] 	at org.bluezoo.gonzalez.EntityStack.expandGeneralEntity(EntityStack.java:221)
    [junit] 	at org.bluezoo.gonzalez.EntityStack.expandEntityValue(EntityStack.java:319)
    [junit] 	at org.bluezoo.gonzalez.EntityStack.expandGeneralEntity(EntityStack.java:221)
    [junit] 	at org.bluezoo.gonzalez.EntityStack.expandEntityValue(EntityStack.java:319)
    [junit] 	at org.bluezoo.gonzalez.EntityStack.expandGeneralEntity(EntityStack.java:221)
    [junit] 	at org.bluezoo.gonzalez.EntityStack.expandEntityValue(EntityStack.java:319)
    [junit] 	at org.bluezoo.gonzalez.EntityStack.expandGeneralEntity(EntityStack.java:221)
    [junit] 	at org.bluezoo.gonzalez.EntityStack.expandEntityValue(EntityStack.java:319)
    [junit] 	at org.bluezoo.gonzalez.EntityStack.expandGeneralEntity(EntityStack.java:221)
    [junit] 	at org.bluezoo.gonzalez.EntityStack.expandEntityValue(EntityStack.java:319)
    [junit] 	at org.bluezoo.gonzalez.EntityStack.expandGeneralEntity(EntityStack.java:221)
    [junit] 	at org.bluezoo.gonzalez.EntityStack.expandEntityValue(EntityStack.java:319)
    [junit] 	at org.bluezoo.gonzalez.EntityStack.expandGeneralEntity(EntityStack.java:221)
    [junit] 	at org.bluezoo.gonzalez.EntityStack.expandEntityValue(EntityStack.java:319)
    [junit] 	at org.bluezoo.gonzalez.EntityStack.expandGeneralEntity(EntityStack.java:221)
    [junit] 	at org.bluezoo.gonzalez.EntityStack.expandEntityValue(EntityStack.java:319)
    [junit] 	at org.bluezoo.gonzalez.EntityStack.expandGeneralEntity(EntityStack.java:221)
    [junit] 	at org.bluezoo.gonzalez.EntityStack.expandEntityValue(EntityStack.java:319)
    [junit] 	at org.bluezoo.gonzalez.EntityStack.expandGeneralEntity(EntityStack.java:221)
    [junit] 	at org.bluezoo.gonzalez.EntityStack.expandEntityValue(EntityStack.java:319)
    [junit] 	at org.bluezoo.gonzalez.EntityStack.expandGeneralEntity(EntityStack.java:221)
    [junit] 	at org.bluezoo.gonzalez.EntityStack.expandEntityValue(EntityStack.java:319)
    [junit] 	at org.bluezoo.gonzalez.EntityStack.expandGeneralEntity(EntityStack.java:221)
    [junit] 	at org.bluezoo.gonzalez.EntityStack.expandEntityValue(EntityStack.java:319)
    [junit] 	at org.bluezoo.gonzalez.EntityStack.expandGeneralEntity(EntityStack.java:221)
    [junit] 	at org.bluezoo.gonzalez.EntityStack.expandEntityValue(EntityStack.java:319)
    [junit] 	at org.bluezoo.gonzalez.EntityStack.expandGeneralEntity(EntityStack.java:221)
    [junit] 	at org.bluezoo.gonzalez.EntityStack.expandEntityValue(EntityStack.java:319)
    [junit] 	at org.bluezoo.gonzalez.EntityStack.expandGeneralEntity(EntityStack.java:221)
    [junit] 	at org.bluezoo.gonzalez.EntityStack.expandEntityValue(EntityStack.java:319)
    [junit] 	at org.bluezoo.gonzalez.EntityStack.expandGeneralEntity(EntityStack.java:221)
    [junit] 	at org.bluezoo.gonzalez.EntityStack.expandEntityValue(EntityStack.java:319)
    [junit] 	at org.bluezoo.gonzalez.EntityStack.expandGeneralEntity(EntityStack.java:221)
    [junit] 	at org.bluezoo.gonzalez.EntityStack.expandEntityValue(EntityStack.java:319)
    [junit] 	at org.bluezoo.gonzalez.EntityStack.expandGeneralEntity(EntityStack.java:221)
    [junit] 	at org.bluezoo.gonzalez.EntityStack.expandEntityValue(EntityStack.java:319)
    [junit] 	at org.bluezoo.gonzalez.EntityStack.expandGeneralEntity(EntityStack.java:221)
    [junit] 	at org.bluezoo.gonzalez.EntityStack.expandEntityValue(EntityStack.java:319)
    [junit] 	at org.bluezoo.gonzalez.EntityStack.expandGeneralEntity(EntityStack.java:221)
    [junit] 	at org.bluezoo.gonzalez.EntityStack.expandEntityValue(EntityStack.java:319)
    [junit] 	at org.bluezoo.gonzalez.EntityStack.expandGeneralEntity(EntityStack.java:221)
    [junit] 	at org.bluezoo.gonzalez.EntityStack.expandEntityValue(EntityStack.java:319)
    [junit] 	at org.bluezoo.gonzalez.EntityStack.expandGeneralEntity(EntityStack.java:221)
    [junit] 	at org.bluezoo.gonzalez.EntityStack.expandEntityValue(EntityStack.java:319)
    [junit] 	at org.bluezoo.gonzalez.EntityStack.expandGeneralEntity(EntityStack.java:221)
    [junit] 
    [junit] Testcase: runTest[James Clark xmltest:not-wf-sa-080 (not-wf)] took 0.005 sec
    [junit] 	Caused an ERROR
    [junit] null
    [junit] java.lang.StackOverflowError
    [junit] 	at org.bluezoo.gonzalez.DTDParser.getGeneralEntity(DTDParser.java:2749)
    [junit] 	at org.bluezoo.gonzalez.EntityStack.expandGeneralEntity(EntityStack.java:153)
    [junit] 	at org.bluezoo.gonzalez.EntityStack.expandEntityValue(EntityStack.java:319)
    [junit] 	at org.bluezoo.gonzalez.EntityStack.expandGeneralEntity(EntityStack.java:221)
    [junit] 	at org.bluezoo.gonzalez.EntityStack.expandEntityValue(EntityStack.java:319)
    [junit] 	at org.bluezoo.gonzalez.EntityStack.expandGeneralEntity(EntityStack.java:221)
    [junit] 	at org.bluezoo.gonzalez.EntityStack.expandEntityValue(EntityStack.java:319)
    [junit] 	at org.bluezoo.gonzalez.EntityStack.expandGeneralEntity(EntityStack.java:221)
    [junit] 	at org.bluezoo.gonzalez.EntityStack.expandEntityValue(EntityStack.java:319)
    [junit] 	at org.bluezoo.gonzalez.EntityStack.expandGeneralEntity(EntityStack.java:221)
    [junit] 	at org.bluezoo.gonzalez.EntityStack.expandEntityValue(EntityStack.java:319)
    [junit] 	at org.bluezoo.gonzalez.EntityStack.expandGeneralEntity(EntityStack.java:221)
    [junit] 	at org.bluezoo.gonzalez.EntityStack.expandEntityValue(EntityStack.java:319)
    [junit] 	at org.bluezoo.gonzalez.EntityStack.expandGeneralEntity(EntityStack.java:221)
    [junit] 	at org.bluezoo.gonzalez.EntityStack.expandEntityValue(EntityStack.java:319)
    [junit] 	at org.bluezoo.gonzalez.EntityStack.expandGeneralEntity(EntityStack.java:221)
    [junit] 	at org.bluezoo.gonzalez.EntityStack.expandEntityValue(EntityStack.java:319)
    [junit] 	at org.bluezoo.gonzalez.EntityStack.expandGeneralEntity(EntityStack.java:221)
    [junit] 	at org.bluezoo.gonzalez.EntityStack.expandEntityValue(EntityStack.java:319)
    [junit] 	at org.bluezoo.gonzalez.EntityStack.expandGeneralEntity(EntityStack.java:221)
    [junit] 	at org.bluezoo.gonzalez.EntityStack.expandEntityValue(EntityStack.java:319)
    [junit] 	at org.bluezoo.gonzalez.EntityStack.expandGeneralEntity(EntityStack.java:221)
    [junit] 	at org.bluezoo.gonzalez.EntityStack.expandEntityValue(EntityStack.java:319)
    [junit] 	at org.bluezoo.gonzalez.EntityStack.expandGeneralEntity(EntityStack.java:221)
    [junit] 	at org.bluezoo.gonzalez.EntityStack.expandEntityValue(EntityStack.java:319)
    [junit] 	at org.bluezoo.gonzalez.EntityStack.expandGeneralEntity(EntityStack.java:221)
    [junit] 	at org.bluezoo.gonzalez.EntityStack.expandEntityValue(EntityStack.java:319)
    [junit] 	at org.bluezoo.gonzalez.EntityStack.expandGeneralEntity(EntityStack.java:221)
    [junit] 	at org.bluezoo.gonzalez.EntityStack.expandEntityValue(EntityStack.java:319)
    [junit] 	at org.bluezoo.gonzalez.EntityStack.expandGeneralEntity(EntityStack.java:221)
    [junit] 	at org.bluezoo.gonzalez.EntityStack.expandEntityValue(EntityStack.java:319)
    [junit] 	at org.bluezoo.gonzalez.EntityStack.expandGeneralEntity(EntityStack.java:221)
    [junit] 	at org.bluezoo.gonzalez.EntityStack.expandEntityValue(EntityStack.java:319)
    [junit] 	at org.bluezoo.gonzalez.EntityStack.expandGeneralEntity(EntityStack.java:221)
    [junit] 	at org.bluezoo.gonzalez.EntityStack.expandEntityValue(EntityStack.java:319)
    [junit] 	at org.bluezoo.gonzalez.EntityStack.expandGeneralEntity(EntityStack.java:221)
    [junit] 	at org.bluezoo.gonzalez.EntityStack.expandEntityValue(EntityStack.java:319)
    [junit] 	at org.bluezoo.gonzalez.EntityStack.expandGeneralEntity(EntityStack.java:221)
    [junit] 	at org.bluezoo.gonzalez.EntityStack.expandEntityValue(EntityStack.java:319)
    [junit] 	at org.bluezoo.gonzalez.EntityStack.expandGeneralEntity(EntityStack.java:221)
    [junit] 	at org.bluezoo.gonzalez.EntityStack.expandEntityValue(EntityStack.java:319)
    [junit] 	at org.bluezoo.gonzalez.EntityStack.expandGeneralEntity(EntityStack.java:221)
    [junit] 	at org.bluezoo.gonzalez.EntityStack.expandEntityValue(EntityStack.java:319)
    [junit] 	at org.bluezoo.gonzalez.EntityStack.expandGeneralEntity(EntityStack.java:221)
    [junit] 	at org.bluezoo.gonzalez.EntityStack.expandEntityValue(EntityStack.java:319)
    [junit] 	at org.bluezoo.gonzalez.EntityStack.expandGeneralEntity(EntityStack.java:221)
    [junit] 	at org.bluezoo.gonzalez.EntityStack.expandEntityValue(EntityStack.java:319)
    [junit] 	at org.bluezoo.gonzalez.EntityStack.expandGeneralEntity(EntityStack.java:221)
    [junit] 	at org.bluezoo.gonzalez.EntityStack.expandEntityValue(EntityStack.java:319)
    [junit] 	at org.bluezoo.gonzalez.EntityStack.expandGeneralEntity(EntityStack.java:221)
    [junit] 	at org.bluezoo.gonzalez.EntityStack.expandEntityValue(EntityStack.java:319)
    [junit] 	at org.bluezoo.gonzalez.EntityStack.expandGeneralEntity(EntityStack.java:221)
    [junit] 	at org.bluezoo.gonzalez.EntityStack.expandEntityValue(EntityStack.java:319)
    [junit] 	at org.bluezoo.gonzalez.EntityStack.expandGeneralEntity(EntityStack.java:221)
    [junit] 	at org.bluezoo.gonzalez.EntityStack.expandEntityValue(EntityStack.java:319)
    [junit] 	at org.bluezoo.gonzalez.EntityStack.expandGeneralEntity(EntityStack.java:221)
    [junit] 	at org.bluezoo.gonzalez.EntityStack.expandEntityValue(EntityStack.java:319)
    [junit] 	at org.bluezoo.gonzalez.EntityStack.expandGeneralEntity(EntityStack.java:221)
    [junit] 	at org.bluezoo.gonzalez.EntityStack.expandEntityValue(EntityStack.java:319)
    [junit] 	at org.bluezoo.gonzalez.EntityStack.expandGeneralEntity(EntityStack.java:221)
    [junit] 	at org.bluezoo.gonzalez.EntityStack.expandEntityValue(EntityStack.java:319)
    [junit] 	at org.bluezoo.gonzalez.EntityStack.expandGeneralEntity(EntityStack.java:221)
    [junit] 	at org.bluezoo.gonzalez.EntityStack.expandEntityValue(EntityStack.java:319)
    [junit] 	at org.bluezoo.gonzalez.EntityStack.expandGeneralEntity(EntityStack.java:221)
    [junit] 	at org.bluezoo.gonzalez.EntityStack.expandEntityValue(EntityStack.java:319)
    [junit] 	at org.bluezoo.gonzalez.EntityStack.expandGeneralEntity(EntityStack.java:221)
    [junit] 	at org.bluezoo.gonzalez.EntityStack.expandEntityValue(EntityStack.java:319)
    [junit] 	at org.bluezoo.gonzalez.EntityStack.expandGeneralEntity(EntityStack.java:221)
    [junit] 	at org.bluezoo.gonzalez.EntityStack.expandEntityValue(EntityStack.java:319)
    [junit] 	at org.bluezoo.gonzalez.EntityStack.expandGeneralEntity(EntityStack.java:221)
    [junit] 	at org.bluezoo.gonzalez.EntityStack.expandEntityValue(EntityStack.java:319)
    [junit] 	at org.bluezoo.gonzalez.EntityStack.expandGeneralEntity(EntityStack.java:221)
    [junit] 	at org.bluezoo.gonzalez.EntityStack.expandEntityValue(EntityStack.java:319)
    [junit] 	at org.bluezoo.gonzalez.EntityStack.expandGeneralEntity(EntityStack.java:221)
    [junit] 	at org.bluezoo.gonzalez.EntityStack.expandEntityValue(EntityStack.java:319)
    [junit] 	at org.bluezoo.gonzalez.EntityStack.expandGeneralEntity(EntityStack.java:221)
    [junit] 	at org.bluezoo.gonzalez.EntityStack.expandEntityValue(EntityStack.java:319)
    [junit] 	at org.bluezoo.gonzalez.EntityStack.expandGeneralEntity(EntityStack.java:221)
    [junit] 	at org.bluezoo.gonzalez.EntityStack.expandEntityValue(EntityStack.java:319)
    [junit] 	at org.bluezoo.gonzalez.EntityStack.expandGeneralEntity(EntityStack.java:221)
    [junit] 	at org.bluezoo.gonzalez.EntityStack.expandEntityValue(EntityStack.java:319)
    [junit] 	at org.bluezoo.gonzalez.EntityStack.expandGeneralEntity(EntityStack.java:221)
    [junit] 	at org.bluezoo.gonzalez.EntityStack.expandEntityValue(EntityStack.java:319)
    [junit] 	at org.bluezoo.gonzalez.EntityStack.expandGeneralEntity(EntityStack.java:221)
    [junit] 	at org.bluezoo.gonzalez.EntityStack.expandEntityValue(EntityStack.java:319)
    [junit] 	at org.bluezoo.gonzalez.EntityStack.expandGeneralEntity(EntityStack.java:221)
    [junit] 	at org.bluezoo.gonzalez.EntityStack.expandEntityValue(EntityStack.java:319)
    [junit] 	at org.bluezoo.gonzalez.EntityStack.expandGeneralEntity(EntityStack.java:221)
    [junit] 	at org.bluezoo.gonzalez.EntityStack.expandEntityValue(EntityStack.java:319)
    [junit] 	at org.bluezoo.gonzalez.EntityStack.expandGeneralEntity(EntityStack.java:221)
    [junit] 	at org.bluezoo.gonzalez.EntityStack.expandEntityValue(EntityStack.java:319)
    [junit] 	at org.bluezoo.gonzalez.EntityStack.expandGeneralEntity(EntityStack.java:221)
    [junit] 	at org.bluezoo.gonzalez.EntityStack.expandEntityValue(EntityStack.java:319)
    [junit] 	at org.bluezoo.gonzalez.EntityStack.expandGeneralEntity(EntityStack.java:221)
    [junit] 	at org.bluezoo.gonzalez.EntityStack.expandEntityValue(EntityStack.java:319)
    [junit] 	at org.bluezoo.gonzalez.EntityStack.expandGeneralEntity(EntityStack.java:221)
    [junit] 	at org.bluezoo.gonzalez.EntityStack.expandEntityValue(EntityStack.java:319)
    [junit] 	at org.bluezoo.gonzalez.EntityStack.expandGeneralEntity(EntityStack.java:221)
    [junit] 	at org.bluezoo.gonzalez.EntityStack.expandEntityValue(EntityStack.java:319)
    [junit] 	at org.bluezoo.gonzalez.EntityStack.expandGeneralEntity(EntityStack.java:221)
    [junit] 	at org.bluezoo.gonzalez.EntityStack.expandEntityValue(EntityStack.java:319)
    [junit] 	at org.bluezoo.gonzalez.EntityStack.expandGeneralEntity(EntityStack.java:221)
    [junit] 	at org.bluezoo.gonzalez.EntityStack.expandEntityValue(EntityStack.java:319)
    [junit] 	at org.bluezoo.gonzalez.EntityStack.expandGeneralEntity(EntityStack.java:221)
    [junit] 	at org.bluezoo.gonzalez.EntityStack.expandEntityValue(EntityStack.java:319)
    [junit] 	at org.bluezoo.gonzalez.EntityStack.expandGeneralEntity(EntityStack.java:221)
    [junit] 	at org.bluezoo.gonzalez.EntityStack.expandEntityValue(EntityStack.java:319)
    [junit] 	at org.bluezoo.gonzalez.EntityStack.expandGeneralEntity(EntityStack.java:221)
    [junit] 	at org.bluezoo.gonzalez.EntityStack.expandEntityValue(EntityStack.java:319)
    [junit] 	at org.bluezoo.gonzalez.EntityStack.expandGeneralEntity(EntityStack.java:221)
    [junit] 	at org.bluezoo.gonzalez.EntityStack.expandEntityValue(EntityStack.java:319)
    [junit] 	at org.bluezoo.gonzalez.EntityStack.expandGeneralEntity(EntityStack.java:221)
    [junit] 	at org.bluezoo.gonzalez.EntityStack.expandEntityValue(EntityStack.java:319)
    [junit] 	at org.bluezoo.gonzalez.EntityStack.expandGeneralEntity(EntityStack.java:221)
    [junit] 	at org.bluezoo.gonzalez.EntityStack.expandEntityValue(EntityStack.java:319)
    [junit] 	at org.bluezoo.gonzalez.EntityStack.expandGeneralEntity(EntityStack.java:221)
    [junit] 	at org.bluezoo.gonzalez.EntityStack.expandEntityValue(EntityStack.java:319)
    [junit] 	at org.bluezoo.gonzalez.EntityStack.expandGeneralEntity(EntityStack.java:221)
    [junit] 	at org.bluezoo.gonzalez.EntityStack.expandEntityValue(EntityStack.java:319)
    [junit] 	at org.bluezoo.gonzalez.EntityStack.expandGeneralEntity(EntityStack.java:221)
    [junit] 	at org.bluezoo.gonzalez.EntityStack.expandEntityValue(EntityStack.java:319)
    [junit] 	at org.bluezoo.gonzalez.EntityStack.expandGeneralEntity(EntityStack.java:221)
    [junit] 	at org.bluezoo.gonzalez.EntityStack.expandEntityValue(EntityStack.java:319)
    [junit] 	at org.bluezoo.gonzalez.EntityStack.expandGeneralEntity(EntityStack.java:221)
    [junit] 	at org.bluezoo.gonzalez.EntityStack.expandEntityValue(EntityStack.java:319)
    [junit] 	at org.bluezoo.gonzalez.EntityStack.expandGeneralEntity(EntityStack.java:221)
    [junit] 	at org.bluezoo.gonzalez.EntityStack.expandEntityValue(EntityStack.java:319)
    [junit] 	at org.bluezoo.gonzalez.EntityStack.expandGeneralEntity(EntityStack.java:221)
    [junit] 	at org.bluezoo.gonzalez.EntityStack.expandEntityValue(EntityStack.java:319)
    [junit] 	at org.bluezoo.gonzalez.EntityStack.expandGeneralEntity(EntityStack.java:221)
    [junit] 	at org.bluezoo.gonzalez.EntityStack.expandEntityValue(EntityStack.java:319)
    [junit] 	at org.bluezoo.gonzalez.EntityStack.expandGeneralEntity(EntityStack.java:221)
    [junit] 	at org.bluezoo.gonzalez.EntityStack.expandEntityValue(EntityStack.java:319)
    [junit] 	at org.bluezoo.gonzalez.EntityStack.expandGeneralEntity(EntityStack.java:221)
    [junit] 	at org.bluezoo.gonzalez.EntityStack.expandEntityValue(EntityStack.java:319)
    [junit] 	at org.bluezoo.gonzalez.EntityStack.expandGeneralEntity(EntityStack.java:221)
    [junit] 	at org.bluezoo.gonzalez.EntityStack.expandEntityValue(EntityStack.java:319)
    [junit] 	at org.bluezoo.gonzalez.EntityStack.expandGeneralEntity(EntityStack.java:221)
    [junit] 	at org.bluezoo.gonzalez.EntityStack.expandEntityValue(EntityStack.java:319)
    [junit] 	at org.bluezoo.gonzalez.EntityStack.expandGeneralEntity(EntityStack.java:221)
    [junit] 	at org.bluezoo.gonzalez.EntityStack.expandEntityValue(EntityStack.java:319)
    [junit] 	at org.bluezoo.gonzalez.EntityStack.expandGeneralEntity(EntityStack.java:221)
    [junit] 	at org.bluezoo.gonzalez.EntityStack.expandEntityValue(EntityStack.java:319)
    [junit] 	at org.bluezoo.gonzalez.EntityStack.expandGeneralEntity(EntityStack.java:221)
    [junit] 	at org.bluezoo.gonzalez.EntityStack.expandEntityValue(EntityStack.java:319)
    [junit] 	at org.bluezoo.gonzalez.EntityStack.expandGeneralEntity(EntityStack.java:221)
    [junit] 	at org.bluezoo.gonzalez.EntityStack.expandEntityValue(EntityStack.java:319)
    [junit] 	at org.bluezoo.gonzalez.EntityStack.expandGeneralEntity(EntityStack.java:221)
    [junit] 	at org.bluezoo.gonzalez.EntityStack.expandEntityValue(EntityStack.java:319)
    [junit] 	at org.bluezoo.gonzalez.EntityStack.expandGeneralEntity(EntityStack.java:221)
    [junit] 	at org.bluezoo.gonzalez.EntityStack.expandEntityValue(EntityStack.java:319)
    [junit] 	at org.bluezoo.gonzalez.EntityStack.expandGeneralEntity(EntityStack.java:221)
    [junit] 	at org.bluezoo.gonzalez.EntityStack.expandEntityValue(EntityStack.java:319)
    [junit] 	at org.bluezoo.gonzalez.EntityStack.expandGeneralEntity(EntityStack.java:221)
    [junit] 	at org.bluezoo.gonzalez.EntityStack.expandEntityValue(EntityStack.java:319)
    [junit] 	at org.bluezoo.gonzalez.EntityStack.expandGeneralEntity(EntityStack.java:221)
    [junit] 	at org.bluezoo.gonzalez.EntityStack.expandEntityValue(EntityStack.java:319)
    [junit] 	at org.bluezoo.gonzalez.EntityStack.expandGeneralEntity(EntityStack.java:221)
    [junit] 	at org.bluezoo.gonzalez.EntityStack.expandEntityValue(EntityStack.java:319)
    [junit] 	at org.bluezoo.gonzalez.EntityStack.expandGeneralEntity(EntityStack.java:221)
    [junit] 	at org.bluezoo.gonzalez.EntityStack.expandEntityValue(EntityStack.java:319)
    [junit] 	at org.bluezoo.gonzalez.EntityStack.expandGeneralEntity(EntityStack.java:221)
    [junit] 	at org.bluezoo.gonzalez.EntityStack.expandEntityValue(EntityStack.java:319)
    [junit] 	at org.bluezoo.gonzalez.EntityStack.expandGeneralEntity(EntityStack.java:221)
    [junit] 	at org.bluezoo.gonzalez.EntityStack.expandEntityValue(EntityStack.java:319)
    [junit] 	at org.bluezoo.gonzalez.EntityStack.expandGeneralEntity(EntityStack.java:221)
    [junit] 	at org.bluezoo.gonzalez.EntityStack.expandEntityValue(EntityStack.java:319)
    [junit] 	at org.bluezoo.gonzalez.EntityStack.expandGeneralEntity(EntityStack.java:221)
    [junit] 	at org.bluezoo.gonzalez.EntityStack.expandEntityValue(EntityStack.java:319)
    [junit] 	at org.bluezoo.gonzalez.EntityStack.expandGeneralEntity(EntityStack.java:221)
    [junit] 	at org.bluezoo.gonzalez.EntityStack.expandEntityValue(EntityStack.java:319)
    [junit] 	at org.bluezoo.gonzalez.EntityStack.expandGeneralEntity(EntityStack.java:221)
    [junit] 	at org.bluezoo.gonzalez.EntityStack.expandEntityValue(EntityStack.java:319)
    [junit] 	at org.bluezoo.gonzalez.EntityStack.expandGeneralEntity(EntityStack.java:221)
    [junit] 	at org.bluezoo.gonzalez.EntityStack.expandEntityValue(EntityStack.java:319)
    [junit] 	at org.bluezoo.gonzalez.EntityStack.expandGeneralEntity(EntityStack.java:221)
    [junit] 	at org.bluezoo.gonzalez.EntityStack.expandEntityValue(EntityStack.java:319)
    [junit] 	at org.bluezoo.gonzalez.EntityStack.expandGeneralEntity(EntityStack.java:221)
    [junit] 	at org.bluezoo.gonzalez.EntityStack.expandEntityValue(EntityStack.java:319)
    [junit] 	at org.bluezoo.gonzalez.EntityStack.expandGeneralEntity(EntityStack.java:221)
    [junit] 	at org.bluezoo.gonzalez.EntityStack.expandEntityValue(EntityStack.java:319)
    [junit] 	at org.bluezoo.gonzalez.EntityStack.expandGeneralEntity(EntityStack.java:221)
    [junit] 	at org.bluezoo.gonzalez.EntityStack.expandEntityValue(EntityStack.java:319)
    [junit] 	at org.bluezoo.gonzalez.EntityStack.expandGeneralEntity(EntityStack.java:221)
    [junit] 	at org.bluezoo.gonzalez.EntityStack.expandEntityValue(EntityStack.java:319)
    [junit] 	at org.bluezoo.gonzalez.EntityStack.expandGeneralEntity(EntityStack.java:221)
    [junit] 	at org.bluezoo.gonzalez.EntityStack.expandEntityValue(EntityStack.java:319)
    [junit] 	at org.bluezoo.gonzalez.EntityStack.expandGeneralEntity(EntityStack.java:221)
    [junit] 	at org.bluezoo.gonzalez.EntityStack.expandEntityValue(EntityStack.java:319)
    [junit] 	at org.bluezoo.gonzalez.EntityStack.expandGeneralEntity(EntityStack.java:221)
    [junit] 	at org.bluezoo.gonzalez.EntityStack.expandEntityValue(EntityStack.java:319)
    [junit] 	at org.bluezoo.gonzalez.EntityStack.expandGeneralEntity(EntityStack.java:221)
    [junit] 	at org.bluezoo.gonzalez.EntityStack.expandEntityValue(EntityStack.java:319)
    [junit] 	at org.bluezoo.gonzalez.EntityStack.expandGeneralEntity(EntityStack.java:221)
    [junit] 	at org.bluezoo.gonzalez.EntityStack.expandEntityValue(EntityStack.java:319)
    [junit] 	at org.bluezoo.gonzalez.EntityStack.expandGeneralEntity(EntityStack.java:221)
    [junit] 	at org.bluezoo.gonzalez.EntityStack.expandEntityValue(EntityStack.java:319)
    [junit] 	at org.bluezoo.gonzalez.EntityStack.expandGeneralEntity(EntityStack.java:221)
    [junit] 	at org.bluezoo.gonzalez.EntityStack.expandEntityValue(EntityStack.java:319)
    [junit] 	at org.bluezoo.gonzalez.EntityStack.expandGeneralEntity(EntityStack.java:221)
    [junit] 	at org.bluezoo.gonzalez.EntityStack.expandEntityValue(EntityStack.java:319)
    [junit] 	at org.bluezoo.gonzalez.EntityStack.expandGeneralEntity(EntityStack.java:221)
    [junit] 	at org.bluezoo.gonzalez.EntityStack.expandEntityValue(EntityStack.java:319)
    [junit] 	at org.bluezoo.gonzalez.EntityStack.expandGeneralEntity(EntityStack.java:221)
    [junit] 	at org.bluezoo.gonzalez.EntityStack.expandEntityValue(EntityStack.java:319)
    [junit] 	at org.bluezoo.gonzalez.EntityStack.expandGeneralEntity(EntityStack.java:221)
    [junit] 	at org.bluezoo.gonzalez.EntityStack.expandEntityValue(EntityStack.java:319)
    [junit] 	at org.bluezoo.gonzalez.EntityStack.expandGeneralEntity(EntityStack.java:221)
    [junit] 	at org.bluezoo.gonzalez.EntityStack.expandEntityValue(EntityStack.java:319)
    [junit] 	at org.bluezoo.gonzalez.EntityStack.expandGeneralEntity(EntityStack.java:221)
    [junit] 	at org.bluezoo.gonzalez.EntityStack.expandEntityValue(EntityStack.java:319)
    [junit] 	at org.bluezoo.gonzalez.EntityStack.expandGeneralEntity(EntityStack.java:221)
    [junit] 	at org.bluezoo.gonzalez.EntityStack.expandEntityValue(EntityStack.java:319)
    [junit] 	at org.bluezoo.gonzalez.EntityStack.expandGeneralEntity(EntityStack.java:221)
    [junit] 	at org.bluezoo.gonzalez.EntityStack.expandEntityValue(EntityStack.java:319)
    [junit] 	at org.bluezoo.gonzalez.EntityStack.expandGeneralEntity(EntityStack.java:221)
    [junit] 	at org.bluezoo.gonzalez.EntityStack.expandEntityValue(EntityStack.java:319)
    [junit] 	at org.bluezoo.gonzalez.EntityStack.expandGeneralEntity(EntityStack.java:221)
    [junit] 	at org.bluezoo.gonzalez.EntityStack.expandEntityValue(EntityStack.java:319)
    [junit] 	at org.bluezoo.gonzalez.EntityStack.expandGeneralEntity(EntityStack.java:221)
    [junit] 	at org.bluezoo.gonzalez.EntityStack.expandEntityValue(EntityStack.java:319)
    [junit] 	at org.bluezoo.gonzalez.EntityStack.expandGeneralEntity(EntityStack.java:221)
    [junit] 	at org.bluezoo.gonzalez.EntityStack.expandEntityValue(EntityStack.java:319)
    [junit] 	at org.bluezoo.gonzalez.EntityStack.expandGeneralEntity(EntityStack.java:221)
    [junit] 	at org.bluezoo.gonzalez.EntityStack.expandEntityValue(EntityStack.java:319)
    [junit] 	at org.bluezoo.gonzalez.EntityStack.expandGeneralEntity(EntityStack.java:221)
    [junit] 	at org.bluezoo.gonzalez.EntityStack.expandEntityValue(EntityStack.java:319)
    [junit] 	at org.bluezoo.gonzalez.EntityStack.expandGeneralEntity(EntityStack.java:221)
    [junit] 	at org.bluezoo.gonzalez.EntityStack.expandEntityValue(EntityStack.java:319)
    [junit] 	at org.bluezoo.gonzalez.EntityStack.expandGeneralEntity(EntityStack.java:221)
    [junit] 	at org.bluezoo.gonzalez.EntityStack.expandEntityValue(EntityStack.java:319)
    [junit] 	at org.bluezoo.gonzalez.EntityStack.expandGeneralEntity(EntityStack.java:221)
    [junit] 	at org.bluezoo.gonzalez.EntityStack.expandEntityValue(EntityStack.java:319)
    [junit] 	at org.bluezoo.gonzalez.EntityStack.expandGeneralEntity(EntityStack.java:221)
    [junit] 	at org.bluezoo.gonzalez.EntityStack.expandEntityValue(EntityStack.java:319)
    [junit] 	at org.bluezoo.gonzalez.EntityStack.expandGeneralEntity(EntityStack.java:221)
    [junit] 	at org.bluezoo.gonzalez.EntityStack.expandEntityValue(EntityStack.java:319)
    [junit] 	at org.bluezoo.gonzalez.EntityStack.expandGeneralEntity(EntityStack.java:221)
    [junit] 	at org.bluezoo.gonzalez.EntityStack.expandEntityValue(EntityStack.java:319)
    [junit] 	at org.bluezoo.gonzalez.EntityStack.expandGeneralEntity(EntityStack.java:221)
    [junit] 	at org.bluezoo.gonzalez.EntityStack.expandEntityValue(EntityStack.java:319)
    [junit] 	at org.bluezoo.gonzalez.EntityStack.expandGeneralEntity(EntityStack.java:221)
    [junit] 	at org.bluezoo.gonzalez.EntityStack.expandEntityValue(EntityStack.java:319)
    [junit] 	at org.bluezoo.gonzalez.EntityStack.expandGeneralEntity(EntityStack.java:221)
    [junit] 	at org.bluezoo.gonzalez.EntityStack.expandEntityValue(EntityStack.java:319)
    [junit] 	at org.bluezoo.gonzalez.EntityStack.expandGeneralEntity(EntityStack.java:221)
    [junit] 	at org.bluezoo.gonzalez.EntityStack.expandEntityValue(EntityStack.java:319)
    [junit] 	at org.bluezoo.gonzalez.EntityStack.expandGeneralEntity(EntityStack.java:221)
    [junit] 	at org.bluezoo.gonzalez.EntityStack.expandEntityValue(EntityStack.java:319)
    [junit] 	at org.bluezoo.gonzalez.EntityStack.expandGeneralEntity(EntityStack.java:221)
    [junit] 	at org.bluezoo.gonzalez.EntityStack.expandEntityValue(EntityStack.java:319)
    [junit] 	at org.bluezoo.gonzalez.EntityStack.expandGeneralEntity(EntityStack.java:221)
    [junit] 	at org.bluezoo.gonzalez.EntityStack.expandEntityValue(EntityStack.java:319)
    [junit] 	at org.bluezoo.gonzalez.EntityStack.expandGeneralEntity(EntityStack.java:221)
    [junit] 	at org.bluezoo.gonzalez.EntityStack.expandEntityValue(EntityStack.java:319)
    [junit] 	at org.bluezoo.gonzalez.EntityStack.expandGeneralEntity(EntityStack.java:221)
    [junit] 	at org.bluezoo.gonzalez.EntityStack.expandEntityValue(EntityStack.java:319)
    [junit] 	at org.bluezoo.gonzalez.EntityStack.expandGeneralEntity(EntityStack.java:221)
    [junit] 	at org.bluezoo.gonzalez.EntityStack.expandEntityValue(EntityStack.java:319)
    [junit] 	at org.bluezoo.gonzalez.EntityStack.expandGeneralEntity(EntityStack.java:221)
    [junit] 	at org.bluezoo.gonzalez.EntityStack.expandEntityValue(EntityStack.java:319)
    [junit] 	at org.bluezoo.gonzalez.EntityStack.expandGeneralEntity(EntityStack.java:221)
    [junit] 	at org.bluezoo.gonzalez.EntityStack.expandEntityValue(EntityStack.java:319)
    [junit] 	at org.bluezoo.gonzalez.EntityStack.expandGeneralEntity(EntityStack.java:221)
    [junit] 	at org.bluezoo.gonzalez.EntityStack.expandEntityValue(EntityStack.java:319)
    [junit] 	at org.bluezoo.gonzalez.EntityStack.expandGeneralEntity(EntityStack.java:221)
    [junit] 	at org.bluezoo.gonzalez.EntityStack.expandEntityValue(EntityStack.java:319)
    [junit] 	at org.bluezoo.gonzalez.EntityStack.expandGeneralEntity(EntityStack.java:221)
    [junit] 	at org.bluezoo.gonzalez.EntityStack.expandEntityValue(EntityStack.java:319)
    [junit] 	at org.bluezoo.gonzalez.EntityStack.expandGeneralEntity(EntityStack.java:221)
    [junit] 	at org.bluezoo.gonzalez.EntityStack.expandEntityValue(EntityStack.java:319)
    [junit] 	at org.bluezoo.gonzalez.EntityStack.expandGeneralEntity(EntityStack.java:221)
    [junit] 	at org.bluezoo.gonzalez.EntityStack.expandEntityValue(EntityStack.java:319)
    [junit] 	at org.bluezoo.gonzalez.EntityStack.expandGeneralEntity(EntityStack.java:221)
    [junit] 	at org.bluezoo.gonzalez.EntityStack.expandEntityValue(EntityStack.java:319)
    [junit] 	at org.bluezoo.gonzalez.EntityStack.expandGeneralEntity(EntityStack.java:221)
    [junit] 	at org.bluezoo.gonzalez.EntityStack.expandEntityValue(EntityStack.java:319)
    [junit] 	at org.bluezoo.gonzalez.EntityStack.expandGeneralEntity(EntityStack.java:221)
    [junit] 	at org.bluezoo.gonzalez.EntityStack.expandEntityValue(EntityStack.java:319)
    [junit] 	at org.bluezoo.gonzalez.EntityStack.expandGeneralEntity(EntityStack.java:221)
    [junit] 	at org.bluezoo.gonzalez.EntityStack.expandEntityValue(EntityStack.java:319)
    [junit] 	at org.bluezoo.gonzalez.EntityStack.expandGeneralEntity(EntityStack.java:221)
    [junit] 	at org.bluezoo.gonzalez.EntityStack.expandEntityValue(EntityStack.java:319)
    [junit] 	at org.bluezoo.gonzalez.EntityStack.expandGeneralEntity(EntityStack.java:221)
    [junit] 	at org.bluezoo.gonzalez.EntityStack.expandEntityValue(EntityStack.java:319)
    [junit] 	at org.bluezoo.gonzalez.EntityStack.expandGeneralEntity(EntityStack.java:221)
    [junit] 	at org.bluezoo.gonzalez.EntityStack.expandEntityValue(EntityStack.java:319)
    [junit] 	at org.bluezoo.gonzalez.EntityStack.expandGeneralEntity(EntityStack.java:221)
    [junit] 	at org.bluezoo.gonzalez.EntityStack.expandEntityValue(EntityStack.java:319)
    [junit] 	at org.bluezoo.gonzalez.EntityStack.expandGeneralEntity(EntityStack.java:221)
    [junit] 	at org.bluezoo.gonzalez.EntityStack.expandEntityValue(EntityStack.java:319)
    [junit] 	at org.bluezoo.gonzalez.EntityStack.expandGeneralEntity(EntityStack.java:221)
    [junit] 	at org.bluezoo.gonzalez.EntityStack.expandEntityValue(EntityStack.java:319)
    [junit] 	at org.bluezoo.gonzalez.EntityStack.expandGeneralEntity(EntityStack.java:221)
    [junit] 	at org.bluezoo.gonzalez.EntityStack.expandEntityValue(EntityStack.java:319)
    [junit] 	at org.bluezoo.gonzalez.EntityStack.expandGeneralEntity(EntityStack.java:221)
    [junit] 	at org.bluezoo.gonzalez.EntityStack.expandEntityValue(EntityStack.java:319)
    [junit] 	at org.bluezoo.gonzalez.EntityStack.expandGeneralEntity(EntityStack.java:221)
    [junit] 	at org.bluezoo.gonzalez.EntityStack.expandEntityValue(EntityStack.java:319)
    [junit] 	at org.bluezoo.gonzalez.EntityStack.expandGeneralEntity(EntityStack.java:221)
    [junit] 	at org.bluezoo.gonzalez.EntityStack.expandEntityValue(EntityStack.java:319)
    [junit] 	at org.bluezoo.gonzalez.EntityStack.expandGeneralEntity(EntityStack.java:221)
    [junit] 	at org.bluezoo.gonzalez.EntityStack.expandEntityValue(EntityStack.java:319)
    [junit] 	at org.bluezoo.gonzalez.EntityStack.expandGeneralEntity(EntityStack.java:221)
    [junit] 	at org.bluezoo.gonzalez.EntityStack.expandEntityValue(EntityStack.java:319)
    [junit] 	at org.bluezoo.gonzalez.EntityStack.expandGeneralEntity(EntityStack.java:221)
    [junit] 	at org.bluezoo.gonzalez.EntityStack.expandEntityValue(EntityStack.java:319)
    [junit] 	at org.bluezoo.gonzalez.EntityStack.expandGeneralEntity(EntityStack.java:221)
    [junit] 	at org.bluezoo.gonzalez.EntityStack.expandEntityValue(EntityStack.java:319)
    [junit] 	at org.bluezoo.gonzalez.EntityStack.expandGeneralEntity(EntityStack.java:221)
    [junit] 	at org.bluezoo.gonzalez.EntityStack.expandEntityValue(EntityStack.java:319)
    [junit] 	at org.bluezoo.gonzalez.EntityStack.expandGeneralEntity(EntityStack.java:221)
    [junit] 	at org.bluezoo.gonzalez.EntityStack.expandEntityValue(EntityStack.java:319)
    [junit] 	at org.bluezoo.gonzalez.EntityStack.expandGeneralEntity(EntityStack.java:221)
    [junit] 	at org.bluezoo.gonzalez.EntityStack.expandEntityValue(EntityStack.java:319)
    [junit] 	at org.bluezoo.gonzalez.EntityStack.expandGeneralEntity(EntityStack.java:221)
    [junit] 	at org.bluezoo.gonzalez.EntityStack.expandEntityValue(EntityStack.java:319)
    [junit] 	at org.bluezoo.gonzalez.EntityStack.expandGeneralEntity(EntityStack.java:221)
    [junit] 	at org.bluezoo.gonzalez.EntityStack.expandEntityValue(EntityStack.java:319)
    [junit] 	at org.bluezoo.gonzalez.EntityStack.expandGeneralEntity(EntityStack.java:221)
    [junit] 	at org.bluezoo.gonzalez.EntityStack.expandEntityValue(EntityStack.java:319)
    [junit] 	at org.bluezoo.gonzalez.EntityStack.expandGeneralEntity(EntityStack.java:221)
    [junit] 	at org.bluezoo.gonzalez.EntityStack.expandEntityValue(EntityStack.java:319)
    [junit] 	at org.bluezoo.gonzalez.EntityStack.expandGeneralEntity(EntityStack.java:221)
    [junit] 	at org.bluezoo.gonzalez.EntityStack.expandEntityValue(EntityStack.java:319)
    [junit] 	at org.bluezoo.gonzalez.EntityStack.expandGeneralEntity(EntityStack.java:221)
    [junit] 	at org.bluezoo.gonzalez.EntityStack.expandEntityValue(EntityStack.java:319)
    [junit] 	at org.bluezoo.gonzalez.EntityStack.expandGeneralEntity(EntityStack.java:221)
    [junit] 	at org.bluezoo.gonzalez.EntityStack.expandEntityValue(EntityStack.java:319)
    [junit] 	at org.bluezoo.gonzalez.EntityStack.expandGeneralEntity(EntityStack.java:221)
    [junit] 	at org.bluezoo.gonzalez.EntityStack.expandEntityValue(EntityStack.java:319)
    [junit] 	at org.bluezoo.gonzalez.EntityStack.expandGeneralEntity(EntityStack.java:221)
    [junit] 	at org.bluezoo.gonzalez.EntityStack.expandEntityValue(EntityStack.java:319)
    [junit] 	at org.bluezoo.gonzalez.EntityStack.expandGeneralEntity(EntityStack.java:221)
    [junit] 	at org.bluezoo.gonzalez.EntityStack.expandEntityValue(EntityStack.java:319)
    [junit] 	at org.bluezoo.gonzalez.EntityStack.expandGeneralEntity(EntityStack.java:221)
    [junit] 	at org.bluezoo.gonzalez.EntityStack.expandEntityValue(EntityStack.java:319)
    [junit] 	at org.bluezoo.gonzalez.EntityStack.expandGeneralEntity(EntityStack.java:221)
    [junit] 	at org.bluezoo.gonzalez.EntityStack.expandEntityValue(EntityStack.java:319)
    [junit] 	at org.bluezoo.gonzalez.EntityStack.expandGeneralEntity(EntityStack.java:221)
    [junit] 	at org.bluezoo.gonzalez.EntityStack.expandEntityValue(EntityStack.java:319)
    [junit] 	at org.bluezoo.gonzalez.EntityStack.expandGeneralEntity(EntityStack.java:221)
    [junit] 	at org.bluezoo.gonzalez.EntityStack.expandEntityValue(EntityStack.java:319)
    [junit] 	at org.bluezoo.gonzalez.EntityStack.expandGeneralEntity(EntityStack.java:221)
    [junit] 	at org.bluezoo.gonzalez.EntityStack.expandEntityValue(EntityStack.java:319)
    [junit] 	at org.bluezoo.gonzalez.EntityStack.expandGeneralEntity(EntityStack.java:221)
    [junit] 	at org.bluezoo.gonzalez.EntityStack.expandEntityValue(EntityStack.java:319)
    [junit] 	at org.bluezoo.gonzalez.EntityStack.expandGeneralEntity(EntityStack.java:221)
    [junit] 	at org.bluezoo.gonzalez.EntityStack.expandEntityValue(EntityStack.java:319)
    [junit] 	at org.bluezoo.gonzalez.EntityStack.expandGeneralEntity(EntityStack.java:221)
    [junit] 	at org.bluezoo.gonzalez.EntityStack.expandEntityValue(EntityStack.java:319)
    [junit] 	at org.bluezoo.gonzalez.EntityStack.expandGeneralEntity(EntityStack.java:221)
    [junit] 	at org.bluezoo.gonzalez.EntityStack.expandEntityValue(EntityStack.java:319)
    [junit] 	at org.bluezoo.gonzalez.EntityStack.expandGeneralEntity(EntityStack.java:221)
    [junit] 	at org.bluezoo.gonzalez.EntityStack.expandEntityValue(EntityStack.java:319)
    [junit] 	at org.bluezoo.gonzalez.EntityStack.expandGeneralEntity(EntityStack.java:221)
    [junit] 	at org.bluezoo.gonzalez.EntityStack.expandEntityValue(EntityStack.java:319)
    [junit] 	at org.bluezoo.gonzalez.EntityStack.expandGeneralEntity(EntityStack.java:221)
    [junit] 	at org.bluezoo.gonzalez.EntityStack.expandEntityValue(EntityStack.java:319)
    [junit] 	at org.bluezoo.gonzalez.EntityStack.expandGeneralEntity(EntityStack.java:221)
    [junit] 	at org.bluezoo.gonzalez.EntityStack.expandEntityValue(EntityStack.java:319)
    [junit] 	at org.bluezoo.gonzalez.EntityStack.expandGeneralEntity(EntityStack.java:221)
    [junit] 	at org.bluezoo.gonzalez.EntityStack.expandEntityValue(EntityStack.java:319)
    [junit] 	at org.bluezoo.gonzalez.EntityStack.expandGeneralEntity(EntityStack.java:221)
    [junit] 	at org.bluezoo.gonzalez.EntityStack.expandEntityValue(EntityStack.java:319)
    [junit] 	at org.bluezoo.gonzalez.EntityStack.expandGeneralEntity(EntityStack.java:221)
    [junit] 	at org.bluezoo.gonzalez.EntityStack.expandEntityValue(EntityStack.java:319)
    [junit] 	at org.bluezoo.gonzalez.EntityStack.expandGeneralEntity(EntityStack.java:221)
    [junit] 	at org.bluezoo.gonzalez.EntityStack.expandEntityValue(EntityStack.java:319)
    [junit] 	at org.bluezoo.gonzalez.EntityStack.expandGeneralEntity(EntityStack.java:221)
    [junit] 	at org.bluezoo.gonzalez.EntityStack.expandEntityValue(EntityStack.java:319)
    [junit] 	at org.bluezoo.gonzalez.EntityStack.expandGeneralEntity(EntityStack.java:221)
    [junit] 	at org.bluezoo.gonzalez.EntityStack.expandEntityValue(EntityStack.java:319)
    [junit] 	at org.bluezoo.gonzalez.EntityStack.expandGeneralEntity(EntityStack.java:221)
    [junit] 	at org.bluezoo.gonzalez.EntityStack.expandEntityValue(EntityStack.java:319)
    [junit] 	at org.bluezoo.gonzalez.EntityStack.expandGeneralEntity(EntityStack.java:221)
    [junit] 	at org.bluezoo.gonzalez.EntityStack.expandEntityValue(EntityStack.java:319)
    [junit] 	at org.bluezoo.gonzalez.EntityStack.expandGeneralEntity(EntityStack.java:221)
    [junit] 	at org.bluezoo.gonzalez.EntityStack.expandEntityValue(EntityStack.java:319)
    [junit] 	at org.bluezoo.gonzalez.EntityStack.expandGeneralEntity(EntityStack.java:221)
    [junit] 	at org.bluezoo.gonzalez.EntityStack.expandEntityValue(EntityStack.java:319)
    [junit] 	at org.bluezoo.gonzalez.EntityStack.expandGeneralEntity(EntityStack.java:221)
    [junit] 	at org.bluezoo.gonzalez.EntityStack.expandEntityValue(EntityStack.java:319)
    [junit] 	at org.bluezoo.gonzalez.EntityStack.expandGeneralEntity(EntityStack.java:221)
    [junit] 	at org.bluezoo.gonzalez.EntityStack.expandEntityValue(EntityStack.java:319)
    [junit] 	at org.bluezoo.gonzalez.EntityStack.expandGeneralEntity(EntityStack.java:221)
    [junit] 	at org.bluezoo.gonzalez.EntityStack.expandEntityValue(EntityStack.java:319)
    [junit] 	at org.bluezoo.gonzalez.EntityStack.expandGeneralEntity(EntityStack.java:221)
    [junit] 	at org.bluezoo.gonzalez.EntityStack.expandEntityValue(EntityStack.java:319)
    [junit] 	at org.bluezoo.gonzalez.EntityStack.expandGeneralEntity(EntityStack.java:221)
    [junit] 	at org.bluezoo.gonzalez.EntityStack.expandEntityValue(EntityStack.java:319)
    [junit] 	at org.bluezoo.gonzalez.EntityStack.expandGeneralEntity(EntityStack.java:221)
    [junit] 	at org.bluezoo.gonzalez.EntityStack.expandEntityValue(EntityStack.java:319)
    [junit] 	at org.bluezoo.gonzalez.EntityStack.expandGeneralEntity(EntityStack.java:221)
    [junit] 	at org.bluezoo.gonzalez.EntityStack.expandEntityValue(EntityStack.java:319)
    [junit] 	at org.bluezoo.gonzalez.EntityStack.expandGeneralEntity(EntityStack.java:221)
    [junit] 	at org.bluezoo.gonzalez.EntityStack.expandEntityValue(EntityStack.java:319)
    [junit] 	at org.bluezoo.gonzalez.EntityStack.expandGeneralEntity(EntityStack.java:221)
    [junit] 	at org.bluezoo.gonzalez.EntityStack.expandEntityValue(EntityStack.java:319)
    [junit] 	at org.bluezoo.gonzalez.EntityStack.expandGeneralEntity(EntityStack.java:221)
    [junit] 	at org.bluezoo.gonzalez.EntityStack.expandEntityValue(EntityStack.java:319)
    [junit] 	at org.bluezoo.gonzalez.EntityStack.expandGeneralEntity(EntityStack.java:221)
    [junit] 	at org.bluezoo.gonzalez.EntityStack.expandEntityValue(EntityStack.java:319)
    [junit] 	at org.bluezoo.gonzalez.EntityStack.expandGeneralEntity(EntityStack.java:221)
    [junit] 	at org.bluezoo.gonzalez.EntityStack.expandEntityValue(EntityStack.java:319)
    [junit] 	at org.bluezoo.gonzalez.EntityStack.expandGeneralEntity(EntityStack.java:221)
    [junit] 	at org.bluezoo.gonzalez.EntityStack.expandEntityValue(EntityStack.java:319)
    [junit] 	at org.bluezoo.gonzalez.EntityStack.expandGeneralEntity(EntityStack.java:221)
    [junit] 	at org.bluezoo.gonzalez.EntityStack.expandEntityValue(EntityStack.java:319)
    [junit] 	at org.bluezoo.gonzalez.EntityStack.expandGeneralEntity(EntityStack.java:221)
    [junit] 	at org.bluezoo.gonzalez.EntityStack.expandEntityValue(EntityStack.java:319)
    [junit] 	at org.bluezoo.gonzalez.EntityStack.expandGeneralEntity(EntityStack.java:221)
    [junit] 	at org.bluezoo.gonzalez.EntityStack.expandEntityValue(EntityStack.java:319)
    [junit] 	at org.bluezoo.gonzalez.EntityStack.expandGeneralEntity(EntityStack.java:221)
    [junit] 	at org.bluezoo.gonzalez.EntityStack.expandEntityValue(EntityStack.java:319)
    [junit] 	at org.bluezoo.gonzalez.EntityStack.expandGeneralEntity(EntityStack.java:221)
    [junit] 	at org.bluezoo.gonzalez.EntityStack.expandEntityValue(EntityStack.java:319)
    [junit] 	at org.bluezoo.gonzalez.EntityStack.expandGeneralEntity(EntityStack.java:221)
    [junit] 	at org.bluezoo.gonzalez.EntityStack.expandEntityValue(EntityStack.java:319)
    [junit] 	at org.bluezoo.gonzalez.EntityStack.expandGeneralEntity(EntityStack.java:221)
    [junit] 	at org.bluezoo.gonzalez.EntityStack.expandEntityValue(EntityStack.java:319)
    [junit] 	at org.bluezoo.gonzalez.EntityStack.expandGeneralEntity(EntityStack.java:221)
    [junit] 	at org.bluezoo.gonzalez.EntityStack.expandEntityValue(EntityStack.java:319)
    [junit] 	at org.bluezoo.gonzalez.EntityStack.expandGeneralEntity(EntityStack.java:221)
    [junit] 	at org.bluezoo.gonzalez.EntityStack.expandEntityValue(EntityStack.java:319)
    [junit] 	at org.bluezoo.gonzalez.EntityStack.expandGeneralEntity(EntityStack.java:221)
    [junit] 	at org.bluezoo.gonzalez.EntityStack.expandEntityValue(EntityStack.java:319)
    [junit] 	at org.bluezoo.gonzalez.EntityStack.expandGeneralEntity(EntityStack.java:221)
    [junit] 	at org.bluezoo.gonzalez.EntityStack.expandEntityValue(EntityStack.java:319)
    [junit] 	at org.bluezoo.gonzalez.EntityStack.expandGeneralEntity(EntityStack.java:221)
    [junit] 	at org.bluezoo.gonzalez.EntityStack.expandEntityValue(EntityStack.java:319)
    [junit] 	at org.bluezoo.gonzalez.EntityStack.expandGeneralEntity(EntityStack.java:221)
    [junit] 	at org.bluezoo.gonzalez.EntityStack.expandEntityValue(EntityStack.java:319)
    [junit] 	at org.bluezoo.gonzalez.EntityStack.expandGeneralEntity(EntityStack.java:221)
    [junit] 	at org.bluezoo.gonzalez.EntityStack.expandEntityValue(EntityStack.java:319)
    [junit] 	at org.bluezoo.gonzalez.EntityStack.expandGeneralEntity(EntityStack.java:221)
    [junit] 	at org.bluezoo.gonzalez.EntityStack.expandEntityValue(EntityStack.java:319)
    [junit] 	at org.bluezoo.gonzalez.EntityStack.expandGeneralEntity(EntityStack.java:221)
    [junit] 	at org.bluezoo.gonzalez.EntityStack.expandEntityValue(EntityStack.java:319)
    [junit] 	at org.bluezoo.gonzalez.EntityStack.expandGeneralEntity(EntityStack.java:221)
    [junit] 	at org.bluezoo.gonzalez.EntityStack.expandEntityValue(EntityStack.java:319)
    [junit] 	at org.bluezoo.gonzalez.EntityStack.expandGeneralEntity(EntityStack.java:221)
    [junit] 	at org.bluezoo.gonzalez.EntityStack.expandEntityValue(EntityStack.java:319)
    [junit] 	at org.bluezoo.gonzalez.EntityStack.expandGeneralEntity(EntityStack.java:221)
    [junit] 	at org.bluezoo.gonzalez.EntityStack.expandEntityValue(EntityStack.java:319)
    [junit] 	at org.bluezoo.gonzalez.EntityStack.expandGeneralEntity(EntityStack.java:221)
    [junit] 	at org.bluezoo.gonzalez.EntityStack.expandEntityValue(EntityStack.java:319)
    [junit] 	at org.bluezoo.gonzalez.EntityStack.expandGeneralEntity(EntityStack.java:221)
    [junit] 	at org.bluezoo.gonzalez.EntityStack.expandEntityValue(EntityStack.java:319)
    [junit] 	at org.bluezoo.gonzalez.EntityStack.expandGeneralEntity(EntityStack.java:221)
    [junit] 	at org.bluezoo.gonzalez.EntityStack.expandEntityValue(EntityStack.java:319)
    [junit] 	at org.bluezoo.gonzalez.EntityStack.expandGeneralEntity(EntityStack.java:221)
    [junit] 	at org.bluezoo.gonzalez.EntityStack.expandEntityValue(EntityStack.java:319)
    [junit] 	at org.bluezoo.gonzalez.EntityStack.expandGeneralEntity(EntityStack.java:221)
    [junit] 	at org.bluezoo.gonzalez.EntityStack.expandEntityValue(EntityStack.java:319)
    [junit] 	at org.bluezoo.gonzalez.EntityStack.expandGeneralEntity(EntityStack.java:221)
    [junit] 	at org.bluezoo.gonzalez.EntityStack.expandEntityValue(EntityStack.java:319)
    [junit] 	at org.bluezoo.gonzalez.EntityStack.expandGeneralEntity(EntityStack.java:221)
    [junit] 	at org.bluezoo.gonzalez.EntityStack.expandEntityValue(EntityStack.java:319)
    [junit] 	at org.bluezoo.gonzalez.EntityStack.expandGeneralEntity(EntityStack.java:221)
    [junit] 	at org.bluezoo.gonzalez.EntityStack.expandEntityValue(EntityStack.java:319)
    [junit] 	at org.bluezoo.gonzalez.EntityStack.expandGeneralEntity(EntityStack.java:221)
    [junit] 	at org.bluezoo.gonzalez.EntityStack.expandEntityValue(EntityStack.java:319)
    [junit] 	at org.bluezoo.gonzalez.EntityStack.expandGeneralEntity(EntityStack.java:221)
    [junit] 	at org.bluezoo.gonzalez.EntityStack.expandEntityValue(EntityStack.java:319)
    [junit] 	at org.bluezoo.gonzalez.EntityStack.expandGeneralEntity(EntityStack.java:221)
    [junit] 	at org.bluezoo.gonzalez.EntityStack.expandEntityValue(EntityStack.java:319)
    [junit] 	at org.bluezoo.gonzalez.EntityStack.expandGeneralEntity(EntityStack.java:221)
    [junit] 	at org.bluezoo.gonzalez.EntityStack.expandEntityValue(EntityStack.java:319)
    [junit] 	at org.bluezoo.gonzalez.EntityStack.expandGeneralEntity(EntityStack.java:221)
    [junit] 	at org.bluezoo.gonzalez.EntityStack.expandEntityValue(EntityStack.java:319)
    [junit] 	at org.bluezoo.gonzalez.EntityStack.expandGeneralEntity(EntityStack.java:221)
    [junit] 	at org.bluezoo.gonzalez.EntityStack.expandEntityValue(EntityStack.java:319)
    [junit] 	at org.bluezoo.gonzalez.EntityStack.expandGeneralEntity(EntityStack.java:221)
    [junit] 	at org.bluezoo.gonzalez.EntityStack.expandEntityValue(EntityStack.java:319)
    [junit] 	at org.bluezoo.gonzalez.EntityStack.expandGeneralEntity(EntityStack.java:221)
    [junit] 	at org.bluezoo.gonzalez.EntityStack.expandEntityValue(EntityStack.java:319)
    [junit] 	at org.bluezoo.gonzalez.EntityStack.expandGeneralEntity(EntityStack.java:221)
    [junit] 	at org.bluezoo.gonzalez.EntityStack.expandEntityValue(EntityStack.java:319)
    [junit] 	at org.bluezoo.gonzalez.EntityStack.expandGeneralEntity(EntityStack.java:221)
    [junit] 	at org.bluezoo.gonzalez.EntityStack.expandEntityValue(EntityStack.java:319)
    [junit] 	at org.bluezoo.gonzalez.EntityStack.expandGeneralEntity(EntityStack.java:221)
    [junit] 	at org.bluezoo.gonzalez.EntityStack.expandEntityValue(EntityStack.java:319)
    [junit] 	at org.bluezoo.gonzalez.EntityStack.expandGeneralEntity(EntityStack.java:221)
    [junit] 	at org.bluezoo.gonzalez.EntityStack.expandEntityValue(EntityStack.java:319)
    [junit] 	at org.bluezoo.gonzalez.EntityStack.expandGeneralEntity(EntityStack.java:221)
    [junit] 	at org.bluezoo.gonzalez.EntityStack.expandEntityValue(EntityStack.java:319)
    [junit] 	at org.bluezoo.gonzalez.EntityStack.expandGeneralEntity(EntityStack.java:221)
    [junit] 	at org.bluezoo.gonzalez.EntityStack.expandEntityValue(EntityStack.java:319)
    [junit] 	at org.bluezoo.gonzalez.EntityStack.expandGeneralEntity(EntityStack.java:221)
    [junit] 	at org.bluezoo.gonzalez.EntityStack.expandEntityValue(EntityStack.java:319)
    [junit] 	at org.bluezoo.gonzalez.EntityStack.expandGeneralEntity(EntityStack.java:221)
    [junit] 	at org.bluezoo.gonzalez.EntityStack.expandEntityValue(EntityStack.java:319)
    [junit] 	at org.bluezoo.gonzalez.EntityStack.expandGeneralEntity(EntityStack.java:221)
    [junit] 	at org.bluezoo.gonzalez.EntityStack.expandEntityValue(EntityStack.java:319)
    [junit] 	at org.bluezoo.gonzalez.EntityStack.expandGeneralEntity(EntityStack.java:221)
    [junit] 	at org.bluezoo.gonzalez.EntityStack.expandEntityValue(EntityStack.java:319)
    [junit] 	at org.bluezoo.gonzalez.EntityStack.expandGeneralEntity(EntityStack.java:221)
    [junit] 	at org.bluezoo.gonzalez.EntityStack.expandEntityValue(EntityStack.java:319)
    [junit] 	at org.bluezoo.gonzalez.EntityStack.expandGeneralEntity(EntityStack.java:221)
    [junit] 	at org.bluezoo.gonzalez.EntityStack.expandEntityValue(EntityStack.java:319)
    [junit] 	at org.bluezoo.gonzalez.EntityStack.expandGeneralEntity(EntityStack.java:221)
    [junit] 	at org.bluezoo.gonzalez.EntityStack.expandEntityValue(EntityStack.java:319)
    [junit] 	at org.bluezoo.gonzalez.EntityStack.expandGeneralEntity(EntityStack.java:221)
    [junit] 	at org.bluezoo.gonzalez.EntityStack.expandEntityValue(EntityStack.java:319)
    [junit] 	at org.bluezoo.gonzalez.EntityStack.expandGeneralEntity(EntityStack.java:221)
    [junit] 	at org.bluezoo.gonzalez.EntityStack.expandEntityValue(EntityStack.java:319)
    [junit] 	at org.bluezoo.gonzalez.EntityStack.expandGeneralEntity(EntityStack.java:221)
    [junit] 	at org.bluezoo.gonzalez.EntityStack.expandEntityValue(EntityStack.java:319)
    [junit] 	at org.bluezoo.gonzalez.EntityStack.expandGeneralEntity(EntityStack.java:221)
    [junit] 	at org.bluezoo.gonzalez.EntityStack.expandEntityValue(EntityStack.java:319)
    [junit] 	at org.bluezoo.gonzalez.EntityStack.expandGeneralEntity(EntityStack.java:221)
    [junit] 	at org.bluezoo.gonzalez.EntityStack.expandEntityValue(EntityStack.java:319)
    [junit] 	at org.bluezoo.gonzalez.EntityStack.expandGeneralEntity(EntityStack.java:221)
    [junit] 	at org.bluezoo.gonzalez.EntityStack.expandEntityValue(EntityStack.java:319)
    [junit] 	at org.bluezoo.gonzalez.EntityStack.expandGeneralEntity(EntityStack.java:221)
    [junit] 	at org.bluezoo.gonzalez.EntityStack.expandEntityValue(EntityStack.java:319)
    [junit] 	at org.bluezoo.gonzalez.EntityStack.expandGeneralEntity(EntityStack.java:221)
    [junit] 	at org.bluezoo.gonzalez.EntityStack.expandEntityValue(EntityStack.java:319)
    [junit] 	at org.bluezoo.gonzalez.EntityStack.expandGeneralEntity(EntityStack.java:221)
    [junit] 	at org.bluezoo.gonzalez.EntityStack.expandEntityValue(EntityStack.java:319)
    [junit] 	at org.bluezoo.gonzalez.EntityStack.expandGeneralEntity(EntityStack.java:221)
    [junit] 	at org.bluezoo.gonzalez.EntityStack.expandEntityValue(EntityStack.java:319)
    [junit] 	at org.bluezoo.gonzalez.EntityStack.expandGeneralEntity(EntityStack.java:221)
    [junit] 	at org.bluezoo.gonzalez.EntityStack.expandEntityValue(EntityStack.java:319)
    [junit] 	at org.bluezoo.gonzalez.EntityStack.expandGeneralEntity(EntityStack.java:221)
    [junit] 	at org.bluezoo.gonzalez.EntityStack.expandEntityValue(EntityStack.java:319)
    [junit] 	at org.bluezoo.gonzalez.EntityStack.expandGeneralEntity(EntityStack.java:221)
    [junit] 	at org.bluezoo.gonzalez.EntityStack.expandEntityValue(EntityStack.java:319)
    [junit] 	at org.bluezoo.gonzalez.EntityStack.expandGeneralEntity(EntityStack.java:221)
    [junit] 	at org.bluezoo.gonzalez.EntityStack.expandEntityValue(EntityStack.java:319)
    [junit] 	at org.bluezoo.gonzalez.EntityStack.expandGeneralEntity(EntityStack.java:221)
    [junit] 	at org.bluezoo.gonzalez.EntityStack.expandEntityValue(EntityStack.java:319)
    [junit] 	at org.bluezoo.gonzalez.EntityStack.expandGeneralEntity(EntityStack.java:221)
    [junit] 	at org.bluezoo.gonzalez.EntityStack.expandEntityValue(EntityStack.java:319)
    [junit] 	at org.bluezoo.gonzalez.EntityStack.expandGeneralEntity(EntityStack.java:221)
    [junit] 	at org.bluezoo.gonzalez.EntityStack.expandEntityValue(EntityStack.java:319)
    [junit] 	at org.bluezoo.gonzalez.EntityStack.expandGeneralEntity(EntityStack.java:221)
    [junit] 	at org.bluezoo.gonzalez.EntityStack.expandEntityValue(EntityStack.java:319)
    [junit] 	at org.bluezoo.gonzalez.EntityStack.expandGeneralEntity(EntityStack.java:221)
    [junit] 	at org.bluezoo.gonzalez.EntityStack.expandEntityValue(EntityStack.java:319)
    [junit] 	at org.bluezoo.gonzalez.EntityStack.expandGeneralEntity(EntityStack.java:221)
    [junit] 	at org.bluezoo.gonzalez.EntityStack.expandEntityValue(EntityStack.java:319)
    [junit] 	at org.bluezoo.gonzalez.EntityStack.expandGeneralEntity(EntityStack.java:221)
    [junit] 	at org.bluezoo.gonzalez.EntityStack.expandEntityValue(EntityStack.java:319)
    [junit] 	at org.bluezoo.gonzalez.EntityStack.expandGeneralEntity(EntityStack.java:221)
    [junit] 	at org.bluezoo.gonzalez.EntityStack.expandEntityValue(EntityStack.java:319)
    [junit] 	at org.bluezoo.gonzalez.EntityStack.expandGeneralEntity(EntityStack.java:221)
    [junit] 	at org.bluezoo.gonzalez.EntityStack.expandEntityValue(EntityStack.java:319)
    [junit] 	at org.bluezoo.gonzalez.EntityStack.expandGeneralEntity(EntityStack.java:221)
    [junit] 	at org.bluezoo.gonzalez.EntityStack.expandEntityValue(EntityStack.java:319)
    [junit] 	at org.bluezoo.gonzalez.EntityStack.expandGeneralEntity(EntityStack.java:221)
    [junit] 	at org.bluezoo.gonzalez.EntityStack.expandEntityValue(EntityStack.java:319)
    [junit] 	at org.bluezoo.gonzalez.EntityStack.expandGeneralEntity(EntityStack.java:221)
    [junit] 	at org.bluezoo.gonzalez.EntityStack.expandEntityValue(EntityStack.java:319)
    [junit] 	at org.bluezoo.gonzalez.EntityStack.expandGeneralEntity(EntityStack.java:221)
    [junit] 	at org.bluezoo.gonzalez.EntityStack.expandEntityValue(EntityStack.java:319)
    [junit] 	at org.bluezoo.gonzalez.EntityStack.expandGeneralEntity(EntityStack.java:221)
    [junit] 	at org.bluezoo.gonzalez.EntityStack.expandEntityValue(EntityStack.java:319)
    [junit] 	at org.bluezoo.gonzalez.EntityStack.expandGeneralEntity(EntityStack.java:221)
    [junit] 	at org.bluezoo.gonzalez.EntityStack.expandEntityValue(EntityStack.java:319)
    [junit] 	at org.bluezoo.gonzalez.EntityStack.expandGeneralEntity(EntityStack.java:221)
    [junit] 	at org.bluezoo.gonzalez.EntityStack.expandEntityValue(EntityStack.java:319)
    [junit] 	at org.bluezoo.gonzalez.EntityStack.expandGeneralEntity(EntityStack.java:221)
    [junit] 	at org.bluezoo.gonzalez.EntityStack.expandEntityValue(EntityStack.java:319)
    [junit] 	at org.bluezoo.gonzalez.EntityStack.expandGeneralEntity(EntityStack.java:221)
    [junit] 	at org.bluezoo.gonzalez.EntityStack.expandEntityValue(EntityStack.java:319)
    [junit] 	at org.bluezoo.gonzalez.EntityStack.expandGeneralEntity(EntityStack.java:221)
    [junit] 	at org.bluezoo.gonzalez.EntityStack.expandEntityValue(EntityStack.java:319)
    [junit] 	at org.bluezoo.gonzalez.EntityStack.expandGeneralEntity(EntityStack.java:221)
    [junit] 	at org.bluezoo.gonzalez.EntityStack.expandEntityValue(EntityStack.java:319)
    [junit] 	at org.bluezoo.gonzalez.EntityStack.expandGeneralEntity(EntityStack.java:221)
    [junit] 	at org.bluezoo.gonzalez.EntityStack.expandEntityValue(EntityStack.java:319)
    [junit] 	at org.bluezoo.gonzalez.EntityStack.expandGeneralEntity(EntityStack.java:221)
    [junit] 	at org.bluezoo.gonzalez.EntityStack.expandEntityValue(EntityStack.java:319)
    [junit] 	at org.bluezoo.gonzalez.EntityStack.expandGeneralEntity(EntityStack.java:221)
    [junit] 	at org.bluezoo.gonzalez.EntityStack.expandEntityValue(EntityStack.java:319)
    [junit] 	at org.bluezoo.gonzalez.EntityStack.expandGeneralEntity(EntityStack.java:221)
    [junit] 	at org.bluezoo.gonzalez.EntityStack.expandEntityValue(EntityStack.java:319)
    [junit] 	at org.bluezoo.gonzalez.EntityStack.expandGeneralEntity(EntityStack.java:221)
    [junit] 	at org.bluezoo.gonzalez.EntityStack.expandEntityValue(EntityStack.java:319)
    [junit] 	at org.bluezoo.gonzalez.EntityStack.expandGeneralEntity(EntityStack.java:221)
    [junit] 	at org.bluezoo.gonzalez.EntityStack.expandEntityValue(EntityStack.java:319)
    [junit] 	at org.bluezoo.gonzalez.EntityStack.expandGeneralEntity(EntityStack.java:221)
    [junit] 	at org.bluezoo.gonzalez.EntityStack.expandEntityValue(EntityStack.java:319)
    [junit] 	at org.bluezoo.gonzalez.EntityStack.expandGeneralEntity(EntityStack.java:221)
    [junit] 	at org.bluezoo.gonzalez.EntityStack.expandEntityValue(EntityStack.java:319)
    [junit] 	at org.bluezoo.gonzalez.EntityStack.expandGeneralEntity(EntityStack.java:221)
    [junit] 	at org.bluezoo.gonzalez.EntityStack.expandEntityValue(EntityStack.java:319)
    [junit] 	at org.bluezoo.gonzalez.EntityStack.expandGeneralEntity(EntityStack.java:221)
    [junit] 	at org.bluezoo.gonzalez.EntityStack.expandEntityValue(EntityStack.java:319)
    [junit] 	at org.bluezoo.gonzalez.EntityStack.expandGeneralEntity(EntityStack.java:221)
    [junit] 	at org.bluezoo.gonzalez.EntityStack.expandEntityValue(EntityStack.java:319)
    [junit] 	at org.bluezoo.gonzalez.EntityStack.expandGeneralEntity(EntityStack.java:221)
    [junit] 	at org.bluezoo.gonzalez.EntityStack.expandEntityValue(EntityStack.java:319)
    [junit] 	at org.bluezoo.gonzalez.EntityStack.expandGeneralEntity(EntityStack.java:221)
    [junit] 	at org.bluezoo.gonzalez.EntityStack.expandEntityValue(EntityStack.java:319)
    [junit] 	at org.bluezoo.gonzalez.EntityStack.expandGeneralEntity(EntityStack.java:221)
    [junit] 	at org.bluezoo.gonzalez.EntityStack.expandEntityValue(EntityStack.java:319)
    [junit] 	at org.bluezoo.gonzalez.EntityStack.expandGeneralEntity(EntityStack.java:221)
    [junit] 	at org.bluezoo.gonzalez.EntityStack.expandEntityValue(EntityStack.java:319)
    [junit] 	at org.bluezoo.gonzalez.EntityStack.expandGeneralEntity(EntityStack.java:221)
    [junit] 	at org.bluezoo.gonzalez.EntityStack.expandEntityValue(EntityStack.java:319)
    [junit] 	at org.bluezoo.gonzalez.EntityStack.expandGeneralEntity(EntityStack.java:221)
    [junit] 	at org.bluezoo.gonzalez.EntityStack.expandEntityValue(EntityStack.java:319)
    [junit] 	at org.bluezoo.gonzalez.EntityStack.expandGeneralEntity(EntityStack.java:221)
    [junit] 	at org.bluezoo.gonzalez.EntityStack.expandEntityValue(EntityStack.java:319)
    [junit] 	at org.bluezoo.gonzalez.EntityStack.expandGeneralEntity(EntityStack.java:221)
    [junit] 	at org.bluezoo.gonzalez.EntityStack.expandEntityValue(EntityStack.java:319)
    [junit] 	at org.bluezoo.gonzalez.EntityStack.expandGeneralEntity(EntityStack.java:221)
    [junit] 	at org.bluezoo.gonzalez.EntityStack.expandEntityValue(EntityStack.java:319)
    [junit] 	at org.bluezoo.gonzalez.EntityStack.expandGeneralEntity(EntityStack.java:221)
    [junit] 	at org.bluezoo.gonzalez.EntityStack.expandEntityValue(EntityStack.java:319)
    [junit] 	at org.bluezoo.gonzalez.EntityStack.expandGeneralEntity(EntityStack.java:221)
    [junit] 	at org.bluezoo.gonzalez.EntityStack.expandEntityValue(EntityStack.java:319)
    [junit] 	at org.bluezoo.gonzalez.EntityStack.expandGeneralEntity(EntityStack.java:221)
    [junit] 	at org.bluezoo.gonzalez.EntityStack.expandEntityValue(EntityStack.java:319)
    [junit] 	at org.bluezoo.gonzalez.EntityStack.expandGeneralEntity(EntityStack.java:221)
    [junit] 	at org.bluezoo.gonzalez.EntityStack.expandEntityValue(EntityStack.java:319)
    [junit] 	at org.bluezoo.gonzalez.EntityStack.expandGeneralEntity(EntityStack.java:221)
    [junit] 	at org.bluezoo.gonzalez.EntityStack.expandEntityValue(EntityStack.java:319)
    [junit] 	at org.bluezoo.gonzalez.EntityStack.expandGeneralEntity(EntityStack.java:221)
    [junit] 	at org.bluezoo.gonzalez.EntityStack.expandEntityValue(EntityStack.java:319)
    [junit] 	at org.bluezoo.gonzalez.EntityStack.expandGeneralEntity(EntityStack.java:221)
    [junit] 	at org.bluezoo.gonzalez.EntityStack.expandEntityValue(EntityStack.java:319)
    [junit] 	at org.bluezoo.gonzalez.EntityStack.expandGeneralEntity(EntityStack.java:221)
    [junit] 	at org.bluezoo.gonzalez.EntityStack.expandEntityValue(EntityStack.java:319)
    [junit] 	at org.bluezoo.gonzalez.EntityStack.expandGeneralEntity(EntityStack.java:221)
    [junit] 	at org.bluezoo.gonzalez.EntityStack.expandEntityValue(EntityStack.java:319)
    [junit] 	at org.bluezoo.gonzalez.EntityStack.expandGeneralEntity(EntityStack.java:221)
    [junit] 	at org.bluezoo.gonzalez.EntityStack.expandEntityValue(EntityStack.java:319)
    [junit] 	at org.bluezoo.gonzalez.EntityStack.expandGeneralEntity(EntityStack.java:221)
    [junit] 	at org.bluezoo.gonzalez.EntityStack.expandEntityValue(EntityStack.java:319)
    [junit] 	at org.bluezoo.gonzalez.EntityStack.expandGeneralEntity(EntityStack.java:221)
    [junit] 	at org.bluezoo.gonzalez.EntityStack.expandEntityValue(EntityStack.java:319)
    [junit] 	at org.bluezoo.gonzalez.EntityStack.expandGeneralEntity(EntityStack.java:221)
    [junit] 	at org.bluezoo.gonzalez.EntityStack.expandEntityValue(EntityStack.java:319)
    [junit] 	at org.bluezoo.gonzalez.EntityStack.expandGeneralEntity(EntityStack.java:221)
    [junit] 	at org.bluezoo.gonzalez.EntityStack.expandEntityValue(EntityStack.java:319)
    [junit] 	at org.bluezoo.gonzalez.EntityStack.expandGeneralEntity(EntityStack.java:221)
    [junit] 	at org.bluezoo.gonzalez.EntityStack.expandEntityValue(EntityStack.java:319)
    [junit] 	at org.bluezoo.gonzalez.EntityStack.expandGeneralEntity(EntityStack.java:221)
    [junit] 	at org.bluezoo.gonzalez.EntityStack.expandEntityValue(EntityStack.java:319)
    [junit] 	at org.bluezoo.gonzalez.EntityStack.expandGeneralEntity(EntityStack.java:221)
    [junit] 	at org.bluezoo.gonzalez.EntityStack.expandEntityValue(EntityStack.java:319)
    [junit] 	at org.bluezoo.gonzalez.EntityStack.expandGeneralEntity(EntityStack.java:221)
    [junit] 	at org.bluezoo.gonzalez.EntityStack.expandEntityValue(EntityStack.java:319)
    [junit] 	at org.bluezoo.gonzalez.EntityStack.expandGeneralEntity(EntityStack.java:221)
    [junit] 	at org.bluezoo.gonzalez.EntityStack.expandEntityValue(EntityStack.java:319)
    [junit] 	at org.bluezoo.gonzalez.EntityStack.expandGeneralEntity(EntityStack.java:221)
    [junit] 	at org.bluezoo.gonzalez.EntityStack.expandEntityValue(EntityStack.java:319)
    [junit] 	at org.bluezoo.gonzalez.EntityStack.expandGeneralEntity(EntityStack.java:221)
    [junit] 	at org.bluezoo.gonzalez.EntityStack.expandEntityValue(EntityStack.java:319)
    [junit] 	at org.bluezoo.gonzalez.EntityStack.expandGeneralEntity(EntityStack.java:221)
    [junit] 	at org.bluezoo.gonzalez.EntityStack.expandEntityValue(EntityStack.java:319)
    [junit] 	at org.bluezoo.gonzalez.EntityStack.expandGeneralEntity(EntityStack.java:221)
    [junit] 	at org.bluezoo.gonzalez.EntityStack.expandEntityValue(EntityStack.java:319)
    [junit] 	at org.bluezoo.gonzalez.EntityStack.expandGeneralEntity(EntityStack.java:221)
    [junit] 	at org.bluezoo.gonzalez.EntityStack.expandEntityValue(EntityStack.java:319)
    [junit] 	at org.bluezoo.gonzalez.EntityStack.expandGeneralEntity(EntityStack.java:221)
    [junit] 	at org.bluezoo.gonzalez.EntityStack.expandEntityValue(EntityStack.java:319)
    [junit] 	at org.bluezoo.gonzalez.EntityStack.expandGeneralEntity(EntityStack.java:221)
    [junit] 	at org.bluezoo.gonzalez.EntityStack.expandEntityValue(EntityStack.java:319)
    [junit] 	at org.bluezoo.gonzalez.EntityStack.expandGeneralEntity(EntityStack.java:221)
    [junit] 	at org.bluezoo.gonzalez.EntityStack.expandEntityValue(EntityStack.java:319)
    [junit] 	at org.bluezoo.gonzalez.EntityStack.expandGeneralEntity(EntityStack.java:221)
    [junit] 	at org.bluezoo.gonzalez.EntityStack.expandEntityValue(EntityStack.java:319)
    [junit] 	at org.bluezoo.gonzalez.EntityStack.expandGeneralEntity(EntityStack.java:221)
    [junit] 	at org.bluezoo.gonzalez.EntityStack.expandEntityValue(EntityStack.java:319)
    [junit] 	at org.bluezoo.gonzalez.EntityStack.expandGeneralEntity(EntityStack.java:221)
    [junit] 	at org.bluezoo.gonzalez.EntityStack.expandEntityValue(EntityStack.java:319)
    [junit] 	at org.bluezoo.gonzalez.EntityStack.expandGeneralEntity(EntityStack.java:221)
    [junit] 	at org.bluezoo.gonzalez.EntityStack.expandEntityValue(EntityStack.java:319)
    [junit] 	at org.bluezoo.gonzalez.EntityStack.expandGeneralEntity(EntityStack.java:221)
    [junit] 	at org.bluezoo.gonzalez.EntityStack.expandEntityValue(EntityStack.java:319)
    [junit] 	at org.bluezoo.gonzalez.EntityStack.expandGeneralEntity(EntityStack.java:221)
    [junit] 	at org.bluezoo.gonzalez.EntityStack.expandEntityValue(EntityStack.java:319)
    [junit] 	at org.bluezoo.gonzalez.EntityStack.expandGeneralEntity(EntityStack.java:221)
    [junit] 	at org.bluezoo.gonzalez.EntityStack.expandEntityValue(EntityStack.java:319)
    [junit] 	at org.bluezoo.gonzalez.EntityStack.expandGeneralEntity(EntityStack.java:221)
    [junit] 	at org.bluezoo.gonzalez.EntityStack.expandEntityValue(EntityStack.java:319)
    [junit] 	at org.bluezoo.gonzalez.EntityStack.expandGeneralEntity(EntityStack.java:221)
    [junit] 	at org.bluezoo.gonzalez.EntityStack.expandEntityValue(EntityStack.java:319)
    [junit] 	at org.bluezoo.gonzalez.EntityStack.expandGeneralEntity(EntityStack.java:221)
    [junit] 	at org.bluezoo.gonzalez.EntityStack.expandEntityValue(EntityStack.java:319)
    [junit] 	at org.bluezoo.gonzalez.EntityStack.expandGeneralEntity(EntityStack.java:221)
    [junit] 	at org.bluezoo.gonzalez.EntityStack.expandEntityValue(EntityStack.java:319)
    [junit] 	at org.bluezoo.gonzalez.EntityStack.expandGeneralEntity(EntityStack.java:221)
    [junit] 	at org.bluezoo.gonzalez.EntityStack.expandEntityValue(EntityStack.java:319)
    [junit] 	at org.bluezoo.gonzalez.EntityStack.expandGeneralEntity(EntityStack.java:221)
    [junit] 	at org.bluezoo.gonzalez.EntityStack.expandEntityValue(EntityStack.java:319)
    [junit] 	at org.bluezoo.gonzalez.EntityStack.expandGeneralEntity(EntityStack.java:221)
    [junit] 	at org.bluezoo.gonzalez.EntityStack.expandEntityValue(EntityStack.java:319)
    [junit] 	at org.bluezoo.gonzalez.EntityStack.expandGeneralEntity(EntityStack.java:221)
    [junit] 	at org.bluezoo.gonzalez.EntityStack.expandEntityValue(EntityStack.java:319)
    [junit] 	at org.bluezoo.gonzalez.EntityStack.expandGeneralEntity(EntityStack.java:221)
    [junit] 	at org.bluezoo.gonzalez.EntityStack.expandEntityValue(EntityStack.java:319)
    [junit] 	at org.bluezoo.gonzalez.EntityStack.expandGeneralEntity(EntityStack.java:221)
    [junit] 	at org.bluezoo.gonzalez.EntityStack.expandEntityValue(EntityStack.java:319)
    [junit] 	at org.bluezoo.gonzalez.EntityStack.expandGeneralEntity(EntityStack.java:221)
    [junit] 	at org.bluezoo.gonzalez.EntityStack.expandEntityValue(EntityStack.java:319)
    [junit] 	at org.bluezoo.gonzalez.EntityStack.expandGeneralEntity(EntityStack.java:221)
    [junit] 	at org.bluezoo.gonzalez.EntityStack.expandEntityValue(EntityStack.java:319)
    [junit] 	at org.bluezoo.gonzalez.EntityStack.expandGeneralEntity(EntityStack.java:221)
    [junit] 	at org.bluezoo.gonzalez.EntityStack.expandEntityValue(EntityStack.java:319)
    [junit] 	at org.bluezoo.gonzalez.EntityStack.expandGeneralEntity(EntityStack.java:221)
    [junit] 	at org.bluezoo.gonzalez.EntityStack.expandEntityValue(EntityStack.java:319)
    [junit] 	at org.bluezoo.gonzalez.EntityStack.expandGeneralEntity(EntityStack.java:221)
    [junit] 	at org.bluezoo.gonzalez.EntityStack.expandEntityValue(EntityStack.java:319)
    [junit] 	at org.bluezoo.gonzalez.EntityStack.expandGeneralEntity(EntityStack.java:221)
    [junit] 	at org.bluezoo.gonzalez.EntityStack.expandEntityValue(EntityStack.java:319)
    [junit] 	at org.bluezoo.gonzalez.EntityStack.expandGeneralEntity(EntityStack.java:221)
    [junit] 	at org.bluezoo.gonzalez.EntityStack.expandEntityValue(EntityStack.java:319)
    [junit] 	at org.bluezoo.gonzalez.EntityStack.expandGeneralEntity(EntityStack.java:221)
    [junit] 	at org.bluezoo.gonzalez.EntityStack.expandEntityValue(EntityStack.java:319)
    [junit] 	at org.bluezoo.gonzalez.EntityStack.expandGeneralEntity(EntityStack.java:221)
    [junit] 	at org.bluezoo.gonzalez.EntityStack.expandEntityValue(EntityStack.java:319)
    [junit] 	at org.bluezoo.gonzalez.EntityStack.expandGeneralEntity(EntityStack.java:221)
    [junit] 	at org.bluezoo.gonzalez.EntityStack.expandEntityValue(EntityStack.java:319)
    [junit] 	at org.bluezoo.gonzalez.EntityStack.expandGeneralEntity(EntityStack.java:221)
    [junit] 	at org.bluezoo.gonzalez.EntityStack.expandEntityValue(EntityStack.java:319)
    [junit] 	at org.bluezoo.gonzalez.EntityStack.expandGeneralEntity(EntityStack.java:221)
    [junit] 	at org.bluezoo.gonzalez.EntityStack.expandEntityValue(EntityStack.java:319)
    [junit] 	at org.bluezoo.gonzalez.EntityStack.expandGeneralEntity(EntityStack.java:221)
    [junit] 	at org.bluezoo.gonzalez.EntityStack.expandEntityValue(EntityStack.java:319)
    [junit] 	at org.bluezoo.gonzalez.EntityStack.expandGeneralEntity(EntityStack.java:221)
    [junit] 	at org.bluezoo.gonzalez.EntityStack.expandEntityValue(EntityStack.java:319)
    [junit] 	at org.bluezoo.gonzalez.EntityStack.expandGeneralEntity(EntityStack.java:221)
    [junit] 	at org.bluezoo.gonzalez.EntityStack.expandEntityValue(EntityStack.java:319)
    [junit] 	at org.bluezoo.gonzalez.EntityStack.expandGeneralEntity(EntityStack.java:221)
    [junit] 	at org.bluezoo.gonzalez.EntityStack.expandEntityValue(EntityStack.java:319)
    [junit] 	at org.bluezoo.gonzalez.EntityStack.expandGeneralEntity(EntityStack.java:221)
    [junit] 	at org.bluezoo.gonzalez.EntityStack.expandEntityValue(EntityStack.java:319)
    [junit] 	at org.bluezoo.gonzalez.EntityStack.expandGeneralEntity(EntityStack.java:221)
    [junit] 	at org.bluezoo.gonzalez.EntityStack.expandEntityValue(EntityStack.java:319)
    [junit] 	at org.bluezoo.gonzalez.EntityStack.expandGeneralEntity(EntityStack.java:221)
    [junit] 	at org.bluezoo.gonzalez.EntityStack.expandEntityValue(EntityStack.java:319)
    [junit] 	at org.bluezoo.gonzalez.EntityStack.expandGeneralEntity(EntityStack.java:221)
    [junit] 	at org.bluezoo.gonzalez.EntityStack.expandEntityValue(EntityStack.java:319)
    [junit] 	at org.bluezoo.gonzalez.EntityStack.expandGeneralEntity(EntityStack.java:221)
    [junit] 	at org.bluezoo.gonzalez.EntityStack.expandEntityValue(EntityStack.java:319)
    [junit] 	at org.bluezoo.gonzalez.EntityStack.expandGeneralEntity(EntityStack.java:221)
    [junit] 	at org.bluezoo.gonzalez.EntityStack.expandEntityValue(EntityStack.java:319)
    [junit] 	at org.bluezoo.gonzalez.EntityStack.expandGeneralEntity(EntityStack.java:221)
    [junit] 	at org.bluezoo.gonzalez.EntityStack.expandEntityValue(EntityStack.java:319)
    [junit] 	at org.bluezoo.gonzalez.EntityStack.expandGeneralEntity(EntityStack.java:221)
    [junit] 	at org.bluezoo.gonzalez.EntityStack.expandEntityValue(EntityStack.java:319)
    [junit] 	at org.bluezoo.gonzalez.EntityStack.expandGeneralEntity(EntityStack.java:221)
    [junit] 	at org.bluezoo.gonzalez.EntityStack.expandEntityValue(EntityStack.java:319)
    [junit] 	at org.bluezoo.gonzalez.EntityStack.expandGeneralEntity(EntityStack.java:221)
    [junit] 	at org.bluezoo.gonzalez.EntityStack.expandEntityValue(EntityStack.java:319)
    [junit] 	at org.bluezoo.gonzalez.EntityStack.expandGeneralEntity(EntityStack.java:221)
    [junit] 	at org.bluezoo.gonzalez.EntityStack.expandEntityValue(EntityStack.java:319)
    [junit] 	at org.bluezoo.gonzalez.EntityStack.expandGeneralEntity(EntityStack.java:221)
    [junit] 	at org.bluezoo.gonzalez.EntityStack.expandEntityValue(EntityStack.java:319)
    [junit] 	at org.bluezoo.gonzalez.EntityStack.expandGeneralEntity(EntityStack.java:221)
    [junit] 	at org.bluezoo.gonzalez.EntityStack.expandEntityValue(EntityStack.java:319)
    [junit] 	at org.bluezoo.gonzalez.EntityStack.expandGeneralEntity(EntityStack.java:221)
    [junit] 	at org.bluezoo.gonzalez.EntityStack.expandEntityValue(EntityStack.java:319)
    [junit] 	at org.bluezoo.gonzalez.EntityStack.expandGeneralEntity(EntityStack.java:221)
    [junit] 	at org.bluezoo.gonzalez.EntityStack.expandEntityValue(EntityStack.java:319)
    [junit] 	at org.bluezoo.gonzalez.EntityStack.expandGeneralEntity(EntityStack.java:221)
    [junit] 	at org.bluezoo.gonzalez.EntityStack.expandEntityValue(EntityStack.java:319)
    [junit] 	at org.bluezoo.gonzalez.EntityStack.expandGeneralEntity(EntityStack.java:221)
    [junit] 	at org.bluezoo.gonzalez.EntityStack.expandEntityValue(EntityStack.java:319)
    [junit] 	at org.bluezoo.gonzalez.EntityStack.expandGeneralEntity(EntityStack.java:221)
    [junit] 	at org.bluezoo.gonzalez.EntityStack.expandEntityValue(EntityStack.java:319)
    [junit] 	at org.bluezoo.gonzalez.EntityStack.expandGeneralEntity(EntityStack.java:221)
    [junit] 	at org.bluezoo.gonzalez.EntityStack.expandEntityValue(EntityStack.java:319)
    [junit] 	at org.bluezoo.gonzalez.EntityStack.expandGeneralEntity(EntityStack.java:221)
    [junit] 	at org.bluezoo.gonzalez.EntityStack.expandEntityValue(EntityStack.java:319)
    [junit] 	at org.bluezoo.gonzalez.EntityStack.expandGeneralEntity(EntityStack.java:221)
    [junit] 	at org.bluezoo.gonzalez.EntityStack.expandEntityValue(EntityStack.java:319)
    [junit] 	at org.bluezoo.gonzalez.EntityStack.expandGeneralEntity(EntityStack.java:221)
    [junit] 	at org.bluezoo.gonzalez.EntityStack.expandEntityValue(EntityStack.java:319)
    [junit] 	at org.bluezoo.gonzalez.EntityStack.expandGeneralEntity(EntityStack.java:221)
    [junit] 	at org.bluezoo.gonzalez.EntityStack.expandEntityValue(EntityStack.java:319)
    [junit] 	at org.bluezoo.gonzalez.EntityStack.expandGeneralEntity(EntityStack.java:221)
    [junit] 	at org.bluezoo.gonzalez.EntityStack.expandEntityValue(EntityStack.java:319)
    [junit] 	at org.bluezoo.gonzalez.EntityStack.expandGeneralEntity(EntityStack.java:221)
    [junit] 	at org.bluezoo.gonzalez.EntityStack.expandEntityValue(EntityStack.java:319)
    [junit] 	at org.bluezoo.gonzalez.EntityStack.expandGeneralEntity(EntityStack.java:221)
    [junit] 	at org.bluezoo.gonzalez.EntityStack.expandEntityValue(EntityStack.java:319)
    [junit] 	at org.bluezoo.gonzalez.EntityStack.expandGeneralEntity(EntityStack.java:221)
    [junit] 	at org.bluezoo.gonzalez.EntityStack.expandEntityValue(EntityStack.java:319)
    [junit] 	at org.bluezoo.gonzalez.EntityStack.expandGeneralEntity(EntityStack.java:221)
    [junit] 	at org.bluezoo.gonzalez.EntityStack.expandEntityValue(EntityStack.java:319)
    [junit] 	at org.bluezoo.gonzalez.EntityStack.expandGeneralEntity(EntityStack.java:221)
    [junit] 	at org.bluezoo.gonzalez.EntityStack.expandEntityValue(EntityStack.java:319)
    [junit] 	at org.bluezoo.gonzalez.EntityStack.expandGeneralEntity(EntityStack.java:221)
    [junit] 	at org.bluezoo.gonzalez.EntityStack.expandEntityValue(EntityStack.java:319)
    [junit] 	at org.bluezoo.gonzalez.EntityStack.expandGeneralEntity(EntityStack.java:221)
    [junit] 	at org.bluezoo.gonzalez.EntityStack.expandEntityValue(EntityStack.java:319)
    [junit] 	at org.bluezoo.gonzalez.EntityStack.expandGeneralEntity(EntityStack.java:221)
    [junit] 	at org.bluezoo.gonzalez.EntityStack.expandEntityValue(EntityStack.java:319)
    [junit] 	at org.bluezoo.gonzalez.EntityStack.expandGeneralEntity(EntityStack.java:221)
    [junit] 	at org.bluezoo.gonzalez.EntityStack.expandEntityValue(EntityStack.java:319)
    [junit] 	at org.bluezoo.gonzalez.EntityStack.expandGeneralEntity(EntityStack.java:221)
    [junit] 	at org.bluezoo.gonzalez.EntityStack.expandEntityValue(EntityStack.java:319)
    [junit] 	at org.bluezoo.gonzalez.EntityStack.expandGeneralEntity(EntityStack.java:221)
    [junit] 	at org.bluezoo.gonzalez.EntityStack.expandEntityValue(EntityStack.java:319)
    [junit] 	at org.bluezoo.gonzalez.EntityStack.expandGeneralEntity(EntityStack.java:221)
    [junit] 	at org.bluezoo.gonzalez.EntityStack.expandEntityValue(EntityStack.java:319)
    [junit] 	at org.bluezoo.gonzalez.EntityStack.expandGeneralEntity(EntityStack.java:221)
    [junit] 	at org.bluezoo.gonzalez.EntityStack.expandEntityValue(EntityStack.java:319)
    [junit] 	at org.bluezoo.gonzalez.EntityStack.expandGeneralEntity(EntityStack.java:221)
    [junit] 	at org.bluezoo.gonzalez.EntityStack.expandEntityValue(EntityStack.java:319)
    [junit] 	at org.bluezoo.gonzalez.EntityStack.expandGeneralEntity(EntityStack.java:221)
    [junit] 	at org.bluezoo.gonzalez.EntityStack.expandEntityValue(EntityStack.java:319)
    [junit] 	at org.bluezoo.gonzalez.EntityStack.expandGeneralEntity(EntityStack.java:221)
    [junit] 	at org.bluezoo.gonzalez.EntityStack.expandEntityValue(EntityStack.java:319)
    [junit] 	at org.bluezoo.gonzalez.EntityStack.expandGeneralEntity(EntityStack.java:221)
    [junit] 	at org.bluezoo.gonzalez.EntityStack.expandEntityValue(EntityStack.java:319)
    [junit] 	at org.bluezoo.gonzalez.EntityStack.expandGeneralEntity(EntityStack.java:221)
    [junit] 	at org.bluezoo.gonzalez.EntityStack.expandEntityValue(EntityStack.java:319)
    [junit] 	at org.bluezoo.gonzalez.EntityStack.expandGeneralEntity(EntityStack.java:221)
    [junit] 	at org.bluezoo.gonzalez.EntityStack.expandEntityValue(EntityStack.java:319)
    [junit] 	at org.bluezoo.gonzalez.EntityStack.expandGeneralEntity(EntityStack.java:221)
    [junit] 	at org.bluezoo.gonzalez.EntityStack.expandEntityValue(EntityStack.java:319)
    [junit] 	at org.bluezoo.gonzalez.EntityStack.expandGeneralEntity(EntityStack.java:221)
    [junit] 	at org.bluezoo.gonzalez.EntityStack.expandEntityValue(EntityStack.java:319)
    [junit] 	at org.bluezoo.gonzalez.EntityStack.expandGeneralEntity(EntityStack.java:221)
    [junit] 	at org.bluezoo.gonzalez.EntityStack.expandEntityValue(EntityStack.java:319)
    [junit] 	at org.bluezoo.gonzalez.EntityStack.expandGeneralEntity(EntityStack.java:221)
    [junit] 	at org.bluezoo.gonzalez.EntityStack.expandEntityValue(EntityStack.java:319)
    [junit] 	at org.bluezoo.gonzalez.EntityStack.expandGeneralEntity(EntityStack.java:221)
    [junit] 	at org.bluezoo.gonzalez.EntityStack.expandEntityValue(EntityStack.java:319)
    [junit] 	at org.bluezoo.gonzalez.EntityStack.expandGeneralEntity(EntityStack.java:221)
    [junit] 	at org.bluezoo.gonzalez.EntityStack.expandEntityValue(EntityStack.java:319)
    [junit] 	at org.bluezoo.gonzalez.EntityStack.expandGeneralEntity(EntityStack.java:221)
    [junit] 	at org.bluezoo.gonzalez.EntityStack.expandEntityValue(EntityStack.java:319)
    [junit] 	at org.bluezoo.gonzalez.EntityStack.expandGeneralEntity(EntityStack.java:221)
    [junit] 	at org.bluezoo.gonzalez.EntityStack.expandEntityValue(EntityStack.java:319)
    [junit] 	at org.bluezoo.gonzalez.EntityStack.expandGeneralEntity(EntityStack.java:221)
    [junit] 	at org.bluezoo.gonzalez.EntityStack.expandEntityValue(EntityStack.java:319)
    [junit] 	at org.bluezoo.gonzalez.EntityStack.expandGeneralEntity(EntityStack.java:221)
    [junit] 	at org.bluezoo.gonzalez.EntityStack.expandEntityValue(EntityStack.java:319)
    [junit] 	at org.bluezoo.gonzalez.EntityStack.expandGeneralEntity(EntityStack.java:221)
    [junit] 	at org.bluezoo.gonzalez.EntityStack.expandEntityValue(EntityStack.java:319)
    [junit] 	at org.bluezoo.gonzalez.EntityStack.expandGeneralEntity(EntityStack.java:221)
    [junit] 	at org.bluezoo.gonzalez.EntityStack.expandEntityValue(EntityStack.java:319)
    [junit] 	at org.bluezoo.gonzalez.EntityStack.expandGeneralEntity(EntityStack.java:221)
    [junit] 	at org.bluezoo.gonzalez.EntityStack.expandEntityValue(EntityStack.java:319)
    [junit] 	at org.bluezoo.gonzalez.EntityStack.expandGeneralEntity(EntityStack.java:221)
    [junit] 	at org.bluezoo.gonzalez.EntityStack.expandEntityValue(EntityStack.java:319)
    [junit] 	at org.bluezoo.gonzalez.EntityStack.expandGeneralEntity(EntityStack.java:221)
    [junit] 	at org.bluezoo.gonzalez.EntityStack.expandEntityValue(EntityStack.java:319)
    [junit] 	at org.bluezoo.gonzalez.EntityStack.expandGeneralEntity(EntityStack.java:221)
    [junit] 	at org.bluezoo.gonzalez.EntityStack.expandEntityValue(EntityStack.java:319)
    [junit] 	at org.bluezoo.gonzalez.EntityStack.expandGeneralEntity(EntityStack.java:221)
    [junit] 	at org.bluezoo.gonzalez.EntityStack.expandEntityValue(EntityStack.java:319)
    [junit] 	at org.bluezoo.gonzalez.EntityStack.expandGeneralEntity(EntityStack.java:221)
    [junit] 	at org.bluezoo.gonzalez.EntityStack.expandEntityValue(EntityStack.java:319)
    [junit] 	at org.bluezoo.gonzalez.EntityStack.expandGeneralEntity(EntityStack.java:221)
    [junit] 	at org.bluezoo.gonzalez.EntityStack.expandEntityValue(EntityStack.java:319)
    [junit] 	at org.bluezoo.gonzalez.EntityStack.expandGeneralEntity(EntityStack.java:221)
    [junit] 	at org.bluezoo.gonzalez.EntityStack.expandEntityValue(EntityStack.java:319)
    [junit] 	at org.bluezoo.gonzalez.EntityStack.expandGeneralEntity(EntityStack.java:221)
    [junit] 	at org.bluezoo.gonzalez.EntityStack.expandEntityValue(EntityStack.java:319)
    [junit] 	at org.bluezoo.gonzalez.EntityStack.expandGeneralEntity(EntityStack.java:221)
    [junit] 	at org.bluezoo.gonzalez.EntityStack.expandEntityValue(EntityStack.java:319)
    [junit] 	at org.bluezoo.gonzalez.EntityStack.expandGeneralEntity(EntityStack.java:221)
    [junit] 	at org.bluezoo.gonzalez.EntityStack.expandEntityValue(EntityStack.java:319)
    [junit] 	at org.bluezoo.gonzalez.EntityStack.expandGeneralEntity(EntityStack.java:221)
    [junit] 	at org.bluezoo.gonzalez.EntityStack.expandEntityValue(EntityStack.java:319)
    [junit] 	at org.bluezoo.gonzalez.EntityStack.expandGeneralEntity(EntityStack.java:221)
    [junit] 	at org.bluezoo.gonzalez.EntityStack.expandEntityValue(EntityStack.java:319)
    [junit] 	at org.bluezoo.gonzalez.EntityStack.expandGeneralEntity(EntityStack.java:221)
    [junit] 	at org.bluezoo.gonzalez.EntityStack.expandEntityValue(EntityStack.java:319)
    [junit] 	at org.bluezoo.gonzalez.EntityStack.expandGeneralEntity(EntityStack.java:221)
    [junit] 	at org.bluezoo.gonzalez.EntityStack.expandEntityValue(EntityStack.java:319)
    [junit] 	at org.bluezoo.gonzalez.EntityStack.expandGeneralEntity(EntityStack.java:221)
    [junit] 	at org.bluezoo.gonzalez.EntityStack.expandEntityValue(EntityStack.java:319)
    [junit] 	at org.bluezoo.gonzalez.EntityStack.expandGeneralEntity(EntityStack.java:221)
    [junit] 	at org.bluezoo.gonzalez.EntityStack.expandEntityValue(EntityStack.java:319)
    [junit] 	at org.bluezoo.gonzalez.EntityStack.expandGeneralEntity(EntityStack.java:221)
    [junit] 	at org.bluezoo.gonzalez.EntityStack.expandEntityValue(EntityStack.java:319)
    [junit] 	at org.bluezoo.gonzalez.EntityStack.expandGeneralEntity(EntityStack.java:221)
    [junit] 	at org.bluezoo.gonzalez.EntityStack.expandEntityValue(EntityStack.java:319)
    [junit] 	at org.bluezoo.gonzalez.EntityStack.expandGeneralEntity(EntityStack.java:221)
    [junit] 	at org.bluezoo.gonzalez.EntityStack.expandEntityValue(EntityStack.java:319)
    [junit] 	at org.bluezoo.gonzalez.EntityStack.expandGeneralEntity(EntityStack.java:221)
    [junit] 	at org.bluezoo.gonzalez.EntityStack.expandEntityValue(EntityStack.java:319)
    [junit] 	at org.bluezoo.gonzalez.EntityStack.expandGeneralEntity(EntityStack.java:221)
    [junit] 	at org.bluezoo.gonzalez.EntityStack.expandEntityValue(EntityStack.java:319)
    [junit] 	at org.bluezoo.gonzalez.EntityStack.expandGeneralEntity(EntityStack.java:221)
    [junit] 	at org.bluezoo.gonzalez.EntityStack.expandEntityValue(EntityStack.java:319)
    [junit] 	at org.bluezoo.gonzalez.EntityStack.expandGeneralEntity(EntityStack.java:221)
    [junit] 	at org.bluezoo.gonzalez.EntityStack.expandEntityValue(EntityStack.java:319)
    [junit] 	at org.bluezoo.gonzalez.EntityStack.expandGeneralEntity(EntityStack.java:221)
    [junit] 	at org.bluezoo.gonzalez.EntityStack.expandEntityValue(EntityStack.java:319)
    [junit] 	at org.bluezoo.gonzalez.EntityStack.expandGeneralEntity(EntityStack.java:221)
    [junit] 	at org.bluezoo.gonzalez.EntityStack.expandEntityValue(EntityStack.java:319)
    [junit] 	at org.bluezoo.gonzalez.EntityStack.expandGeneralEntity(EntityStack.java:221)
    [junit] 	at org.bluezoo.gonzalez.EntityStack.expandEntityValue(EntityStack.java:319)
    [junit] 	at org.bluezoo.gonzalez.EntityStack.expandGeneralEntity(EntityStack.java:221)
    [junit] 	at org.bluezoo.gonzalez.EntityStack.expandEntityValue(EntityStack.java:319)
    [junit] 	at org.bluezoo.gonzalez.EntityStack.expandGeneralEntity(EntityStack.java:221)
    [junit] 	at org.bluezoo.gonzalez.EntityStack.expandEntityValue(EntityStack.java:319)
    [junit] 	at org.bluezoo.gonzalez.EntityStack.expandGeneralEntity(EntityStack.java:221)
    [junit] 	at org.bluezoo.gonzalez.EntityStack.expandEntityValue(EntityStack.java:319)
    [junit] 	at org.bluezoo.gonzalez.EntityStack.expandGeneralEntity(EntityStack.java:221)
    [junit] 	at org.bluezoo.gonzalez.EntityStack.expandEntityValue(EntityStack.java:319)
    [junit] 	at org.bluezoo.gonzalez.EntityStack.expandGeneralEntity(EntityStack.java:221)
    [junit] 	at org.bluezoo.gonzalez.EntityStack.expandEntityValue(EntityStack.java:319)
    [junit] 	at org.bluezoo.gonzalez.EntityStack.expandGeneralEntity(EntityStack.java:221)
    [junit] 	at org.bluezoo.gonzalez.EntityStack.expandEntityValue(EntityStack.java:319)
    [junit] 	at org.bluezoo.gonzalez.EntityStack.expandGeneralEntity(EntityStack.java:221)
    [junit] 	at org.bluezoo.gonzalez.EntityStack.expandEntityValue(EntityStack.java:319)
    [junit] 	at org.bluezoo.gonzalez.EntityStack.expandGeneralEntity(EntityStack.java:221)
    [junit] 	at org.bluezoo.gonzalez.EntityStack.expandEntityValue(EntityStack.java:319)
    [junit] 	at org.bluezoo.gonzalez.EntityStack.expandGeneralEntity(EntityStack.java:221)
    [junit] 	at org.bluezoo.gonzalez.EntityStack.expandEntityValue(EntityStack.java:319)
    [junit] 	at org.bluezoo.gonzalez.EntityStack.expandGeneralEntity(EntityStack.java:221)
    [junit] 	at org.bluezoo.gonzalez.EntityStack.expandEntityValue(EntityStack.java:319)
    [junit] 	at org.bluezoo.gonzalez.EntityStack.expandGeneralEntity(EntityStack.java:221)
    [junit] 	at org.bluezoo.gonzalez.EntityStack.expandEntityValue(EntityStack.java:319)
    [junit] 	at org.bluezoo.gonzalez.EntityStack.expandGeneralEntity(EntityStack.java:221)
    [junit] 	at org.bluezoo.gonzalez.EntityStack.expandEntityValue(EntityStack.java:319)
    [junit] 	at org.bluezoo.gonzalez.EntityStack.expandGeneralEntity(EntityStack.java:221)
    [junit] 	at org.bluezoo.gonzalez.EntityStack.expandEntityValue(EntityStack.java:319)
    [junit] 	at org.bluezoo.gonzalez.EntityStack.expandGeneralEntity(EntityStack.java:221)
    [junit] 	at org.bluezoo.gonzalez.EntityStack.expandEntityValue(EntityStack.java:319)
    [junit] 	at org.bluezoo.gonzalez.EntityStack.expandGeneralEntity(EntityStack.java:221)
    [junit] 	at org.bluezoo.gonzalez.EntityStack.expandEntityValue(EntityStack.java:319)
    [junit] 	at org.bluezoo.gonzalez.EntityStack.expandGeneralEntity(EntityStack.java:221)
    [junit] 	at org.bluezoo.gonzalez.EntityStack.expandEntityValue(EntityStack.java:319)
    [junit] 	at org.bluezoo.gonzalez.EntityStack.expandGeneralEntity(EntityStack.java:221)
    [junit] 	at org.bluezoo.gonzalez.EntityStack.expandEntityValue(EntityStack.java:319)
    [junit] 	at org.bluezoo.gonzalez.EntityStack.expandGeneralEntity(EntityStack.java:221)
    [junit] 	at org.bluezoo.gonzalez.EntityStack.expandEntityValue(EntityStack.java:319)
    [junit] 	at org.bluezoo.gonzalez.EntityStack.expandGeneralEntity(EntityStack.java:221)
    [junit] 	at org.bluezoo.gonzalez.EntityStack.expandEntityValue(EntityStack.java:319)
    [junit] 	at org.bluezoo.gonzalez.EntityStack.expandGeneralEntity(EntityStack.java:221)
    [junit] 	at org.bluezoo.gonzalez.EntityStack.expandEntityValue(EntityStack.java:319)
    [junit] 	at org.bluezoo.gonzalez.EntityStack.expandGeneralEntity(EntityStack.java:221)
    [junit] 	at org.bluezoo.gonzalez.EntityStack.expandEntityValue(EntityStack.java:319)
    [junit] 	at org.bluezoo.gonzalez.EntityStack.expandGeneralEntity(EntityStack.java:221)
    [junit] 	at org.bluezoo.gonzalez.EntityStack.expandEntityValue(EntityStack.java:319)
    [junit] 	at org.bluezoo.gonzalez.EntityStack.expandGeneralEntity(EntityStack.java:221)
    [junit] 	at org.bluezoo.gonzalez.EntityStack.expandEntityValue(EntityStack.java:319)
    [junit] 	at org.bluezoo.gonzalez.EntityStack.expandGeneralEntity(EntityStack.java:221)
    [junit] 	at org.bluezoo.gonzalez.EntityStack.expandEntityValue(EntityStack.java:319)
    [junit] 	at org.bluezoo.gonzalez.EntityStack.expandGeneralEntity(EntityStack.java:221)
    [junit] 	at org.bluezoo.gonzalez.EntityStack.expandEntityValue(EntityStack.java:319)
    [junit] 	at org.bluezoo.gonzalez.EntityStack.expandGeneralEntity(EntityStack.java:221)
    [junit] 	at org.bluezoo.gonzalez.EntityStack.expandEntityValue(EntityStack.java:319)
    [junit] 	at org.bluezoo.gonzalez.EntityStack.expandGeneralEntity(EntityStack.java:221)
    [junit] 	at org.bluezoo.gonzalez.EntityStack.expandEntityValue(EntityStack.java:319)
    [junit] 	at org.bluezoo.gonzalez.EntityStack.expandGeneralEntity(EntityStack.java:221)
    [junit] 	at org.bluezoo.gonzalez.EntityStack.expandEntityValue(EntityStack.java:319)
    [junit] 	at org.bluezoo.gonzalez.EntityStack.expandGeneralEntity(EntityStack.java:221)
    [junit] 	at org.bluezoo.gonzalez.EntityStack.expandEntityValue(EntityStack.java:319)
    [junit] 	at org.bluezoo.gonzalez.EntityStack.expandGeneralEntity(EntityStack.java:221)
    [junit] 	at org.bluezoo.gonzalez.EntityStack.expandEntityValue(EntityStack.java:319)
    [junit] 	at org.bluezoo.gonzalez.EntityStack.expandGeneralEntity(EntityStack.java:221)
    [junit] 	at org.bluezoo.gonzalez.EntityStack.expandEntityValue(EntityStack.java:319)
    [junit] 	at org.bluezoo.gonzalez.EntityStack.expandGeneralEntity(EntityStack.java:221)
    [junit] 	at org.bluezoo.gonzalez.EntityStack.expandEntityValue(EntityStack.java:319)
    [junit] 	at org.bluezoo.gonzalez.EntityStack.expandGeneralEntity(EntityStack.java:221)
    [junit] 	at org.bluezoo.gonzalez.EntityStack.expandEntityValue(EntityStack.java:319)
    [junit] 	at org.bluezoo.gonzalez.EntityStack.expandGeneralEntity(EntityStack.java:221)
    [junit] 	at org.bluezoo.gonzalez.EntityStack.expandEntityValue(EntityStack.java:319)
    [junit] 	at org.bluezoo.gonzalez.EntityStack.expandGeneralEntity(EntityStack.java:221)
    [junit] 	at org.bluezoo.gonzalez.EntityStack.expandEntityValue(EntityStack.java:319)
    [junit] 	at org.bluezoo.gonzalez.EntityStack.expandGeneralEntity(EntityStack.java:221)
    [junit] 	at org.bluezoo.gonzalez.EntityStack.expandEntityValue(EntityStack.java:319)
    [junit] 	at org.bluezoo.gonzalez.EntityStack.expandGeneralEntity(EntityStack.java:221)
    [junit] 	at org.bluezoo.gonzalez.EntityStack.expandEntityValue(EntityStack.java:319)
    [junit] 	at org.bluezoo.gonzalez.EntityStack.expandGeneralEntity(EntityStack.java:221)
    [junit] 	at org.bluezoo.gonzalez.EntityStack.expandEntityValue(EntityStack.java:319)
    [junit] 	at org.bluezoo.gonzalez.EntityStack.expandGeneralEntity(EntityStack.java:221)
    [junit] 	at org.bluezoo.gonzalez.EntityStack.expandEntityValue(EntityStack.java:319)
    [junit] 	at org.bluezoo.gonzalez.EntityStack.expandGeneralEntity(EntityStack.java:221)
    [junit] 	at org.bluezoo.gonzalez.EntityStack.expandEntityValue(EntityStack.java:319)
    [junit] 	at org.bluezoo.gonzalez.EntityStack.expandGeneralEntity(EntityStack.java:221)
    [junit] 	at org.bluezoo.gonzalez.EntityStack.expandEntityValue(EntityStack.java:319)
    [junit] 	at org.bluezoo.gonzalez.EntityStack.expandGeneralEntity(EntityStack.java:221)
    [junit] 	at org.bluezoo.gonzalez.EntityStack.expandEntityValue(EntityStack.java:319)
    [junit] 	at org.bluezoo.gonzalez.EntityStack.expandGeneralEntity(EntityStack.java:221)
    [junit] 	at org.bluezoo.gonzalez.EntityStack.expandEntityValue(EntityStack.java:319)
    [junit] 	at org.bluezoo.gonzalez.EntityStack.expandGeneralEntity(EntityStack.java:221)
    [junit] 	at org.bluezoo.gonzalez.EntityStack.expandEntityValue(EntityStack.java:319)
    [junit] 	at org.bluezoo.gonzalez.EntityStack.expandGeneralEntity(EntityStack.java:221)
    [junit] 	at org.bluezoo.gonzalez.EntityStack.expandEntityValue(EntityStack.java:319)
    [junit] 	at org.bluezoo.gonzalez.EntityStack.expandGeneralEntity(EntityStack.java:221)
    [junit] 	at org.bluezoo.gonzalez.EntityStack.expandEntityValue(EntityStack.java:319)
    [junit] 	at org.bluezoo.gonzalez.EntityStack.expandGeneralEntity(EntityStack.java:221)
    [junit] 	at org.bluezoo.gonzalez.EntityStack.expandEntityValue(EntityStack.java:319)
    [junit] 	at org.bluezoo.gonzalez.EntityStack.expandGeneralEntity(EntityStack.java:221)
    [junit] 	at org.bluezoo.gonzalez.EntityStack.expandEntityValue(EntityStack.java:319)
    [junit] 	at org.bluezoo.gonzalez.EntityStack.expandGeneralEntity(EntityStack.java:221)
    [junit] 	at org.bluezoo.gonzalez.EntityStack.expandEntityValue(EntityStack.java:319)
    [junit] 	at org.bluezoo.gonzalez.EntityStack.expandGeneralEntity(EntityStack.java:221)
    [junit] 	at org.bluezoo.gonzalez.EntityStack.expandEntityValue(EntityStack.java:319)
    [junit] 	at org.bluezoo.gonzalez.EntityStack.expandGeneralEntity(EntityStack.java:221)
    [junit] 	at org.bluezoo.gonzalez.EntityStack.expandEntityValue(EntityStack.java:319)
    [junit] 	at org.bluezoo.gonzalez.EntityStack.expandGeneralEntity(EntityStack.java:221)
    [junit] 	at org.bluezoo.gonzalez.EntityStack.expandEntityValue(EntityStack.java:319)
    [junit] 	at org.bluezoo.gonzalez.EntityStack.expandGeneralEntity(EntityStack.java:221)
    [junit] 	at org.bluezoo.gonzalez.EntityStack.expandEntityValue(EntityStack.java:319)
    [junit] 	at org.bluezoo.gonzalez.EntityStack.expandGeneralEntity(EntityStack.java:221)
    [junit] 	at org.bluezoo.gonzalez.EntityStack.expandEntityValue(EntityStack.java:319)
    [junit] 	at org.bluezoo.gonzalez.EntityStack.expandGeneralEntity(EntityStack.java:221)
    [junit] 	at org.bluezoo.gonzalez.EntityStack.expandEntityValue(EntityStack.java:319)
    [junit] 	at org.bluezoo.gonzalez.EntityStack.expandGeneralEntity(EntityStack.java:221)
    [junit] 	at org.bluezoo.gonzalez.EntityStack.expandEntityValue(EntityStack.java:319)
    [junit] 	at org.bluezoo.gonzalez.EntityStack.expandGeneralEntity(EntityStack.java:221)
    [junit] 	at org.bluezoo.gonzalez.EntityStack.expandEntityValue(EntityStack.java:319)
    [junit] 	at org.bluezoo.gonzalez.EntityStack.expandGeneralEntity(EntityStack.java:221)
    [junit] 	at org.bluezoo.gonzalez.EntityStack.expandEntityValue(EntityStack.java:319)
    [junit] 	at org.bluezoo.gonzalez.EntityStack.expandGeneralEntity(EntityStack.java:221)
    [junit] 	at org.bluezoo.gonzalez.EntityStack.expandEntityValue(EntityStack.java:319)
    [junit] 	at org.bluezoo.gonzalez.EntityStack.expandGeneralEntity(EntityStack.java:221)
    [junit] 	at org.bluezoo.gonzalez.EntityStack.expandEntityValue(EntityStack.java:319)
    [junit] 	at org.bluezoo.gonzalez.EntityStack.expandGeneralEntity(EntityStack.java:221)
    [junit] 	at org.bluezoo.gonzalez.EntityStack.expandEntityValue(EntityStack.java:319)
    [junit] 	at org.bluezoo.gonzalez.EntityStack.expandGeneralEntity(EntityStack.java:221)
    [junit] 	at org.bluezoo.gonzalez.EntityStack.expandEntityValue(EntityStack.java:319)
    [junit] 	at org.bluezoo.gonzalez.EntityStack.expandGeneralEntity(EntityStack.java:221)
    [junit] 	at org.bluezoo.gonzalez.EntityStack.expandEntityValue(EntityStack.java:319)
    [junit] 	at org.bluezoo.gonzalez.EntityStack.expandGeneralEntity(EntityStack.java:221)
    [junit] 	at org.bluezoo.gonzalez.EntityStack.expandEntityValue(EntityStack.java:319)
    [junit] 	at org.bluezoo.gonzalez.EntityStack.expandGeneralEntity(EntityStack.java:221)
    [junit] 
    [junit] Testcase: runTest[James Clark xmltest:not-wf-sa-081 (not-wf)] took 0.001 sec
    [junit] Testcase: runTest[James Clark xmltest:not-wf-sa-082 (not-wf)] took 0.001 sec
    [junit] Testcase: runTest[James Clark xmltest:not-wf-sa-083 (not-wf)] took 0.001 sec
    [junit] Testcase: runTest[James Clark xmltest:not-wf-sa-084 (not-wf)] took 0.001 sec
    [junit] Testcase: runTest[James Clark xmltest:not-wf-sa-085 (not-wf)] took 0.002 sec
    [junit] Testcase: runTest[James Clark xmltest:not-wf-sa-086 (not-wf)] took 0 sec
    [junit] Testcase: runTest[James Clark xmltest:not-wf-sa-087 (not-wf)] took 0 sec
    [junit] Testcase: runTest[James Clark xmltest:not-wf-sa-088 (not-wf)] took 0.001 sec
    [junit] Testcase: runTest[James Clark xmltest:not-wf-sa-089 (not-wf)] took 0.001 sec
    [junit] Testcase: runTest[James Clark xmltest:not-wf-sa-090 (not-wf)] took 0.001 sec
    [junit] Testcase: runTest[James Clark xmltest:not-wf-sa-091 (not-wf)] took 0 sec
    [junit] Testcase: runTest[James Clark xmltest:not-wf-sa-092 (not-wf)] took 0.001 sec
    [junit] Testcase: runTest[James Clark xmltest:not-wf-sa-093 (not-wf)] took 0.001 sec
    [junit] Testcase: runTest[James Clark xmltest:not-wf-sa-094 (not-wf)] took 0.001 sec
    [junit] Testcase: runTest[James Clark xmltest:not-wf-sa-095 (not-wf)] took 0 sec
    [junit] Testcase: runTest[James Clark xmltest:not-wf-sa-096 (not-wf)] took 0.001 sec
    [junit] Testcase: runTest[James Clark xmltest:not-wf-sa-097 (not-wf)] took 0 sec
    [junit] Testcase: runTest[James Clark xmltest:not-wf-sa-098 (not-wf)] took 0 sec
    [junit] Testcase: runTest[James Clark xmltest:not-wf-sa-099 (not-wf)] took 0 sec
    [junit] Testcase: runTest[James Clark xmltest:not-wf-sa-100 (not-wf)] took 0 sec
    [junit] Testcase: runTest[James Clark xmltest:not-wf-sa-101 (not-wf)] took 0.005 sec
    [junit] Testcase: runTest[James Clark xmltest:not-wf-sa-102 (not-wf)] took 0 sec
    [junit] Testcase: runTest[James Clark xmltest:not-wf-sa-103 (not-wf)] took 0.001 sec
    [junit] Testcase: runTest[James Clark xmltest:not-wf-sa-104 (not-wf)] took 0 sec
    [junit] Testcase: runTest[James Clark xmltest:not-wf-sa-105 (not-wf)] took 0 sec
    [junit] Testcase: runTest[James Clark xmltest:not-wf-sa-106 (not-wf)] took 0 sec
    [junit] Testcase: runTest[James Clark xmltest:not-wf-sa-107 (not-wf)] took 0.001 sec
    [junit] Testcase: runTest[James Clark xmltest:not-wf-sa-108 (not-wf)] took 0 sec
    [junit] Testcase: runTest[James Clark xmltest:not-wf-sa-109 (not-wf)] took 0 sec
    [junit] Testcase: runTest[James Clark xmltest:not-wf-sa-110 (not-wf)] took 0 sec
    [junit] Testcase: runTest[James Clark xmltest:not-wf-sa-111 (not-wf)] took 0.001 sec
    [junit] Testcase: runTest[James Clark xmltest:not-wf-sa-112 (not-wf)] took 0 sec
    [junit] Testcase: runTest[James Clark xmltest:not-wf-sa-113 (not-wf)] took 0 sec
    [junit] Testcase: runTest[James Clark xmltest:not-wf-sa-114 (not-wf)] took 0 sec
    [junit] Testcase: runTest[James Clark xmltest:not-wf-sa-115 (not-wf)] took 0 sec
    [junit] Testcase: runTest[James Clark xmltest:not-wf-sa-116 (not-wf)] took 0 sec
    [junit] Testcase: runTest[James Clark xmltest:not-wf-sa-117 (not-wf)] took 0 sec
    [junit] Testcase: runTest[James Clark xmltest:not-wf-sa-118 (not-wf)] took 0 sec
    [junit] Testcase: runTest[James Clark xmltest:not-wf-sa-119 (not-wf)] took 0 sec
    [junit] Testcase: runTest[James Clark xmltest:not-wf-sa-120 (not-wf)] took 0 sec
    [junit] Testcase: runTest[James Clark xmltest:not-wf-sa-121 (not-wf)] took 0 sec
    [junit] Testcase: runTest[James Clark xmltest:not-wf-sa-122 (not-wf)] took 0 sec
    [junit] Testcase: runTest[James Clark xmltest:not-wf-sa-123 (not-wf)] took 0 sec
    [junit] Testcase: runTest[James Clark xmltest:not-wf-sa-124 (not-wf)] took 0 sec
    [junit] Testcase: runTest[James Clark xmltest:not-wf-sa-125 (not-wf)] took 0 sec
    [junit] Testcase: runTest[James Clark xmltest:not-wf-sa-126 (not-wf)] took 0 sec
    [junit] Testcase: runTest[James Clark xmltest:not-wf-sa-127 (not-wf)] took 0 sec
    [junit] Testcase: runTest[James Clark xmltest:not-wf-sa-128 (not-wf)] took 0 sec
    [junit] Testcase: runTest[James Clark xmltest:not-wf-sa-129 (not-wf)] took 0 sec
    [junit] Testcase: runTest[James Clark xmltest:not-wf-sa-130 (not-wf)] took 0 sec
    [junit] Testcase: runTest[James Clark xmltest:not-wf-sa-131 (not-wf)] took 0 sec
    [junit] Testcase: runTest[James Clark xmltest:not-wf-sa-132 (not-wf)] took 0 sec
    [junit] Testcase: runTest[James Clark xmltest:not-wf-sa-133 (not-wf)] took 0 sec
    [junit] Testcase: runTest[James Clark xmltest:not-wf-sa-134 (not-wf)] took 0 sec
    [junit] Testcase: runTest[James Clark xmltest:not-wf-sa-135 (not-wf)] took 0 sec
    [junit] Testcase: runTest[James Clark xmltest:not-wf-sa-136 (not-wf)] took 0 sec
    [junit] Testcase: runTest[James Clark xmltest:not-wf-sa-137 (not-wf)] took 0 sec
    [junit] Testcase: runTest[James Clark xmltest:not-wf-sa-138 (not-wf)] took 0 sec
    [junit] Testcase: runTest[James Clark xmltest:not-wf-sa-139 (not-wf)] took 0.001 sec
    [junit] Testcase: runTest[James Clark xmltest:not-wf-sa-140 (not-wf)] took 0 sec
    [junit] Testcase: runTest[James Clark xmltest:not-wf-sa-141 (not-wf)] took 0.001 sec
    [junit] 	FAILED
    [junit] [James Clark xmltest:not-wf-sa-141] Expected not-wf but parsed successfully: Character #x0E5C is not legal in XML names.
    [junit] junit.framework.AssertionFailedError: [James Clark xmltest:not-wf-sa-141] Expected not-wf but parsed successfully: Character #x0E5C is not legal in XML names.
    [junit] 	at org.bluezoo.gonzalez.XMLConformanceTest.runTest(XMLConformanceTest.java:415)
    [junit] 	at jdk.internal.reflect.GeneratedMethodAccessor1.invoke(Unknown Source)
    [junit] 	at java.base/jdk.internal.reflect.DelegatingMethodAccessorImpl.invoke(DelegatingMethodAccessorImpl.java:43)
    [junit] 
    [junit] Testcase: runTest[James Clark xmltest:not-wf-sa-142 (not-wf)] took 0.001 sec
    [junit] Testcase: runTest[James Clark xmltest:not-wf-sa-143 (not-wf)] took 0 sec
    [junit] Testcase: runTest[James Clark xmltest:not-wf-sa-144 (not-wf)] took 0 sec
    [junit] Testcase: runTest[James Clark xmltest:not-wf-sa-145 (not-wf)] took 0 sec
    [junit] Testcase: runTest[James Clark xmltest:not-wf-sa-146 (not-wf)] took 0.001 sec
    [junit] Testcase: runTest[James Clark xmltest:not-wf-sa-147 (not-wf)] took 0 sec
    [junit] Testcase: runTest[James Clark xmltest:not-wf-sa-148 (not-wf)] took 0 sec
    [junit] Testcase: runTest[James Clark xmltest:not-wf-sa-149 (not-wf)] took 0 sec
    [junit] Testcase: runTest[James Clark xmltest:not-wf-sa-150 (not-wf)] took 0 sec
    [junit] Testcase: runTest[James Clark xmltest:not-wf-sa-151 (not-wf)] took 0.001 sec
    [junit] Testcase: runTest[James Clark xmltest:not-wf-sa-152 (not-wf)] took 0 sec
    [junit] Testcase: runTest[James Clark xmltest:not-wf-sa-153 (not-wf)] took 0 sec
    [junit] Testcase: runTest[James Clark xmltest:not-wf-sa-154 (not-wf)] took 0 sec
    [junit] Testcase: runTest[James Clark xmltest:not-wf-sa-155 (not-wf)] took 0.001 sec
    [junit] Testcase: runTest[James Clark xmltest:not-wf-sa-156 (not-wf)] took 0 sec
    [junit] Testcase: runTest[James Clark xmltest:not-wf-sa-157 (not-wf)] took 0 sec
    [junit] Testcase: runTest[James Clark xmltest:not-wf-sa-158 (not-wf)] took 0 sec
    [junit] Testcase: runTest[James Clark xmltest:not-wf-sa-159 (not-wf)] took 0 sec
    [junit] Testcase: runTest[James Clark xmltest:not-wf-sa-160 (not-wf)] took 0 sec
    [junit] Testcase: runTest[James Clark xmltest:not-wf-sa-161 (not-wf)] took 0 sec
    [junit] Testcase: runTest[James Clark xmltest:not-wf-sa-162 (not-wf)] took 0 sec
    [junit] Testcase: runTest[James Clark xmltest:not-wf-sa-163 (not-wf)] took 0.001 sec
    [junit] Testcase: runTest[James Clark xmltest:not-wf-sa-164 (not-wf)] took 0 sec
    [junit] Testcase: runTest[James Clark xmltest:not-wf-sa-165 (not-wf)] took 0 sec
    [junit] Testcase: runTest[James Clark xmltest:not-wf-sa-166 (not-wf)] took 0 sec
    [junit] Testcase: runTest[James Clark xmltest:not-wf-sa-167 (not-wf)] took 0.001 sec
    [junit] Testcase: runTest[James Clark xmltest:not-wf-sa-168 (not-wf)] took 0 sec
    [junit] Testcase: runTest[James Clark xmltest:not-wf-sa-169 (not-wf)] took 0 sec
    [junit] Testcase: runTest[James Clark xmltest:not-wf-sa-170 (not-wf)] took 0.001 sec
    [junit] Testcase: runTest[James Clark xmltest:not-wf-sa-171 (not-wf)] took 0 sec
    [junit] Testcase: runTest[James Clark xmltest:not-wf-sa-172 (not-wf)] took 0 sec
    [junit] Testcase: runTest[James Clark xmltest:not-wf-sa-173 (not-wf)] took 0 sec
    [junit] Testcase: runTest[James Clark xmltest:not-wf-sa-174 (not-wf)] took 0 sec
    [junit] Testcase: runTest[James Clark xmltest:not-wf-sa-175 (not-wf)] took 0 sec
    [junit] Testcase: runTest[James Clark xmltest:not-wf-sa-176 (not-wf)] took 0 sec
    [junit] Testcase: runTest[James Clark xmltest:not-wf-sa-177 (not-wf)] took 0 sec
    [junit] Testcase: runTest[James Clark xmltest:not-wf-sa-178 (not-wf)] took 0.001 sec
    [junit] Testcase: runTest[James Clark xmltest:not-wf-sa-179 (not-wf)] took 0 sec
    [junit] Testcase: runTest[James Clark xmltest:not-wf-sa-180 (not-wf)] took 0 sec
    [junit] Testcase: runTest[James Clark xmltest:not-wf-sa-181 (not-wf)] took 0 sec
    [junit] Testcase: runTest[James Clark xmltest:not-wf-sa-182 (not-wf)] took 0 sec
    [junit] Testcase: runTest[James Clark xmltest:not-wf-sa-183 (not-wf)] took 0 sec
    [junit] Testcase: runTest[James Clark xmltest:not-wf-sa-184 (not-wf)] took 0.001 sec
    [junit] Testcase: runTest[James Clark xmltest:not-wf-sa-185 (not-wf)] took 0 sec
    [junit] Testcase: runTest[James Clark xmltest:not-wf-sa-186 (not-wf)] took 0.001 sec
    [junit] Testcase: runTest[James Clark xmltest:not-wf-not-sa-001 (not-wf)] took 0 sec
    [junit] Testcase: runTest[James Clark xmltest:not-wf-not-sa-002 (not-wf)] took 0 sec
    [junit] Testcase: runTest[James Clark xmltest:not-wf-not-sa-003 (not-wf)] took 0 sec
    [junit] Testcase: runTest[James Clark xmltest:not-wf-not-sa-004 (not-wf)] took 0 sec
    [junit] Testcase: runTest[James Clark xmltest:not-wf-not-sa-005 (error)] took 0 sec
    [junit] Testcase: runTest[James Clark xmltest:not-wf-not-sa-006 (not-wf)] took 0 sec
    [junit] Testcase: runTest[James Clark xmltest:not-wf-not-sa-007 (not-wf)] took 0 sec
    [junit] Testcase: runTest[James Clark xmltest:not-wf-not-sa-008 (not-wf)] took 0 sec
    [junit] Testcase: runTest[James Clark xmltest:not-wf-not-sa-009 (not-wf)] took 0 sec
    [junit] Testcase: runTest[James Clark xmltest:not-wf-ext-sa-001 (not-wf)] took 0 sec
    [junit] Testcase: runTest[James Clark xmltest:not-wf-ext-sa-002 (not-wf)] took 0 sec
    [junit] Testcase: runTest[James Clark xmltest:not-wf-ext-sa-003 (not-wf)] took 0 sec
    [junit] Testcase: runTest[James Clark xmltest:invalid--002 (invalid)] took 0.001 sec
    [junit] 	FAILED
    [junit] [James Clark xmltest:invalid--002] Got fatal error instead of validation error: Recursive entity reference via systemId: file:/Users/cburdess@mimecast.com/cpkb-bluezoo/gonzalez/xmlconf/xmltest/invalid/002.ent: Tests the "Proper Group/PE Nesting" validity constraint by
    [junit]     fragmenting a content model between two parameter entities.
    [junit] junit.framework.AssertionFailedError: [James Clark xmltest:invalid--002] Got fatal error instead of validation error: Recursive entity reference via systemId: file:/Users/cburdess@mimecast.com/cpkb-bluezoo/gonzalez/xmlconf/xmltest/invalid/002.ent: Tests the "Proper Group/PE Nesting" validity constraint by
    [junit]     fragmenting a content model between two parameter entities.
    [junit] 	at org.bluezoo.gonzalez.XMLConformanceTest.runTest(XMLConformanceTest.java:415)
    [junit] 	at jdk.internal.reflect.GeneratedMethodAccessor1.invoke(Unknown Source)
    [junit] 	at java.base/jdk.internal.reflect.DelegatingMethodAccessorImpl.invoke(DelegatingMethodAccessorImpl.java:43)
    [junit] 
    [junit] Testcase: runTest[James Clark xmltest:invalid--005 (invalid)] took 0.001 sec
    [junit] 	FAILED
    [junit] [James Clark xmltest:invalid--005] Got fatal error instead of validation error: Recursive entity reference via systemId: file:/Users/cburdess@mimecast.com/cpkb-bluezoo/gonzalez/xmlconf/xmltest/invalid/005.ent: Tests the "Proper Declaration/PE Nesting" validity constraint by
    [junit]     fragmenting an element declaration between two parameter entities.
    [junit] junit.framework.AssertionFailedError: [James Clark xmltest:invalid--005] Got fatal error instead of validation error: Recursive entity reference via systemId: file:/Users/cburdess@mimecast.com/cpkb-bluezoo/gonzalez/xmlconf/xmltest/invalid/005.ent: Tests the "Proper Declaration/PE Nesting" validity constraint by
    [junit]     fragmenting an element declaration between two parameter entities.
    [junit] 	at org.bluezoo.gonzalez.XMLConformanceTest.runTest(XMLConformanceTest.java:415)
    [junit] 	at jdk.internal.reflect.GeneratedMethodAccessor1.invoke(Unknown Source)
    [junit] 	at java.base/jdk.internal.reflect.DelegatingMethodAccessorImpl.invoke(DelegatingMethodAccessorImpl.java:43)
    [junit] 
    [junit] Testcase: runTest[James Clark xmltest:invalid--006 (invalid)] took 0 sec
    [junit] 	FAILED
    [junit] [James Clark xmltest:invalid--006] Got fatal error instead of validation error: Recursive entity reference via systemId: file:/Users/cburdess@mimecast.com/cpkb-bluezoo/gonzalez/xmlconf/xmltest/invalid/006.ent: Tests the "Proper Declaration/PE Nesting" validity constraint by
    [junit]     fragmenting an element declaration between two parameter entities.
    [junit] junit.framework.AssertionFailedError: [James Clark xmltest:invalid--006] Got fatal error instead of validation error: Recursive entity reference via systemId: file:/Users/cburdess@mimecast.com/cpkb-bluezoo/gonzalez/xmlconf/xmltest/invalid/006.ent: Tests the "Proper Declaration/PE Nesting" validity constraint by
    [junit]     fragmenting an element declaration between two parameter entities.
    [junit] 	at org.bluezoo.gonzalez.XMLConformanceTest.runTest(XMLConformanceTest.java:415)
    [junit] 	at jdk.internal.reflect.GeneratedMethodAccessor1.invoke(Unknown Source)
    [junit] 	at java.base/jdk.internal.reflect.DelegatingMethodAccessorImpl.invoke(DelegatingMethodAccessorImpl.java:43)
    [junit] 
    [junit] Testcase: runTest[James Clark xmltest:invalid-not-sa-022 (invalid)] took 0.001 sec
    [junit] 	FAILED
    [junit] [James Clark xmltest:invalid-not-sa-022] Got fatal error instead of validation error: Recursive entity reference via systemId: file:/Users/cburdess@mimecast.com/cpkb-bluezoo/gonzalez/xmlconf/xmltest/invalid/not-sa/022.ent: Test the "Proper Conditional Section/ PE Nesting" validity constraint.
    [junit] junit.framework.AssertionFailedError: [James Clark xmltest:invalid-not-sa-022] Got fatal error instead of validation error: Recursive entity reference via systemId: file:/Users/cburdess@mimecast.com/cpkb-bluezoo/gonzalez/xmlconf/xmltest/invalid/not-sa/022.ent: Test the "Proper Conditional Section/ PE Nesting" validity constraint.
    [junit] 	at org.bluezoo.gonzalez.XMLConformanceTest.runTest(XMLConformanceTest.java:415)
    [junit] 	at jdk.internal.reflect.GeneratedMethodAccessor1.invoke(Unknown Source)
    [junit] 	at java.base/jdk.internal.reflect.DelegatingMethodAccessorImpl.invoke(DelegatingMethodAccessorImpl.java:43)
    [junit] 
    [junit] Testcase: runTest[James Clark xmltest:valid-sa-001 (valid)] took 0.002 sec
    [junit] Testcase: runTest[James Clark xmltest:valid-sa-002 (valid)] took 0.001 sec
    [junit] Testcase: runTest[James Clark xmltest:valid-sa-003 (valid)] took 0 sec
    [junit] Testcase: runTest[James Clark xmltest:valid-sa-004 (valid)] took 0.001 sec
    [junit] Testcase: runTest[James Clark xmltest:valid-sa-005 (valid)] took 0 sec
    [junit] Testcase: runTest[James Clark xmltest:valid-sa-006 (valid)] took 0 sec
    [junit] Testcase: runTest[James Clark xmltest:valid-sa-007 (valid)] took 0.001 sec
    [junit] Testcase: runTest[James Clark xmltest:valid-sa-008 (valid)] took 0 sec
    [junit] Testcase: runTest[James Clark xmltest:valid-sa-009 (valid)] took 0 sec
    [junit] Testcase: runTest[James Clark xmltest:valid-sa-010 (valid)] took 0.001 sec
    [junit] Testcase: runTest[James Clark xmltest:valid-sa-011 (valid)] took 0 sec
    [junit] Testcase: runTest[James Clark xmltest:valid-sa-012 (valid)] took 0 sec
    [junit] Testcase: runTest[James Clark xmltest:valid-sa-013 (valid)] took 0 sec
    [junit] Testcase: runTest[James Clark xmltest:valid-sa-014 (valid)] took 0.001 sec
    [junit] Testcase: runTest[James Clark xmltest:valid-sa-015 (valid)] took 0 sec
    [junit] Testcase: runTest[James Clark xmltest:valid-sa-016 (valid)] took 0 sec
    [junit] Testcase: runTest[James Clark xmltest:valid-sa-017 (valid)] took 0 sec
    [junit] Testcase: runTest[James Clark xmltest:valid-sa-018 (valid)] took 0 sec
    [junit] Testcase: runTest[James Clark xmltest:valid-sa-019 (valid)] took 0.001 sec
    [junit] Testcase: runTest[James Clark xmltest:valid-sa-020 (valid)] took 0 sec
    [junit] Testcase: runTest[James Clark xmltest:valid-sa-021 (valid)] took 0 sec
    [junit] Testcase: runTest[James Clark xmltest:valid-sa-022 (valid)] took 0 sec
    [junit] Testcase: runTest[James Clark xmltest:valid-sa-023 (valid)] took 0.001 sec
    [junit] Testcase: runTest[James Clark xmltest:valid-sa-024 (valid)] took 0 sec
    [junit] Testcase: runTest[James Clark xmltest:valid-sa-025 (valid)] took 0 sec
    [junit] Testcase: runTest[James Clark xmltest:valid-sa-026 (valid)] took 0.001 sec
    [junit] Testcase: runTest[James Clark xmltest:valid-sa-027 (valid)] took 0 sec
    [junit] Testcase: runTest[James Clark xmltest:valid-sa-028 (valid)] took 0 sec
    [junit] Testcase: runTest[James Clark xmltest:valid-sa-029 (valid)] took 0 sec
    [junit] Testcase: runTest[James Clark xmltest:valid-sa-030 (valid)] took 0 sec
    [junit] Testcase: runTest[James Clark xmltest:valid-sa-031 (valid)] took 0 sec
    [junit] Testcase: runTest[James Clark xmltest:valid-sa-032 (valid)] took 0 sec
    [junit] Testcase: runTest[James Clark xmltest:valid-sa-033 (valid)] took 0 sec
    [junit] Testcase: runTest[James Clark xmltest:valid-sa-034 (valid)] took 0 sec
    [junit] Testcase: runTest[James Clark xmltest:valid-sa-035 (valid)] took 0.001 sec
    [junit] Testcase: runTest[James Clark xmltest:valid-sa-036 (valid)] took 0 sec
    [junit] Testcase: runTest[James Clark xmltest:valid-sa-037 (valid)] took 0 sec
    [junit] Testcase: runTest[James Clark xmltest:valid-sa-038 (valid)] took 0 sec
    [junit] Testcase: runTest[James Clark xmltest:valid-sa-039 (valid)] took 0 sec
    [junit] Testcase: runTest[James Clark xmltest:valid-sa-040 (valid)] took 0.001 sec
    [junit] Testcase: runTest[James Clark xmltest:valid-sa-041 (valid)] took 0 sec
    [junit] Testcase: runTest[James Clark xmltest:valid-sa-042 (valid)] took 0 sec
    [junit] Testcase: runTest[James Clark xmltest:valid-sa-043 (valid)] took 0.001 sec
    [junit] Testcase: runTest[James Clark xmltest:valid-sa-044 (valid)] took 0 sec
    [junit] Testcase: runTest[James Clark xmltest:valid-sa-045 (valid)] took 0 sec
    [junit] Testcase: runTest[James Clark xmltest:valid-sa-046 (valid)] took 0 sec
    [junit] Testcase: runTest[James Clark xmltest:valid-sa-047 (valid)] took 0 sec
    [junit] Testcase: runTest[James Clark xmltest:valid-sa-048 (valid)] took 0 sec
    [junit] Testcase: runTest[James Clark xmltest:valid-sa-049 (valid)] took 0 sec
    [junit] Testcase: runTest[James Clark xmltest:valid-sa-050 (valid)] took 0.001 sec
    [junit] Testcase: runTest[James Clark xmltest:valid-sa-051 (valid)] took 0 sec
    [junit] Testcase: runTest[James Clark xmltest:valid-sa-052 (valid)] took 0 sec
    [junit] Testcase: runTest[James Clark xmltest:valid-sa-053 (valid)] took 0 sec
    [junit] Testcase: runTest[James Clark xmltest:valid-sa-054 (valid)] took 0 sec
    [junit] Testcase: runTest[James Clark xmltest:valid-sa-055 (valid)] took 0 sec
    [junit] Testcase: runTest[James Clark xmltest:valid-sa-056 (valid)] took 0 sec
    [junit] Testcase: runTest[James Clark xmltest:valid-sa-057 (valid)] took 0 sec
    [junit] Testcase: runTest[James Clark xmltest:valid-sa-058 (valid)] took 0 sec
    [junit] Testcase: runTest[James Clark xmltest:valid-sa-059 (valid)] took 0.001 sec
    [junit] Testcase: runTest[James Clark xmltest:valid-sa-060 (valid)] took 0 sec
    [junit] Testcase: runTest[James Clark xmltest:valid-sa-061 (valid)] took 0 sec
    [junit] Testcase: runTest[James Clark xmltest:valid-sa-062 (valid)] took 0 sec
    [junit] Testcase: runTest[James Clark xmltest:valid-sa-063 (valid)] took 0 sec
    [junit] Testcase: runTest[James Clark xmltest:valid-sa-064 (valid)] took 0.001 sec
    [junit] Testcase: runTest[James Clark xmltest:valid-sa-065 (valid)] took 0 sec
    [junit] Testcase: runTest[James Clark xmltest:valid-sa-066 (valid)] took 0 sec
    [junit] Testcase: runTest[James Clark xmltest:valid-sa-067 (valid)] took 0 sec
    [junit] Testcase: runTest[James Clark xmltest:valid-sa-068 (valid)] took 0.001 sec
    [junit] Testcase: runTest[James Clark xmltest:valid-sa-069 (valid)] took 0 sec
    [junit] Testcase: runTest[James Clark xmltest:valid-sa-070 (valid)] took 0 sec
    [junit] Testcase: runTest[James Clark xmltest:valid-sa-071 (valid)] took 0 sec
    [junit] Testcase: runTest[James Clark xmltest:valid-sa-072 (valid)] took 0.003 sec
    [junit] Testcase: runTest[James Clark xmltest:valid-sa-073 (valid)] took 0 sec
    [junit] Testcase: runTest[James Clark xmltest:valid-sa-074 (valid)] took 0 sec
    [junit] Testcase: runTest[James Clark xmltest:valid-sa-075 (valid)] took 0 sec
    [junit] Testcase: runTest[James Clark xmltest:valid-sa-076 (valid)] took 0 sec
    [junit] Testcase: runTest[James Clark xmltest:valid-sa-077 (valid)] took 0 sec
    [junit] Testcase: runTest[James Clark xmltest:valid-sa-078 (valid)] took 0 sec
    [junit] Testcase: runTest[James Clark xmltest:valid-sa-079 (valid)] took 0.001 sec
    [junit] Testcase: runTest[James Clark xmltest:valid-sa-080 (valid)] took 0 sec
    [junit] Testcase: runTest[James Clark xmltest:valid-sa-081 (valid)] took 0 sec
    [junit] Testcase: runTest[James Clark xmltest:valid-sa-082 (valid)] took 0 sec
    [junit] Testcase: runTest[James Clark xmltest:valid-sa-083 (valid)] took 0 sec
    [junit] Testcase: runTest[James Clark xmltest:valid-sa-084 (valid)] took 0 sec
    [junit] Testcase: runTest[James Clark xmltest:valid-sa-085 (valid)] took 0 sec
    [junit] Testcase: runTest[James Clark xmltest:valid-sa-086 (valid)] took 0.001 sec
    [junit] Testcase: runTest[James Clark xmltest:valid-sa-087 (valid)] took 0 sec
    [junit] Testcase: runTest[James Clark xmltest:valid-sa-088 (valid)] took 0.001 sec
    [junit] 	FAILED
    [junit] [James Clark xmltest:valid-sa-088] Expected valid but got error: Entity '&e;' creates unbalanced markup: element 'foo' opened within entity but not closed (WFC: Parsed Entity): Tests whether entity references in internal entities are
    [junit]     expanded late enough, by relying on correct handling to
    [junit]     make the expanded text be valid.  (If it's expanded too
    [junit]     early, the entity will parse as an element that's not
    [junit]     valid in that context.)
    [junit] junit.framework.AssertionFailedError: [James Clark xmltest:valid-sa-088] Expected valid but got error: Entity '&e;' creates unbalanced markup: element 'foo' opened within entity but not closed (WFC: Parsed Entity): Tests whether entity references in internal entities are
    [junit]     expanded late enough, by relying on correct handling to
    [junit]     make the expanded text be valid.  (If it's expanded too
    [junit]     early, the entity will parse as an element that's not
    [junit]     valid in that context.)
    [junit] 	at org.bluezoo.gonzalez.XMLConformanceTest.runTest(XMLConformanceTest.java:415)
    [junit] 	at jdk.internal.reflect.GeneratedMethodAccessor1.invoke(Unknown Source)
    [junit] 	at java.base/jdk.internal.reflect.DelegatingMethodAccessorImpl.invoke(DelegatingMethodAccessorImpl.java:43)
    [junit] 
    [junit] Testcase: runTest[James Clark xmltest:valid-sa-089 (valid)] took 0 sec
    [junit] Testcase: runTest[James Clark xmltest:valid-sa-090 (valid)] took 0.001 sec
    [junit] Testcase: runTest[James Clark xmltest:valid-sa-091 (valid)] took 0 sec
    [junit] Testcase: runTest[James Clark xmltest:valid-sa-092 (valid)] took 0 sec
    [junit] Testcase: runTest[James Clark xmltest:valid-sa-093 (valid)] took 0 sec
    [junit] Testcase: runTest[James Clark xmltest:valid-sa-094 (valid)] took 0 sec
    [junit] Testcase: runTest[James Clark xmltest:valid-sa-095 (valid)] took 0.001 sec
    [junit] Testcase: runTest[James Clark xmltest:valid-sa-096 (valid)] took 0.001 sec
    [junit] Testcase: runTest[James Clark xmltest:valid-sa-097 (valid)] took 0 sec
    [junit] 	FAILED
    [junit] [James Clark xmltest:valid-sa-097] Expected valid but got error: Recursive entity reference via systemId: file:/Users/cburdess@mimecast.com/cpkb-bluezoo/gonzalez/xmlconf/xmltest/valid/sa/097.ent: Basically an output test, this tests whether an externally
    [junit]     defined attribute declaration (with a default) takes proper
    [junit]     precedence over a subsequent internal declaration.
    [junit] junit.framework.AssertionFailedError: [James Clark xmltest:valid-sa-097] Expected valid but got error: Recursive entity reference via systemId: file:/Users/cburdess@mimecast.com/cpkb-bluezoo/gonzalez/xmlconf/xmltest/valid/sa/097.ent: Basically an output test, this tests whether an externally
    [junit]     defined attribute declaration (with a default) takes proper
    [junit]     precedence over a subsequent internal declaration.
    [junit] 	at org.bluezoo.gonzalez.XMLConformanceTest.runTest(XMLConformanceTest.java:415)
    [junit] 	at jdk.internal.reflect.GeneratedMethodAccessor1.invoke(Unknown Source)
    [junit] 	at java.base/jdk.internal.reflect.DelegatingMethodAccessorImpl.invoke(DelegatingMethodAccessorImpl.java:43)
    [junit] 
    [junit] Testcase: runTest[James Clark xmltest:valid-sa-098 (valid)] took 0 sec
    [junit] Testcase: runTest[James Clark xmltest:valid-sa-099 (valid)] took 0.001 sec
    [junit] Testcase: runTest[James Clark xmltest:valid-sa-100 (valid)] took 0 sec
    [junit] Testcase: runTest[James Clark xmltest:valid-sa-101 (valid)] took 0.001 sec
    [junit] Testcase: runTest[James Clark xmltest:valid-sa-102 (valid)] took 0 sec
    [junit] Testcase: runTest[James Clark xmltest:valid-sa-103 (valid)] took 0 sec
    [junit] Testcase: runTest[James Clark xmltest:valid-sa-104 (valid)] took 0.001 sec
    [junit] Testcase: runTest[James Clark xmltest:valid-sa-105 (valid)] took 0 sec
    [junit] Testcase: runTest[James Clark xmltest:valid-sa-106 (valid)] took 0.001 sec
    [junit] Testcase: runTest[James Clark xmltest:valid-sa-107 (valid)] took 0 sec
    [junit] Testcase: runTest[James Clark xmltest:valid-sa-108 (valid)] took 0.001 sec
    [junit] Testcase: runTest[James Clark xmltest:valid-sa-109 (valid)] took 0 sec
    [junit] Testcase: runTest[James Clark xmltest:valid-sa-110 (valid)] took 0.001 sec
    [junit] Testcase: runTest[James Clark xmltest:valid-sa-111 (valid)] took 0 sec
    [junit] Testcase: runTest[James Clark xmltest:valid-sa-112 (valid)] took 0.001 sec
    [junit] Testcase: runTest[James Clark xmltest:valid-sa-113 (valid)] took 0 sec
    [junit] Testcase: runTest[James Clark xmltest:valid-sa-114 (valid)] took 0 sec
    [junit] Testcase: runTest[James Clark xmltest:valid-sa-115 (valid)] took 0.001 sec
    [junit] Testcase: runTest[James Clark xmltest:valid-sa-116 (valid)] took 0 sec
    [junit] Testcase: runTest[James Clark xmltest:valid-sa-117 (valid)] took 0.001 sec
    [junit] Testcase: runTest[James Clark xmltest:valid-sa-118 (valid)] took 0 sec
    [junit] Testcase: runTest[James Clark xmltest:valid-sa-119 (valid)] took 0 sec
    [junit] Testcase: runTest[James Clark xmltest:valid-not-sa-001 (valid)] took 0.001 sec
    [junit] 	FAILED
    [junit] [James Clark xmltest:valid-not-sa-001] Expected valid but got error: Recursive entity reference via systemId: file:/Users/cburdess@mimecast.com/cpkb-bluezoo/gonzalez/xmlconf/xmltest/valid/not-sa/001.ent: Test demonstrates the use of an ExternalID within a document type definition.
    [junit] junit.framework.AssertionFailedError: [James Clark xmltest:valid-not-sa-001] Expected valid but got error: Recursive entity reference via systemId: file:/Users/cburdess@mimecast.com/cpkb-bluezoo/gonzalez/xmlconf/xmltest/valid/not-sa/001.ent: Test demonstrates the use of an ExternalID within a document type definition.
    [junit] 	at org.bluezoo.gonzalez.XMLConformanceTest.runTest(XMLConformanceTest.java:415)
    [junit] 	at jdk.internal.reflect.GeneratedMethodAccessor1.invoke(Unknown Source)
    [junit] 	at java.base/jdk.internal.reflect.DelegatingMethodAccessorImpl.invoke(DelegatingMethodAccessorImpl.java:43)
    [junit] 
    [junit] Testcase: runTest[James Clark xmltest:valid-not-sa-002 (valid)] took 0 sec
    [junit] 	FAILED
    [junit] [James Clark xmltest:valid-not-sa-002] Expected valid but got error: Recursive entity reference via systemId: file:/Users/cburdess@mimecast.com/cpkb-bluezoo/gonzalez/xmlconf/xmltest/valid/not-sa/002.ent: Test demonstrates the use of an ExternalID within a document type definition.
    [junit] junit.framework.AssertionFailedError: [James Clark xmltest:valid-not-sa-002] Expected valid but got error: Recursive entity reference via systemId: file:/Users/cburdess@mimecast.com/cpkb-bluezoo/gonzalez/xmlconf/xmltest/valid/not-sa/002.ent: Test demonstrates the use of an ExternalID within a document type definition.
    [junit] 	at org.bluezoo.gonzalez.XMLConformanceTest.runTest(XMLConformanceTest.java:415)
    [junit] 	at jdk.internal.reflect.GeneratedMethodAccessor1.invoke(Unknown Source)
    [junit] 	at java.base/jdk.internal.reflect.DelegatingMethodAccessorImpl.invoke(DelegatingMethodAccessorImpl.java:43)
    [junit] 
    [junit] Testcase: runTest[James Clark xmltest:valid-not-sa-003 (valid)] took 0 sec
    [junit] 	FAILED
    [junit] [James Clark xmltest:valid-not-sa-003] Expected valid but got error: Recursive entity reference via systemId: file:/Users/cburdess@mimecast.com/cpkb-bluezoo/gonzalez/xmlconf/xmltest/valid/not-sa/003-1.ent: Test demonstrates the expansion of an external parameter entity that declares an attribute.
    [junit] junit.framework.AssertionFailedError: [James Clark xmltest:valid-not-sa-003] Expected valid but got error: Recursive entity reference via systemId: file:/Users/cburdess@mimecast.com/cpkb-bluezoo/gonzalez/xmlconf/xmltest/valid/not-sa/003-1.ent: Test demonstrates the expansion of an external parameter entity that declares an attribute.
    [junit] 	at org.bluezoo.gonzalez.XMLConformanceTest.runTest(XMLConformanceTest.java:415)
    [junit] 	at jdk.internal.reflect.GeneratedMethodAccessor1.invoke(Unknown Source)
    [junit] 	at java.base/jdk.internal.reflect.DelegatingMethodAccessorImpl.invoke(DelegatingMethodAccessorImpl.java:43)
    [junit] 
    [junit] Testcase: runTest[James Clark xmltest:valid-not-sa-004 (valid)] took 0 sec
    [junit] 	FAILED
    [junit] [James Clark xmltest:valid-not-sa-004] Expected valid but got error: Recursive entity reference via systemId: file:/Users/cburdess@mimecast.com/cpkb-bluezoo/gonzalez/xmlconf/xmltest/valid/not-sa/004-1.ent: Expands an external parameter entity in two different ways,
    [junit]     with one of them declaring an attribute.
    [junit] junit.framework.AssertionFailedError: [James Clark xmltest:valid-not-sa-004] Expected valid but got error: Recursive entity reference via systemId: file:/Users/cburdess@mimecast.com/cpkb-bluezoo/gonzalez/xmlconf/xmltest/valid/not-sa/004-1.ent: Expands an external parameter entity in two different ways,
    [junit]     with one of them declaring an attribute.
    [junit] 	at org.bluezoo.gonzalez.XMLConformanceTest.runTest(XMLConformanceTest.java:415)
    [junit] 	at jdk.internal.reflect.GeneratedMethodAccessor1.invoke(Unknown Source)
    [junit] 	at java.base/jdk.internal.reflect.DelegatingMethodAccessorImpl.invoke(DelegatingMethodAccessorImpl.java:43)
    [junit] 
    [junit] Testcase: runTest[James Clark xmltest:valid-not-sa-005 (valid)] took 0 sec
    [junit] 	FAILED
    [junit] [James Clark xmltest:valid-not-sa-005] Expected valid but got error: Recursive entity reference via systemId: file:/Users/cburdess@mimecast.com/cpkb-bluezoo/gonzalez/xmlconf/xmltest/valid/not-sa/005-1.ent: Test demonstrates the expansion of an external parameter entity that declares an attribute.
    [junit] junit.framework.AssertionFailedError: [James Clark xmltest:valid-not-sa-005] Expected valid but got error: Recursive entity reference via systemId: file:/Users/cburdess@mimecast.com/cpkb-bluezoo/gonzalez/xmlconf/xmltest/valid/not-sa/005-1.ent: Test demonstrates the expansion of an external parameter entity that declares an attribute.
    [junit] 	at org.bluezoo.gonzalez.XMLConformanceTest.runTest(XMLConformanceTest.java:415)
    [junit] 	at jdk.internal.reflect.GeneratedMethodAccessor1.invoke(Unknown Source)
    [junit] 	at java.base/jdk.internal.reflect.DelegatingMethodAccessorImpl.invoke(DelegatingMethodAccessorImpl.java:43)
    [junit] 
    [junit] Testcase: runTest[James Clark xmltest:valid-not-sa-006 (valid)] took 0.001 sec
    [junit] 	FAILED
    [junit] [James Clark xmltest:valid-not-sa-006] Expected valid but got error: Recursive entity reference via systemId: file:/Users/cburdess@mimecast.com/cpkb-bluezoo/gonzalez/xmlconf/xmltest/valid/not-sa/006.ent: Test demonstrates that when more than one definition is provided for the same attribute of a given element type only the first declaration is binding.
    [junit] junit.framework.AssertionFailedError: [James Clark xmltest:valid-not-sa-006] Expected valid but got error: Recursive entity reference via systemId: file:/Users/cburdess@mimecast.com/cpkb-bluezoo/gonzalez/xmlconf/xmltest/valid/not-sa/006.ent: Test demonstrates that when more than one definition is provided for the same attribute of a given element type only the first declaration is binding.
    [junit] 	at org.bluezoo.gonzalez.XMLConformanceTest.runTest(XMLConformanceTest.java:415)
    [junit] 	at jdk.internal.reflect.GeneratedMethodAccessor1.invoke(Unknown Source)
    [junit] 	at java.base/jdk.internal.reflect.DelegatingMethodAccessorImpl.invoke(DelegatingMethodAccessorImpl.java:43)
    [junit] 
    [junit] Testcase: runTest[James Clark xmltest:valid-not-sa-007 (valid)] took 0 sec
    [junit] 	FAILED
    [junit] [James Clark xmltest:valid-not-sa-007] Expected valid but got error: Recursive entity reference via systemId: file:/Users/cburdess@mimecast.com/cpkb-bluezoo/gonzalez/xmlconf/xmltest/valid/not-sa/007.ent: Test demonstrates the use of an Attribute list declaration within an external entity.
    [junit] junit.framework.AssertionFailedError: [James Clark xmltest:valid-not-sa-007] Expected valid but got error: Recursive entity reference via systemId: file:/Users/cburdess@mimecast.com/cpkb-bluezoo/gonzalez/xmlconf/xmltest/valid/not-sa/007.ent: Test demonstrates the use of an Attribute list declaration within an external entity.
    [junit] 	at org.bluezoo.gonzalez.XMLConformanceTest.runTest(XMLConformanceTest.java:415)
    [junit] 	at jdk.internal.reflect.GeneratedMethodAccessor1.invoke(Unknown Source)
    [junit] 	at java.base/jdk.internal.reflect.DelegatingMethodAccessorImpl.invoke(DelegatingMethodAccessorImpl.java:43)
    [junit] 
    [junit] Testcase: runTest[James Clark xmltest:valid-not-sa-008 (valid)] took 0.001 sec
    [junit] 	FAILED
    [junit] [James Clark xmltest:valid-not-sa-008] Expected valid but got error: Expected whitespace between public ID and system ID: Test demonstrates that an external identifier may include a public identifier.
    [junit] junit.framework.AssertionFailedError: [James Clark xmltest:valid-not-sa-008] Expected valid but got error: Expected whitespace between public ID and system ID: Test demonstrates that an external identifier may include a public identifier.
    [junit] 	at org.bluezoo.gonzalez.XMLConformanceTest.runTest(XMLConformanceTest.java:415)
    [junit] 	at jdk.internal.reflect.GeneratedMethodAccessor1.invoke(Unknown Source)
    [junit] 	at java.base/jdk.internal.reflect.DelegatingMethodAccessorImpl.invoke(DelegatingMethodAccessorImpl.java:43)
    [junit] 
    [junit] Testcase: runTest[James Clark xmltest:valid-not-sa-009 (valid)] took 0.001 sec
    [junit] 	FAILED
    [junit] [James Clark xmltest:valid-not-sa-009] Expected valid but got error: Expected whitespace between public ID and system ID: Test demonstrates that an external identifier may include a public identifier.
    [junit] junit.framework.AssertionFailedError: [James Clark xmltest:valid-not-sa-009] Expected valid but got error: Expected whitespace between public ID and system ID: Test demonstrates that an external identifier may include a public identifier.
    [junit] 	at org.bluezoo.gonzalez.XMLConformanceTest.runTest(XMLConformanceTest.java:415)
    [junit] 	at jdk.internal.reflect.GeneratedMethodAccessor1.invoke(Unknown Source)
    [junit] 	at java.base/jdk.internal.reflect.DelegatingMethodAccessorImpl.invoke(DelegatingMethodAccessorImpl.java:43)
    [junit] 
    [junit] Testcase: runTest[James Clark xmltest:valid-not-sa-010 (valid)] took 0.001 sec
    [junit] 	FAILED
    [junit] [James Clark xmltest:valid-not-sa-010] Expected valid but got error: Recursive entity reference via systemId: file:/Users/cburdess@mimecast.com/cpkb-bluezoo/gonzalez/xmlconf/xmltest/valid/not-sa/010.ent: Test demonstrates that when more that one definition is provided for the same attribute of a given element type only the first declaration is binding.
    [junit] junit.framework.AssertionFailedError: [James Clark xmltest:valid-not-sa-010] Expected valid but got error: Recursive entity reference via systemId: file:/Users/cburdess@mimecast.com/cpkb-bluezoo/gonzalez/xmlconf/xmltest/valid/not-sa/010.ent: Test demonstrates that when more that one definition is provided for the same attribute of a given element type only the first declaration is binding.
    [junit] 	at org.bluezoo.gonzalez.XMLConformanceTest.runTest(XMLConformanceTest.java:415)
    [junit] 	at jdk.internal.reflect.GeneratedMethodAccessor1.invoke(Unknown Source)
    [junit] 	at java.base/jdk.internal.reflect.DelegatingMethodAccessorImpl.invoke(DelegatingMethodAccessorImpl.java:43)
    [junit] 
    [junit] Testcase: runTest[James Clark xmltest:valid-not-sa-011 (valid)] took 0.001 sec
    [junit] 	FAILED
    [junit] [James Clark xmltest:valid-not-sa-011] Expected valid but got error: Recursive entity reference via systemId: file:/Users/cburdess@mimecast.com/cpkb-bluezoo/gonzalez/xmlconf/xmltest/valid/not-sa/011.ent: Test demonstrates a parameter entity declaration whose parameter entity definition is an ExternalID.
    [junit] junit.framework.AssertionFailedError: [James Clark xmltest:valid-not-sa-011] Expected valid but got error: Recursive entity reference via systemId: file:/Users/cburdess@mimecast.com/cpkb-bluezoo/gonzalez/xmlconf/xmltest/valid/not-sa/011.ent: Test demonstrates a parameter entity declaration whose parameter entity definition is an ExternalID.
    [junit] 	at org.bluezoo.gonzalez.XMLConformanceTest.runTest(XMLConformanceTest.java:415)
    [junit] 	at jdk.internal.reflect.GeneratedMethodAccessor1.invoke(Unknown Source)
    [junit] 	at java.base/jdk.internal.reflect.DelegatingMethodAccessorImpl.invoke(DelegatingMethodAccessorImpl.java:43)
    [junit] 
    [junit] Testcase: runTest[James Clark xmltest:valid-not-sa-012 (valid)] took 0.001 sec
    [junit] 	FAILED
    [junit] [James Clark xmltest:valid-not-sa-012] Expected valid but got error: Recursive entity reference via systemId: file:/Users/cburdess@mimecast.com/cpkb-bluezoo/gonzalez/xmlconf/xmltest/valid/not-sa/012.ent: Test demonstrates an enternal parsed entity that begins with a text declaration.
    [junit] junit.framework.AssertionFailedError: [James Clark xmltest:valid-not-sa-012] Expected valid but got error: Recursive entity reference via systemId: file:/Users/cburdess@mimecast.com/cpkb-bluezoo/gonzalez/xmlconf/xmltest/valid/not-sa/012.ent: Test demonstrates an enternal parsed entity that begins with a text declaration.
    [junit] 	at org.bluezoo.gonzalez.XMLConformanceTest.runTest(XMLConformanceTest.java:415)
    [junit] 	at jdk.internal.reflect.GeneratedMethodAccessor1.invoke(Unknown Source)
    [junit] 	at java.base/jdk.internal.reflect.DelegatingMethodAccessorImpl.invoke(DelegatingMethodAccessorImpl.java:43)
    [junit] 
    [junit] Testcase: runTest[James Clark xmltest:valid-not-sa-013 (valid)] took 0 sec
    [junit] 	FAILED
    [junit] [James Clark xmltest:valid-not-sa-013] Expected valid but got error: Recursive entity reference via systemId: file:/Users/cburdess@mimecast.com/cpkb-bluezoo/gonzalez/xmlconf/xmltest/valid/not-sa/013.ent: Test demonstrates the use of the conditional section INCLUDE that will include its contents as part of the DTD.
    [junit] junit.framework.AssertionFailedError: [James Clark xmltest:valid-not-sa-013] Expected valid but got error: Recursive entity reference via systemId: file:/Users/cburdess@mimecast.com/cpkb-bluezoo/gonzalez/xmlconf/xmltest/valid/not-sa/013.ent: Test demonstrates the use of the conditional section INCLUDE that will include its contents as part of the DTD.
    [junit] 	at org.bluezoo.gonzalez.XMLConformanceTest.runTest(XMLConformanceTest.java:415)
    [junit] 	at jdk.internal.reflect.GeneratedMethodAccessor1.invoke(Unknown Source)
    [junit] 	at java.base/jdk.internal.reflect.DelegatingMethodAccessorImpl.invoke(DelegatingMethodAccessorImpl.java:43)
    [junit] 
    [junit] Testcase: runTest[James Clark xmltest:valid-not-sa-014 (valid)] took 0 sec
    [junit] 	FAILED
    [junit] [James Clark xmltest:valid-not-sa-014] Expected valid but got error: Recursive entity reference via systemId: file:/Users/cburdess@mimecast.com/cpkb-bluezoo/gonzalez/xmlconf/xmltest/valid/not-sa/014.ent: Test demonstrates the use of the conditional section INCLUDE that will include its contents as part of the DTD.  The keyword is a parameter-entity reference.
    [junit] junit.framework.AssertionFailedError: [James Clark xmltest:valid-not-sa-014] Expected valid but got error: Recursive entity reference via systemId: file:/Users/cburdess@mimecast.com/cpkb-bluezoo/gonzalez/xmlconf/xmltest/valid/not-sa/014.ent: Test demonstrates the use of the conditional section INCLUDE that will include its contents as part of the DTD.  The keyword is a parameter-entity reference.
    [junit] 	at org.bluezoo.gonzalez.XMLConformanceTest.runTest(XMLConformanceTest.java:415)
    [junit] 	at jdk.internal.reflect.GeneratedMethodAccessor1.invoke(Unknown Source)
    [junit] 	at java.base/jdk.internal.reflect.DelegatingMethodAccessorImpl.invoke(DelegatingMethodAccessorImpl.java:43)
    [junit] 
    [junit] Testcase: runTest[James Clark xmltest:valid-not-sa-015 (valid)] took 0.001 sec
    [junit] 	FAILED
    [junit] [James Clark xmltest:valid-not-sa-015] Expected valid but got error: Recursive entity reference via systemId: file:/Users/cburdess@mimecast.com/cpkb-bluezoo/gonzalez/xmlconf/xmltest/valid/not-sa/015.ent: Test demonstrates the use of the conditonal section IGNORE the will ignore its content from being part of the DTD.  The keyword is a parameter-entity reference.
    [junit] junit.framework.AssertionFailedError: [James Clark xmltest:valid-not-sa-015] Expected valid but got error: Recursive entity reference via systemId: file:/Users/cburdess@mimecast.com/cpkb-bluezoo/gonzalez/xmlconf/xmltest/valid/not-sa/015.ent: Test demonstrates the use of the conditonal section IGNORE the will ignore its content from being part of the DTD.  The keyword is a parameter-entity reference.
    [junit] 	at org.bluezoo.gonzalez.XMLConformanceTest.runTest(XMLConformanceTest.java:415)
    [junit] 	at jdk.internal.reflect.GeneratedMethodAccessor1.invoke(Unknown Source)
    [junit] 	at java.base/jdk.internal.reflect.DelegatingMethodAccessorImpl.invoke(DelegatingMethodAccessorImpl.java:43)
    [junit] 
    [junit] Testcase: runTest[James Clark xmltest:valid-not-sa-016 (valid)] took 0.001 sec
    [junit] 	FAILED
    [junit] [James Clark xmltest:valid-not-sa-016] Expected valid but got error: Recursive entity reference via systemId: file:/Users/cburdess@mimecast.com/cpkb-bluezoo/gonzalez/xmlconf/xmltest/valid/not-sa/016.ent: Test demonstrates the use of the conditional section INCLUDE that will include its contents as part of the DTD.  The keyword is a parameter-entity reference.
    [junit] junit.framework.AssertionFailedError: [James Clark xmltest:valid-not-sa-016] Expected valid but got error: Recursive entity reference via systemId: file:/Users/cburdess@mimecast.com/cpkb-bluezoo/gonzalez/xmlconf/xmltest/valid/not-sa/016.ent: Test demonstrates the use of the conditional section INCLUDE that will include its contents as part of the DTD.  The keyword is a parameter-entity reference.
    [junit] 	at org.bluezoo.gonzalez.XMLConformanceTest.runTest(XMLConformanceTest.java:415)
    [junit] 	at jdk.internal.reflect.GeneratedMethodAccessor1.invoke(Unknown Source)
    [junit] 	at java.base/jdk.internal.reflect.DelegatingMethodAccessorImpl.invoke(DelegatingMethodAccessorImpl.java:43)
    [junit] 
    [junit] Testcase: runTest[James Clark xmltest:valid-not-sa-017 (valid)] took 0.001 sec
    [junit] 	FAILED
    [junit] [James Clark xmltest:valid-not-sa-017] Expected valid but got error: Recursive entity reference via systemId: file:/Users/cburdess@mimecast.com/cpkb-bluezoo/gonzalez/xmlconf/xmltest/valid/not-sa/017.ent: Test demonstrates a parameter entity declaration that contains an attribute list declaration.
    [junit] junit.framework.AssertionFailedError: [James Clark xmltest:valid-not-sa-017] Expected valid but got error: Recursive entity reference via systemId: file:/Users/cburdess@mimecast.com/cpkb-bluezoo/gonzalez/xmlconf/xmltest/valid/not-sa/017.ent: Test demonstrates a parameter entity declaration that contains an attribute list declaration.
    [junit] 	at org.bluezoo.gonzalez.XMLConformanceTest.runTest(XMLConformanceTest.java:415)
    [junit] 	at jdk.internal.reflect.GeneratedMethodAccessor1.invoke(Unknown Source)
    [junit] 	at java.base/jdk.internal.reflect.DelegatingMethodAccessorImpl.invoke(DelegatingMethodAccessorImpl.java:43)
    [junit] 
    [junit] Testcase: runTest[James Clark xmltest:valid-not-sa-018 (valid)] took 0.001 sec
    [junit] 	FAILED
    [junit] [James Clark xmltest:valid-not-sa-018] Expected valid but got error: Recursive entity reference via systemId: file:/Users/cburdess@mimecast.com/cpkb-bluezoo/gonzalez/xmlconf/xmltest/valid/not-sa/018.ent: Test demonstrates an EnternalID whose contents contain an parameter entity declaration and a attribute list definition.
    [junit] junit.framework.AssertionFailedError: [James Clark xmltest:valid-not-sa-018] Expected valid but got error: Recursive entity reference via systemId: file:/Users/cburdess@mimecast.com/cpkb-bluezoo/gonzalez/xmlconf/xmltest/valid/not-sa/018.ent: Test demonstrates an EnternalID whose contents contain an parameter entity declaration and a attribute list definition.
    [junit] 	at org.bluezoo.gonzalez.XMLConformanceTest.runTest(XMLConformanceTest.java:415)
    [junit] 	at jdk.internal.reflect.GeneratedMethodAccessor1.invoke(Unknown Source)
    [junit] 	at java.base/jdk.internal.reflect.DelegatingMethodAccessorImpl.invoke(DelegatingMethodAccessorImpl.java:43)
    [junit] 
    [junit] Testcase: runTest[James Clark xmltest:valid-not-sa-019 (valid)] took 0.001 sec
    [junit] 	FAILED
    [junit] [James Clark xmltest:valid-not-sa-019] Expected valid but got error: Recursive entity reference via systemId: file:/Users/cburdess@mimecast.com/cpkb-bluezoo/gonzalez/xmlconf/xmltest/valid/not-sa/019.ent: Test demonstrates that a parameter entity will be expanded with spaces on either side.
    [junit] junit.framework.AssertionFailedError: [James Clark xmltest:valid-not-sa-019] Expected valid but got error: Recursive entity reference via systemId: file:/Users/cburdess@mimecast.com/cpkb-bluezoo/gonzalez/xmlconf/xmltest/valid/not-sa/019.ent: Test demonstrates that a parameter entity will be expanded with spaces on either side.
    [junit] 	at org.bluezoo.gonzalez.XMLConformanceTest.runTest(XMLConformanceTest.java:415)
    [junit] 	at jdk.internal.reflect.GeneratedMethodAccessor1.invoke(Unknown Source)
    [junit] 	at java.base/jdk.internal.reflect.DelegatingMethodAccessorImpl.invoke(DelegatingMethodAccessorImpl.java:43)
    [junit] 
    [junit] Testcase: runTest[James Clark xmltest:valid-not-sa-020 (valid)] took 0 sec
    [junit] 	FAILED
    [junit] [James Clark xmltest:valid-not-sa-020] Expected valid but got error: Recursive entity reference via systemId: file:/Users/cburdess@mimecast.com/cpkb-bluezoo/gonzalez/xmlconf/xmltest/valid/not-sa/020.ent: Parameter entities expand with spaces on either side.
    [junit] junit.framework.AssertionFailedError: [James Clark xmltest:valid-not-sa-020] Expected valid but got error: Recursive entity reference via systemId: file:/Users/cburdess@mimecast.com/cpkb-bluezoo/gonzalez/xmlconf/xmltest/valid/not-sa/020.ent: Parameter entities expand with spaces on either side.
    [junit] 	at org.bluezoo.gonzalez.XMLConformanceTest.runTest(XMLConformanceTest.java:415)
    [junit] 	at jdk.internal.reflect.GeneratedMethodAccessor1.invoke(Unknown Source)
    [junit] 	at java.base/jdk.internal.reflect.DelegatingMethodAccessorImpl.invoke(DelegatingMethodAccessorImpl.java:43)
    [junit] 
    [junit] Testcase: runTest[James Clark xmltest:valid-not-sa-021 (valid)] took 0 sec
    [junit] 	FAILED
    [junit] [James Clark xmltest:valid-not-sa-021] Expected valid but got error: Recursive entity reference via systemId: file:/Users/cburdess@mimecast.com/cpkb-bluezoo/gonzalez/xmlconf/xmltest/valid/not-sa/021.ent: Test demonstrates a parameter entity declaration that contains a partial attribute list declaration.
    [junit] junit.framework.AssertionFailedError: [James Clark xmltest:valid-not-sa-021] Expected valid but got error: Recursive entity reference via systemId: file:/Users/cburdess@mimecast.com/cpkb-bluezoo/gonzalez/xmlconf/xmltest/valid/not-sa/021.ent: Test demonstrates a parameter entity declaration that contains a partial attribute list declaration.
    [junit] 	at org.bluezoo.gonzalez.XMLConformanceTest.runTest(XMLConformanceTest.java:415)
    [junit] 	at jdk.internal.reflect.GeneratedMethodAccessor1.invoke(Unknown Source)
    [junit] 	at java.base/jdk.internal.reflect.DelegatingMethodAccessorImpl.invoke(DelegatingMethodAccessorImpl.java:43)
    [junit] 
    [junit] Testcase: runTest[James Clark xmltest:valid-not-sa-023 (valid)] took 0 sec
    [junit] 	FAILED
    [junit] [James Clark xmltest:valid-not-sa-023] Expected valid but got error: Recursive entity reference via systemId: file:/Users/cburdess@mimecast.com/cpkb-bluezoo/gonzalez/xmlconf/xmltest/valid/not-sa/023.ent: Test demonstrates the use of a parameter entity reference within an attribute list declaration.
    [junit] junit.framework.AssertionFailedError: [James Clark xmltest:valid-not-sa-023] Expected valid but got error: Recursive entity reference via systemId: file:/Users/cburdess@mimecast.com/cpkb-bluezoo/gonzalez/xmlconf/xmltest/valid/not-sa/023.ent: Test demonstrates the use of a parameter entity reference within an attribute list declaration.
    [junit] 	at org.bluezoo.gonzalez.XMLConformanceTest.runTest(XMLConformanceTest.java:415)
    [junit] 	at jdk.internal.reflect.GeneratedMethodAccessor1.invoke(Unknown Source)
    [junit] 	at java.base/jdk.internal.reflect.DelegatingMethodAccessorImpl.invoke(DelegatingMethodAccessorImpl.java:43)
    [junit] 
    [junit] Testcase: runTest[James Clark xmltest:valid-not-sa-024 (valid)] took 0.001 sec
    [junit] 	FAILED
    [junit] [James Clark xmltest:valid-not-sa-024] Expected valid but got error: Recursive entity reference via systemId: file:/Users/cburdess@mimecast.com/cpkb-bluezoo/gonzalez/xmlconf/xmltest/valid/not-sa/024.ent: Constructs an <!ATTLIST...> declaration from several PEs.
    [junit] junit.framework.AssertionFailedError: [James Clark xmltest:valid-not-sa-024] Expected valid but got error: Recursive entity reference via systemId: file:/Users/cburdess@mimecast.com/cpkb-bluezoo/gonzalez/xmlconf/xmltest/valid/not-sa/024.ent: Constructs an <!ATTLIST...> declaration from several PEs.
    [junit] 	at org.bluezoo.gonzalez.XMLConformanceTest.runTest(XMLConformanceTest.java:415)
    [junit] 	at jdk.internal.reflect.GeneratedMethodAccessor1.invoke(Unknown Source)
    [junit] 	at java.base/jdk.internal.reflect.DelegatingMethodAccessorImpl.invoke(DelegatingMethodAccessorImpl.java:43)
    [junit] 
    [junit] Testcase: runTest[James Clark xmltest:valid-not-sa-025 (valid)] took 0.001 sec
    [junit] 	FAILED
    [junit] [James Clark xmltest:valid-not-sa-025] Expected valid but got error: Recursive entity reference via systemId: file:/Users/cburdess@mimecast.com/cpkb-bluezoo/gonzalez/xmlconf/xmltest/valid/not-sa/025.ent: Test demonstrates that when more that one definition is provided for the same entity only the first declaration is binding.
    [junit] junit.framework.AssertionFailedError: [James Clark xmltest:valid-not-sa-025] Expected valid but got error: Recursive entity reference via systemId: file:/Users/cburdess@mimecast.com/cpkb-bluezoo/gonzalez/xmlconf/xmltest/valid/not-sa/025.ent: Test demonstrates that when more that one definition is provided for the same entity only the first declaration is binding.
    [junit] 	at org.bluezoo.gonzalez.XMLConformanceTest.runTest(XMLConformanceTest.java:415)
    [junit] 	at jdk.internal.reflect.GeneratedMethodAccessor1.invoke(Unknown Source)
    [junit] 	at java.base/jdk.internal.reflect.DelegatingMethodAccessorImpl.invoke(DelegatingMethodAccessorImpl.java:43)
    [junit] 
    [junit] Testcase: runTest[James Clark xmltest:valid-not-sa-026 (valid)] took 0.001 sec
    [junit] 	FAILED
    [junit] [James Clark xmltest:valid-not-sa-026] Expected valid but got error: Recursive entity reference via systemId: file:/Users/cburdess@mimecast.com/cpkb-bluezoo/gonzalez/xmlconf/xmltest/valid/not-sa/026.ent: Test demonstrates that when more that one definition is provided for the same attribute of a given element type only the first declaration is binding.
    [junit] junit.framework.AssertionFailedError: [James Clark xmltest:valid-not-sa-026] Expected valid but got error: Recursive entity reference via systemId: file:/Users/cburdess@mimecast.com/cpkb-bluezoo/gonzalez/xmlconf/xmltest/valid/not-sa/026.ent: Test demonstrates that when more that one definition is provided for the same attribute of a given element type only the first declaration is binding.
    [junit] 	at org.bluezoo.gonzalez.XMLConformanceTest.runTest(XMLConformanceTest.java:415)
    [junit] 	at jdk.internal.reflect.GeneratedMethodAccessor1.invoke(Unknown Source)
    [junit] 	at java.base/jdk.internal.reflect.DelegatingMethodAccessorImpl.invoke(DelegatingMethodAccessorImpl.java:43)
    [junit] 
    [junit] Testcase: runTest[James Clark xmltest:valid-not-sa-027 (valid)] took 0.001 sec
    [junit] 	FAILED
    [junit] [James Clark xmltest:valid-not-sa-027] Expected valid but got error: Recursive entity reference via systemId: file:/Users/cburdess@mimecast.com/cpkb-bluezoo/gonzalez/xmlconf/xmltest/valid/not-sa/027.ent: Test demonstrates a parameter entity reference whose value is NULL.
    [junit] junit.framework.AssertionFailedError: [James Clark xmltest:valid-not-sa-027] Expected valid but got error: Recursive entity reference via systemId: file:/Users/cburdess@mimecast.com/cpkb-bluezoo/gonzalez/xmlconf/xmltest/valid/not-sa/027.ent: Test demonstrates a parameter entity reference whose value is NULL.
    [junit] 	at org.bluezoo.gonzalez.XMLConformanceTest.runTest(XMLConformanceTest.java:415)
    [junit] 	at jdk.internal.reflect.GeneratedMethodAccessor1.invoke(Unknown Source)
    [junit] 	at java.base/jdk.internal.reflect.DelegatingMethodAccessorImpl.invoke(DelegatingMethodAccessorImpl.java:43)
    [junit] 
    [junit] Testcase: runTest[James Clark xmltest:valid-not-sa-028 (valid)] took 0.001 sec
    [junit] 	FAILED
    [junit] [James Clark xmltest:valid-not-sa-028] Expected valid but got error: Recursive entity reference via systemId: file:/Users/cburdess@mimecast.com/cpkb-bluezoo/gonzalez/xmlconf/xmltest/valid/not-sa/028.ent: Test demonstrates the use of the conditional section INCLUDE that will include its contents.
    [junit] junit.framework.AssertionFailedError: [James Clark xmltest:valid-not-sa-028] Expected valid but got error: Recursive entity reference via systemId: file:/Users/cburdess@mimecast.com/cpkb-bluezoo/gonzalez/xmlconf/xmltest/valid/not-sa/028.ent: Test demonstrates the use of the conditional section INCLUDE that will include its contents.
    [junit] 	at org.bluezoo.gonzalez.XMLConformanceTest.runTest(XMLConformanceTest.java:415)
    [junit] 	at jdk.internal.reflect.GeneratedMethodAccessor1.invoke(Unknown Source)
    [junit] 	at java.base/jdk.internal.reflect.DelegatingMethodAccessorImpl.invoke(DelegatingMethodAccessorImpl.java:43)
    [junit] 
    [junit] Testcase: runTest[James Clark xmltest:valid-not-sa-029 (valid)] took 0.001 sec
    [junit] 	FAILED
    [junit] [James Clark xmltest:valid-not-sa-029] Expected valid but got error: Recursive entity reference via systemId: file:/Users/cburdess@mimecast.com/cpkb-bluezoo/gonzalez/xmlconf/xmltest/valid/not-sa/029.ent: Test demonstrates the use of the conditonal section IGNORE the will ignore its content from being used.
    [junit] junit.framework.AssertionFailedError: [James Clark xmltest:valid-not-sa-029] Expected valid but got error: Recursive entity reference via systemId: file:/Users/cburdess@mimecast.com/cpkb-bluezoo/gonzalez/xmlconf/xmltest/valid/not-sa/029.ent: Test demonstrates the use of the conditonal section IGNORE the will ignore its content from being used.
    [junit] 	at org.bluezoo.gonzalez.XMLConformanceTest.runTest(XMLConformanceTest.java:415)
    [junit] 	at jdk.internal.reflect.GeneratedMethodAccessor1.invoke(Unknown Source)
    [junit] 	at java.base/jdk.internal.reflect.DelegatingMethodAccessorImpl.invoke(DelegatingMethodAccessorImpl.java:43)
    [junit] 
    [junit] Testcase: runTest[James Clark xmltest:valid-not-sa-030 (valid)] took 0.001 sec
    [junit] 	FAILED
    [junit] [James Clark xmltest:valid-not-sa-030] Expected valid but got error: Recursive entity reference via systemId: file:/Users/cburdess@mimecast.com/cpkb-bluezoo/gonzalez/xmlconf/xmltest/valid/not-sa/030.ent: Test demonstrates the use of the conditonal section IGNORE the will ignore its content from being used.
    [junit] junit.framework.AssertionFailedError: [James Clark xmltest:valid-not-sa-030] Expected valid but got error: Recursive entity reference via systemId: file:/Users/cburdess@mimecast.com/cpkb-bluezoo/gonzalez/xmlconf/xmltest/valid/not-sa/030.ent: Test demonstrates the use of the conditonal section IGNORE the will ignore its content from being used.
    [junit] 	at org.bluezoo.gonzalez.XMLConformanceTest.runTest(XMLConformanceTest.java:415)
    [junit] 	at jdk.internal.reflect.GeneratedMethodAccessor1.invoke(Unknown Source)
    [junit] 	at java.base/jdk.internal.reflect.DelegatingMethodAccessorImpl.invoke(DelegatingMethodAccessorImpl.java:43)
    [junit] 
    [junit] Testcase: runTest[James Clark xmltest:valid-not-sa-031 (valid)] took 0.001 sec
    [junit] 	FAILED
    [junit] [James Clark xmltest:valid-not-sa-031] Expected valid but got error: Recursive entity reference via systemId: file:/Users/cburdess@mimecast.com/cpkb-bluezoo/gonzalez/xmlconf/xmltest/valid/not-sa/031-1.ent: Expands a general entity which contains a CDATA section with
    [junit]     what looks like a markup declaration (but is just text since
    [junit]     it's in a CDATA section).
    [junit] junit.framework.AssertionFailedError: [James Clark xmltest:valid-not-sa-031] Expected valid but got error: Recursive entity reference via systemId: file:/Users/cburdess@mimecast.com/cpkb-bluezoo/gonzalez/xmlconf/xmltest/valid/not-sa/031-1.ent: Expands a general entity which contains a CDATA section with
    [junit]     what looks like a markup declaration (but is just text since
    [junit]     it's in a CDATA section).
    [junit] 	at org.bluezoo.gonzalez.XMLConformanceTest.runTest(XMLConformanceTest.java:415)
    [junit] 	at jdk.internal.reflect.GeneratedMethodAccessor1.invoke(Unknown Source)
    [junit] 	at java.base/jdk.internal.reflect.DelegatingMethodAccessorImpl.invoke(DelegatingMethodAccessorImpl.java:43)
    [junit] 
    [junit] Testcase: runTest[James Clark xmltest:valid-ext-sa-001 (valid)] took 0.001 sec
    [junit] 	FAILED
    [junit] [James Clark xmltest:valid-ext-sa-001] Expected valid but got error: Recursive entity reference via systemId: file:/Users/cburdess@mimecast.com/cpkb-bluezoo/gonzalez/xmlconf/xmltest/valid/ext-sa/001.ent: A combination of carriage return line feed in an external entity must
    [junit]     be normalized to a single newline.
    [junit] junit.framework.AssertionFailedError: [James Clark xmltest:valid-ext-sa-001] Expected valid but got error: Recursive entity reference via systemId: file:/Users/cburdess@mimecast.com/cpkb-bluezoo/gonzalez/xmlconf/xmltest/valid/ext-sa/001.ent: A combination of carriage return line feed in an external entity must
    [junit]     be normalized to a single newline.
    [junit] 	at org.bluezoo.gonzalez.XMLConformanceTest.runTest(XMLConformanceTest.java:415)
    [junit] 	at jdk.internal.reflect.GeneratedMethodAccessor1.invoke(Unknown Source)
    [junit] 	at java.base/jdk.internal.reflect.DelegatingMethodAccessorImpl.invoke(DelegatingMethodAccessorImpl.java:43)
    [junit] 
    [junit] Testcase: runTest[James Clark xmltest:valid-ext-sa-002 (valid)] took 0.001 sec
    [junit] 	FAILED
    [junit] [James Clark xmltest:valid-ext-sa-002] Expected valid but got error: Recursive entity reference via systemId: file:/Users/cburdess@mimecast.com/cpkb-bluezoo/gonzalez/xmlconf/xmltest/valid/ext-sa/002.ent: A carriage return (also CRLF) in an external entity must
    [junit]     be normalized to a single newline.
    [junit] junit.framework.AssertionFailedError: [James Clark xmltest:valid-ext-sa-002] Expected valid but got error: Recursive entity reference via systemId: file:/Users/cburdess@mimecast.com/cpkb-bluezoo/gonzalez/xmlconf/xmltest/valid/ext-sa/002.ent: A carriage return (also CRLF) in an external entity must
    [junit]     be normalized to a single newline.
    [junit] 	at org.bluezoo.gonzalez.XMLConformanceTest.runTest(XMLConformanceTest.java:415)
    [junit] 	at jdk.internal.reflect.GeneratedMethodAccessor1.invoke(Unknown Source)
    [junit] 	at java.base/jdk.internal.reflect.DelegatingMethodAccessorImpl.invoke(DelegatingMethodAccessorImpl.java:43)
    [junit] 
    [junit] Testcase: runTest[James Clark xmltest:valid-ext-sa-003 (valid)] took 0.001 sec
    [junit] 	FAILED
    [junit] [James Clark xmltest:valid-ext-sa-003] Expected valid but got error: Recursive entity reference via systemId: file:/Users/cburdess@mimecast.com/cpkb-bluezoo/gonzalez/xmlconf/xmltest/valid/ext-sa/003.ent: Test demonstrates that the content of an element can be empty. In this case the external entity is an empty file.
    [junit] junit.framework.AssertionFailedError: [James Clark xmltest:valid-ext-sa-003] Expected valid but got error: Recursive entity reference via systemId: file:/Users/cburdess@mimecast.com/cpkb-bluezoo/gonzalez/xmlconf/xmltest/valid/ext-sa/003.ent: Test demonstrates that the content of an element can be empty. In this case the external entity is an empty file.
    [junit] 	at org.bluezoo.gonzalez.XMLConformanceTest.runTest(XMLConformanceTest.java:415)
    [junit] 	at jdk.internal.reflect.GeneratedMethodAccessor1.invoke(Unknown Source)
    [junit] 	at java.base/jdk.internal.reflect.DelegatingMethodAccessorImpl.invoke(DelegatingMethodAccessorImpl.java:43)
    [junit] 
    [junit] Testcase: runTest[James Clark xmltest:valid-ext-sa-004 (valid)] took 0.001 sec
    [junit] 	FAILED
    [junit] [James Clark xmltest:valid-ext-sa-004] Expected valid but got error: Recursive entity reference via systemId: file:/Users/cburdess@mimecast.com/cpkb-bluezoo/gonzalez/xmlconf/xmltest/valid/ext-sa/004.ent: A carriage return (also CRLF) in an external entity must
    [junit]     be normalized to a single newline.
    [junit] junit.framework.AssertionFailedError: [James Clark xmltest:valid-ext-sa-004] Expected valid but got error: Recursive entity reference via systemId: file:/Users/cburdess@mimecast.com/cpkb-bluezoo/gonzalez/xmlconf/xmltest/valid/ext-sa/004.ent: A carriage return (also CRLF) in an external entity must
    [junit]     be normalized to a single newline.
    [junit] 	at org.bluezoo.gonzalez.XMLConformanceTest.runTest(XMLConformanceTest.java:415)
    [junit] 	at jdk.internal.reflect.GeneratedMethodAccessor1.invoke(Unknown Source)
    [junit] 	at java.base/jdk.internal.reflect.DelegatingMethodAccessorImpl.invoke(DelegatingMethodAccessorImpl.java:43)
    [junit] 
    [junit] Testcase: runTest[James Clark xmltest:valid-ext-sa-005 (valid)] took 0.001 sec
    [junit] 	FAILED
    [junit] [James Clark xmltest:valid-ext-sa-005] Expected valid but got error: Recursive entity reference via systemId: file:/Users/cburdess@mimecast.com/cpkb-bluezoo/gonzalez/xmlconf/xmltest/valid/ext-sa/005.ent: Test demonstrates the use of optional character and content particles within an element content.  The test also show the use of external entity.
    [junit] junit.framework.AssertionFailedError: [James Clark xmltest:valid-ext-sa-005] Expected valid but got error: Recursive entity reference via systemId: file:/Users/cburdess@mimecast.com/cpkb-bluezoo/gonzalez/xmlconf/xmltest/valid/ext-sa/005.ent: Test demonstrates the use of optional character and content particles within an element content.  The test also show the use of external entity.
    [junit] 	at org.bluezoo.gonzalez.XMLConformanceTest.runTest(XMLConformanceTest.java:415)
    [junit] 	at jdk.internal.reflect.GeneratedMethodAccessor1.invoke(Unknown Source)
    [junit] 	at java.base/jdk.internal.reflect.DelegatingMethodAccessorImpl.invoke(DelegatingMethodAccessorImpl.java:43)
    [junit] 
    [junit] Testcase: runTest[James Clark xmltest:valid-ext-sa-006 (valid)] took 0.001 sec
    [junit] 	FAILED
    [junit] [James Clark xmltest:valid-ext-sa-006] Expected valid but got error: Recursive entity reference via systemId: file:/Users/cburdess@mimecast.com/cpkb-bluezoo/gonzalez/xmlconf/xmltest/valid/ext-sa/006.ent: Test demonstrates the use of optional character and content particles within mixed element content.  The test also shows the use of an external entity and that a carriage control line feed in an external entity must be normalized to a single newline.
    [junit] junit.framework.AssertionFailedError: [James Clark xmltest:valid-ext-sa-006] Expected valid but got error: Recursive entity reference via systemId: file:/Users/cburdess@mimecast.com/cpkb-bluezoo/gonzalez/xmlconf/xmltest/valid/ext-sa/006.ent: Test demonstrates the use of optional character and content particles within mixed element content.  The test also shows the use of an external entity and that a carriage control line feed in an external entity must be normalized to a single newline.
    [junit] 	at org.bluezoo.gonzalez.XMLConformanceTest.runTest(XMLConformanceTest.java:415)
    [junit] 	at jdk.internal.reflect.GeneratedMethodAccessor1.invoke(Unknown Source)
    [junit] 	at java.base/jdk.internal.reflect.DelegatingMethodAccessorImpl.invoke(DelegatingMethodAccessorImpl.java:43)
    [junit] 
    [junit] Testcase: runTest[James Clark xmltest:valid-ext-sa-007 (valid)] took 0.001 sec
    [junit] 	FAILED
    [junit] [James Clark xmltest:valid-ext-sa-007] Expected valid but got error: Recursive entity reference via systemId: file:/Users/cburdess@mimecast.com/cpkb-bluezoo/gonzalez/xmlconf/xmltest/valid/ext-sa/007.ent: Test demonstrates the use of external entity and how replacement 
    [junit] text is retrieved and processed.
    [junit] junit.framework.AssertionFailedError: [James Clark xmltest:valid-ext-sa-007] Expected valid but got error: Recursive entity reference via systemId: file:/Users/cburdess@mimecast.com/cpkb-bluezoo/gonzalez/xmlconf/xmltest/valid/ext-sa/007.ent: Test demonstrates the use of external entity and how replacement 
    [junit] text is retrieved and processed.
    [junit] 	at org.bluezoo.gonzalez.XMLConformanceTest.runTest(XMLConformanceTest.java:415)
    [junit] 	at jdk.internal.reflect.GeneratedMethodAccessor1.invoke(Unknown Source)
    [junit] 	at java.base/jdk.internal.reflect.DelegatingMethodAccessorImpl.invoke(DelegatingMethodAccessorImpl.java:43)
    [junit] 
    [junit] Testcase: runTest[James Clark xmltest:valid-ext-sa-008 (valid)] took 0 sec
    [junit] 	FAILED
    [junit] [James Clark xmltest:valid-ext-sa-008] Expected valid but got error: Recursive entity reference via systemId: file:/Users/cburdess@mimecast.com/cpkb-bluezoo/gonzalez/xmlconf/xmltest/valid/ext-sa/008.ent: Test demonstrates the use of external 
    [junit] entity and how replacement text is retrieved and processed.  Also tests the use of an 
    [junit] EncodingDecl of UTF-16.
    [junit] junit.framework.AssertionFailedError: [James Clark xmltest:valid-ext-sa-008] Expected valid but got error: Recursive entity reference via systemId: file:/Users/cburdess@mimecast.com/cpkb-bluezoo/gonzalez/xmlconf/xmltest/valid/ext-sa/008.ent: Test demonstrates the use of external 
    [junit] entity and how replacement text is retrieved and processed.  Also tests the use of an 
    [junit] EncodingDecl of UTF-16.
    [junit] 	at org.bluezoo.gonzalez.XMLConformanceTest.runTest(XMLConformanceTest.java:415)
    [junit] 	at jdk.internal.reflect.GeneratedMethodAccessor1.invoke(Unknown Source)
    [junit] 	at java.base/jdk.internal.reflect.DelegatingMethodAccessorImpl.invoke(DelegatingMethodAccessorImpl.java:43)
    [junit] 
    [junit] Testcase: runTest[James Clark xmltest:valid-ext-sa-009 (valid)] took 0 sec
    [junit] 	FAILED
    [junit] [James Clark xmltest:valid-ext-sa-009] Expected valid but got error: Recursive entity reference via systemId: file:/Users/cburdess@mimecast.com/cpkb-bluezoo/gonzalez/xmlconf/xmltest/valid/ext-sa/009.ent: A carriage return (also CRLF) in an external entity must
    [junit]     be normalized to a single newline.
    [junit] junit.framework.AssertionFailedError: [James Clark xmltest:valid-ext-sa-009] Expected valid but got error: Recursive entity reference via systemId: file:/Users/cburdess@mimecast.com/cpkb-bluezoo/gonzalez/xmlconf/xmltest/valid/ext-sa/009.ent: A carriage return (also CRLF) in an external entity must
    [junit]     be normalized to a single newline.
    [junit] 	at org.bluezoo.gonzalez.XMLConformanceTest.runTest(XMLConformanceTest.java:415)
    [junit] 	at jdk.internal.reflect.GeneratedMethodAccessor1.invoke(Unknown Source)
    [junit] 	at java.base/jdk.internal.reflect.DelegatingMethodAccessorImpl.invoke(DelegatingMethodAccessorImpl.java:43)
    [junit] 
    [junit] Testcase: runTest[James Clark xmltest:valid-ext-sa-011 (valid)] took 0 sec
    [junit] 	FAILED
    [junit] [James Clark xmltest:valid-ext-sa-011] Expected valid but got error: Recursive entity reference via systemId: file:/Users/cburdess@mimecast.com/cpkb-bluezoo/gonzalez/xmlconf/xmltest/valid/ext-sa/011.ent: Test demonstrates the use of a public identifier with and external entity.  
    [junit] The test also show that a carriage control line feed combination in an external 
    [junit] entity must be normalized to a single newline.
    [junit] junit.framework.AssertionFailedError: [James Clark xmltest:valid-ext-sa-011] Expected valid but got error: Recursive entity reference via systemId: file:/Users/cburdess@mimecast.com/cpkb-bluezoo/gonzalez/xmlconf/xmltest/valid/ext-sa/011.ent: Test demonstrates the use of a public identifier with and external entity.  
    [junit] The test also show that a carriage control line feed combination in an external 
    [junit] entity must be normalized to a single newline.
    [junit] 	at org.bluezoo.gonzalez.XMLConformanceTest.runTest(XMLConformanceTest.java:415)
    [junit] 	at jdk.internal.reflect.GeneratedMethodAccessor1.invoke(Unknown Source)
    [junit] 	at java.base/jdk.internal.reflect.DelegatingMethodAccessorImpl.invoke(DelegatingMethodAccessorImpl.java:43)
    [junit] 
    [junit] Testcase: runTest[James Clark xmltest:valid-ext-sa-012 (valid)] took 0 sec
    [junit] 	FAILED
    [junit] [James Clark xmltest:valid-ext-sa-012] Expected valid but got error: External entity reference in entity value requires async resolution: Test demonstrates both internal and external entities and that processing of entity references may be required to produce the correct replacement text.
    [junit] junit.framework.AssertionFailedError: [James Clark xmltest:valid-ext-sa-012] Expected valid but got error: External entity reference in entity value requires async resolution: Test demonstrates both internal and external entities and that processing of entity references may be required to produce the correct replacement text.
    [junit] 	at org.bluezoo.gonzalez.XMLConformanceTest.runTest(XMLConformanceTest.java:415)
    [junit] 	at jdk.internal.reflect.GeneratedMethodAccessor1.invoke(Unknown Source)
    [junit] 	at java.base/jdk.internal.reflect.DelegatingMethodAccessorImpl.invoke(DelegatingMethodAccessorImpl.java:43)
    [junit] 
    [junit] Testcase: runTest[James Clark xmltest:valid-ext-sa-013 (valid)] took 0.001 sec
    [junit] 	FAILED
    [junit] [James Clark xmltest:valid-ext-sa-013] Expected valid but got error: Recursive entity reference via systemId: file:/Users/cburdess@mimecast.com/cpkb-bluezoo/gonzalez/xmlconf/xmltest/valid/ext-sa/013.ent: Test demonstrates that whitespace is handled by adding a single whitespace to the normalized value in the attribute list.
    [junit] junit.framework.AssertionFailedError: [James Clark xmltest:valid-ext-sa-013] Expected valid but got error: Recursive entity reference via systemId: file:/Users/cburdess@mimecast.com/cpkb-bluezoo/gonzalez/xmlconf/xmltest/valid/ext-sa/013.ent: Test demonstrates that whitespace is handled by adding a single whitespace to the normalized value in the attribute list.
    [junit] 	at org.bluezoo.gonzalez.XMLConformanceTest.runTest(XMLConformanceTest.java:415)
    [junit] 	at jdk.internal.reflect.GeneratedMethodAccessor1.invoke(Unknown Source)
    [junit] 	at java.base/jdk.internal.reflect.DelegatingMethodAccessorImpl.invoke(DelegatingMethodAccessorImpl.java:43)
    [junit] 
    [junit] Testcase: runTest[James Clark xmltest:valid-ext-sa-014 (valid)] took 0.001 sec
    [junit] 	FAILED
    [junit] [James Clark xmltest:valid-ext-sa-014] Expected valid but got error: Recursive entity reference via systemId: file:/Users/cburdess@mimecast.com/cpkb-bluezoo/gonzalez/xmlconf/xmltest/valid/ext-sa/014.ent: Test demonstrates use of characters outside of normal ASCII range.
    [junit] junit.framework.AssertionFailedError: [James Clark xmltest:valid-ext-sa-014] Expected valid but got error: Recursive entity reference via systemId: file:/Users/cburdess@mimecast.com/cpkb-bluezoo/gonzalez/xmlconf/xmltest/valid/ext-sa/014.ent: Test demonstrates use of characters outside of normal ASCII range.
    [junit] 	at org.bluezoo.gonzalez.XMLConformanceTest.runTest(XMLConformanceTest.java:415)
    [junit] 	at jdk.internal.reflect.GeneratedMethodAccessor1.invoke(Unknown Source)
    [junit] 	at java.base/jdk.internal.reflect.DelegatingMethodAccessorImpl.invoke(DelegatingMethodAccessorImpl.java:43)
    [junit] 
    [junit] Testcase: runTest[eduni/errata-2e:rmt-e2e-2a (invalid)] took 0 sec
    [junit] Testcase: runTest[eduni/errata-2e:rmt-e2e-2b (invalid)] took 0.001 sec
    [junit] Testcase: runTest[eduni/errata-2e:rmt-e2e-9a (valid)] took 0 sec
    [junit] Testcase: runTest[eduni/errata-2e:rmt-e2e-9b (invalid)] took 0.001 sec
    [junit] Testcase: runTest[eduni/errata-2e:rmt-e2e-14 (invalid)] took 0.001 sec
    [junit] 	FAILED
    [junit] [eduni/errata-2e:rmt-e2e-14] Got fatal error instead of validation error: Recursive entity reference via systemId: file:/Users/cburdess@mimecast.com/cpkb-bluezoo/gonzalez/xmlconf/eduni/errata-2e/E14.dtd: Declarations mis-nested wrt parameter entities are just validity
    [junit] errors (but note that some parsers treat some such errors as fatal)
    [junit] junit.framework.AssertionFailedError: [eduni/errata-2e:rmt-e2e-14] Got fatal error instead of validation error: Recursive entity reference via systemId: file:/Users/cburdess@mimecast.com/cpkb-bluezoo/gonzalez/xmlconf/eduni/errata-2e/E14.dtd: Declarations mis-nested wrt parameter entities are just validity
    [junit] errors (but note that some parsers treat some such errors as fatal)
    [junit] 	at org.bluezoo.gonzalez.XMLConformanceTest.runTest(XMLConformanceTest.java:415)
    [junit] 	at jdk.internal.reflect.GeneratedMethodAccessor1.invoke(Unknown Source)
    [junit] 	at java.base/jdk.internal.reflect.DelegatingMethodAccessorImpl.invoke(DelegatingMethodAccessorImpl.java:43)
    [junit] 
    [junit] Testcase: runTest[eduni/errata-2e:rmt-e2e-15a (invalid)] took 0 sec
    [junit] Testcase: runTest[eduni/errata-2e:rmt-e2e-15b (invalid)] took 0.001 sec
    [junit] Testcase: runTest[eduni/errata-2e:rmt-e2e-15c (invalid)] took 0 sec
    [junit] Testcase: runTest[eduni/errata-2e:rmt-e2e-15d (invalid)] took 0.001 sec
    [junit] Testcase: runTest[eduni/errata-2e:rmt-e2e-15e (valid)] took 0 sec
    [junit] Testcase: runTest[eduni/errata-2e:rmt-e2e-15f (valid)] took 0.001 sec
    [junit] Testcase: runTest[eduni/errata-2e:rmt-e2e-15g (invalid)] took 0.003 sec
    [junit] Testcase: runTest[eduni/errata-2e:rmt-e2e-15h (invalid)] took 0.001 sec
    [junit] Testcase: runTest[eduni/errata-2e:rmt-e2e-15i (valid)] took 0 sec
    [junit] Testcase: runTest[eduni/errata-2e:rmt-e2e-15j (valid)] took 0.001 sec
    [junit] Testcase: runTest[eduni/errata-2e:rmt-e2e-15k (valid)] took 0 sec
    [junit] Testcase: runTest[eduni/errata-2e:rmt-e2e-15l (valid)] took 0 sec
    [junit] Testcase: runTest[eduni/errata-2e:rmt-e2e-18 (valid)] took 0 sec
    [junit] 	FAILED
    [junit] [eduni/errata-2e:rmt-e2e-18] Expected valid but got error: Recursive entity reference via systemId: file:/Users/cburdess@mimecast.com/cpkb-bluezoo/gonzalez/xmlconf/eduni/errata-2e/subdir1/E18-pe: External entity containing start of entity declaration is base URI
    [junit] for system identifier
    [junit] junit.framework.AssertionFailedError: [eduni/errata-2e:rmt-e2e-18] Expected valid but got error: Recursive entity reference via systemId: file:/Users/cburdess@mimecast.com/cpkb-bluezoo/gonzalez/xmlconf/eduni/errata-2e/subdir1/E18-pe: External entity containing start of entity declaration is base URI
    [junit] for system identifier
    [junit] 	at org.bluezoo.gonzalez.XMLConformanceTest.runTest(XMLConformanceTest.java:415)
    [junit] 	at jdk.internal.reflect.GeneratedMethodAccessor1.invoke(Unknown Source)
    [junit] 	at java.base/jdk.internal.reflect.DelegatingMethodAccessorImpl.invoke(DelegatingMethodAccessorImpl.java:43)
    [junit] 
    [junit] Testcase: runTest[eduni/errata-2e:rmt-e2e-19 (valid)] took 0.001 sec
    [junit] 	FAILED
    [junit] [eduni/errata-2e:rmt-e2e-19] Expected valid but got error: Recursive entity reference via systemId: file:/Users/cburdess@mimecast.com/cpkb-bluezoo/gonzalez/xmlconf/eduni/errata-2e/E19.dtd: Parameter entities and character references are included-in-literal, but
    [junit] general entities are bypassed.
    [junit] junit.framework.AssertionFailedError: [eduni/errata-2e:rmt-e2e-19] Expected valid but got error: Recursive entity reference via systemId: file:/Users/cburdess@mimecast.com/cpkb-bluezoo/gonzalez/xmlconf/eduni/errata-2e/E19.dtd: Parameter entities and character references are included-in-literal, but
    [junit] general entities are bypassed.
    [junit] 	at org.bluezoo.gonzalez.XMLConformanceTest.runTest(XMLConformanceTest.java:415)
    [junit] 	at jdk.internal.reflect.GeneratedMethodAccessor1.invoke(Unknown Source)
    [junit] 	at java.base/jdk.internal.reflect.DelegatingMethodAccessorImpl.invoke(DelegatingMethodAccessorImpl.java:43)
    [junit] 
    [junit] Testcase: runTest[eduni/errata-2e:rmt-e2e-20 (invalid)] took 0.001 sec
    [junit] Testcase: runTest[eduni/errata-2e:rmt-e2e-22 (valid)] took 0 sec
    [junit] Testcase: runTest[eduni/errata-2e:rmt-e2e-24 (valid)] took 0.001 sec
    [junit] Testcase: runTest[eduni/errata-2e:rmt-e2e-27 (not-wf)] took 0 sec
    [junit] Testcase: runTest[eduni/errata-2e:rmt-e2e-29 (valid)] took 0 sec
    [junit] Testcase: runTest[eduni/errata-2e:rmt-e2e-34 (error)] took 0.001 sec
    [junit] 	FAILED
    [junit] [eduni/errata-2e:rmt-e2e-34] Expected not-wf but parsed successfully: A non-deterministic content model is an error even if the element type
    [junit] is not used.
    [junit] junit.framework.AssertionFailedError: [eduni/errata-2e:rmt-e2e-34] Expected not-wf but parsed successfully: A non-deterministic content model is an error even if the element type
    [junit] is not used.
    [junit] 	at org.bluezoo.gonzalez.XMLConformanceTest.runTest(XMLConformanceTest.java:415)
    [junit] 	at jdk.internal.reflect.GeneratedMethodAccessor1.invoke(Unknown Source)
    [junit] 	at java.base/jdk.internal.reflect.DelegatingMethodAccessorImpl.invoke(DelegatingMethodAccessorImpl.java:43)
    [junit] 
    [junit] Testcase: runTest[eduni/errata-2e:rmt-e2e-36 (valid)] took 0.001 sec
    [junit] 	FAILED
    [junit] [eduni/errata-2e:rmt-e2e-36] Expected valid but got error: Recursive entity reference via systemId: file:/Users/cburdess@mimecast.com/cpkb-bluezoo/gonzalez/xmlconf/eduni/errata-2e/E36.dtd: An external ATTLIST declaration does not make a document non-standalone
    [junit] if the normalization would have been the same without the declaration
    [junit] junit.framework.AssertionFailedError: [eduni/errata-2e:rmt-e2e-36] Expected valid but got error: Recursive entity reference via systemId: file:/Users/cburdess@mimecast.com/cpkb-bluezoo/gonzalez/xmlconf/eduni/errata-2e/E36.dtd: An external ATTLIST declaration does not make a document non-standalone
    [junit] if the normalization would have been the same without the declaration
    [junit] 	at org.bluezoo.gonzalez.XMLConformanceTest.runTest(XMLConformanceTest.java:415)
    [junit] 	at jdk.internal.reflect.GeneratedMethodAccessor1.invoke(Unknown Source)
    [junit] 	at java.base/jdk.internal.reflect.DelegatingMethodAccessorImpl.invoke(DelegatingMethodAccessorImpl.java:43)
    [junit] 
    [junit] Testcase: runTest[eduni/errata-2e:rmt-e2e-38 (not-wf)] took 0.001 sec
    [junit] Testcase: runTest[eduni/errata-2e:rmt-e2e-41 (valid)] took 0 sec
    [junit] Testcase: runTest[eduni/errata-2e:rmt-e2e-48 (valid)] took 0.001 sec
    [junit] Testcase: runTest[eduni/errata-2e:rmt-e2e-50 (valid)] took 0.002 sec
    [junit] 	FAILED
    [junit] [eduni/errata-2e:rmt-e2e-50] Expected valid but got error: Incomplete token at end of input (underflow has 3 chars): All line-ends are normalized, even those not passed to the application.
    [junit] NB this can only be tested effectively in XML 1.1, since CR is in the
    [junit] S production; in 1.1 we can use NEL which isn't.
    [junit] junit.framework.AssertionFailedError: [eduni/errata-2e:rmt-e2e-50] Expected valid but got error: Incomplete token at end of input (underflow has 3 chars): All line-ends are normalized, even those not passed to the application.
    [junit] NB this can only be tested effectively in XML 1.1, since CR is in the
    [junit] S production; in 1.1 we can use NEL which isn't.
    [junit] 	at org.bluezoo.gonzalez.XMLConformanceTest.runTest(XMLConformanceTest.java:415)
    [junit] 	at jdk.internal.reflect.GeneratedMethodAccessor1.invoke(Unknown Source)
    [junit] 	at java.base/jdk.internal.reflect.DelegatingMethodAccessorImpl.invoke(DelegatingMethodAccessorImpl.java:43)
    [junit] 
    [junit] Testcase: runTest[eduni/errata-2e:rmt-e2e-55 (error)] took 0.001 sec
    [junit] 	FAILED
    [junit] [eduni/errata-2e:rmt-e2e-55] Expected not-wf but parsed successfully: A reference to an unparsed entity in an entity value is an error rather
    [junit] than forbidden (unless the entity is referenced, of course)
    [junit] junit.framework.AssertionFailedError: [eduni/errata-2e:rmt-e2e-55] Expected not-wf but parsed successfully: A reference to an unparsed entity in an entity value is an error rather
    [junit] than forbidden (unless the entity is referenced, of course)
    [junit] 	at org.bluezoo.gonzalez.XMLConformanceTest.runTest(XMLConformanceTest.java:415)
    [junit] 	at jdk.internal.reflect.GeneratedMethodAccessor1.invoke(Unknown Source)
    [junit] 	at java.base/jdk.internal.reflect.DelegatingMethodAccessorImpl.invoke(DelegatingMethodAccessorImpl.java:43)
    [junit] 
    [junit] Testcase: runTest[eduni/errata-2e:rmt-e2e-57 (error)] took 0.001 sec
    [junit] 	FAILED
    [junit] [eduni/errata-2e:rmt-e2e-57] Expected not-wf but parsed successfully: A value other than preserve or default for xml:space is an error
    [junit] junit.framework.AssertionFailedError: [eduni/errata-2e:rmt-e2e-57] Expected not-wf but parsed successfully: A value other than preserve or default for xml:space is an error
    [junit] 	at org.bluezoo.gonzalez.XMLConformanceTest.runTest(XMLConformanceTest.java:415)
    [junit] 	at jdk.internal.reflect.GeneratedMethodAccessor1.invoke(Unknown Source)
    [junit] 	at java.base/jdk.internal.reflect.DelegatingMethodAccessorImpl.invoke(DelegatingMethodAccessorImpl.java:43)
    [junit] 
    [junit] Testcase: runTest[eduni/errata-2e:rmt-e2e-60 (valid)] took 0.001 sec
    [junit] 	FAILED
    [junit] [eduni/errata-2e:rmt-e2e-60] Expected valid but got error: Recursive entity reference via systemId: file:/Users/cburdess@mimecast.com/cpkb-bluezoo/gonzalez/xmlconf/eduni/errata-2e/E60.ent: Conditional sections are allowed in external parameter entities referred
    [junit] to from the internal subset.
    [junit] junit.framework.AssertionFailedError: [eduni/errata-2e:rmt-e2e-60] Expected valid but got error: Recursive entity reference via systemId: file:/Users/cburdess@mimecast.com/cpkb-bluezoo/gonzalez/xmlconf/eduni/errata-2e/E60.ent: Conditional sections are allowed in external parameter entities referred
    [junit] to from the internal subset.
    [junit] 	at org.bluezoo.gonzalez.XMLConformanceTest.runTest(XMLConformanceTest.java:415)
    [junit] 	at jdk.internal.reflect.GeneratedMethodAccessor1.invoke(Unknown Source)
    [junit] 	at java.base/jdk.internal.reflect.DelegatingMethodAccessorImpl.invoke(DelegatingMethodAccessorImpl.java:43)
    [junit] 
    [junit] Testcase: runTest[eduni/errata-2e:rmt-e2e-61 (not-wf)] took 0.001 sec
    [junit] 	FAILED
    [junit] [eduni/errata-2e:rmt-e2e-61] Expected not-wf but parsed successfully: (From John Cowan) An encoding declaration in ASCII specifying an encoding
    [junit] that is not compatible with ASCII (so the document is not in its declared
    [junit] encoding).  It should generate a fatal error.
    [junit] junit.framework.AssertionFailedError: [eduni/errata-2e:rmt-e2e-61] Expected not-wf but parsed successfully: (From John Cowan) An encoding declaration in ASCII specifying an encoding
    [junit] that is not compatible with ASCII (so the document is not in its declared
    [junit] encoding).  It should generate a fatal error.
    [junit] 	at org.bluezoo.gonzalez.XMLConformanceTest.runTest(XMLConformanceTest.java:415)
    [junit] 	at jdk.internal.reflect.GeneratedMethodAccessor1.invoke(Unknown Source)
    [junit] 	at java.base/jdk.internal.reflect.DelegatingMethodAccessorImpl.invoke(DelegatingMethodAccessorImpl.java:43)
    [junit] 
    [junit] Testcase: runTest[eduni/errata-3e:rmt-e3e-05a (valid)] took 0.001 sec
    [junit] Testcase: runTest[eduni/errata-3e:rmt-e3e-05b (valid)] took 0 sec
    [junit] Testcase: runTest[eduni/errata-3e:rmt-e3e-06a (invalid)] took 0.003 sec
    [junit] Testcase: runTest[eduni/errata-3e:rmt-e3e-06b (invalid)] took 0.001 sec
    [junit] Testcase: runTest[eduni/errata-3e:rmt-e3e-06c (invalid)] took 0 sec
    [junit] Testcase: runTest[eduni/errata-3e:rmt-e3e-06d (invalid)] took 0 sec
    [junit] Testcase: runTest[eduni/errata-3e:rmt-e3e-06e (invalid)] took 0.001 sec
    [junit] Testcase: runTest[eduni/errata-3e:rmt-e3e-06f (invalid)] took 0 sec
    [junit] Testcase: runTest[eduni/errata-3e:rmt-e3e-06g (invalid)] took 0 sec
    [junit] Testcase: runTest[eduni/errata-3e:rmt-e3e-06h (invalid)] took 0.002 sec
    [junit] Testcase: runTest[eduni/errata-3e:rmt-e3e-06i (valid)] took 0.001 sec
    [junit] Testcase: runTest[eduni/errata-3e:rmt-e3e-12 (not-wf)] took 0 sec
    [junit] 	FAILED
    [junit] [eduni/errata-3e:rmt-e3e-12] Expected not-wf but parsed successfully: Default values for attributes may not contain references to external entities.
    [junit] junit.framework.AssertionFailedError: [eduni/errata-3e:rmt-e3e-12] Expected not-wf but parsed successfully: Default values for attributes may not contain references to external entities.
    [junit] 	at org.bluezoo.gonzalez.XMLConformanceTest.runTest(XMLConformanceTest.java:415)
    [junit] 	at jdk.internal.reflect.GeneratedMethodAccessor1.invoke(Unknown Source)
    [junit] 	at java.base/jdk.internal.reflect.DelegatingMethodAccessorImpl.invoke(DelegatingMethodAccessorImpl.java:43)
    [junit] 
    [junit] Testcase: runTest[eduni/errata-3e:rmt-e3e-13 (invalid)] took 0.001 sec
    [junit] 	FAILED
    [junit] [eduni/errata-3e:rmt-e3e-13] Got fatal error instead of validation error: General entity reference '&ent2;' used but entity not declared: Even internal parameter entity references are enough to make undeclared
    [junit] entities into mere validity errors rather than well-formedness errors.
    [junit] junit.framework.AssertionFailedError: [eduni/errata-3e:rmt-e3e-13] Got fatal error instead of validation error: General entity reference '&ent2;' used but entity not declared: Even internal parameter entity references are enough to make undeclared
    [junit] entities into mere validity errors rather than well-formedness errors.
    [junit] 	at org.bluezoo.gonzalez.XMLConformanceTest.runTest(XMLConformanceTest.java:415)
    [junit] 	at jdk.internal.reflect.GeneratedMethodAccessor1.invoke(Unknown Source)
    [junit] 	at java.base/jdk.internal.reflect.DelegatingMethodAccessorImpl.invoke(DelegatingMethodAccessorImpl.java:43)
    [junit] 
    [junit] Testcase: runTest[eduni/errata-4e:invalid-bo-1 (invalid)] took 0 sec
    [junit] 	FAILED
    [junit] [eduni/errata-4e:invalid-bo-1] Got fatal error instead of validation error: Recursive entity reference via systemId: file:/Users/cburdess@mimecast.com/cpkb-bluezoo/gonzalez/xmlconf/eduni/errata-4e/bom_be.xml: Byte order mark in general entity should go away (big-endian)
    [junit] junit.framework.AssertionFailedError: [eduni/errata-4e:invalid-bo-1] Got fatal error instead of validation error: Recursive entity reference via systemId: file:/Users/cburdess@mimecast.com/cpkb-bluezoo/gonzalez/xmlconf/eduni/errata-4e/bom_be.xml: Byte order mark in general entity should go away (big-endian)
    [junit] 	at org.bluezoo.gonzalez.XMLConformanceTest.runTest(XMLConformanceTest.java:415)
    [junit] 	at jdk.internal.reflect.GeneratedMethodAccessor1.invoke(Unknown Source)
    [junit] 	at java.base/jdk.internal.reflect.DelegatingMethodAccessorImpl.invoke(DelegatingMethodAccessorImpl.java:43)
    [junit] 
    [junit] Testcase: runTest[eduni/errata-4e:invalid-bo-2 (invalid)] took 0.001 sec
    [junit] 	FAILED
    [junit] [eduni/errata-4e:invalid-bo-2] Got fatal error instead of validation error: Recursive entity reference via systemId: file:/Users/cburdess@mimecast.com/cpkb-bluezoo/gonzalez/xmlconf/eduni/errata-4e/bom_le.xml: Byte order mark in general entity should go away (little-endian)
    [junit] junit.framework.AssertionFailedError: [eduni/errata-4e:invalid-bo-2] Got fatal error instead of validation error: Recursive entity reference via systemId: file:/Users/cburdess@mimecast.com/cpkb-bluezoo/gonzalez/xmlconf/eduni/errata-4e/bom_le.xml: Byte order mark in general entity should go away (little-endian)
    [junit] 	at org.bluezoo.gonzalez.XMLConformanceTest.runTest(XMLConformanceTest.java:415)
    [junit] 	at jdk.internal.reflect.GeneratedMethodAccessor1.invoke(Unknown Source)
    [junit] 	at java.base/jdk.internal.reflect.DelegatingMethodAccessorImpl.invoke(DelegatingMethodAccessorImpl.java:43)
    [junit] 
    [junit] Testcase: runTest[eduni/errata-4e:invalid-bo-3 (invalid)] took 0 sec
    [junit] 	FAILED
    [junit] [eduni/errata-4e:invalid-bo-3] Got fatal error instead of validation error: Recursive entity reference via systemId: file:/Users/cburdess@mimecast.com/cpkb-bluezoo/gonzalez/xmlconf/eduni/errata-4e/8bom.xml: Byte order mark in general entity should go away (utf-8)
    [junit] junit.framework.AssertionFailedError: [eduni/errata-4e:invalid-bo-3] Got fatal error instead of validation error: Recursive entity reference via systemId: file:/Users/cburdess@mimecast.com/cpkb-bluezoo/gonzalez/xmlconf/eduni/errata-4e/8bom.xml: Byte order mark in general entity should go away (utf-8)
    [junit] 	at org.bluezoo.gonzalez.XMLConformanceTest.runTest(XMLConformanceTest.java:415)
    [junit] 	at jdk.internal.reflect.GeneratedMethodAccessor1.invoke(Unknown Source)
    [junit] 	at java.base/jdk.internal.reflect.DelegatingMethodAccessorImpl.invoke(DelegatingMethodAccessorImpl.java:43)
    [junit] 
    [junit] Testcase: runTest[eduni/errata-4e:invalid-bo-4 (invalid)] took 0.001 sec
    [junit] 	FAILED
    [junit] [eduni/errata-4e:invalid-bo-4] Got fatal error instead of validation error: Recursive entity reference via systemId: file:/Users/cburdess@mimecast.com/cpkb-bluezoo/gonzalez/xmlconf/eduni/errata-4e/bombom_be.xml: Two byte order marks in general entity produce only one (big-endian)
    [junit] junit.framework.AssertionFailedError: [eduni/errata-4e:invalid-bo-4] Got fatal error instead of validation error: Recursive entity reference via systemId: file:/Users/cburdess@mimecast.com/cpkb-bluezoo/gonzalez/xmlconf/eduni/errata-4e/bombom_be.xml: Two byte order marks in general entity produce only one (big-endian)
    [junit] 	at org.bluezoo.gonzalez.XMLConformanceTest.runTest(XMLConformanceTest.java:415)
    [junit] 	at jdk.internal.reflect.GeneratedMethodAccessor1.invoke(Unknown Source)
    [junit] 	at java.base/jdk.internal.reflect.DelegatingMethodAccessorImpl.invoke(DelegatingMethodAccessorImpl.java:43)
    [junit] 
    [junit] Testcase: runTest[eduni/errata-4e:invalid-bo-5 (invalid)] took 0 sec
    [junit] 	FAILED
    [junit] [eduni/errata-4e:invalid-bo-5] Got fatal error instead of validation error: Recursive entity reference via systemId: file:/Users/cburdess@mimecast.com/cpkb-bluezoo/gonzalez/xmlconf/eduni/errata-4e/bombom_le.xml: Two byte order marks in general entity produce only one (little-endian)
    [junit] junit.framework.AssertionFailedError: [eduni/errata-4e:invalid-bo-5] Got fatal error instead of validation error: Recursive entity reference via systemId: file:/Users/cburdess@mimecast.com/cpkb-bluezoo/gonzalez/xmlconf/eduni/errata-4e/bombom_le.xml: Two byte order marks in general entity produce only one (little-endian)
    [junit] 	at org.bluezoo.gonzalez.XMLConformanceTest.runTest(XMLConformanceTest.java:415)
    [junit] 	at jdk.internal.reflect.GeneratedMethodAccessor1.invoke(Unknown Source)
    [junit] 	at java.base/jdk.internal.reflect.DelegatingMethodAccessorImpl.invoke(DelegatingMethodAccessorImpl.java:43)
    [junit] 
    [junit] Testcase: runTest[eduni/errata-4e:invalid-bo-6 (invalid)] took 0 sec
    [junit] 	FAILED
    [junit] [eduni/errata-4e:invalid-bo-6] Got fatal error instead of validation error: Recursive entity reference via systemId: file:/Users/cburdess@mimecast.com/cpkb-bluezoo/gonzalez/xmlconf/eduni/errata-4e/8bombom.xml: Two byte order marks in general entity produce only one (utf-8)
    [junit] junit.framework.AssertionFailedError: [eduni/errata-4e:invalid-bo-6] Got fatal error instead of validation error: Recursive entity reference via systemId: file:/Users/cburdess@mimecast.com/cpkb-bluezoo/gonzalez/xmlconf/eduni/errata-4e/8bombom.xml: Two byte order marks in general entity produce only one (utf-8)
    [junit] 	at org.bluezoo.gonzalez.XMLConformanceTest.runTest(XMLConformanceTest.java:415)
    [junit] 	at jdk.internal.reflect.GeneratedMethodAccessor1.invoke(Unknown Source)
    [junit] 	at java.base/jdk.internal.reflect.DelegatingMethodAccessorImpl.invoke(DelegatingMethodAccessorImpl.java:43)
    [junit] 
    [junit] Testcase: runTest[eduni/errata-4e:invalid-bo-7 (error)] took 0 sec
    [junit] Testcase: runTest[eduni/errata-4e:invalid-bo-8 (error)] took 0 sec
    [junit] Testcase: runTest[eduni/errata-4e:invalid-bo-9 (error)] took 0 sec
    [junit] Testcase: runTest[eduni/errata-4e:invalid-sa-140 (invalid)] took 0.001 sec
    [junit] 	FAILED
    [junit] [eduni/errata-4e:invalid-sa-140] Got fatal error instead of validation error: Unexpected character '゚' (NAME_CHAR) in CONTENT:SEEN_LT: Character
    [junit] '&#x309a;' is a CombiningChar, not a Letter, but as of 5th edition, may begin a name (c.f. xmltest/not-wf/sa/140.xml).
    [junit] junit.framework.AssertionFailedError: [eduni/errata-4e:invalid-sa-140] Got fatal error instead of validation error: Unexpected character '゚' (NAME_CHAR) in CONTENT:SEEN_LT: Character
    [junit] '&#x309a;' is a CombiningChar, not a Letter, but as of 5th edition, may begin a name (c.f. xmltest/not-wf/sa/140.xml).
    [junit] 	at org.bluezoo.gonzalez.XMLConformanceTest.runTest(XMLConformanceTest.java:415)
    [junit] 	at jdk.internal.reflect.GeneratedMethodAccessor1.invoke(Unknown Source)
    [junit] 	at java.base/jdk.internal.reflect.DelegatingMethodAccessorImpl.invoke(DelegatingMethodAccessorImpl.java:43)
    [junit] 
    [junit] Testcase: runTest[eduni/errata-4e:invalid-sa-141 (invalid)] took 0 sec
    [junit] Testcase: runTest[eduni/errata-4e:x-rmt-008 (error)] took 0 sec
    [junit] Testcase: runTest[eduni/errata-4e:x-rmt-008b (valid)] took 0.001 sec
    [junit] 	FAILED
    [junit] [eduni/errata-4e:x-rmt-008b] Expected valid but got error: Unsupported XML version: 1.7: a document with version=1.7, legal in XML 1.0 from 5th edition
    [junit] junit.framework.AssertionFailedError: [eduni/errata-4e:x-rmt-008b] Expected valid but got error: Unsupported XML version: 1.7: a document with version=1.7, legal in XML 1.0 from 5th edition
    [junit] 	at org.bluezoo.gonzalez.XMLConformanceTest.runTest(XMLConformanceTest.java:415)
    [junit] 	at jdk.internal.reflect.GeneratedMethodAccessor1.invoke(Unknown Source)
    [junit] 	at java.base/jdk.internal.reflect.DelegatingMethodAccessorImpl.invoke(DelegatingMethodAccessorImpl.java:43)
    [junit] 
    [junit] Testcase: runTest[eduni/errata-4e:x-rmt5-014 (invalid)] took 0 sec
    [junit] Testcase: runTest[eduni/errata-4e:x-rmt5-016 (invalid)] took 0 sec
    [junit] 	FAILED
    [junit] [eduni/errata-4e:x-rmt5-016] Got fatal error instead of validation error: Unexpected character '?' (CHAR_DATA) in PROLOG_BEFORE_DOCTYPE:SEEN_LT: Has
    [junit] a Byzantine Musical Symbol Kratimata in a name, legal in XML 1.1, legal in
    [junit] XML 1.0 5th edition
    [junit] junit.framework.AssertionFailedError: [eduni/errata-4e:x-rmt5-016] Got fatal error instead of validation error: Unexpected character '?' (CHAR_DATA) in PROLOG_BEFORE_DOCTYPE:SEEN_LT: Has
    [junit] a Byzantine Musical Symbol Kratimata in a name, legal in XML 1.1, legal in
    [junit] XML 1.0 5th edition
    [junit] 	at org.bluezoo.gonzalez.XMLConformanceTest.runTest(XMLConformanceTest.java:415)
    [junit] 	at jdk.internal.reflect.GeneratedMethodAccessor1.invoke(Unknown Source)
    [junit] 	at java.base/jdk.internal.reflect.DelegatingMethodAccessorImpl.invoke(DelegatingMethodAccessorImpl.java:43)
    [junit] 
    [junit] Testcase: runTest[eduni/errata-4e:x-rmt5-019 (invalid)] took 0 sec
    [junit] 	FAILED
    [junit] [eduni/errata-4e:x-rmt5-019] Got fatal error instead of validation error: Unexpected character '?' (CHAR_DATA) in PROLOG_BEFORE_DOCTYPE:SEEN_LT: Has
    [junit] the last legal namechar in XML 1.1, legal in XML 1.0 5th edition
    [junit] junit.framework.AssertionFailedError: [eduni/errata-4e:x-rmt5-019] Got fatal error instead of validation error: Unexpected character '?' (CHAR_DATA) in PROLOG_BEFORE_DOCTYPE:SEEN_LT: Has
    [junit] the last legal namechar in XML 1.1, legal in XML 1.0 5th edition
    [junit] 	at org.bluezoo.gonzalez.XMLConformanceTest.runTest(XMLConformanceTest.java:415)
    [junit] 	at jdk.internal.reflect.GeneratedMethodAccessor1.invoke(Unknown Source)
    [junit] 	at java.base/jdk.internal.reflect.DelegatingMethodAccessorImpl.invoke(DelegatingMethodAccessorImpl.java:43)
    [junit] 
    [junit] Testcase: runTest[eduni/errata-4e:x-ibm-1-0.5-not-wf-P04-ibm04n02.xml (not-wf)] took 0 sec
    [junit] Testcase: runTest[eduni/errata-4e:x-ibm-1-0.5-not-wf-P04-ibm04n03.xml (not-wf)] took 0 sec
    [junit] Testcase: runTest[eduni/errata-4e:x-ibm-1-0.5-not-wf-P04-ibm04n04.xml (not-wf)] took 0 sec
    [junit] Testcase: runTest[eduni/errata-4e:x-ibm-1-0.5-not-wf-P04-ibm04n05.xml (not-wf)] took 0 sec
    [junit] Testcase: runTest[eduni/errata-4e:x-ibm-1-0.5-not-wf-P04-ibm04n06.xml (not-wf)] took 0 sec
    [junit] Testcase: runTest[eduni/errata-4e:x-ibm-1-0.5-not-wf-P04-ibm04n07.xml (not-wf)] took 0 sec
    [junit] Testcase: runTest[eduni/errata-4e:x-ibm-1-0.5-not-wf-P04-ibm04n08.xml (not-wf)] took 0 sec
    [junit] Testcase: runTest[eduni/errata-4e:x-ibm-1-0.5-not-wf-P04-ibm04n09.xml (not-wf)] took 0 sec
    [junit] Testcase: runTest[eduni/errata-4e:x-ibm-1-0.5-not-wf-P04-ibm04n10.xml (not-wf)] took 0 sec
    [junit] Testcase: runTest[eduni/errata-4e:x-ibm-1-0.5-not-wf-P04-ibm04n11.xml (not-wf)] took 0 sec
    [junit] Testcase: runTest[eduni/errata-4e:x-ibm-1-0.5-not-wf-P04-ibm04n12.xml (not-wf)] took 0 sec
    [junit] Testcase: runTest[eduni/errata-4e:x-ibm-1-0.5-not-wf-P04-ibm04n13.xml (not-wf)] took 0.003 sec
    [junit] Testcase: runTest[eduni/errata-4e:x-ibm-1-0.5-not-wf-P04-ibm04n14.xml (not-wf)] took 0 sec
    [junit] Testcase: runTest[eduni/errata-4e:x-ibm-1-0.5-not-wf-P04-ibm04n15.xml (not-wf)] took 0 sec
    [junit] Testcase: runTest[eduni/errata-4e:x-ibm-1-0.5-not-wf-P04-ibm04n16.xml (not-wf)] took 0.001 sec
    [junit] Testcase: runTest[eduni/errata-4e:x-ibm-1-0.5-not-wf-P04-ibm04n17.xml (not-wf)] took 0 sec
    [junit] Testcase: runTest[eduni/errata-4e:x-ibm-1-0.5-not-wf-P04-ibm04n18.xml (not-wf)] took 0 sec
    [junit] Testcase: runTest[eduni/errata-4e:x-ibm-1-0.5-not-wf-P04-ibm04n19.xml (not-wf)] took 0 sec
    [junit] Testcase: runTest[eduni/errata-4e:x-ibm-1-0.5-not-wf-P04-ibm04n20.xml (not-wf)] took 0 sec
    [junit] Testcase: runTest[eduni/errata-4e:x-ibm-1-0.5-not-wf-P04-ibm04n21.xml (not-wf)] took 0 sec
    [junit] Testcase: runTest[eduni/errata-4e:x-ibm-1-0.5-not-wf-P04-ibm04n22.xml (not-wf)] took 0 sec
    [junit] Testcase: runTest[eduni/errata-4e:x-ibm-1-0.5-not-wf-P04-ibm04n23.xml (not-wf)] took 0 sec
    [junit] Testcase: runTest[eduni/errata-4e:x-ibm-1-0.5-not-wf-P04-ibm04n24.xml (not-wf)] took 0 sec
    [junit] Testcase: runTest[eduni/errata-4e:x-ibm-1-0.5-not-wf-P04-ibm04n25.xml (not-wf)] took 0 sec
    [junit] Testcase: runTest[eduni/errata-4e:x-ibm-1-0.5-not-wf-P04-ibm04n26.xml (not-wf)] took 0.001 sec
    [junit] Testcase: runTest[eduni/errata-4e:x-ibm-1-0.5-not-wf-P04-ibm04n27.xml (not-wf)] took 0 sec
    [junit] Testcase: runTest[eduni/errata-4e:x-ibm-1-0.5-not-wf-P04-ibm04n28.xml (not-wf)] took 0 sec
    [junit] Testcase: runTest[eduni/errata-4e:x-ibm-1-0.5-not-wf-P04a-ibm04an01.xml (not-wf)] took 0 sec
    [junit] Testcase: runTest[eduni/errata-4e:x-ibm-1-0.5-not-wf-P04a-ibm04an02.xml (not-wf)] took 0 sec
    [junit] Testcase: runTest[eduni/errata-4e:x-ibm-1-0.5-not-wf-P04a-ibm04an03.xml (not-wf)] took 0 sec
    [junit] Testcase: runTest[eduni/errata-4e:x-ibm-1-0.5-not-wf-P04a-ibm04an04.xml (not-wf)] took 0 sec
    [junit] Testcase: runTest[eduni/errata-4e:x-ibm-1-0.5-not-wf-P04a-ibm04an05.xml (not-wf)] took 0 sec
    [junit] Testcase: runTest[eduni/errata-4e:x-ibm-1-0.5-not-wf-P04a-ibm04an06.xml (not-wf)] took 0 sec
    [junit] Testcase: runTest[eduni/errata-4e:x-ibm-1-0.5-not-wf-P04a-ibm04an07.xml (not-wf)] took 0 sec
    [junit] Testcase: runTest[eduni/errata-4e:x-ibm-1-0.5-not-wf-P04a-ibm04an08.xml (not-wf)] took 0 sec
    [junit] Testcase: runTest[eduni/errata-4e:x-ibm-1-0.5-not-wf-P04a-ibm04an09.xml (not-wf)] took 0 sec
    [junit] Testcase: runTest[eduni/errata-4e:x-ibm-1-0.5-not-wf-P04a-ibm04an10.xml (not-wf)] took 0 sec
    [junit] Testcase: runTest[eduni/errata-4e:x-ibm-1-0.5-not-wf-P04a-ibm04an11.xml (not-wf)] took 0 sec
    [junit] Testcase: runTest[eduni/errata-4e:x-ibm-1-0.5-not-wf-P04a-ibm04an12.xml (not-wf)] took 0 sec
    [junit] Testcase: runTest[eduni/errata-4e:x-ibm-1-0.5-not-wf-P04a-ibm04an13.xml (not-wf)] took 0 sec
    [junit] Testcase: runTest[eduni/errata-4e:x-ibm-1-0.5-not-wf-P04a-ibm04an14.xml (not-wf)] took 0 sec
    [junit] Testcase: runTest[eduni/errata-4e:x-ibm-1-0.5-not-wf-P04a-ibm04an15.xml (not-wf)] took 0 sec
    [junit] Testcase: runTest[eduni/errata-4e:x-ibm-1-0.5-not-wf-P04a-ibm04an16.xml (not-wf)] took 0 sec
    [junit] Testcase: runTest[eduni/errata-4e:x-ibm-1-0.5-not-wf-P04a-ibm04an17.xml (not-wf)] took 0 sec
    [junit] Testcase: runTest[eduni/errata-4e:x-ibm-1-0.5-not-wf-P04a-ibm04an18.xml (not-wf)] took 0 sec
    [junit] Testcase: runTest[eduni/errata-4e:x-ibm-1-0.5-not-wf-P04a-ibm04an19.xml (not-wf)] took 0 sec
    [junit] Testcase: runTest[eduni/errata-4e:x-ibm-1-0.5-not-wf-P04a-ibm04an20.xml (not-wf)] took 0 sec
    [junit] Testcase: runTest[eduni/errata-4e:x-ibm-1-0.5-not-wf-P04a-ibm04an21.xml (not-wf)] took 0 sec
    [junit] Testcase: runTest[eduni/errata-4e:x-ibm-1-0.5-not-wf-P04a-ibm04an22.xml (not-wf)] took 0 sec
    [junit] Testcase: runTest[eduni/errata-4e:x-ibm-1-0.5-not-wf-P04a-ibm04an23.xml (not-wf)] took 0 sec
    [junit] Testcase: runTest[eduni/errata-4e:x-ibm-1-0.5-not-wf-P04a-ibm04an24.xml (not-wf)] took 0 sec
    [junit] Testcase: runTest[eduni/errata-4e:x-ibm-1-0.5-not-wf-P04a-ibm04an25.xml (not-wf)] took 0 sec
    [junit] Testcase: runTest[eduni/errata-4e:x-ibm-1-0.5-not-wf-P04a-ibm04an26.xml (not-wf)] took 0 sec
    [junit] Testcase: runTest[eduni/errata-4e:x-ibm-1-0.5-not-wf-P04a-ibm04an27.xml (not-wf)] took 0 sec
    [junit] Testcase: runTest[eduni/errata-4e:x-ibm-1-0.5-not-wf-P04a-ibm04an28.xml (not-wf)] took 0 sec
    [junit] Testcase: runTest[eduni/errata-4e:x-ibm-1-0.5-not-wf-P05-ibm05n01.xml (not-wf)] took 0 sec
    [junit] Testcase: runTest[eduni/errata-4e:x-ibm-1-0.5-not-wf-P05-ibm05n02.xml (not-wf)] took 0 sec
    [junit] Testcase: runTest[eduni/errata-4e:x-ibm-1-0.5-not-wf-P05-ibm05n03.xml (not-wf)] took 0 sec
    [junit] Testcase: runTest[eduni/errata-4e:x-ibm-1-0.5-not-wf-P05-ibm05n04.xml (not-wf)] took 0 sec
    [junit] Testcase: runTest[eduni/errata-4e:x-ibm-1-0.5-not-wf-P05-ibm05n05.xml (not-wf)] took 0 sec
    [junit] Testcase: runTest[eduni/errata-4e:x-ibm-1-0.5-not-wf-P05-ibm05n06.xml (not-wf)] took 0.001 sec
    [junit] Testcase: runTest[eduni/errata-4e:x-ibm-1-0.5-valid-P04-ibm04v01.xml (valid)] took 0 sec
    [junit] Testcase: runTest[eduni/errata-4e:x-ibm-1-0.5-valid-P04-ibm04av01.xml (valid)] took 0 sec
    [junit] Testcase: runTest[eduni/errata-4e:x-ibm-1-0.5-valid-P05-ibm05v01.xml (valid)] took 0 sec
    [junit] Testcase: runTest[eduni/errata-4e:x-ibm-1-0.5-valid-P05-ibm05v02.xml (valid)] took 0 sec
    [junit] Testcase: runTest[eduni/errata-4e:x-ibm-1-0.5-valid-P05-ibm05v03.xml (valid)] took 0.001 sec
    [junit] Testcase: runTest[eduni/errata-4e:x-ibm-1-0.5-valid-P05-ibm05v04.xml (valid)] took 0.001 sec
    [junit] Testcase: runTest[eduni/errata-4e:x-ibm-1-0.5-valid-P05-ibm05v05.xml (valid)] took 0.001 sec
    [junit] Testcase: runTest[eduni/errata-4e:x-ibm-1-0.5-valid-P047-ibm07v01.xml (valid)] took 0.002 sec
    [junit] Testcase: runTest[eduni/errata-4e:ibm-valid-P85-ibm85n03.xml (valid)] took 0.001 sec
    [junit] Testcase: runTest[eduni/errata-4e:ibm-valid-P85-ibm85n04.xml (valid)] took 0 sec
    [junit] Testcase: runTest[eduni/errata-4e:ibm-valid-P85-ibm85n05.xml (valid)] took 0 sec
    [junit] Testcase: runTest[eduni/errata-4e:ibm-valid-P85-ibm85n06.xml (valid)] took 0 sec
    [junit] Testcase: runTest[eduni/errata-4e:ibm-valid-P85-ibm85n07.xml (valid)] took 0 sec
    [junit] Testcase: runTest[eduni/errata-4e:ibm-valid-P85-ibm85n08.xml (valid)] took 0 sec
    [junit] Testcase: runTest[eduni/errata-4e:ibm-valid-P85-ibm85n09.xml (valid)] took 0 sec
    [junit] Testcase: runTest[eduni/errata-4e:ibm-valid-P85-ibm85n10.xml (valid)] took 0 sec
    [junit] Testcase: runTest[eduni/errata-4e:ibm-valid-P85-ibm85n100.xml (valid)] took 0 sec
    [junit] Testcase: runTest[eduni/errata-4e:ibm-valid-P85-ibm85n101.xml (valid)] took 0.001 sec
    [junit] Testcase: runTest[eduni/errata-4e:ibm-valid-P85-ibm85n102.xml (valid)] took 0 sec
    [junit] Testcase: runTest[eduni/errata-4e:ibm-valid-P85-ibm85n103.xml (valid)] took 0 sec
    [junit] Testcase: runTest[eduni/errata-4e:ibm-valid-P85-ibm85n104.xml (valid)] took 0 sec
    [junit] Testcase: runTest[eduni/errata-4e:ibm-valid-P85-ibm85n105.xml (valid)] took 0 sec
    [junit] Testcase: runTest[eduni/errata-4e:ibm-valid-P85-ibm85n106.xml (valid)] took 0 sec
    [junit] Testcase: runTest[eduni/errata-4e:ibm-valid-P85-ibm85n107.xml (valid)] took 0.001 sec
    [junit] Testcase: runTest[eduni/errata-4e:ibm-valid-P85-ibm85n108.xml (valid)] took 0 sec
    [junit] Testcase: runTest[eduni/errata-4e:ibm-valid-P85-ibm85n109.xml (valid)] took 0 sec
    [junit] Testcase: runTest[eduni/errata-4e:ibm-valid-P85-ibm85n11.xml (valid)] took 0.001 sec
    [junit] Testcase: runTest[eduni/errata-4e:ibm-valid-P85-ibm85n110.xml (valid)] took 0 sec
    [junit] Testcase: runTest[eduni/errata-4e:ibm-valid-P85-ibm85n111.xml (valid)] took 0 sec
    [junit] Testcase: runTest[eduni/errata-4e:ibm-valid-P85-ibm85n112.xml (valid)] took 0.001 sec
    [junit] Testcase: runTest[eduni/errata-4e:ibm-valid-P85-ibm85n113.xml (valid)] took 0 sec
    [junit] Testcase: runTest[eduni/errata-4e:ibm-valid-P85-ibm85n114.xml (valid)] took 0 sec
    [junit] Testcase: runTest[eduni/errata-4e:ibm-valid-P85-ibm85n115.xml (valid)] took 0 sec
    [junit] Testcase: runTest[eduni/errata-4e:ibm-valid-P85-ibm85n116.xml (valid)] took 0.001 sec
    [junit] Testcase: runTest[eduni/errata-4e:ibm-valid-P85-ibm85n117.xml (valid)] took 0 sec
    [junit] Testcase: runTest[eduni/errata-4e:ibm-valid-P85-ibm85n118.xml (valid)] took 0 sec
    [junit] Testcase: runTest[eduni/errata-4e:ibm-valid-P85-ibm85n119.xml (valid)] took 0 sec
    [junit] Testcase: runTest[eduni/errata-4e:ibm-valid-P85-ibm85n12.xml (valid)] took 0 sec
    [junit] Testcase: runTest[eduni/errata-4e:ibm-valid-P85-ibm85n120.xml (valid)] took 0 sec
    [junit] Testcase: runTest[eduni/errata-4e:ibm-valid-P85-ibm85n121.xml (valid)] took 0 sec
    [junit] Testcase: runTest[eduni/errata-4e:ibm-valid-P85-ibm85n122.xml (valid)] took 0 sec
    [junit] Testcase: runTest[eduni/errata-4e:ibm-valid-P85-ibm85n123.xml (valid)] took 0 sec
    [junit] Testcase: runTest[eduni/errata-4e:ibm-valid-P85-ibm85n124.xml (valid)] took 0 sec
    [junit] Testcase: runTest[eduni/errata-4e:ibm-valid-P85-ibm85n125.xml (valid)] took 0 sec
    [junit] Testcase: runTest[eduni/errata-4e:ibm-valid-P85-ibm85n126.xml (valid)] took 0 sec
    [junit] Testcase: runTest[eduni/errata-4e:ibm-valid-P85-ibm85n127.xml (valid)] took 0.001 sec
    [junit] Testcase: runTest[eduni/errata-4e:ibm-valid-P85-ibm85n128.xml (valid)] took 0 sec
    [junit] Testcase: runTest[eduni/errata-4e:ibm-valid-P85-ibm85n129.xml (valid)] took 0 sec
    [junit] Testcase: runTest[eduni/errata-4e:ibm-valid-P85-ibm85n13.xml (valid)] took 0 sec
    [junit] Testcase: runTest[eduni/errata-4e:ibm-valid-P85-ibm85n130.xml (valid)] took 0 sec
    [junit] Testcase: runTest[eduni/errata-4e:ibm-valid-P85-ibm85n131.xml (valid)] took 0.001 sec
    [junit] Testcase: runTest[eduni/errata-4e:ibm-valid-P85-ibm85n132.xml (valid)] took 0 sec
    [junit] Testcase: runTest[eduni/errata-4e:ibm-valid-P85-ibm85n133.xml (valid)] took 0 sec
    [junit] Testcase: runTest[eduni/errata-4e:ibm-valid-P85-ibm85n134.xml (valid)] took 0.001 sec
    [junit] Testcase: runTest[eduni/errata-4e:ibm-valid-P85-ibm85n135.xml (valid)] took 0.001 sec
    [junit] Testcase: runTest[eduni/errata-4e:ibm-valid-P85-ibm85n136.xml (valid)] took 0.001 sec
    [junit] Testcase: runTest[eduni/errata-4e:ibm-valid-P85-ibm85n137.xml (valid)] took 0 sec
    [junit] Testcase: runTest[eduni/errata-4e:ibm-valid-P85-ibm85n138.xml (valid)] took 0 sec
    [junit] Testcase: runTest[eduni/errata-4e:ibm-valid-P85-ibm85n139.xml (valid)] took 0 sec
    [junit] Testcase: runTest[eduni/errata-4e:ibm-valid-P85-ibm85n14.xml (valid)] took 0.001 sec
    [junit] Testcase: runTest[eduni/errata-4e:ibm-valid-P85-ibm85n140.xml (valid)] took 0 sec
    [junit] Testcase: runTest[eduni/errata-4e:ibm-valid-P85-ibm85n141.xml (valid)] took 0 sec
    [junit] Testcase: runTest[eduni/errata-4e:ibm-valid-P85-ibm85n142.xml (valid)] took 0 sec
    [junit] Testcase: runTest[eduni/errata-4e:ibm-valid-P85-ibm85n143.xml (valid)] took 0.001 sec
    [junit] Testcase: runTest[eduni/errata-4e:ibm-valid-P85-ibm85n144.xml (valid)] took 0 sec
    [junit] Testcase: runTest[eduni/errata-4e:ibm-valid-P85-ibm85n145.xml (valid)] took 0 sec
    [junit] Testcase: runTest[eduni/errata-4e:ibm-valid-P85-ibm85n146.xml (valid)] took 0 sec
    [junit] Testcase: runTest[eduni/errata-4e:ibm-valid-P85-ibm85n147.xml (valid)] took 0 sec
    [junit] Testcase: runTest[eduni/errata-4e:ibm-valid-P85-ibm85n148.xml (valid)] took 0.001 sec
    [junit] Testcase: runTest[eduni/errata-4e:ibm-valid-P85-ibm85n149.xml (valid)] took 0 sec
    [junit] Testcase: runTest[eduni/errata-4e:ibm-valid-P85-ibm85n15.xml (valid)] took 0.002 sec
    [junit] Testcase: runTest[eduni/errata-4e:ibm-valid-P85-ibm85n150.xml (valid)] took 0.001 sec
    [junit] Testcase: runTest[eduni/errata-4e:ibm-valid-P85-ibm85n151.xml (valid)] took 0 sec
    [junit] Testcase: runTest[eduni/errata-4e:ibm-valid-P85-ibm85n152.xml (valid)] took 0 sec
    [junit] Testcase: runTest[eduni/errata-4e:ibm-valid-P85-ibm85n153.xml (valid)] took 0 sec
    [junit] Testcase: runTest[eduni/errata-4e:ibm-valid-P85-ibm85n154.xml (valid)] took 0 sec
    [junit] Testcase: runTest[eduni/errata-4e:ibm-valid-P85-ibm85n155.xml (valid)] took 0.001 sec
    [junit] Testcase: runTest[eduni/errata-4e:ibm-valid-P85-ibm85n156.xml (valid)] took 0.001 sec
    [junit] Testcase: runTest[eduni/errata-4e:ibm-valid-P85-ibm85n157.xml (valid)] took 0.001 sec
    [junit] Testcase: runTest[eduni/errata-4e:ibm-valid-P85-ibm85n158.xml (valid)] took 0.002 sec
    [junit] Testcase: runTest[eduni/errata-4e:ibm-valid-P85-ibm85n159.xml (valid)] took 0.001 sec
    [junit] Testcase: runTest[eduni/errata-4e:ibm-valid-P85-ibm85n16.xml (valid)] took 0 sec
    [junit] Testcase: runTest[eduni/errata-4e:ibm-valid-P85-ibm85n160.xml (valid)] took 0 sec
    [junit] Testcase: runTest[eduni/errata-4e:ibm-valid-P85-ibm85n161.xml (valid)] took 0 sec
    [junit] Testcase: runTest[eduni/errata-4e:ibm-valid-P85-ibm85n162.xml (valid)] took 0 sec
    [junit] Testcase: runTest[eduni/errata-4e:ibm-valid-P85-ibm85n163.xml (valid)] took 0.001 sec
    [junit] Testcase: runTest[eduni/errata-4e:ibm-valid-P85-ibm85n164.xml (valid)] took 0 sec
    [junit] Testcase: runTest[eduni/errata-4e:ibm-valid-P85-ibm85n165.xml (valid)] took 0.001 sec
    [junit] Testcase: runTest[eduni/errata-4e:ibm-valid-P85-ibm85n166.xml (valid)] took 0 sec
    [junit] Testcase: runTest[eduni/errata-4e:ibm-valid-P85-ibm85n167.xml (valid)] took 0 sec
    [junit] Testcase: runTest[eduni/errata-4e:ibm-valid-P85-ibm85n168.xml (valid)] took 0 sec
    [junit] Testcase: runTest[eduni/errata-4e:ibm-valid-P85-ibm85n169.xml (valid)] took 0.001 sec
    [junit] Testcase: runTest[eduni/errata-4e:ibm-valid-P85-ibm85n17.xml (valid)] took 0 sec
    [junit] Testcase: runTest[eduni/errata-4e:ibm-valid-P85-ibm85n170.xml (valid)] took 0 sec
    [junit] Testcase: runTest[eduni/errata-4e:ibm-valid-P85-ibm85n171.xml (valid)] took 0 sec
    [junit] Testcase: runTest[eduni/errata-4e:ibm-valid-P85-ibm85n172.xml (valid)] took 0 sec
    [junit] Testcase: runTest[eduni/errata-4e:ibm-valid-P85-ibm85n173.xml (valid)] took 0.001 sec
    [junit] Testcase: runTest[eduni/errata-4e:ibm-valid-P85-ibm85n174.xml (valid)] took 0 sec
    [junit] Testcase: runTest[eduni/errata-4e:ibm-valid-P85-ibm85n175.xml (valid)] took 0 sec
    [junit] Testcase: runTest[eduni/errata-4e:ibm-valid-P85-ibm85n176.xml (valid)] took 0 sec
    [junit] Testcase: runTest[eduni/errata-4e:ibm-valid-P85-ibm85n177.xml (valid)] took 0 sec
    [junit] Testcase: runTest[eduni/errata-4e:ibm-valid-P85-ibm85n178.xml (valid)] took 0 sec
    [junit] Testcase: runTest[eduni/errata-4e:ibm-valid-P85-ibm85n179.xml (valid)] took 0.001 sec
    [junit] Testcase: runTest[eduni/errata-4e:ibm-valid-P85-ibm85n18.xml (valid)] took 0 sec
    [junit] Testcase: runTest[eduni/errata-4e:ibm-valid-P85-ibm85n180.xml (valid)] took 0 sec
    [junit] Testcase: runTest[eduni/errata-4e:ibm-valid-P85-ibm85n181.xml (valid)] took 0 sec
    [junit] Testcase: runTest[eduni/errata-4e:ibm-valid-P85-ibm85n182.xml (valid)] took 0 sec
    [junit] Testcase: runTest[eduni/errata-4e:ibm-valid-P85-ibm85n183.xml (valid)] took 0 sec
    [junit] Testcase: runTest[eduni/errata-4e:ibm-valid-P85-ibm85n184.xml (valid)] took 0.001 sec
    [junit] Testcase: runTest[eduni/errata-4e:ibm-valid-P85-ibm85n185.xml (valid)] took 0 sec
    [junit] Testcase: runTest[eduni/errata-4e:ibm-valid-P85-ibm85n186.xml (valid)] took 0 sec
    [junit] Testcase: runTest[eduni/errata-4e:ibm-valid-P85-ibm85n187.xml (valid)] took 0 sec
    [junit] Testcase: runTest[eduni/errata-4e:ibm-valid-P85-ibm85n188.xml (valid)] took 0 sec
    [junit] Testcase: runTest[eduni/errata-4e:ibm-valid-P85-ibm85n189.xml (valid)] took 0 sec
    [junit] Testcase: runTest[eduni/errata-4e:ibm-valid-P85-ibm85n19.xml (valid)] took 0.001 sec
    [junit] Testcase: runTest[eduni/errata-4e:ibm-valid-P85-ibm85n190.xml (valid)] took 0 sec
    [junit] Testcase: runTest[eduni/errata-4e:ibm-valid-P85-ibm85n191.xml (valid)] took 0 sec
    [junit] Testcase: runTest[eduni/errata-4e:ibm-valid-P85-ibm85n192.xml (valid)] took 0 sec
    [junit] Testcase: runTest[eduni/errata-4e:ibm-valid-P85-ibm85n193.xml (valid)] took 0 sec
    [junit] Testcase: runTest[eduni/errata-4e:ibm-valid-P85-ibm85n194.xml (valid)] took 0 sec
    [junit] Testcase: runTest[eduni/errata-4e:ibm-valid-P85-ibm85n195.xml (valid)] took 0.002 sec
    [junit] Testcase: runTest[eduni/errata-4e:ibm-valid-P85-ibm85n196.xml (valid)] took 0 sec
    [junit] Testcase: runTest[eduni/errata-4e:ibm-valid-P85-ibm85n197.xml (valid)] took 0 sec
    [junit] Testcase: runTest[eduni/errata-4e:ibm-valid-P85-ibm85n198.xml (valid)] took 0 sec
    [junit] Testcase: runTest[eduni/errata-4e:ibm-valid-P85-ibm85n20.xml (valid)] took 0 sec
    [junit] Testcase: runTest[eduni/errata-4e:ibm-valid-P85-ibm85n21.xml (valid)] took 0 sec
    [junit] Testcase: runTest[eduni/errata-4e:ibm-valid-P85-ibm85n22.xml (valid)] took 0 sec
    [junit] Testcase: runTest[eduni/errata-4e:ibm-valid-P85-ibm85n23.xml (valid)] took 0 sec
    [junit] Testcase: runTest[eduni/errata-4e:ibm-valid-P85-ibm85n24.xml (valid)] took 0 sec
    [junit] Testcase: runTest[eduni/errata-4e:ibm-valid-P85-ibm85n25.xml (valid)] took 0 sec
    [junit] Testcase: runTest[eduni/errata-4e:ibm-valid-P85-ibm85n26.xml (valid)] took 0 sec
    [junit] Testcase: runTest[eduni/errata-4e:ibm-valid-P85-ibm85n27.xml (valid)] took 0 sec
    [junit] Testcase: runTest[eduni/errata-4e:ibm-valid-P85-ibm85n28.xml (valid)] took 0.001 sec
    [junit] Testcase: runTest[eduni/errata-4e:ibm-valid-P85-ibm85n29.xml (valid)] took 0 sec
    [junit] Testcase: runTest[eduni/errata-4e:ibm-valid-P85-ibm85n30.xml (valid)] took 0 sec
    [junit] Testcase: runTest[eduni/errata-4e:ibm-valid-P85-ibm85n31.xml (valid)] took 0 sec
    [junit] Testcase: runTest[eduni/errata-4e:ibm-valid-P85-ibm85n32.xml (valid)] took 0 sec
    [junit] Testcase: runTest[eduni/errata-4e:ibm-valid-P85-ibm85n33.xml (valid)] took 0 sec
    [junit] Testcase: runTest[eduni/errata-4e:ibm-valid-P85-ibm85n34.xml (valid)] took 0 sec
    [junit] Testcase: runTest[eduni/errata-4e:ibm-valid-P85-ibm85n35.xml (valid)] took 0 sec
    [junit] Testcase: runTest[eduni/errata-4e:ibm-valid-P85-ibm85n36.xml (valid)] took 0 sec
    [junit] Testcase: runTest[eduni/errata-4e:ibm-valid-P85-ibm85n37.xml (valid)] took 0 sec
    [junit] Testcase: runTest[eduni/errata-4e:ibm-valid-P85-ibm85n38.xml (valid)] took 0 sec
    [junit] Testcase: runTest[eduni/errata-4e:ibm-valid-P85-ibm85n39.xml (valid)] took 0 sec
    [junit] Testcase: runTest[eduni/errata-4e:ibm-valid-P85-ibm85n40.xml (valid)] took 0 sec
    [junit] Testcase: runTest[eduni/errata-4e:ibm-valid-P85-ibm85n41.xml (valid)] took 0.001 sec
    [junit] Testcase: runTest[eduni/errata-4e:ibm-valid-P85-ibm85n42.xml (valid)] took 0 sec
    [junit] Testcase: runTest[eduni/errata-4e:ibm-valid-P85-ibm85n43.xml (valid)] took 0.001 sec
    [junit] Testcase: runTest[eduni/errata-4e:ibm-valid-P85-ibm85n44.xml (valid)] took 0 sec
    [junit] Testcase: runTest[eduni/errata-4e:ibm-valid-P85-ibm85n45.xml (valid)] took 0 sec
    [junit] Testcase: runTest[eduni/errata-4e:ibm-valid-P85-ibm85n46.xml (valid)] took 0 sec
    [junit] Testcase: runTest[eduni/errata-4e:ibm-valid-P85-ibm85n47.xml (valid)] took 0 sec
    [junit] Testcase: runTest[eduni/errata-4e:ibm-valid-P85-ibm85n48.xml (valid)] took 0 sec
    [junit] Testcase: runTest[eduni/errata-4e:ibm-valid-P85-ibm85n49.xml (valid)] took 0.001 sec
    [junit] Testcase: runTest[eduni/errata-4e:ibm-valid-P85-ibm85n50.xml (valid)] took 0 sec
    [junit] Testcase: runTest[eduni/errata-4e:ibm-valid-P85-ibm85n51.xml (valid)] took 0.001 sec
    [junit] Testcase: runTest[eduni/errata-4e:ibm-valid-P85-ibm85n52.xml (valid)] took 0 sec
    [junit] Testcase: runTest[eduni/errata-4e:ibm-valid-P85-ibm85n53.xml (valid)] took 0 sec
    [junit] Testcase: runTest[eduni/errata-4e:ibm-valid-P85-ibm85n54.xml (valid)] took 0.001 sec
    [junit] Testcase: runTest[eduni/errata-4e:ibm-valid-P85-ibm85n55.xml (valid)] took 0 sec
    [junit] Testcase: runTest[eduni/errata-4e:ibm-valid-P85-ibm85n56.xml (valid)] took 0 sec
    [junit] Testcase: runTest[eduni/errata-4e:ibm-valid-P85-ibm85n57.xml (valid)] took 0 sec
    [junit] Testcase: runTest[eduni/errata-4e:ibm-valid-P85-ibm85n58.xml (valid)] took 0 sec
    [junit] Testcase: runTest[eduni/errata-4e:ibm-valid-P85-ibm85n59.xml (valid)] took 0 sec
    [junit] Testcase: runTest[eduni/errata-4e:ibm-valid-P85-ibm85n60.xml (valid)] took 0 sec
    [junit] Testcase: runTest[eduni/errata-4e:ibm-valid-P85-ibm85n61.xml (valid)] took 0 sec
    [junit] Testcase: runTest[eduni/errata-4e:ibm-valid-P85-ibm85n62.xml (valid)] took 0 sec
    [junit] Testcase: runTest[eduni/errata-4e:ibm-valid-P85-ibm85n63.xml (valid)] took 0 sec
    [junit] Testcase: runTest[eduni/errata-4e:ibm-valid-P85-ibm85n64.xml (valid)] took 0 sec
    [junit] Testcase: runTest[eduni/errata-4e:ibm-valid-P85-ibm85n65.xml (valid)] took 0 sec
    [junit] Testcase: runTest[eduni/errata-4e:ibm-valid-P85-ibm85n66.xml (valid)] took 0 sec
    [junit] Testcase: runTest[eduni/errata-4e:ibm-valid-P85-ibm85n67.xml (valid)] took 0 sec
    [junit] Testcase: runTest[eduni/errata-4e:ibm-valid-P85-ibm85n68.xml (valid)] took 0 sec
    [junit] Testcase: runTest[eduni/errata-4e:ibm-valid-P85-ibm85n69.xml (valid)] took 0 sec
    [junit] Testcase: runTest[eduni/errata-4e:ibm-valid-P85-ibm85n70.xml (valid)] took 0 sec
    [junit] Testcase: runTest[eduni/errata-4e:ibm-valid-P85-ibm85n71.xml (valid)] took 0 sec
    [junit] Testcase: runTest[eduni/errata-4e:ibm-valid-P85-ibm85n72.xml (valid)] took 0 sec
    [junit] Testcase: runTest[eduni/errata-4e:ibm-valid-P85-ibm85n73.xml (valid)] took 0 sec
    [junit] Testcase: runTest[eduni/errata-4e:ibm-valid-P85-ibm85n74.xml (valid)] took 0 sec
    [junit] Testcase: runTest[eduni/errata-4e:ibm-valid-P85-ibm85n75.xml (valid)] took 0 sec
    [junit] Testcase: runTest[eduni/errata-4e:ibm-valid-P85-ibm85n76.xml (valid)] took 0 sec
    [junit] Testcase: runTest[eduni/errata-4e:ibm-valid-P85-ibm85n77.xml (valid)] took 0.001 sec
    [junit] Testcase: runTest[eduni/errata-4e:ibm-valid-P85-ibm85n78.xml (valid)] took 0 sec
    [junit] Testcase: runTest[eduni/errata-4e:ibm-valid-P85-ibm85n79.xml (valid)] took 0 sec
    [junit] Testcase: runTest[eduni/errata-4e:ibm-valid-P85-ibm85n80.xml (valid)] took 0.001 sec
    [junit] Testcase: runTest[eduni/errata-4e:ibm-valid-P85-ibm85n81.xml (valid)] took 0 sec
    [junit] Testcase: runTest[eduni/errata-4e:ibm-valid-P85-ibm85n82.xml (valid)] took 0 sec
    [junit] Testcase: runTest[eduni/errata-4e:ibm-valid-P85-ibm85n83.xml (valid)] took 0 sec
    [junit] Testcase: runTest[eduni/errata-4e:ibm-valid-P85-ibm85n84.xml (valid)] took 0 sec
    [junit] Testcase: runTest[eduni/errata-4e:ibm-valid-P85-ibm85n85.xml (valid)] took 0 sec
    [junit] Testcase: runTest[eduni/errata-4e:ibm-valid-P85-ibm85n86.xml (valid)] took 0 sec
    [junit] Testcase: runTest[eduni/errata-4e:ibm-valid-P85-ibm85n87.xml (valid)] took 0 sec
    [junit] Testcase: runTest[eduni/errata-4e:ibm-valid-P85-ibm85n88.xml (valid)] took 0 sec
    [junit] Testcase: runTest[eduni/errata-4e:ibm-valid-P85-ibm85n89.xml (valid)] took 0 sec
    [junit] Testcase: runTest[eduni/errata-4e:ibm-valid-P85-ibm85n90.xml (valid)] took 0.001 sec
    [junit] Testcase: runTest[eduni/errata-4e:ibm-valid-P85-ibm85n91.xml (valid)] took 0 sec
    [junit] Testcase: runTest[eduni/errata-4e:ibm-valid-P85-ibm85n92.xml (valid)] took 0 sec
    [junit] Testcase: runTest[eduni/errata-4e:ibm-valid-P85-ibm85n93.xml (valid)] took 0 sec
    [junit] Testcase: runTest[eduni/errata-4e:ibm-valid-P85-ibm85n94.xml (valid)] took 0 sec
    [junit] Testcase: runTest[eduni/errata-4e:ibm-valid-P85-ibm85n95.xml (valid)] took 0.001 sec
    [junit] Testcase: runTest[eduni/errata-4e:ibm-valid-P85-ibm85n96.xml (valid)] took 0 sec
    [junit] Testcase: runTest[eduni/errata-4e:ibm-valid-P85-ibm85n97.xml (valid)] took 0 sec
    [junit] Testcase: runTest[eduni/errata-4e:ibm-valid-P85-ibm85n98.xml (valid)] took 0 sec
    [junit] Testcase: runTest[eduni/errata-4e:ibm-valid-P85-ibm85n99.xml (valid)] took 0 sec
    [junit] Testcase: runTest[eduni/errata-4e:ibm-valid-P86-ibm86n01.xml (valid)] took 0 sec
    [junit] Testcase: runTest[eduni/errata-4e:ibm-valid-P86-ibm86n02.xml (valid)] took 0.001 sec
    [junit] Testcase: runTest[eduni/errata-4e:ibm-valid-P86-ibm86n03.xml (valid)] took 0 sec
    [junit] Testcase: runTest[eduni/errata-4e:ibm-valid-P86-ibm86n04.xml (valid)] took 0 sec
    [junit] Testcase: runTest[eduni/errata-4e:ibm-valid-P87-ibm87n01.xml (valid)] took 0 sec
    [junit] Testcase: runTest[eduni/errata-4e:ibm-valid-P87-ibm87n02.xml (valid)] took 0.001 sec
    [junit] Testcase: runTest[eduni/errata-4e:ibm-valid-P87-ibm87n03.xml (valid)] took 0 sec
    [junit] Testcase: runTest[eduni/errata-4e:ibm-valid-P87-ibm87n04.xml (valid)] took 0 sec
    [junit] Testcase: runTest[eduni/errata-4e:ibm-valid-P87-ibm87n05.xml (valid)] took 0 sec
    [junit] Testcase: runTest[eduni/errata-4e:ibm-valid-P87-ibm87n06.xml (valid)] took 0 sec
    [junit] Testcase: runTest[eduni/errata-4e:ibm-valid-P87-ibm87n07.xml (valid)] took 0 sec
    [junit] Testcase: runTest[eduni/errata-4e:ibm-valid-P87-ibm87n08.xml (valid)] took 0.001 sec
    [junit] Testcase: runTest[eduni/errata-4e:ibm-valid-P87-ibm87n09.xml (valid)] took 0 sec
    [junit] Testcase: runTest[eduni/errata-4e:ibm-valid-P87-ibm87n10.xml (valid)] took 0 sec
    [junit] Testcase: runTest[eduni/errata-4e:ibm-valid-P87-ibm87n11.xml (valid)] took 0 sec
    [junit] Testcase: runTest[eduni/errata-4e:ibm-valid-P87-ibm87n12.xml (valid)] took 0 sec
    [junit] Testcase: runTest[eduni/errata-4e:ibm-valid-P87-ibm87n13.xml (valid)] took 0.001 sec
    [junit] Testcase: runTest[eduni/errata-4e:ibm-valid-P87-ibm87n14.xml (valid)] took 0 sec
    [junit] Testcase: runTest[eduni/errata-4e:ibm-valid-P87-ibm87n15.xml (valid)] took 0 sec
    [junit] Testcase: runTest[eduni/errata-4e:ibm-valid-P87-ibm87n16.xml (valid)] took 0 sec
    [junit] Testcase: runTest[eduni/errata-4e:ibm-valid-P87-ibm87n17.xml (valid)] took 0 sec
    [junit] Testcase: runTest[eduni/errata-4e:ibm-valid-P87-ibm87n18.xml (valid)] took 0.001 sec
    [junit] Testcase: runTest[eduni/errata-4e:ibm-valid-P87-ibm87n19.xml (valid)] took 0 sec
    [junit] Testcase: runTest[eduni/errata-4e:ibm-valid-P87-ibm87n20.xml (valid)] took 0 sec
    [junit] Testcase: runTest[eduni/errata-4e:ibm-valid-P87-ibm87n21.xml (valid)] took 0 sec
    [junit] Testcase: runTest[eduni/errata-4e:ibm-valid-P87-ibm87n22.xml (valid)] took 0 sec
    [junit] Testcase: runTest[eduni/errata-4e:ibm-valid-P87-ibm87n23.xml (valid)] took 0 sec
    [junit] Testcase: runTest[eduni/errata-4e:ibm-valid-P87-ibm87n24.xml (valid)] took 0 sec
    [junit] Testcase: runTest[eduni/errata-4e:ibm-valid-P87-ibm87n25.xml (valid)] took 0.001 sec
    [junit] Testcase: runTest[eduni/errata-4e:ibm-valid-P87-ibm87n26.xml (valid)] took 0 sec
    [junit] Testcase: runTest[eduni/errata-4e:ibm-valid-P87-ibm87n27.xml (valid)] took 0 sec
    [junit] Testcase: runTest[eduni/errata-4e:ibm-valid-P87-ibm87n28.xml (valid)] took 0 sec
    [junit] Testcase: runTest[eduni/errata-4e:ibm-valid-P87-ibm87n29.xml (valid)] took 0 sec
    [junit] Testcase: runTest[eduni/errata-4e:ibm-valid-P87-ibm87n30.xml (valid)] took 0 sec
    [junit] Testcase: runTest[eduni/errata-4e:ibm-valid-P87-ibm87n31.xml (valid)] took 0 sec
    [junit] Testcase: runTest[eduni/errata-4e:ibm-valid-P87-ibm87n32.xml (valid)] took 0.001 sec
    [junit] Testcase: runTest[eduni/errata-4e:ibm-valid-P87-ibm87n33.xml (valid)] took 0 sec
    [junit] Testcase: runTest[eduni/errata-4e:ibm-valid-P87-ibm87n34.xml (valid)] took 0 sec
    [junit] Testcase: runTest[eduni/errata-4e:ibm-valid-P87-ibm87n35.xml (valid)] took 0 sec
    [junit] Testcase: runTest[eduni/errata-4e:ibm-valid-P87-ibm87n36.xml (valid)] took 0 sec
    [junit] Testcase: runTest[eduni/errata-4e:ibm-valid-P87-ibm87n37.xml (valid)] took 0 sec
    [junit] Testcase: runTest[eduni/errata-4e:ibm-valid-P87-ibm87n38.xml (valid)] took 0 sec
    [junit] Testcase: runTest[eduni/errata-4e:ibm-valid-P87-ibm87n39.xml (valid)] took 0 sec
    [junit] Testcase: runTest[eduni/errata-4e:ibm-valid-P87-ibm87n40.xml (valid)] took 0 sec
    [junit] Testcase: runTest[eduni/errata-4e:ibm-valid-P87-ibm87n41.xml (valid)] took 0 sec
    [junit] Testcase: runTest[eduni/errata-4e:ibm-valid-P87-ibm87n42.xml (valid)] took 0 sec
    [junit] Testcase: runTest[eduni/errata-4e:ibm-valid-P87-ibm87n43.xml (valid)] took 0.001 sec
    [junit] Testcase: runTest[eduni/errata-4e:ibm-valid-P87-ibm87n44.xml (valid)] took 0 sec
    [junit] Testcase: runTest[eduni/errata-4e:ibm-valid-P87-ibm87n45.xml (valid)] took 0 sec
    [junit] Testcase: runTest[eduni/errata-4e:ibm-valid-P87-ibm87n46.xml (valid)] took 0.001 sec
    [junit] Testcase: runTest[eduni/errata-4e:ibm-valid-P87-ibm87n47.xml (valid)] took 0 sec
    [junit] Testcase: runTest[eduni/errata-4e:ibm-valid-P87-ibm87n48.xml (valid)] took 0 sec
    [junit] Testcase: runTest[eduni/errata-4e:ibm-valid-P87-ibm87n49.xml (valid)] took 0 sec
    [junit] Testcase: runTest[eduni/errata-4e:ibm-valid-P87-ibm87n50.xml (valid)] took 0 sec
    [junit] Testcase: runTest[eduni/errata-4e:ibm-valid-P87-ibm87n51.xml (valid)] took 0 sec
    [junit] Testcase: runTest[eduni/errata-4e:ibm-valid-P87-ibm87n52.xml (valid)] took 0.001 sec
    [junit] Testcase: runTest[eduni/errata-4e:ibm-valid-P87-ibm87n53.xml (valid)] took 0 sec
    [junit] Testcase: runTest[eduni/errata-4e:ibm-valid-P87-ibm87n54.xml (valid)] took 0 sec
    [junit] Testcase: runTest[eduni/errata-4e:ibm-valid-P87-ibm87n55.xml (valid)] took 0.001 sec
    [junit] Testcase: runTest[eduni/errata-4e:ibm-valid-P87-ibm87n56.xml (valid)] took 0 sec
    [junit] Testcase: runTest[eduni/errata-4e:ibm-valid-P87-ibm87n57.xml (valid)] took 0.001 sec
    [junit] Testcase: runTest[eduni/errata-4e:ibm-valid-P87-ibm87n58.xml (valid)] took 0 sec
    [junit] Testcase: runTest[eduni/errata-4e:ibm-valid-P87-ibm87n59.xml (valid)] took 0 sec
    [junit] Testcase: runTest[eduni/errata-4e:ibm-valid-P87-ibm87n60.xml (valid)] took 0 sec
    [junit] Testcase: runTest[eduni/errata-4e:ibm-valid-P87-ibm87n61.xml (valid)] took 0 sec
    [junit] Testcase: runTest[eduni/errata-4e:ibm-valid-P87-ibm87n62.xml (valid)] took 0 sec
    [junit] Testcase: runTest[eduni/errata-4e:ibm-valid-P87-ibm87n63.xml (valid)] took 0 sec
    [junit] Testcase: runTest[eduni/errata-4e:ibm-valid-P87-ibm87n64.xml (valid)] took 0.001 sec
    [junit] Testcase: runTest[eduni/errata-4e:ibm-valid-P87-ibm87n66.xml (valid)] took 0 sec
    [junit] Testcase: runTest[eduni/errata-4e:ibm-valid-P87-ibm87n67.xml (valid)] took 0.001 sec
    [junit] Testcase: runTest[eduni/errata-4e:ibm-valid-P87-ibm87n68.xml (valid)] took 0 sec
    [junit] Testcase: runTest[eduni/errata-4e:ibm-valid-P87-ibm87n69.xml (valid)] took 0 sec
    [junit] Testcase: runTest[eduni/errata-4e:ibm-valid-P87-ibm87n70.xml (valid)] took 0.001 sec
    [junit] Testcase: runTest[eduni/errata-4e:ibm-valid-P87-ibm87n71.xml (valid)] took 0 sec
    [junit] Testcase: runTest[eduni/errata-4e:ibm-valid-P87-ibm87n72.xml (valid)] took 0 sec
    [junit] Testcase: runTest[eduni/errata-4e:ibm-valid-P87-ibm87n73.xml (valid)] took 0 sec
    [junit] Testcase: runTest[eduni/errata-4e:ibm-valid-P87-ibm87n74.xml (valid)] took 0 sec
    [junit] Testcase: runTest[eduni/errata-4e:ibm-valid-P87-ibm87n75.xml (valid)] took 0.001 sec
    [junit] Testcase: runTest[eduni/errata-4e:ibm-valid-P87-ibm87n76.xml (valid)] took 0 sec
    [junit] Testcase: runTest[eduni/errata-4e:ibm-valid-P87-ibm87n77.xml (valid)] took 0 sec
    [junit] Testcase: runTest[eduni/errata-4e:ibm-valid-P87-ibm87n78.xml (valid)] took 0 sec
    [junit] Testcase: runTest[eduni/errata-4e:ibm-valid-P87-ibm87n79.xml (valid)] took 0 sec
    [junit] Testcase: runTest[eduni/errata-4e:ibm-valid-P87-ibm87n80.xml (valid)] took 0 sec
    [junit] Testcase: runTest[eduni/errata-4e:ibm-valid-P87-ibm87n81.xml (valid)] took 0.001 sec
    [junit] Testcase: runTest[eduni/errata-4e:ibm-valid-P87-ibm87n82.xml (valid)] took 0 sec
    [junit] Testcase: runTest[eduni/errata-4e:ibm-valid-P87-ibm87n83.xml (valid)] took 0 sec
    [junit] Testcase: runTest[eduni/errata-4e:ibm-valid-P87-ibm87n84.xml (valid)] took 0.001 sec
    [junit] Testcase: runTest[eduni/errata-4e:ibm-valid-P87-ibm87n85.xml (valid)] took 0 sec
    [junit] Testcase: runTest[eduni/errata-4e:ibm-valid-P88-ibm88n03.xml (valid)] took 0.001 sec
    [junit] Testcase: runTest[eduni/errata-4e:ibm-valid-P88-ibm88n04.xml (valid)] took 0 sec
    [junit] Testcase: runTest[eduni/errata-4e:ibm-valid-P88-ibm88n05.xml (valid)] took 0.001 sec
    [junit] Testcase: runTest[eduni/errata-4e:ibm-valid-P88-ibm88n06.xml (valid)] took 0.001 sec
    [junit] Testcase: runTest[eduni/errata-4e:ibm-valid-P88-ibm88n08.xml (valid)] took 0 sec
    [junit] Testcase: runTest[eduni/errata-4e:ibm-valid-P88-ibm88n09.xml (valid)] took 0 sec
    [junit] Testcase: runTest[eduni/errata-4e:ibm-valid-P88-ibm88n10.xml (valid)] took 0.001 sec
    [junit] Testcase: runTest[eduni/errata-4e:ibm-valid-P88-ibm88n11.xml (valid)] took 0 sec
    [junit] Testcase: runTest[eduni/errata-4e:ibm-valid-P88-ibm88n12.xml (valid)] took 0 sec
    [junit] Testcase: runTest[eduni/errata-4e:ibm-valid-P88-ibm88n13.xml (valid)] took 0 sec
    [junit] Testcase: runTest[eduni/errata-4e:ibm-valid-P88-ibm88n14.xml (valid)] took 0 sec
    [junit] Testcase: runTest[eduni/errata-4e:ibm-valid-P88-ibm88n15.xml (valid)] took 0 sec
    [junit] Testcase: runTest[eduni/errata-4e:ibm-valid-P88-ibm88n16.xml (valid)] took 0.001 sec
    [junit] Testcase: runTest[eduni/errata-4e:ibm-valid-P89-ibm89n03.xml (valid)] took 0 sec
    [junit] Testcase: runTest[eduni/errata-4e:ibm-valid-P89-ibm89n04.xml (valid)] took 0 sec
    [junit] Testcase: runTest[eduni/errata-4e:ibm-valid-P89-ibm89n05.xml (valid)] took 0.001 sec
    [junit] Testcase: runTest[eduni/errata-4e:ibm-invalid-P89-ibm89n06.xml (invalid)] took 0.001 sec
    [junit] Testcase: runTest[eduni/errata-4e:ibm-invalid-P89-ibm89n07.xml (invalid)] took 0 sec
    [junit] Testcase: runTest[eduni/errata-4e:ibm-invalid-P89-ibm89n08.xml (invalid)] took 0 sec
    [junit] Testcase: runTest[eduni/errata-4e:ibm-invalid-P89-ibm89n09.xml (invalid)] took 0 sec
    [junit] Testcase: runTest[eduni/errata-4e:ibm-invalid-P89-ibm89n10.xml (invalid)] took 0.001 sec
    [junit] Testcase: runTest[eduni/errata-4e:ibm-invalid-P89-ibm89n11.xml (invalid)] took 0 sec
    [junit] Testcase: runTest[eduni/errata-4e:ibm-invalid-P89-ibm89n12.xml (invalid)] took 0 sec
    [junit] Testcase: runTest[eduni/namespaces-1.0:rmt-ns10-001 (valid)] took 0.001 sec
    [junit] Testcase: runTest[eduni/namespaces-1.0:rmt-ns10-002 (valid)] took 0.001 sec
    [junit] Testcase: runTest[eduni/namespaces-1.0:rmt-ns10-003 (valid)] took 0.001 sec
    [junit] Testcase: runTest[eduni/namespaces-1.0:rmt-ns10-004 (error)] took 0.001 sec
    [junit] 	FAILED
    [junit] [eduni/namespaces-1.0:rmt-ns10-004] Expected not-wf but parsed successfully: Namespace name test: a relative URI (deprecated)
    [junit] junit.framework.AssertionFailedError: [eduni/namespaces-1.0:rmt-ns10-004] Expected not-wf but parsed successfully: Namespace name test: a relative URI (deprecated)
    [junit] 	at org.bluezoo.gonzalez.XMLConformanceTest.runTest(XMLConformanceTest.java:415)
    [junit] 	at jdk.internal.reflect.GeneratedMethodAccessor1.invoke(Unknown Source)
    [junit] 	at java.base/jdk.internal.reflect.DelegatingMethodAccessorImpl.invoke(DelegatingMethodAccessorImpl.java:43)
    [junit] 
    [junit] Testcase: runTest[eduni/namespaces-1.0:rmt-ns10-005 (error)] took 0 sec
    [junit] 	FAILED
    [junit] [eduni/namespaces-1.0:rmt-ns10-005] Expected not-wf but parsed successfully: Namespace name test: a same-document relative URI (deprecated)
    [junit] junit.framework.AssertionFailedError: [eduni/namespaces-1.0:rmt-ns10-005] Expected not-wf but parsed successfully: Namespace name test: a same-document relative URI (deprecated)
    [junit] 	at org.bluezoo.gonzalez.XMLConformanceTest.runTest(XMLConformanceTest.java:415)
    [junit] 	at jdk.internal.reflect.GeneratedMethodAccessor1.invoke(Unknown Source)
    [junit] 	at java.base/jdk.internal.reflect.DelegatingMethodAccessorImpl.invoke(DelegatingMethodAccessorImpl.java:43)
    [junit] 
    [junit] Testcase: runTest[eduni/namespaces-1.0:rmt-ns10-006 (error)] took 0 sec
    [junit] Testcase: runTest[eduni/namespaces-1.0:rmt-ns10-007 (valid)] took 0.001 sec
    [junit] Testcase: runTest[eduni/namespaces-1.0:rmt-ns10-008 (valid)] took 0.001 sec
    [junit] Testcase: runTest[eduni/namespaces-1.0:rmt-ns10-009 (not-wf)] took 0.001 sec
    [junit] 	FAILED
    [junit] [eduni/namespaces-1.0:rmt-ns10-009] Expected not-wf but parsed successfully: Namespace equality test: plain repetition
    [junit] junit.framework.AssertionFailedError: [eduni/namespaces-1.0:rmt-ns10-009] Expected not-wf but parsed successfully: Namespace equality test: plain repetition
    [junit] 	at org.bluezoo.gonzalez.XMLConformanceTest.runTest(XMLConformanceTest.java:415)
    [junit] 	at jdk.internal.reflect.GeneratedMethodAccessor1.invoke(Unknown Source)
    [junit] 	at java.base/jdk.internal.reflect.DelegatingMethodAccessorImpl.invoke(DelegatingMethodAccessorImpl.java:43)
    [junit] 
    [junit] Testcase: runTest[eduni/namespaces-1.0:rmt-ns10-010 (not-wf)] took 0.001 sec
    [junit] 	FAILED
    [junit] [eduni/namespaces-1.0:rmt-ns10-010] Expected not-wf but parsed successfully: Namespace equality test: use of character reference
    [junit] junit.framework.AssertionFailedError: [eduni/namespaces-1.0:rmt-ns10-010] Expected not-wf but parsed successfully: Namespace equality test: use of character reference
    [junit] 	at org.bluezoo.gonzalez.XMLConformanceTest.runTest(XMLConformanceTest.java:415)
    [junit] 	at jdk.internal.reflect.GeneratedMethodAccessor1.invoke(Unknown Source)
    [junit] 	at java.base/jdk.internal.reflect.DelegatingMethodAccessorImpl.invoke(DelegatingMethodAccessorImpl.java:43)
    [junit] 
    [junit] Testcase: runTest[eduni/namespaces-1.0:rmt-ns10-011 (not-wf)] took 0.001 sec
    [junit] 	FAILED
    [junit] [eduni/namespaces-1.0:rmt-ns10-011] Expected not-wf but parsed successfully: Namespace equality test: use of entity reference
    [junit] junit.framework.AssertionFailedError: [eduni/namespaces-1.0:rmt-ns10-011] Expected not-wf but parsed successfully: Namespace equality test: use of entity reference
    [junit] 	at org.bluezoo.gonzalez.XMLConformanceTest.runTest(XMLConformanceTest.java:415)
    [junit] 	at jdk.internal.reflect.GeneratedMethodAccessor1.invoke(Unknown Source)
    [junit] 	at java.base/jdk.internal.reflect.DelegatingMethodAccessorImpl.invoke(DelegatingMethodAccessorImpl.java:43)
    [junit] 
    [junit] Testcase: runTest[eduni/namespaces-1.0:rmt-ns10-012 (not-wf)] took 0.001 sec
    [junit] 	FAILED
    [junit] [eduni/namespaces-1.0:rmt-ns10-012] Expected not-wf but parsed successfully: Namespace inequality test: equal after attribute value normalization
    [junit] junit.framework.AssertionFailedError: [eduni/namespaces-1.0:rmt-ns10-012] Expected not-wf but parsed successfully: Namespace inequality test: equal after attribute value normalization
    [junit] 	at org.bluezoo.gonzalez.XMLConformanceTest.runTest(XMLConformanceTest.java:415)
    [junit] 	at jdk.internal.reflect.GeneratedMethodAccessor1.invoke(Unknown Source)
    [junit] 	at java.base/jdk.internal.reflect.DelegatingMethodAccessorImpl.invoke(DelegatingMethodAccessorImpl.java:43)
    [junit] 
    [junit] Testcase: runTest[eduni/namespaces-1.0:rmt-ns10-013 (not-wf)] took 0.001 sec
    [junit] 	FAILED
    [junit] [eduni/namespaces-1.0:rmt-ns10-013] Expected not-wf but parsed successfully: Bad QName syntax: multiple colons
    [junit] junit.framework.AssertionFailedError: [eduni/namespaces-1.0:rmt-ns10-013] Expected not-wf but parsed successfully: Bad QName syntax: multiple colons
    [junit] 	at org.bluezoo.gonzalez.XMLConformanceTest.runTest(XMLConformanceTest.java:415)
    [junit] 	at jdk.internal.reflect.GeneratedMethodAccessor1.invoke(Unknown Source)
    [junit] 	at java.base/jdk.internal.reflect.DelegatingMethodAccessorImpl.invoke(DelegatingMethodAccessorImpl.java:43)
    [junit] 
    [junit] Testcase: runTest[eduni/namespaces-1.0:rmt-ns10-014 (not-wf)] took 0 sec
    [junit] 	FAILED
    [junit] [eduni/namespaces-1.0:rmt-ns10-014] Expected not-wf but parsed successfully: Bad QName syntax: colon at end
    [junit] junit.framework.AssertionFailedError: [eduni/namespaces-1.0:rmt-ns10-014] Expected not-wf but parsed successfully: Bad QName syntax: colon at end
    [junit] 	at org.bluezoo.gonzalez.XMLConformanceTest.runTest(XMLConformanceTest.java:415)
    [junit] 	at jdk.internal.reflect.GeneratedMethodAccessor1.invoke(Unknown Source)
    [junit] 	at java.base/jdk.internal.reflect.DelegatingMethodAccessorImpl.invoke(DelegatingMethodAccessorImpl.java:43)
    [junit] 
    [junit] Testcase: runTest[eduni/namespaces-1.0:rmt-ns10-015 (not-wf)] took 0 sec
    [junit] 	FAILED
    [junit] [eduni/namespaces-1.0:rmt-ns10-015] Expected not-wf but parsed successfully: Bad QName syntax: colon at start
    [junit] junit.framework.AssertionFailedError: [eduni/namespaces-1.0:rmt-ns10-015] Expected not-wf but parsed successfully: Bad QName syntax: colon at start
    [junit] 	at org.bluezoo.gonzalez.XMLConformanceTest.runTest(XMLConformanceTest.java:415)
    [junit] 	at jdk.internal.reflect.GeneratedMethodAccessor1.invoke(Unknown Source)
    [junit] 	at java.base/jdk.internal.reflect.DelegatingMethodAccessorImpl.invoke(DelegatingMethodAccessorImpl.java:43)
    [junit] 
    [junit] Testcase: runTest[eduni/namespaces-1.0:rmt-ns10-016 (not-wf)] took 0.001 sec
    [junit] 	FAILED
    [junit] [eduni/namespaces-1.0:rmt-ns10-016] Expected not-wf but parsed successfully: Bad QName syntax: xmlns:
    [junit] junit.framework.AssertionFailedError: [eduni/namespaces-1.0:rmt-ns10-016] Expected not-wf but parsed successfully: Bad QName syntax: xmlns:
    [junit] 	at org.bluezoo.gonzalez.XMLConformanceTest.runTest(XMLConformanceTest.java:415)
    [junit] 	at jdk.internal.reflect.GeneratedMethodAccessor1.invoke(Unknown Source)
    [junit] 	at java.base/jdk.internal.reflect.DelegatingMethodAccessorImpl.invoke(DelegatingMethodAccessorImpl.java:43)
    [junit] 
    [junit] Testcase: runTest[eduni/namespaces-1.0:rmt-ns10-017 (invalid)] took 0.002 sec
    [junit] Testcase: runTest[eduni/namespaces-1.0:rmt-ns10-018 (invalid)] took 0.001 sec
    [junit] Testcase: runTest[eduni/namespaces-1.0:rmt-ns10-019 (invalid)] took 0.001 sec
    [junit] Testcase: runTest[eduni/namespaces-1.0:rmt-ns10-020 (invalid)] took 0 sec
    [junit] Testcase: runTest[eduni/namespaces-1.0:rmt-ns10-021 (invalid)] took 0.001 sec
    [junit] Testcase: runTest[eduni/namespaces-1.0:rmt-ns10-022 (invalid)] took 0.001 sec
    [junit] Testcase: runTest[eduni/namespaces-1.0:rmt-ns10-023 (not-wf)] took 0 sec
    [junit] 	FAILED
    [junit] [eduni/namespaces-1.0:rmt-ns10-023] Expected not-wf but parsed successfully: Illegal use of 1.1-style prefix unbinding in 1.0 document
    [junit] junit.framework.AssertionFailedError: [eduni/namespaces-1.0:rmt-ns10-023] Expected not-wf but parsed successfully: Illegal use of 1.1-style prefix unbinding in 1.0 document
    [junit] 	at org.bluezoo.gonzalez.XMLConformanceTest.runTest(XMLConformanceTest.java:415)
    [junit] 	at jdk.internal.reflect.GeneratedMethodAccessor1.invoke(Unknown Source)
    [junit] 	at java.base/jdk.internal.reflect.DelegatingMethodAccessorImpl.invoke(DelegatingMethodAccessorImpl.java:43)
    [junit] 
    [junit] Testcase: runTest[eduni/namespaces-1.0:rmt-ns10-024 (invalid)] took 0 sec
    [junit] Testcase: runTest[eduni/namespaces-1.0:rmt-ns10-025 (not-wf)] took 0.001 sec
    [junit] 	FAILED
    [junit] [eduni/namespaces-1.0:rmt-ns10-025] Expected not-wf but parsed successfully: Unbound element prefix
    [junit] junit.framework.AssertionFailedError: [eduni/namespaces-1.0:rmt-ns10-025] Expected not-wf but parsed successfully: Unbound element prefix
    [junit] 	at org.bluezoo.gonzalez.XMLConformanceTest.runTest(XMLConformanceTest.java:415)
    [junit] 	at jdk.internal.reflect.GeneratedMethodAccessor1.invoke(Unknown Source)
    [junit] 	at java.base/jdk.internal.reflect.DelegatingMethodAccessorImpl.invoke(DelegatingMethodAccessorImpl.java:43)
    [junit] 
    [junit] Testcase: runTest[eduni/namespaces-1.0:rmt-ns10-026 (not-wf)] took 0.001 sec
    [junit] 	FAILED
    [junit] [eduni/namespaces-1.0:rmt-ns10-026] Expected not-wf but parsed successfully: Unbound attribute prefix
    [junit] junit.framework.AssertionFailedError: [eduni/namespaces-1.0:rmt-ns10-026] Expected not-wf but parsed successfully: Unbound attribute prefix
    [junit] 	at org.bluezoo.gonzalez.XMLConformanceTest.runTest(XMLConformanceTest.java:415)
    [junit] 	at jdk.internal.reflect.GeneratedMethodAccessor1.invoke(Unknown Source)
    [junit] 	at java.base/jdk.internal.reflect.DelegatingMethodAccessorImpl.invoke(DelegatingMethodAccessorImpl.java:43)
    [junit] 
    [junit] Testcase: runTest[eduni/namespaces-1.0:rmt-ns10-027 (invalid)] took 0 sec
    [junit] Testcase: runTest[eduni/namespaces-1.0:rmt-ns10-028 (invalid)] took 0.001 sec
    [junit] Testcase: runTest[eduni/namespaces-1.0:rmt-ns10-029 (not-wf)] took 0.001 sec
    [junit] 	FAILED
    [junit] [eduni/namespaces-1.0:rmt-ns10-029] Expected not-wf but parsed successfully: Reserved prefixes and namespaces: declaring the xml prefix incorrectly
    [junit] junit.framework.AssertionFailedError: [eduni/namespaces-1.0:rmt-ns10-029] Expected not-wf but parsed successfully: Reserved prefixes and namespaces: declaring the xml prefix incorrectly
    [junit] 	at org.bluezoo.gonzalez.XMLConformanceTest.runTest(XMLConformanceTest.java:415)
    [junit] 	at jdk.internal.reflect.GeneratedMethodAccessor1.invoke(Unknown Source)
    [junit] 	at java.base/jdk.internal.reflect.DelegatingMethodAccessorImpl.invoke(DelegatingMethodAccessorImpl.java:43)
    [junit] 
    [junit] Testcase: runTest[eduni/namespaces-1.0:rmt-ns10-030 (not-wf)] took 0 sec
    [junit] 	FAILED
    [junit] [eduni/namespaces-1.0:rmt-ns10-030] Expected not-wf but parsed successfully: Reserved prefixes and namespaces: binding another prefix
    [junit] to the xml namespace
    [junit] junit.framework.AssertionFailedError: [eduni/namespaces-1.0:rmt-ns10-030] Expected not-wf but parsed successfully: Reserved prefixes and namespaces: binding another prefix
    [junit] to the xml namespace
    [junit] 	at org.bluezoo.gonzalez.XMLConformanceTest.runTest(XMLConformanceTest.java:415)
    [junit] 	at jdk.internal.reflect.GeneratedMethodAccessor1.invoke(Unknown Source)
    [junit] 	at java.base/jdk.internal.reflect.DelegatingMethodAccessorImpl.invoke(DelegatingMethodAccessorImpl.java:43)
    [junit] 
    [junit] Testcase: runTest[eduni/namespaces-1.0:rmt-ns10-031 (not-wf)] took 0 sec
    [junit] 	FAILED
    [junit] [eduni/namespaces-1.0:rmt-ns10-031] Expected not-wf but parsed successfully: Reserved prefixes and namespaces: declaring the xmlns prefix
    [junit] with its correct URI (illegal)
    [junit] junit.framework.AssertionFailedError: [eduni/namespaces-1.0:rmt-ns10-031] Expected not-wf but parsed successfully: Reserved prefixes and namespaces: declaring the xmlns prefix
    [junit] with its correct URI (illegal)
    [junit] 	at org.bluezoo.gonzalez.XMLConformanceTest.runTest(XMLConformanceTest.java:415)
    [junit] 	at jdk.internal.reflect.GeneratedMethodAccessor1.invoke(Unknown Source)
    [junit] 	at java.base/jdk.internal.reflect.DelegatingMethodAccessorImpl.invoke(DelegatingMethodAccessorImpl.java:43)
    [junit] 
    [junit] Testcase: runTest[eduni/namespaces-1.0:rmt-ns10-032 (not-wf)] took 0 sec
    [junit] 	FAILED
    [junit] [eduni/namespaces-1.0:rmt-ns10-032] Expected not-wf but parsed successfully: Reserved prefixes and namespaces: declaring the xmlns prefix
    [junit] with an incorrect URI
    [junit] junit.framework.AssertionFailedError: [eduni/namespaces-1.0:rmt-ns10-032] Expected not-wf but parsed successfully: Reserved prefixes and namespaces: declaring the xmlns prefix
    [junit] with an incorrect URI
    [junit] 	at org.bluezoo.gonzalez.XMLConformanceTest.runTest(XMLConformanceTest.java:415)
    [junit] 	at jdk.internal.reflect.GeneratedMethodAccessor1.invoke(Unknown Source)
    [junit] 	at java.base/jdk.internal.reflect.DelegatingMethodAccessorImpl.invoke(DelegatingMethodAccessorImpl.java:43)
    [junit] 
    [junit] Testcase: runTest[eduni/namespaces-1.0:rmt-ns10-033 (not-wf)] took 0 sec
    [junit] 	FAILED
    [junit] [eduni/namespaces-1.0:rmt-ns10-033] Expected not-wf but parsed successfully: Reserved prefixes and namespaces: binding another prefix
    [junit] to the xmlns namespace
    [junit] junit.framework.AssertionFailedError: [eduni/namespaces-1.0:rmt-ns10-033] Expected not-wf but parsed successfully: Reserved prefixes and namespaces: binding another prefix
    [junit] to the xmlns namespace
    [junit] 	at org.bluezoo.gonzalez.XMLConformanceTest.runTest(XMLConformanceTest.java:415)
    [junit] 	at jdk.internal.reflect.GeneratedMethodAccessor1.invoke(Unknown Source)
    [junit] 	at java.base/jdk.internal.reflect.DelegatingMethodAccessorImpl.invoke(DelegatingMethodAccessorImpl.java:43)
    [junit] 
    [junit] Testcase: runTest[eduni/namespaces-1.0:rmt-ns10-034 (invalid)] took 0.003 sec
    [junit] Testcase: runTest[eduni/namespaces-1.0:rmt-ns10-035 (not-wf)] took 0 sec
    [junit] Testcase: runTest[eduni/namespaces-1.0:rmt-ns10-036 (not-wf)] took 0.001 sec
    [junit] 	FAILED
    [junit] [eduni/namespaces-1.0:rmt-ns10-036] Expected not-wf but parsed successfully: Attribute uniqueness: repeated attribute with different prefixes
    [junit] junit.framework.AssertionFailedError: [eduni/namespaces-1.0:rmt-ns10-036] Expected not-wf but parsed successfully: Attribute uniqueness: repeated attribute with different prefixes
    [junit] 	at org.bluezoo.gonzalez.XMLConformanceTest.runTest(XMLConformanceTest.java:415)
    [junit] 	at jdk.internal.reflect.GeneratedMethodAccessor1.invoke(Unknown Source)
    [junit] 	at java.base/jdk.internal.reflect.DelegatingMethodAccessorImpl.invoke(DelegatingMethodAccessorImpl.java:43)
    [junit] 
    [junit] Testcase: runTest[eduni/namespaces-1.0:rmt-ns10-037 (invalid)] took 0 sec
    [junit] Testcase: runTest[eduni/namespaces-1.0:rmt-ns10-038 (invalid)] took 0 sec
    [junit] Testcase: runTest[eduni/namespaces-1.0:rmt-ns10-039 (invalid)] took 0.001 sec
    [junit] Testcase: runTest[eduni/namespaces-1.0:rmt-ns10-040 (invalid)] took 0 sec
    [junit] Testcase: runTest[eduni/namespaces-1.0:rmt-ns10-041 (invalid)] took 0 sec
    [junit] Testcase: runTest[eduni/namespaces-1.0:rmt-ns10-042 (not-wf)] took 0.002 sec
    [junit] 	FAILED
    [junit] [eduni/namespaces-1.0:rmt-ns10-042] Expected not-wf but parsed successfully: Colon in PI name
    [junit] junit.framework.AssertionFailedError: [eduni/namespaces-1.0:rmt-ns10-042] Expected not-wf but parsed successfully: Colon in PI name
    [junit] 	at org.bluezoo.gonzalez.XMLConformanceTest.runTest(XMLConformanceTest.java:415)
    [junit] 	at jdk.internal.reflect.GeneratedMethodAccessor1.invoke(Unknown Source)
    [junit] 	at java.base/jdk.internal.reflect.DelegatingMethodAccessorImpl.invoke(DelegatingMethodAccessorImpl.java:43)
    [junit] 
    [junit] Testcase: runTest[eduni/namespaces-1.0:rmt-ns10-043 (not-wf)] took 0.001 sec
    [junit] 	FAILED
    [junit] [eduni/namespaces-1.0:rmt-ns10-043] Expected not-wf but parsed successfully: Colon in entity name
    [junit] junit.framework.AssertionFailedError: [eduni/namespaces-1.0:rmt-ns10-043] Expected not-wf but parsed successfully: Colon in entity name
    [junit] 	at org.bluezoo.gonzalez.XMLConformanceTest.runTest(XMLConformanceTest.java:415)
    [junit] 	at jdk.internal.reflect.GeneratedMethodAccessor1.invoke(Unknown Source)
    [junit] 	at java.base/jdk.internal.reflect.DelegatingMethodAccessorImpl.invoke(DelegatingMethodAccessorImpl.java:43)
    [junit] 
    [junit] Testcase: runTest[eduni/namespaces-1.0:rmt-ns10-044 (not-wf)] took 0 sec
    [junit] 	FAILED
    [junit] [eduni/namespaces-1.0:rmt-ns10-044] Expected not-wf but parsed successfully: Colon in entity name
    [junit] junit.framework.AssertionFailedError: [eduni/namespaces-1.0:rmt-ns10-044] Expected not-wf but parsed successfully: Colon in entity name
    [junit] 	at org.bluezoo.gonzalez.XMLConformanceTest.runTest(XMLConformanceTest.java:415)
    [junit] 	at jdk.internal.reflect.GeneratedMethodAccessor1.invoke(Unknown Source)
    [junit] 	at java.base/jdk.internal.reflect.DelegatingMethodAccessorImpl.invoke(DelegatingMethodAccessorImpl.java:43)
    [junit] 
    [junit] Testcase: runTest[eduni/namespaces-1.0:rmt-ns10-045 (invalid)] took 0.001 sec
    [junit] Testcase: runTest[eduni/namespaces-1.0:rmt-ns10-046 (invalid)] took 0 sec
    [junit] Testcase: runTest[eduni/namespaces-1.1:rmt-ns11-001 (valid)] took 0.001 sec
    [junit] 	FAILED
    [junit] [eduni/namespaces-1.1:rmt-ns11-001] Expected valid but got error: Unclosed element at end of document: Namespace name test: a perfectly good http IRI that is not a URI
    [junit] junit.framework.AssertionFailedError: [eduni/namespaces-1.1:rmt-ns11-001] Expected valid but got error: Unclosed element at end of document: Namespace name test: a perfectly good http IRI that is not a URI
    [junit] 	at org.bluezoo.gonzalez.XMLConformanceTest.runTest(XMLConformanceTest.java:415)
    [junit] 	at jdk.internal.reflect.GeneratedMethodAccessor1.invoke(Unknown Source)
    [junit] 	at java.base/jdk.internal.reflect.DelegatingMethodAccessorImpl.invoke(DelegatingMethodAccessorImpl.java:43)
    [junit] 
    [junit] Testcase: runTest[eduni/namespaces-1.1:rmt-ns11-002 (valid)] took 0 sec
    [junit] 	FAILED
    [junit] [eduni/namespaces-1.1:rmt-ns11-002] Expected valid but got error: Unclosed element at end of document: Namespace inequality test: different escaping of non-ascii letter
    [junit] junit.framework.AssertionFailedError: [eduni/namespaces-1.1:rmt-ns11-002] Expected valid but got error: Unclosed element at end of document: Namespace inequality test: different escaping of non-ascii letter
    [junit] 	at org.bluezoo.gonzalez.XMLConformanceTest.runTest(XMLConformanceTest.java:415)
    [junit] 	at jdk.internal.reflect.GeneratedMethodAccessor1.invoke(Unknown Source)
    [junit] 	at java.base/jdk.internal.reflect.DelegatingMethodAccessorImpl.invoke(DelegatingMethodAccessorImpl.java:43)
    [junit] 
    [junit] Testcase: runTest[eduni/namespaces-1.1:rmt-ns11-003 (invalid)] took 0 sec
    [junit] Testcase: runTest[eduni/namespaces-1.1:rmt-ns11-004 (invalid)] took 0 sec
    [junit] Testcase: runTest[eduni/namespaces-1.1:rmt-ns11-005 (not-wf)] took 0.001 sec
    [junit] 	FAILED
    [junit] [eduni/namespaces-1.1:rmt-ns11-005] Expected not-wf but parsed successfully: Illegal use of prefix that has been unbound
    [junit] junit.framework.AssertionFailedError: [eduni/namespaces-1.1:rmt-ns11-005] Expected not-wf but parsed successfully: Illegal use of prefix that has been unbound
    [junit] 	at org.bluezoo.gonzalez.XMLConformanceTest.runTest(XMLConformanceTest.java:415)
    [junit] 	at jdk.internal.reflect.GeneratedMethodAccessor1.invoke(Unknown Source)
    [junit] 	at java.base/jdk.internal.reflect.DelegatingMethodAccessorImpl.invoke(DelegatingMethodAccessorImpl.java:43)
    [junit] 
    [junit] Testcase: runTest[eduni/namespaces-1.1:rmt-ns11-006 (valid)] took 0 sec
    [junit] Testcase: runTest[eduni/xml-1.1:rmt-001 (not-wf)] took 0 sec
    [junit] Testcase: runTest[eduni/xml-1.1:rmt-002 (not-wf)] took 0.001 sec
    [junit] Testcase: runTest[eduni/xml-1.1:rmt-003 (not-wf)] took 0 sec
    [junit] Testcase: runTest[eduni/xml-1.1:rmt-004 (not-wf)] took 0 sec
    [junit] Testcase: runTest[eduni/xml-1.1:rmt-005 (not-wf)] took 0.001 sec
    [junit] Testcase: runTest[eduni/xml-1.1:rmt-006 (valid)] took 0.001 sec
    [junit] 	FAILED
    [junit] [eduni/xml-1.1:rmt-006] Expected valid but got error: Recursive entity reference via systemId: file:/Users/cburdess@mimecast.com/cpkb-bluezoo/gonzalez/xmlconf/eduni/xml-1.1/006_1.ent: Second-level external general entity has later version number than
    [junit] first-level, but not later than document, so not an error.
    [junit] junit.framework.AssertionFailedError: [eduni/xml-1.1:rmt-006] Expected valid but got error: Recursive entity reference via systemId: file:/Users/cburdess@mimecast.com/cpkb-bluezoo/gonzalez/xmlconf/eduni/xml-1.1/006_1.ent: Second-level external general entity has later version number than
    [junit] first-level, but not later than document, so not an error.
    [junit] 	at org.bluezoo.gonzalez.XMLConformanceTest.runTest(XMLConformanceTest.java:415)
    [junit] 	at jdk.internal.reflect.GeneratedMethodAccessor1.invoke(Unknown Source)
    [junit] 	at java.base/jdk.internal.reflect.DelegatingMethodAccessorImpl.invoke(DelegatingMethodAccessorImpl.java:43)
    [junit] 
    [junit] Testcase: runTest[eduni/xml-1.1:rmt-007 (valid)] took 0 sec
    [junit] Testcase: runTest[eduni/xml-1.1:rmt-008 (error)] took 0 sec
    [junit] Testcase: runTest[eduni/xml-1.1:rmt-009 (error)] took 0.002 sec
    [junit] Testcase: runTest[eduni/xml-1.1:rmt-010 (valid)] took 0.002 sec
    [junit] 	FAILED
    [junit] [eduni/xml-1.1:rmt-010] Expected valid but got error: Unclosed element at end of document (depth=1): Contains a C1 control, legal in XML 1.0, illegal in XML 1.1
    [junit] junit.framework.AssertionFailedError: [eduni/xml-1.1:rmt-010] Expected valid but got error: Unclosed element at end of document (depth=1): Contains a C1 control, legal in XML 1.0, illegal in XML 1.1
    [junit] 	at org.bluezoo.gonzalez.XMLConformanceTest.runTest(XMLConformanceTest.java:415)
    [junit] 	at jdk.internal.reflect.GeneratedMethodAccessor1.invoke(Unknown Source)
    [junit] 	at java.base/jdk.internal.reflect.DelegatingMethodAccessorImpl.invoke(DelegatingMethodAccessorImpl.java:43)
    [junit] 
    [junit] Testcase: runTest[eduni/xml-1.1:rmt-011 (not-wf)] took 0.001 sec
    [junit] Testcase: runTest[eduni/xml-1.1:rmt-012 (valid)] took 0 sec
    [junit] Testcase: runTest[eduni/xml-1.1:rmt-013 (not-wf)] took 0 sec
    [junit] Testcase: runTest[eduni/xml-1.1:rmt-014 (not-wf)] took 0 sec
    [junit] 	FAILED
    [junit] [eduni/xml-1.1:rmt-014] Expected not-wf but parsed successfully: Has a "long s" in a name, legal in XML 1.1, illegal in XML 1.0 thru 4th edition
    [junit] junit.framework.AssertionFailedError: [eduni/xml-1.1:rmt-014] Expected not-wf but parsed successfully: Has a "long s" in a name, legal in XML 1.1, illegal in XML 1.0 thru 4th edition
    [junit] 	at org.bluezoo.gonzalez.XMLConformanceTest.runTest(XMLConformanceTest.java:415)
    [junit] 	at jdk.internal.reflect.GeneratedMethodAccessor1.invoke(Unknown Source)
    [junit] 	at java.base/jdk.internal.reflect.DelegatingMethodAccessorImpl.invoke(DelegatingMethodAccessorImpl.java:43)
    [junit] 
    [junit] Testcase: runTest[eduni/xml-1.1:rmt-015 (invalid)] took 0.001 sec
    [junit] Testcase: runTest[eduni/xml-1.1:rmt-016 (not-wf)] took 0 sec
    [junit] Testcase: runTest[eduni/xml-1.1:rmt-017 (invalid)] took 0.001 sec
    [junit] 	FAILED
    [junit] [eduni/xml-1.1:rmt-017] Got fatal error instead of validation error: Unexpected character '?' (CHAR_DATA) in PROLOG_BEFORE_DOCTYPE:SEEN_LT: Has a Byzantine Musical Symbol Kratimata in a name,
    [junit] legal in XML 1.1, illegal in XML 1.0 thru 4th edition
    [junit] junit.framework.AssertionFailedError: [eduni/xml-1.1:rmt-017] Got fatal error instead of validation error: Unexpected character '?' (CHAR_DATA) in PROLOG_BEFORE_DOCTYPE:SEEN_LT: Has a Byzantine Musical Symbol Kratimata in a name,
    [junit] legal in XML 1.1, illegal in XML 1.0 thru 4th edition
    [junit] 	at org.bluezoo.gonzalez.XMLConformanceTest.runTest(XMLConformanceTest.java:415)
    [junit] 	at jdk.internal.reflect.GeneratedMethodAccessor1.invoke(Unknown Source)
    [junit] 	at java.base/jdk.internal.reflect.DelegatingMethodAccessorImpl.invoke(DelegatingMethodAccessorImpl.java:43)
    [junit] 
    [junit] Testcase: runTest[eduni/xml-1.1:rmt-018 (invalid)] took 0.003 sec
    [junit] 	FAILED
    [junit] [eduni/xml-1.1:rmt-018] Got fatal error instead of validation error: Unexpected character '?' (CHAR_DATA) in PROLOG_BEFORE_DOCTYPE:SEEN_LT: Has the last legal namechar in XML 1.1, illegal in XML 1.0 thru 4th edition
    [junit] junit.framework.AssertionFailedError: [eduni/xml-1.1:rmt-018] Got fatal error instead of validation error: Unexpected character '?' (CHAR_DATA) in PROLOG_BEFORE_DOCTYPE:SEEN_LT: Has the last legal namechar in XML 1.1, illegal in XML 1.0 thru 4th edition
    [junit] 	at org.bluezoo.gonzalez.XMLConformanceTest.runTest(XMLConformanceTest.java:415)
    [junit] 	at jdk.internal.reflect.GeneratedMethodAccessor1.invoke(Unknown Source)
    [junit] 	at java.base/jdk.internal.reflect.DelegatingMethodAccessorImpl.invoke(DelegatingMethodAccessorImpl.java:43)
    [junit] 
    [junit] Testcase: runTest[eduni/xml-1.1:rmt-019 (not-wf)] took 0.001 sec
    [junit] Testcase: runTest[eduni/xml-1.1:rmt-020 (not-wf)] took 0 sec
    [junit] Testcase: runTest[eduni/xml-1.1:rmt-021 (not-wf)] took 0 sec
    [junit] Testcase: runTest[eduni/xml-1.1:rmt-022 (valid)] took 0 sec
    [junit] 	FAILED
    [junit] [eduni/xml-1.1:rmt-022] Expected valid but got error: Unclosed element at end of document (depth=1): Has a NEL character; legal in both XML 1.0 and 1.1, but different
    [junit] canonical output because of normalization in 1.1
    [junit] junit.framework.AssertionFailedError: [eduni/xml-1.1:rmt-022] Expected valid but got error: Unclosed element at end of document (depth=1): Has a NEL character; legal in both XML 1.0 and 1.1, but different
    [junit] canonical output because of normalization in 1.1
    [junit] 	at org.bluezoo.gonzalez.XMLConformanceTest.runTest(XMLConformanceTest.java:415)
    [junit] 	at jdk.internal.reflect.GeneratedMethodAccessor1.invoke(Unknown Source)
    [junit] 	at java.base/jdk.internal.reflect.DelegatingMethodAccessorImpl.invoke(DelegatingMethodAccessorImpl.java:43)
    [junit] 
    [junit] Testcase: runTest[eduni/xml-1.1:rmt-023 (valid)] took 0 sec
    [junit] 	FAILED
    [junit] [eduni/xml-1.1:rmt-023] Expected valid but got error: Unclosed element at end of document (depth=1): Has a NEL character; legal in both XML 1.0 and 1.1, but different
    [junit] canonical output because of normalization in 1.1
    [junit] junit.framework.AssertionFailedError: [eduni/xml-1.1:rmt-023] Expected valid but got error: Unclosed element at end of document (depth=1): Has a NEL character; legal in both XML 1.0 and 1.1, but different
    [junit] canonical output because of normalization in 1.1
    [junit] 	at org.bluezoo.gonzalez.XMLConformanceTest.runTest(XMLConformanceTest.java:415)
    [junit] 	at jdk.internal.reflect.GeneratedMethodAccessor1.invoke(Unknown Source)
    [junit] 	at java.base/jdk.internal.reflect.DelegatingMethodAccessorImpl.invoke(DelegatingMethodAccessorImpl.java:43)
    [junit] 
    [junit] Testcase: runTest[eduni/xml-1.1:rmt-024 (valid)] took 0.001 sec
    [junit] Testcase: runTest[eduni/xml-1.1:rmt-025 (valid)] took 0 sec
    [junit] Testcase: runTest[eduni/xml-1.1:rmt-026 (valid)] took 0 sec
    [junit] 	FAILED
    [junit] [eduni/xml-1.1:rmt-026] Expected valid but got error: Unclosed element at end of document (depth=1): Has CR-NEL; legal in both XML 1.0 and 1.1, but different
    [junit] canonical output because of normalization in 1.1
    [junit] junit.framework.AssertionFailedError: [eduni/xml-1.1:rmt-026] Expected valid but got error: Unclosed element at end of document (depth=1): Has CR-NEL; legal in both XML 1.0 and 1.1, but different
    [junit] canonical output because of normalization in 1.1
    [junit] 	at org.bluezoo.gonzalez.XMLConformanceTest.runTest(XMLConformanceTest.java:415)
    [junit] 	at jdk.internal.reflect.GeneratedMethodAccessor1.invoke(Unknown Source)
    [junit] 	at java.base/jdk.internal.reflect.DelegatingMethodAccessorImpl.invoke(DelegatingMethodAccessorImpl.java:43)
    [junit] 
    [junit] Testcase: runTest[eduni/xml-1.1:rmt-027 (valid)] took 0.001 sec
    [junit] 	FAILED
    [junit] [eduni/xml-1.1:rmt-027] Expected valid but got error: Unclosed element at end of document (depth=1): Has CR-NEL; legal in both XML 1.0 and 1.1, but different
    [junit] canonical output because of normalization in 1.1
    [junit] junit.framework.AssertionFailedError: [eduni/xml-1.1:rmt-027] Expected valid but got error: Unclosed element at end of document (depth=1): Has CR-NEL; legal in both XML 1.0 and 1.1, but different
    [junit] canonical output because of normalization in 1.1
    [junit] 	at org.bluezoo.gonzalez.XMLConformanceTest.runTest(XMLConformanceTest.java:415)
    [junit] 	at jdk.internal.reflect.GeneratedMethodAccessor1.invoke(Unknown Source)
    [junit] 	at java.base/jdk.internal.reflect.DelegatingMethodAccessorImpl.invoke(DelegatingMethodAccessorImpl.java:43)
    [junit] 
    [junit] Testcase: runTest[eduni/xml-1.1:rmt-028 (valid)] took 0 sec
    [junit] Testcase: runTest[eduni/xml-1.1:rmt-029 (valid)] took 0.001 sec
    [junit] Testcase: runTest[eduni/xml-1.1:rmt-030 (invalid)] took 0 sec
    [junit] 	FAILED
    [junit] [eduni/xml-1.1:rmt-030] Got fatal error instead of validation error: Unclosed element at end of document: Has a NEL character in an NMTOKENS attribute; well-formed in both
    [junit] XML 1.0 and 1.1, but valid only in 1.1
    [junit] junit.framework.AssertionFailedError: [eduni/xml-1.1:rmt-030] Got fatal error instead of validation error: Unclosed element at end of document: Has a NEL character in an NMTOKENS attribute; well-formed in both
    [junit] XML 1.0 and 1.1, but valid only in 1.1
    [junit] 	at org.bluezoo.gonzalez.XMLConformanceTest.runTest(XMLConformanceTest.java:415)
    [junit] 	at jdk.internal.reflect.GeneratedMethodAccessor1.invoke(Unknown Source)
    [junit] 	at java.base/jdk.internal.reflect.DelegatingMethodAccessorImpl.invoke(DelegatingMethodAccessorImpl.java:43)
    [junit] 
    [junit] Testcase: runTest[eduni/xml-1.1:rmt-031 (valid)] took 0.001 sec
    [junit] 	FAILED
    [junit] [eduni/xml-1.1:rmt-031] Expected valid but got error: Unclosed element at end of document: Has a NEL character in an NMTOKENS attribute; well-formed in both
    [junit] XML 1.0 and 1.1, but valid only in 1.1
    [junit] junit.framework.AssertionFailedError: [eduni/xml-1.1:rmt-031] Expected valid but got error: Unclosed element at end of document: Has a NEL character in an NMTOKENS attribute; well-formed in both
    [junit] XML 1.0 and 1.1, but valid only in 1.1
    [junit] 	at org.bluezoo.gonzalez.XMLConformanceTest.runTest(XMLConformanceTest.java:415)
    [junit] 	at jdk.internal.reflect.GeneratedMethodAccessor1.invoke(Unknown Source)
    [junit] 	at java.base/jdk.internal.reflect.DelegatingMethodAccessorImpl.invoke(DelegatingMethodAccessorImpl.java:43)
    [junit] 
    [junit] Testcase: runTest[eduni/xml-1.1:rmt-032 (invalid)] took 0 sec
    [junit] Testcase: runTest[eduni/xml-1.1:rmt-033 (valid)] took 0 sec
    [junit] Testcase: runTest[eduni/xml-1.1:rmt-034 (valid)] took 0 sec
    [junit] Testcase: runTest[eduni/xml-1.1:rmt-035 (valid)] took 0 sec
    [junit] Testcase: runTest[eduni/xml-1.1:rmt-036 (invalid)] took 0 sec
    [junit] Testcase: runTest[eduni/xml-1.1:rmt-037 (invalid)] took 0 sec
    [junit] Testcase: runTest[eduni/xml-1.1:rmt-038 (not-wf)] took 0 sec
    [junit] Testcase: runTest[eduni/xml-1.1:rmt-039 (not-wf)] took 0 sec
    [junit] Testcase: runTest[eduni/xml-1.1:rmt-040 (valid)] took 0 sec
    [junit] 	FAILED
    [junit] [eduni/xml-1.1:rmt-040] Expected valid but got error: Unclosed element at end of document (depth=1): Contains a C1 control character (partial line up), legal in
    [junit] XML 1.0 but not 1.1
    [junit] junit.framework.AssertionFailedError: [eduni/xml-1.1:rmt-040] Expected valid but got error: Unclosed element at end of document (depth=1): Contains a C1 control character (partial line up), legal in
    [junit] XML 1.0 but not 1.1
    [junit] 	at org.bluezoo.gonzalez.XMLConformanceTest.runTest(XMLConformanceTest.java:415)
    [junit] 	at jdk.internal.reflect.GeneratedMethodAccessor1.invoke(Unknown Source)
    [junit] 	at java.base/jdk.internal.reflect.DelegatingMethodAccessorImpl.invoke(DelegatingMethodAccessorImpl.java:43)
    [junit] 
    [junit] Testcase: runTest[eduni/xml-1.1:rmt-041 (not-wf)] took 0 sec
    [junit] Testcase: runTest[eduni/xml-1.1:rmt-042 (not-wf)] took 0 sec
    [junit] Testcase: runTest[eduni/xml-1.1:rmt-043 (valid)] took 0 sec
    [junit] Testcase: runTest[eduni/xml-1.1:rmt-044 (valid)] took 0 sec
    [junit] Testcase: runTest[eduni/xml-1.1:rmt-045 (valid)] took 0 sec
    [junit] Testcase: runTest[eduni/xml-1.1:rmt-046 (invalid)] took 0 sec
    [junit] 	FAILED
    [junit] [eduni/xml-1.1:rmt-046] Got fatal error instead of validation error: Unclosed element at end of document (depth=1): Has a NEL character in element content whitespace; well-formed in both
    [junit] XML 1.0 and 1.1, but valid only in 1.1
    [junit] junit.framework.AssertionFailedError: [eduni/xml-1.1:rmt-046] Got fatal error instead of validation error: Unclosed element at end of document (depth=1): Has a NEL character in element content whitespace; well-formed in both
    [junit] XML 1.0 and 1.1, but valid only in 1.1
    [junit] 	at org.bluezoo.gonzalez.XMLConformanceTest.runTest(XMLConformanceTest.java:415)
    [junit] 	at jdk.internal.reflect.GeneratedMethodAccessor1.invoke(Unknown Source)
    [junit] 	at java.base/jdk.internal.reflect.DelegatingMethodAccessorImpl.invoke(DelegatingMethodAccessorImpl.java:43)
    [junit] 
    [junit] Testcase: runTest[eduni/xml-1.1:rmt-047 (valid)] took 0 sec
    [junit] 	FAILED
    [junit] [eduni/xml-1.1:rmt-047] Expected valid but got error: Unclosed element at end of document (depth=1): Has a NEL character in element content whitespace; well-formed in both
    [junit] XML 1.0 and 1.1, but valid only in 1.1
    [junit] junit.framework.AssertionFailedError: [eduni/xml-1.1:rmt-047] Expected valid but got error: Unclosed element at end of document (depth=1): Has a NEL character in element content whitespace; well-formed in both
    [junit] XML 1.0 and 1.1, but valid only in 1.1
    [junit] 	at org.bluezoo.gonzalez.XMLConformanceTest.runTest(XMLConformanceTest.java:415)
    [junit] 	at jdk.internal.reflect.GeneratedMethodAccessor1.invoke(Unknown Source)
    [junit] 	at java.base/jdk.internal.reflect.DelegatingMethodAccessorImpl.invoke(DelegatingMethodAccessorImpl.java:43)
    [junit] 
    [junit] Testcase: runTest[eduni/xml-1.1:rmt-048 (invalid)] took 0.001 sec
    [junit] Testcase: runTest[eduni/xml-1.1:rmt-049 (valid)] took 0 sec
    [junit] Testcase: runTest[eduni/xml-1.1:rmt-050 (valid)] took 0 sec
    [junit] Testcase: runTest[eduni/xml-1.1:rmt-051 (valid)] took 0 sec
    [junit] Testcase: runTest[eduni/xml-1.1:rmt-052 (invalid)] took 0 sec
    [junit] Testcase: runTest[eduni/xml-1.1:rmt-053 (invalid)] took 0.001 sec
    [junit] Testcase: runTest[eduni/xml-1.1:rmt-054 (valid)] took 0 sec
    [junit] 	FAILED
    [junit] [eduni/xml-1.1:rmt-054] Expected valid but got error: Illegal XML character: 0xC: Contains a character reference to a C0 control character (form-feed)
    [junit] in an entity value.  This will be legal (in XML 1.1) when the entity
    [junit] declaration is parsed, but what about when it is used?  According to
    [junit] the grammar in the CR spec, it should be illegal (because the
    [junit] replacement text must match "content"), but this is probably not
    [junit] intended.  This will be fixed in the PR version.
    [junit] junit.framework.AssertionFailedError: [eduni/xml-1.1:rmt-054] Expected valid but got error: Illegal XML character: 0xC: Contains a character reference to a C0 control character (form-feed)
    [junit] in an entity value.  This will be legal (in XML 1.1) when the entity
    [junit] declaration is parsed, but what about when it is used?  According to
    [junit] the grammar in the CR spec, it should be illegal (because the
    [junit] replacement text must match "content"), but this is probably not
    [junit] intended.  This will be fixed in the PR version.
    [junit] 	at org.bluezoo.gonzalez.XMLConformanceTest.runTest(XMLConformanceTest.java:415)
    [junit] 	at jdk.internal.reflect.GeneratedMethodAccessor1.invoke(Unknown Source)
    [junit] 	at java.base/jdk.internal.reflect.DelegatingMethodAccessorImpl.invoke(DelegatingMethodAccessorImpl.java:43)
    [junit] 
    [junit] Testcase: runTest[eduni/xml-1.1:rmt-055 (error)] took 0 sec
    [junit] Testcase: runTest[eduni/xml-1.1:rmt-056 (error)] took 0 sec
    [junit] Testcase: runTest[eduni/xml-1.1:rmt-057 (error)] took 0 sec
    [junit] Test org.bluezoo.gonzalez.XMLConformanceTest FAILED
     [echo] 
     [echo] Test results written to /Users/cburdess@mimecast.com/cpkb-bluezoo/gonzalez/test/junit/results
     [echo] Conformance report written to /Users/cburdess@mimecast.com/cpkb-bluezoo/gonzalez/test/output/conformance-report.txt

test:
     [echo] W3C XML Conformance Test Suite complete

BUILD SUCCESSFUL
Total time: 2 seconds
